

================================================================
== Vitis HLS Report for 'linear'
================================================================
* Date:           Sat Sep 13 23:17:20 2025

* Version:        2022.2 (Build 3670227 on Oct 13 2022)
* Project:        CNN_GTSRB
* Solution:       solution1 (Vivado IP Flow Target)
* Product family: zynquplus
* Target device:  xczu5eg-sfvc784-1-e


================================================================
== Performance Estimates
================================================================
+ Timing: 
    * Summary: 
    +--------+----------+----------+------------+
    |  Clock |  Target  | Estimated| Uncertainty|
    +--------+----------+----------+------------+
    |ap_clk  |  10.00 ns|  7.300 ns|     2.70 ns|
    +--------+----------+----------+------------+

+ Latency: 
    * Summary: 
    +---------+---------+----------+----------+-------+-------+---------+
    |  Latency (cycles) |  Latency (absolute) |    Interval   | Pipeline|
    |   min   |   max   |    min   |    max   |  min  |  max  |   Type  |
    +---------+---------+----------+----------+-------+-------+---------+
    |    67329|    67329|  0.673 ms|  0.673 ms|  67329|  67329|       no|
    +---------+---------+----------+----------+-------+-------+---------+

    + Detail: 
        * Instance: 
        +-------------------------------------------+---------------------------------+---------+---------+-----------+-----------+------+------+---------+
        |                                           |                                 |  Latency (cycles) |   Latency (absolute)  |   Interval  | Pipeline|
        |                  Instance                 |              Module             |   min   |   max   |    min    |    max    |  min |  max |   Type  |
        +-------------------------------------------+---------------------------------+---------+---------+-----------+-----------+------+------+---------+
        |grp_linear_Pipeline_VITIS_LOOP_86_2_fu_94  |linear_Pipeline_VITIS_LOOP_86_2  |     1041|     1041|  10.410 us|  10.410 us|  1041|  1041|       no|
        +-------------------------------------------+---------------------------------+---------+---------+-----------+-----------+------+------+---------+

        * Loop: 
        +-------------------+---------+---------+----------+-----------+-----------+------+----------+
        |                   |  Latency (cycles) | Iteration|  Initiation Interval  | Trip |          |
        |     Loop Name     |   min   |   max   |  Latency |  achieved |   target  | Count| Pipelined|
        +-------------------+---------+---------+----------+-----------+-----------+------+----------+
        |- VITIS_LOOP_83_1  |    67328|    67328|      1052|          -|          -|    64|        no|
        +-------------------+---------+---------+----------+-----------+-----------+------+----------+



================================================================
== Utilization Estimates
================================================================
* Summary: 
+-----------------+---------+------+--------+--------+-----+
|       Name      | BRAM_18K|  DSP |   FF   |   LUT  | URAM|
+-----------------+---------+------+--------+--------+-----+
|DSP              |        -|     -|       -|       -|    -|
|Expression       |        -|     -|       0|      95|    -|
|FIFO             |        -|     -|       -|       -|    -|
|Instance         |        -|     -|     368|     351|    -|
|Memory           |        -|     -|       -|       -|    -|
|Multiplexer      |        -|     -|       -|     256|    -|
|Register         |        -|     -|     217|       -|    -|
+-----------------+---------+------+--------+--------+-----+
|Total            |        0|     0|     585|     702|    0|
+-----------------+---------+------+--------+--------+-----+
|Available        |      288|  1248|  234240|  117120|   64|
+-----------------+---------+------+--------+--------+-----+
|Utilization (%)  |        0|     0|      ~0|      ~0|    0|
+-----------------+---------+------+--------+--------+-----+

+ Detail: 
    * Instance: 
    +-------------------------------------------+---------------------------------+---------+----+-----+-----+-----+
    |                  Instance                 |              Module             | BRAM_18K| DSP|  FF | LUT | URAM|
    +-------------------------------------------+---------------------------------+---------+----+-----+-----+-----+
    |grp_linear_Pipeline_VITIS_LOOP_86_2_fu_94  |linear_Pipeline_VITIS_LOOP_86_2  |        0|   0|  368|  351|    0|
    +-------------------------------------------+---------------------------------+---------+----+-----+-----+-----+
    |Total                                      |                                 |        0|   0|  368|  351|    0|
    +-------------------------------------------+---------------------------------+---------+----+-----+-----+-----+

    * DSP: 
    N/A

    * Memory: 
    N/A

    * FIFO: 
    N/A

    * Expression: 
    +---------------------+----------+----+---+----+------------+------------+
    |    Variable Name    | Operation| DSP| FF| LUT| Bitwidth P0| Bitwidth P1|
    +---------------------+----------+----+---+----+------------+------------+
    |add_ln83_fu_136_p2   |         +|   0|  0|  14|           7|           1|
    |add_ln84_fu_150_p2   |         +|   0|  0|  70|          63|          63|
    |icmp_ln83_fu_130_p2  |      icmp|   0|  0|  11|           7|           8|
    +---------------------+----------+----+---+----+------------+------------+
    |Total                |          |   0|  0|  95|          77|          72|
    +---------------------+----------+----+---+----+------------+------------+

    * Multiplexer: 
    +----------------------+----+-----------+-----+-----------+
    |         Name         | LUT| Input Size| Bits| Total Bits|
    +----------------------+----+-----------+-----+-----------+
    |ap_NS_fsm             |  65|         13|    1|         13|
    |gmem3_blk_n_AR        |   9|          2|    1|          2|
    |gmem3_blk_n_R         |   9|          2|    1|          2|
    |grp_fu_216_ce         |   9|          2|    1|          2|
    |grp_fu_220_ce         |   9|          2|    1|          2|
    |grp_fu_224_ce         |   9|          2|    1|          2|
    |m_axi_gmem3_ARADDR    |  14|          3|   64|        192|
    |m_axi_gmem3_ARBURST   |   9|          2|    2|          4|
    |m_axi_gmem3_ARCACHE   |   9|          2|    4|          8|
    |m_axi_gmem3_ARID      |   9|          2|    1|          2|
    |m_axi_gmem3_ARLEN     |  14|          3|   32|         96|
    |m_axi_gmem3_ARLOCK    |   9|          2|    2|          4|
    |m_axi_gmem3_ARPROT    |   9|          2|    3|          6|
    |m_axi_gmem3_ARQOS     |   9|          2|    4|          8|
    |m_axi_gmem3_ARREGION  |   9|          2|    4|          8|
    |m_axi_gmem3_ARSIZE    |   9|          2|    3|          6|
    |m_axi_gmem3_ARUSER    |   9|          2|    1|          2|
    |m_axi_gmem3_ARVALID   |  14|          3|    1|          3|
    |m_axi_gmem3_RREADY    |  14|          3|    1|          3|
    |wbase_fu_66           |   9|          2|    7|         14|
    +----------------------+----+-----------+-----+-----------+
    |Total                 | 256|         55|  135|        379|
    +----------------------+----+-----------+-----+-----------+

    * Register: 
    +--------------------------------------------------------+----+----+-----+-----------+
    |                          Name                          | FF | LUT| Bits| Const Bits|
    +--------------------------------------------------------+----+----+-----+-----------+
    |acc_reg_211                                             |  32|   0|   32|          0|
    |ap_CS_fsm                                               |  12|   0|   12|          0|
    |gmem3_addr_read_reg_206                                 |  32|   0|   32|          0|
    |gmem3_addr_reg_200                                      |  64|   0|   64|          0|
    |grp_linear_Pipeline_VITIS_LOOP_86_2_fu_94_ap_start_reg  |   1|   0|    1|          0|
    |sext_ln83_reg_186                                       |  63|   0|   63|          0|
    |trunc_ln83_reg_194                                      |   6|   0|    6|          0|
    |wbase_fu_66                                             |   7|   0|    7|          0|
    +--------------------------------------------------------+----+----+-----+-----------+
    |Total                                                   | 217|   0|  217|          0|
    +--------------------------------------------------------+----+----+-----+-----------+



================================================================
== Interface
================================================================
* Summary: 
+----------------------+-----+-----+------------+--------------+--------------+
|       RTL Ports      | Dir | Bits|  Protocol  | Source Object|    C Type    |
+----------------------+-----+-----+------------+--------------+--------------+
|ap_clk                |   in|    1|  ap_ctrl_hs|        linear|  return value|
|ap_rst                |   in|    1|  ap_ctrl_hs|        linear|  return value|
|ap_start              |   in|    1|  ap_ctrl_hs|        linear|  return value|
|ap_done               |  out|    1|  ap_ctrl_hs|        linear|  return value|
|ap_idle               |  out|    1|  ap_ctrl_hs|        linear|  return value|
|ap_ready              |  out|    1|  ap_ctrl_hs|        linear|  return value|
|grp_fu_574_p_din0     |  out|   32|  ap_ctrl_hs|        linear|  return value|
|grp_fu_574_p_din1     |  out|   32|  ap_ctrl_hs|        linear|  return value|
|grp_fu_574_p_opcode   |  out|    2|  ap_ctrl_hs|        linear|  return value|
|grp_fu_574_p_dout0    |   in|   32|  ap_ctrl_hs|        linear|  return value|
|grp_fu_574_p_ce       |  out|    1|  ap_ctrl_hs|        linear|  return value|
|grp_fu_578_p_din0     |  out|   32|  ap_ctrl_hs|        linear|  return value|
|grp_fu_578_p_din1     |  out|   32|  ap_ctrl_hs|        linear|  return value|
|grp_fu_578_p_dout0    |   in|   32|  ap_ctrl_hs|        linear|  return value|
|grp_fu_578_p_ce       |  out|    1|  ap_ctrl_hs|        linear|  return value|
|grp_fu_582_p_din0     |  out|   32|  ap_ctrl_hs|        linear|  return value|
|grp_fu_582_p_din1     |  out|   32|  ap_ctrl_hs|        linear|  return value|
|grp_fu_582_p_opcode   |  out|    5|  ap_ctrl_hs|        linear|  return value|
|grp_fu_582_p_dout0    |   in|    1|  ap_ctrl_hs|        linear|  return value|
|grp_fu_582_p_ce       |  out|    1|  ap_ctrl_hs|        linear|  return value|
|m_axi_gmem3_AWVALID   |  out|    1|       m_axi|         gmem3|       pointer|
|m_axi_gmem3_AWREADY   |   in|    1|       m_axi|         gmem3|       pointer|
|m_axi_gmem3_AWADDR    |  out|   64|       m_axi|         gmem3|       pointer|
|m_axi_gmem3_AWID      |  out|    1|       m_axi|         gmem3|       pointer|
|m_axi_gmem3_AWLEN     |  out|   32|       m_axi|         gmem3|       pointer|
|m_axi_gmem3_AWSIZE    |  out|    3|       m_axi|         gmem3|       pointer|
|m_axi_gmem3_AWBURST   |  out|    2|       m_axi|         gmem3|       pointer|
|m_axi_gmem3_AWLOCK    |  out|    2|       m_axi|         gmem3|       pointer|
|m_axi_gmem3_AWCACHE   |  out|    4|       m_axi|         gmem3|       pointer|
|m_axi_gmem3_AWPROT    |  out|    3|       m_axi|         gmem3|       pointer|
|m_axi_gmem3_AWQOS     |  out|    4|       m_axi|         gmem3|       pointer|
|m_axi_gmem3_AWREGION  |  out|    4|       m_axi|         gmem3|       pointer|
|m_axi_gmem3_AWUSER    |  out|    1|       m_axi|         gmem3|       pointer|
|m_axi_gmem3_WVALID    |  out|    1|       m_axi|         gmem3|       pointer|
|m_axi_gmem3_WREADY    |   in|    1|       m_axi|         gmem3|       pointer|
|m_axi_gmem3_WDATA     |  out|   32|       m_axi|         gmem3|       pointer|
|m_axi_gmem3_WSTRB     |  out|    4|       m_axi|         gmem3|       pointer|
|m_axi_gmem3_WLAST     |  out|    1|       m_axi|         gmem3|       pointer|
|m_axi_gmem3_WID       |  out|    1|       m_axi|         gmem3|       pointer|
|m_axi_gmem3_WUSER     |  out|    1|       m_axi|         gmem3|       pointer|
|m_axi_gmem3_ARVALID   |  out|    1|       m_axi|         gmem3|       pointer|
|m_axi_gmem3_ARREADY   |   in|    1|       m_axi|         gmem3|       pointer|
|m_axi_gmem3_ARADDR    |  out|   64|       m_axi|         gmem3|       pointer|
|m_axi_gmem3_ARID      |  out|    1|       m_axi|         gmem3|       pointer|
|m_axi_gmem3_ARLEN     |  out|   32|       m_axi|         gmem3|       pointer|
|m_axi_gmem3_ARSIZE    |  out|    3|       m_axi|         gmem3|       pointer|
|m_axi_gmem3_ARBURST   |  out|    2|       m_axi|         gmem3|       pointer|
|m_axi_gmem3_ARLOCK    |  out|    2|       m_axi|         gmem3|       pointer|
|m_axi_gmem3_ARCACHE   |  out|    4|       m_axi|         gmem3|       pointer|
|m_axi_gmem3_ARPROT    |  out|    3|       m_axi|         gmem3|       pointer|
|m_axi_gmem3_ARQOS     |  out|    4|       m_axi|         gmem3|       pointer|
|m_axi_gmem3_ARREGION  |  out|    4|       m_axi|         gmem3|       pointer|
|m_axi_gmem3_ARUSER    |  out|    1|       m_axi|         gmem3|       pointer|
|m_axi_gmem3_RVALID    |   in|    1|       m_axi|         gmem3|       pointer|
|m_axi_gmem3_RREADY    |  out|    1|       m_axi|         gmem3|       pointer|
|m_axi_gmem3_RDATA     |   in|   32|       m_axi|         gmem3|       pointer|
|m_axi_gmem3_RLAST     |   in|    1|       m_axi|         gmem3|       pointer|
|m_axi_gmem3_RID       |   in|    1|       m_axi|         gmem3|       pointer|
|m_axi_gmem3_RFIFONUM  |   in|    9|       m_axi|         gmem3|       pointer|
|m_axi_gmem3_RUSER     |   in|    1|       m_axi|         gmem3|       pointer|
|m_axi_gmem3_RRESP     |   in|    2|       m_axi|         gmem3|       pointer|
|m_axi_gmem3_BVALID    |   in|    1|       m_axi|         gmem3|       pointer|
|m_axi_gmem3_BREADY    |  out|    1|       m_axi|         gmem3|       pointer|
|m_axi_gmem3_BRESP     |   in|    2|       m_axi|         gmem3|       pointer|
|m_axi_gmem3_BID       |   in|    1|       m_axi|         gmem3|       pointer|
|m_axi_gmem3_BUSER     |   in|    1|       m_axi|         gmem3|       pointer|
|W                     |   in|   64|     ap_none|             W|        scalar|
|b                     |   in|   64|     ap_none|             b|        scalar|
|p3_out_address0       |  out|    8|   ap_memory|        p3_out|         array|
|p3_out_ce0            |  out|    1|   ap_memory|        p3_out|         array|
|p3_out_q0             |   in|   32|   ap_memory|        p3_out|         array|
|fc1_out_address1      |  out|    6|   ap_memory|       fc1_out|         array|
|fc1_out_ce1           |  out|    1|   ap_memory|       fc1_out|         array|
|fc1_out_we1           |  out|    1|   ap_memory|       fc1_out|         array|
|fc1_out_d1            |  out|   32|   ap_memory|       fc1_out|         array|
+----------------------+-----+-----+------------+--------------+--------------+

