

================================================================
== Vitis HLS Report for 'linear_2_Pipeline_VITIS_LOOP_83_1'
================================================================
* Date:           Sat Sep 13 23:17:20 2025

* Version:        2022.2 (Build 3670227 on Oct 13 2022)
* Project:        CNN_GTSRB
* Solution:       solution1 (Vivado IP Flow Target)
* Product family: zynquplus
* Target device:  xczu5eg-sfvc784-1-e


================================================================
== Performance Estimates
================================================================
+ Timing: 
    * Summary: 
    +--------+----------+----------+------------+
    |  Clock |  Target  | Estimated| Uncertainty|
    +--------+----------+----------+------------+
    |ap_clk  |  10.00 ns|  7.300 ns|     2.70 ns|
    +--------+----------+----------+------------+

+ Latency: 
    * Summary: 
    +---------+---------+-----------+-----------+------+------+---------+
    |  Latency (cycles) |   Latency (absolute)  |   Interval  | Pipeline|
    |   min   |   max   |    min    |    max    |  min |  max |   Type  |
    +---------+---------+-----------+-----------+------+------+---------+
    |     3134|     3134|  31.340 us|  31.340 us|  3134|  3134|       no|
    +---------+---------+-----------+-----------+------+------+---------+

    + Detail: 
        * Instance: 
        N/A

        * Loop: 
        +-------------------+---------+---------+----------+-----------+-----------+------+----------+
        |                   |  Latency (cycles) | Iteration|  Initiation Interval  | Trip |          |
        |     Loop Name     |   min   |   max   |  Latency |  achieved |   target  | Count| Pipelined|
        +-------------------+---------+---------+----------+-----------+-----------+------+----------+
        |- VITIS_LOOP_83_1  |     3132|     3132|       339|         65|          1|    43|       yes|
        +-------------------+---------+---------+----------+-----------+-----------+------+----------+



================================================================
== Utilization Estimates
================================================================
* Summary: 
+-----------------+---------+------+--------+--------+-----+
|       Name      | BRAM_18K|  DSP |   FF   |   LUT  | URAM|
+-----------------+---------+------+--------+--------+-----+
|DSP              |        -|     -|       -|       -|    -|
|Expression       |        -|     -|       0|    6000|    -|
|FIFO             |        -|     -|       -|       -|    -|
|Instance         |        -|     -|       -|       -|    -|
|Memory           |        -|     -|       -|       -|    -|
|Multiplexer      |        -|     -|       -|    1908|    -|
|Register         |        -|     -|   12600|    1088|    -|
+-----------------+---------+------+--------+--------+-----+
|Total            |        0|     0|   12600|    8996|    0|
+-----------------+---------+------+--------+--------+-----+
|Available        |      288|  1248|  234240|  117120|   64|
+-----------------+---------+------+--------+--------+-----+
|Utilization (%)  |        0|     0|       5|       7|    0|
+-----------------+---------+------+--------+--------+-----+

+ Detail: 
    * Instance: 
    N/A

    * DSP: 
    N/A

    * Memory: 
    N/A

    * FIFO: 
    N/A

    * Expression: 
    +-----------------------------------+----------+----+---+----+------------+------------+
    |           Variable Name           | Operation| DSP| FF| LUT| Bitwidth P0| Bitwidth P1|
    +-----------------------------------+----------+----+---+----+------------+------------+
    |add_ln83_fu_4389_p2                |         +|   0|  0|  13|           6|           1|
    |add_ln84_fu_1417_p2                |         +|   0|  0|  70|          63|          63|
    |add_ln87_100_fu_3812_p2            |         +|   0|  0|  71|          64|          64|
    |add_ln87_101_fu_3841_p2            |         +|   0|  0|  19|          12|          12|
    |add_ln87_102_fu_3858_p2            |         +|   0|  0|  71|          64|          64|
    |add_ln87_103_fu_3887_p2            |         +|   0|  0|  19|          12|          12|
    |add_ln87_104_fu_3904_p2            |         +|   0|  0|  71|          64|          64|
    |add_ln87_105_fu_3933_p2            |         +|   0|  0|  19|          12|          12|
    |add_ln87_106_fu_3950_p2            |         +|   0|  0|  71|          64|          64|
    |add_ln87_107_fu_3979_p2            |         +|   0|  0|  19|          12|          12|
    |add_ln87_108_fu_3996_p2            |         +|   0|  0|  71|          64|          64|
    |add_ln87_109_fu_4025_p2            |         +|   0|  0|  19|          12|          12|
    |add_ln87_10_fu_1666_p2             |         +|   0|  0|  71|          64|          64|
    |add_ln87_110_fu_4042_p2            |         +|   0|  0|  71|          64|          64|
    |add_ln87_111_fu_4071_p2            |         +|   0|  0|  19|          12|          12|
    |add_ln87_112_fu_4088_p2            |         +|   0|  0|  71|          64|          64|
    |add_ln87_113_fu_4117_p2            |         +|   0|  0|  19|          12|          12|
    |add_ln87_114_fu_4134_p2            |         +|   0|  0|  71|          64|          64|
    |add_ln87_115_fu_4163_p2            |         +|   0|  0|  19|          12|          12|
    |add_ln87_116_fu_4180_p2            |         +|   0|  0|  71|          64|          64|
    |add_ln87_117_fu_4209_p2            |         +|   0|  0|  19|          12|          12|
    |add_ln87_118_fu_4226_p2            |         +|   0|  0|  71|          64|          64|
    |add_ln87_119_fu_4255_p2            |         +|   0|  0|  19|          12|          12|
    |add_ln87_11_fu_1691_p2             |         +|   0|  0|  16|           9|           9|
    |add_ln87_120_fu_4272_p2            |         +|   0|  0|  71|          64|          64|
    |add_ln87_121_fu_4301_p2            |         +|   0|  0|  19|          12|          12|
    |add_ln87_122_fu_4318_p2            |         +|   0|  0|  71|          64|          64|
    |add_ln87_123_fu_4347_p2            |         +|   0|  0|  19|          12|          12|
    |add_ln87_124_fu_4364_p2            |         +|   0|  0|  71|          64|          64|
    |add_ln87_125_fu_4398_p2            |         +|   0|  0|  19|          12|          12|
    |add_ln87_126_fu_4415_p2            |         +|   0|  0|  71|          64|          64|
    |add_ln87_12_fu_1708_p2             |         +|   0|  0|  71|          64|          64|
    |add_ln87_13_fu_1733_p2             |         +|   0|  0|  16|           9|           9|
    |add_ln87_14_fu_1750_p2             |         +|   0|  0|  71|          64|          64|
    |add_ln87_15_fu_1775_p2             |         +|   0|  0|  16|           9|           9|
    |add_ln87_16_fu_1792_p2             |         +|   0|  0|  71|          64|          64|
    |add_ln87_17_fu_1821_p2             |         +|   0|  0|  15|           8|           8|
    |add_ln87_18_fu_1842_p2             |         +|   0|  0|  71|          64|          64|
    |add_ln87_19_fu_1871_p2             |         +|   0|  0|  15|           8|           8|
    |add_ln87_1_fu_1472_p2              |         +|   0|  0|  14|           7|           6|
    |add_ln87_20_fu_1892_p2             |         +|   0|  0|  71|          64|          64|
    |add_ln87_21_fu_1924_p2             |         +|   0|  0|  17|          10|           9|
    |add_ln87_22_fu_1942_p2             |         +|   0|  0|  71|          64|          64|
    |add_ln87_23_fu_1971_p2             |         +|   0|  0|  17|          10|          10|
    |add_ln87_24_fu_1988_p2             |         +|   0|  0|  71|          64|          64|
    |add_ln87_25_fu_2021_p2             |         +|   0|  0|  17|          10|          10|
    |add_ln87_26_fu_2038_p2             |         +|   0|  0|  71|          64|          64|
    |add_ln87_27_fu_2067_p2             |         +|   0|  0|  17|          10|          10|
    |add_ln87_28_fu_2084_p2             |         +|   0|  0|  71|          64|          64|
    |add_ln87_29_fu_2113_p2             |         +|   0|  0|  17|          10|          10|
    |add_ln87_2_fu_1490_p2              |         +|   0|  0|  71|          64|          64|
    |add_ln87_30_fu_2130_p2             |         +|   0|  0|  71|          64|          64|
    |add_ln87_31_fu_2159_p2             |         +|   0|  0|  17|          10|          10|
    |add_ln87_32_fu_2176_p2             |         +|   0|  0|  71|          64|          64|
    |add_ln87_33_fu_2205_p2             |         +|   0|  0|  17|          10|          10|
    |add_ln87_34_fu_2222_p2             |         +|   0|  0|  71|          64|          64|
    |add_ln87_35_fu_2251_p2             |         +|   0|  0|  16|           9|           9|
    |add_ln87_36_fu_2272_p2             |         +|   0|  0|  71|          64|          64|
    |add_ln87_37_fu_2301_p2             |         +|   0|  0|  16|           9|           9|
    |add_ln87_38_fu_2322_p2             |         +|   0|  0|  71|          64|          64|
    |add_ln87_39_fu_2351_p2             |         +|   0|  0|  16|           9|           9|
    |add_ln87_3_fu_1518_p2              |         +|   0|  0|  15|           8|           7|
    |add_ln87_40_fu_2372_p2             |         +|   0|  0|  71|          64|          64|
    |add_ln87_41_fu_2401_p2             |         +|   0|  0|  15|           8|           8|
    |add_ln87_42_fu_2422_p2             |         +|   0|  0|  71|          64|          64|
    |add_ln87_43_fu_2451_p2             |         +|   0|  0|  15|           8|           8|
    |add_ln87_44_fu_2472_p2             |         +|   0|  0|  71|          64|          64|
    |add_ln87_45_fu_2504_p2             |         +|   0|  0|  18|          11|          10|
    |add_ln87_46_fu_2522_p2             |         +|   0|  0|  71|          64|          64|
    |add_ln87_47_fu_2551_p2             |         +|   0|  0|  18|          11|          11|
    |add_ln87_48_fu_2568_p2             |         +|   0|  0|  71|          64|          64|
    |add_ln87_49_fu_2597_p2             |         +|   0|  0|  18|          11|          11|
    |add_ln87_4_fu_1536_p2              |         +|   0|  0|  71|          64|          64|
    |add_ln87_50_fu_2614_p2             |         +|   0|  0|  71|          64|          64|
    |add_ln87_51_fu_2643_p2             |         +|   0|  0|  18|          11|          11|
    |add_ln87_52_fu_2660_p2             |         +|   0|  0|  71|          64|          64|
    |add_ln87_53_fu_2689_p2             |         +|   0|  0|  18|          11|          11|
    |add_ln87_54_fu_2706_p2             |         +|   0|  0|  71|          64|          64|
    |add_ln87_55_fu_2735_p2             |         +|   0|  0|  18|          11|          11|
    |add_ln87_56_fu_2752_p2             |         +|   0|  0|  71|          64|          64|
    |add_ln87_57_fu_2781_p2             |         +|   0|  0|  18|          11|          11|
    |add_ln87_58_fu_2798_p2             |         +|   0|  0|  71|          64|          64|
    |add_ln87_59_fu_2827_p2             |         +|   0|  0|  18|          11|          11|
    |add_ln87_5_fu_1561_p2              |         +|   0|  0|  15|           8|           8|
    |add_ln87_60_fu_2844_p2             |         +|   0|  0|  71|          64|          64|
    |add_ln87_61_fu_2873_p2             |         +|   0|  0|  18|          11|          11|
    |add_ln87_62_fu_2890_p2             |         +|   0|  0|  71|          64|          64|
    |add_ln87_63_fu_2919_p2             |         +|   0|  0|  18|          11|          11|
    |add_ln87_64_fu_2936_p2             |         +|   0|  0|  71|          64|          64|
    |add_ln87_65_fu_2965_p2             |         +|   0|  0|  18|          11|          11|
    |add_ln87_66_fu_2982_p2             |         +|   0|  0|  71|          64|          64|
    |add_ln87_67_fu_3011_p2             |         +|   0|  0|  18|          11|          11|
    |add_ln87_68_fu_3028_p2             |         +|   0|  0|  71|          64|          64|
    |add_ln87_69_fu_3057_p2             |         +|   0|  0|  18|          11|          11|
    |add_ln87_6_fu_1578_p2              |         +|   0|  0|  71|          64|          64|
    |add_ln87_70_fu_3074_p2             |         +|   0|  0|  71|          64|          64|
    |add_ln87_71_fu_3103_p2             |         +|   0|  0|  17|          10|          10|
    |add_ln87_72_fu_3124_p2             |         +|   0|  0|  71|          64|          64|
    |add_ln87_73_fu_3153_p2             |         +|   0|  0|  17|          10|          10|
    |add_ln87_74_fu_3174_p2             |         +|   0|  0|  71|          64|          64|
    |add_ln87_75_fu_3203_p2             |         +|   0|  0|  17|          10|          10|
    |add_ln87_76_fu_3224_p2             |         +|   0|  0|  71|          64|          64|
    |add_ln87_77_fu_3253_p2             |         +|   0|  0|  17|          10|          10|
    |add_ln87_78_fu_3274_p2             |         +|   0|  0|  71|          64|          64|
    |add_ln87_79_fu_3303_p2             |         +|   0|  0|  17|          10|          10|
    |add_ln87_7_fu_1603_p2              |         +|   0|  0|  15|           8|           8|
    |add_ln87_80_fu_3324_p2             |         +|   0|  0|  71|          64|          64|
    |add_ln87_81_fu_3353_p2             |         +|   0|  0|  17|          10|          10|
    |add_ln87_82_fu_3374_p2             |         +|   0|  0|  71|          64|          64|
    |add_ln87_83_fu_3403_p2             |         +|   0|  0|  16|           9|           9|
    |add_ln87_84_fu_3424_p2             |         +|   0|  0|  71|          64|          64|
    |add_ln87_85_fu_3453_p2             |         +|   0|  0|  16|           9|           9|
    |add_ln87_86_fu_3474_p2             |         +|   0|  0|  71|          64|          64|
    |add_ln87_87_fu_3503_p2             |         +|   0|  0|  16|           9|           9|
    |add_ln87_88_fu_3524_p2             |         +|   0|  0|  71|          64|          64|
    |add_ln87_89_fu_3553_p2             |         +|   0|  0|  15|           8|           8|
    |add_ln87_8_fu_1620_p2              |         +|   0|  0|  71|          64|          64|
    |add_ln87_90_fu_3574_p2             |         +|   0|  0|  71|          64|          64|
    |add_ln87_91_fu_3603_p2             |         +|   0|  0|  15|           8|           8|
    |add_ln87_92_fu_3624_p2             |         +|   0|  0|  71|          64|          64|
    |add_ln87_93_fu_3656_p2             |         +|   0|  0|  19|          12|          11|
    |add_ln87_94_fu_3674_p2             |         +|   0|  0|  71|          64|          64|
    |add_ln87_95_fu_3703_p2             |         +|   0|  0|  19|          12|          12|
    |add_ln87_96_fu_3720_p2             |         +|   0|  0|  71|          64|          64|
    |add_ln87_97_fu_3749_p2             |         +|   0|  0|  19|          12|          12|
    |add_ln87_98_fu_3766_p2             |         +|   0|  0|  71|          64|          64|
    |add_ln87_99_fu_3795_p2             |         +|   0|  0|  19|          12|          12|
    |add_ln87_9_fu_1648_p2              |         +|   0|  0|  16|           9|           8|
    |add_ln87_fu_1444_p2                |         +|   0|  0|  71|          64|          64|
    |ap_block_pp0_stage0_00001          |       and|   0|  0|   2|           1|           1|
    |ap_block_pp0_stage0_11001          |       and|   0|  0|   2|           1|           1|
    |ap_block_pp0_stage10_00001         |       and|   0|  0|   2|           1|           1|
    |ap_block_pp0_stage10_11001         |       and|   0|  0|   2|           1|           1|
    |ap_block_pp0_stage11_11001         |       and|   0|  0|   2|           1|           1|
    |ap_block_pp0_stage12_11001         |       and|   0|  0|   2|           1|           1|
    |ap_block_pp0_stage14_11001         |       and|   0|  0|   2|           1|           1|
    |ap_block_pp0_stage15_11001         |       and|   0|  0|   2|           1|           1|
    |ap_block_pp0_stage16_11001         |       and|   0|  0|   2|           1|           1|
    |ap_block_pp0_stage17_11001         |       and|   0|  0|   2|           1|           1|
    |ap_block_pp0_stage18_11001         |       and|   0|  0|   2|           1|           1|
    |ap_block_pp0_stage19_11001         |       and|   0|  0|   2|           1|           1|
    |ap_block_pp0_stage1_00001          |       and|   0|  0|   2|           1|           1|
    |ap_block_pp0_stage20_11001         |       and|   0|  0|   2|           1|           1|
    |ap_block_pp0_stage21_11001         |       and|   0|  0|   2|           1|           1|
    |ap_block_pp0_stage22_11001         |       and|   0|  0|   2|           1|           1|
    |ap_block_pp0_stage23_11001         |       and|   0|  0|   2|           1|           1|
    |ap_block_pp0_stage24_11001         |       and|   0|  0|   2|           1|           1|
    |ap_block_pp0_stage25_11001         |       and|   0|  0|   2|           1|           1|
    |ap_block_pp0_stage26_11001         |       and|   0|  0|   2|           1|           1|
    |ap_block_pp0_stage27_11001         |       and|   0|  0|   2|           1|           1|
    |ap_block_pp0_stage28_11001         |       and|   0|  0|   2|           1|           1|
    |ap_block_pp0_stage29_11001         |       and|   0|  0|   2|           1|           1|
    |ap_block_pp0_stage30_11001         |       and|   0|  0|   2|           1|           1|
    |ap_block_pp0_stage31_11001         |       and|   0|  0|   2|           1|           1|
    |ap_block_pp0_stage32_11001         |       and|   0|  0|   2|           1|           1|
    |ap_block_pp0_stage33_11001         |       and|   0|  0|   2|           1|           1|
    |ap_block_pp0_stage34_11001         |       and|   0|  0|   2|           1|           1|
    |ap_block_pp0_stage35_11001         |       and|   0|  0|   2|           1|           1|
    |ap_block_pp0_stage36_11001         |       and|   0|  0|   2|           1|           1|
    |ap_block_pp0_stage37_11001         |       and|   0|  0|   2|           1|           1|
    |ap_block_pp0_stage38_11001         |       and|   0|  0|   2|           1|           1|
    |ap_block_pp0_stage39_11001         |       and|   0|  0|   2|           1|           1|
    |ap_block_pp0_stage40_11001         |       and|   0|  0|   2|           1|           1|
    |ap_block_pp0_stage41_11001         |       and|   0|  0|   2|           1|           1|
    |ap_block_pp0_stage42_11001         |       and|   0|  0|   2|           1|           1|
    |ap_block_pp0_stage43_11001         |       and|   0|  0|   2|           1|           1|
    |ap_block_pp0_stage44_11001         |       and|   0|  0|   2|           1|           1|
    |ap_block_pp0_stage45_11001         |       and|   0|  0|   2|           1|           1|
    |ap_block_pp0_stage46_11001         |       and|   0|  0|   2|           1|           1|
    |ap_block_pp0_stage47_11001         |       and|   0|  0|   2|           1|           1|
    |ap_block_pp0_stage48_11001         |       and|   0|  0|   2|           1|           1|
    |ap_block_pp0_stage49_11001         |       and|   0|  0|   2|           1|           1|
    |ap_block_pp0_stage50_11001         |       and|   0|  0|   2|           1|           1|
    |ap_block_pp0_stage51_11001         |       and|   0|  0|   2|           1|           1|
    |ap_block_pp0_stage52_11001         |       and|   0|  0|   2|           1|           1|
    |ap_block_pp0_stage53_11001         |       and|   0|  0|   2|           1|           1|
    |ap_block_pp0_stage54_11001         |       and|   0|  0|   2|           1|           1|
    |ap_block_pp0_stage55_11001         |       and|   0|  0|   2|           1|           1|
    |ap_block_pp0_stage56_11001         |       and|   0|  0|   2|           1|           1|
    |ap_block_pp0_stage57_11001         |       and|   0|  0|   2|           1|           1|
    |ap_block_pp0_stage58_11001         |       and|   0|  0|   2|           1|           1|
    |ap_block_pp0_stage59_11001         |       and|   0|  0|   2|           1|           1|
    |ap_block_pp0_stage60_11001         |       and|   0|  0|   2|           1|           1|
    |ap_block_pp0_stage61_11001         |       and|   0|  0|   2|           1|           1|
    |ap_block_pp0_stage62_11001         |       and|   0|  0|   2|           1|           1|
    |ap_block_pp0_stage63_11001         |       and|   0|  0|   2|           1|           1|
    |ap_block_pp0_stage64_11001         |       and|   0|  0|   2|           1|           1|
    |ap_block_pp0_stage8_11001          |       and|   0|  0|   2|           1|           1|
    |ap_block_pp0_stage9_11001          |       and|   0|  0|   2|           1|           1|
    |ap_block_state10_io                |       and|   0|  0|   2|           1|           1|
    |ap_block_state10_pp0_stage9_iter0  |       and|   0|  0|   2|           1|           1|
    |ap_block_state339_io               |       and|   0|  0|   2|           1|           1|
    |ap_block_state67_pp0_stage1_iter1  |       and|   0|  0|   2|           1|           1|
    |ap_condition_1141                  |       and|   0|  0|   2|           1|           1|
    |ap_condition_1162                  |       and|   0|  0|   2|           1|           1|
    |ap_condition_1178                  |       and|   0|  0|   2|           1|           1|
    |ap_condition_1194                  |       and|   0|  0|   2|           1|           1|
    |ap_condition_1208                  |       and|   0|  0|   2|           1|           1|
    |ap_condition_1224                  |       and|   0|  0|   2|           1|           1|
    |ap_condition_1240                  |       and|   0|  0|   2|           1|           1|
    |ap_condition_1254                  |       and|   0|  0|   2|           1|           1|
    |ap_condition_1270                  |       and|   0|  0|   2|           1|           1|
    |ap_condition_1286                  |       and|   0|  0|   2|           1|           1|
    |ap_condition_1300                  |       and|   0|  0|   2|           1|           1|
    |ap_condition_1316                  |       and|   0|  0|   2|           1|           1|
    |ap_condition_1332                  |       and|   0|  0|   2|           1|           1|
    |ap_condition_1346                  |       and|   0|  0|   2|           1|           1|
    |ap_condition_1362                  |       and|   0|  0|   2|           1|           1|
    |ap_condition_1378                  |       and|   0|  0|   2|           1|           1|
    |ap_condition_1392                  |       and|   0|  0|   2|           1|           1|
    |ap_condition_1408                  |       and|   0|  0|   2|           1|           1|
    |ap_condition_1424                  |       and|   0|  0|   2|           1|           1|
    |ap_condition_1438                  |       and|   0|  0|   2|           1|           1|
    |ap_condition_1454                  |       and|   0|  0|   2|           1|           1|
    |ap_condition_1470                  |       and|   0|  0|   2|           1|           1|
    |ap_condition_1484                  |       and|   0|  0|   2|           1|           1|
    |ap_condition_1500                  |       and|   0|  0|   2|           1|           1|
    |ap_condition_1516                  |       and|   0|  0|   2|           1|           1|
    |ap_condition_1530                  |       and|   0|  0|   2|           1|           1|
    |ap_condition_1546                  |       and|   0|  0|   2|           1|           1|
    |ap_condition_1562                  |       and|   0|  0|   2|           1|           1|
    |ap_condition_1576                  |       and|   0|  0|   2|           1|           1|
    |ap_condition_1592                  |       and|   0|  0|   2|           1|           1|
    |ap_condition_1615                  |       and|   0|  0|   2|           1|           1|
    |ap_condition_1630                  |       and|   0|  0|   2|           1|           1|
    |ap_condition_1645                  |       and|   0|  0|   2|           1|           1|
    |ap_condition_1660                  |       and|   0|  0|   2|           1|           1|
    |ap_condition_1675                  |       and|   0|  0|   2|           1|           1|
    |ap_condition_1690                  |       and|   0|  0|   2|           1|           1|
    |ap_condition_1705                  |       and|   0|  0|   2|           1|           1|
    |ap_condition_2342                  |       and|   0|  0|   2|           1|           1|
    |ap_condition_2356                  |       and|   0|  0|   2|           1|           1|
    |ap_condition_2581                  |       and|   0|  0|   2|           1|           1|
    |ap_condition_2594                  |       and|   0|  0|   2|           1|           1|
    |ap_condition_2607                  |       and|   0|  0|   2|           1|           1|
    |ap_condition_2620                  |       and|   0|  0|   2|           1|           1|
    |ap_condition_2644                  |       and|   0|  0|   2|           1|           1|
    |ap_condition_2657                  |       and|   0|  0|   2|           1|           1|
    |ap_condition_2670                  |       and|   0|  0|   2|           1|           1|
    |ap_condition_2683                  |       and|   0|  0|   2|           1|           1|
    |ap_condition_2707                  |       and|   0|  0|   2|           1|           1|
    |ap_condition_2721                  |       and|   0|  0|   2|           1|           1|
    |ap_condition_2735                  |       and|   0|  0|   2|           1|           1|
    |ap_condition_2749                  |       and|   0|  0|   2|           1|           1|
    |ap_condition_2777                  |       and|   0|  0|   2|           1|           1|
    |ap_condition_2791                  |       and|   0|  0|   2|           1|           1|
    |ap_condition_2805                  |       and|   0|  0|   2|           1|           1|
    |ap_condition_2819                  |       and|   0|  0|   2|           1|           1|
    |ap_condition_2845                  |       and|   0|  0|   2|           1|           1|
    |ap_condition_2859                  |       and|   0|  0|   2|           1|           1|
    |ap_condition_2873                  |       and|   0|  0|   2|           1|           1|
    |ap_condition_2887                  |       and|   0|  0|   2|           1|           1|
    |ap_condition_2913                  |       and|   0|  0|   2|           1|           1|
    |ap_condition_2927                  |       and|   0|  0|   2|           1|           1|
    |ap_condition_2942                  |       and|   0|  0|   2|           1|           1|
    |ap_condition_2957                  |       and|   0|  0|   2|           1|           1|
    |ap_condition_2985                  |       and|   0|  0|   2|           1|           1|
    |ap_condition_3000                  |       and|   0|  0|   2|           1|           1|
    |icmp_ln83_fu_1407_p2               |      icmp|   0|  0|  10|           6|           6|
    |ap_block_pp0_stage13_11001         |        or|   0|  0|   2|           1|           1|
    |ap_block_pp0_stage1_11001          |        or|   0|  0|   2|           1|           1|
    |ap_block_pp0_stage2_11001          |        or|   0|  0|   2|           1|           1|
    |ap_block_pp0_stage3_11001          |        or|   0|  0|   2|           1|           1|
    |ap_block_pp0_stage4_11001          |        or|   0|  0|   2|           1|           1|
    |ap_block_pp0_stage5_11001          |        or|   0|  0|   2|           1|           1|
    |ap_block_pp0_stage6_11001          |        or|   0|  0|   2|           1|           1|
    |ap_block_pp0_stage7_11001          |        or|   0|  0|   2|           1|           1|
    |ap_enable_pp0                      |       xor|   0|  0|   2|           1|           2|
    +-----------------------------------+----------+----+---+----+------------+------------+
    |Total                              |          |   0|  0|6000|        4955|        4945|
    +-----------------------------------+----------+----+---+----+------------+------------+

    * Multiplexer: 
    +----------------------------------+-----+-----------+-----+-----------+
    |               Name               | LUT | Input Size| Bits| Total Bits|
    +----------------------------------+-----+-----------+-----+-----------+
    |ap_NS_fsm                         |  296|         66|    1|         66|
    |ap_done_int                       |    9|          2|    1|          2|
    |ap_enable_reg_pp0_iter0           |    9|          2|    1|          2|
    |ap_enable_reg_pp0_iter5           |    9|          2|    1|          2|
    |ap_loop_exit_ready_pp0_iter1_reg  |    9|          2|    1|          2|
    |ap_loop_exit_ready_pp0_iter2_reg  |    9|          2|    1|          2|
    |ap_loop_exit_ready_pp0_iter3_reg  |    9|          2|    1|          2|
    |ap_loop_exit_ready_pp0_iter4_reg  |    9|          2|    1|          2|
    |ap_loop_exit_ready_pp0_iter5_reg  |    9|          2|    1|          2|
    |ap_sig_allocacmp_j                |    9|          2|    6|         12|
    |fc1_out_address0                  |  152|         33|    6|        198|
    |fc1_out_address1                  |  152|         33|    6|        198|
    |gmem4_blk_n_AR                    |    9|          2|    1|          2|
    |gmem4_blk_n_R                     |    9|          2|    1|          2|
    |gmem5_blk_n_W                     |    9|          2|    1|          2|
    |grp_fu_1233_p0                    |   43|          8|   32|        256|
    |grp_fu_1233_p1                    |  269|         63|   32|       2016|
    |grp_fu_1237_p0                    |  209|         45|   32|       1440|
    |grp_fu_1237_p1                    |  284|         65|   32|       2080|
    |m_axi_gmem4_ARADDR                |  296|         66|   64|       4224|
    |reg_1246                          |    9|          2|   32|         64|
    |reg_1257                          |    9|          2|   32|         64|
    |reg_1268                          |    9|          2|   32|         64|
    |reg_1279                          |    9|          2|   32|         64|
    |reg_1290                          |    9|          2|   32|         64|
    |reg_1301                          |    9|          2|   32|         64|
    |reg_1312                          |    9|          2|   32|         64|
    |reg_1323                          |    9|          2|   32|         64|
    |reg_1334                          |    9|          2|   32|         64|
    |reg_1345                          |    9|          2|   32|         64|
    |wbase_fu_350                      |    9|          2|    6|         12|
    +----------------------------------+-----+-----------+-----+-----------+
    |Total                             | 1908|        425|  548|      11164|
    +----------------------------------+-----+-----------+-----+-----------+

    * Register: 
    +----------------------------------+-----+----+-----+-----------+
    |               Name               |  FF | LUT| Bits| Const Bits|
    +----------------------------------+-----+----+-----+-----------+
    |ap_CS_fsm                         |   65|   0|   65|          0|
    |ap_done_reg                       |    1|   0|    1|          0|
    |ap_enable_reg_pp0_iter0_reg       |    1|   0|    1|          0|
    |ap_enable_reg_pp0_iter1           |    1|   0|    1|          0|
    |ap_enable_reg_pp0_iter2           |    1|   0|    1|          0|
    |ap_enable_reg_pp0_iter3           |    1|   0|    1|          0|
    |ap_enable_reg_pp0_iter4           |    1|   0|    1|          0|
    |ap_enable_reg_pp0_iter5           |    1|   0|    1|          0|
    |ap_loop_exit_ready_pp0_iter1_reg  |    1|   0|    1|          0|
    |ap_loop_exit_ready_pp0_iter2_reg  |    1|   0|    1|          0|
    |ap_loop_exit_ready_pp0_iter3_reg  |    1|   0|    1|          0|
    |ap_loop_exit_ready_pp0_iter4_reg  |    1|   0|    1|          0|
    |ap_loop_exit_ready_pp0_iter5_reg  |    1|   0|    1|          0|
    |fc1_out_load_20_reg_4714          |   32|   0|   32|          0|
    |fc1_out_load_21_reg_4719          |   32|   0|   32|          0|
    |fc1_out_load_22_reg_4756          |   32|   0|   32|          0|
    |fc1_out_load_23_reg_4761          |   32|   0|   32|          0|
    |fc1_out_load_25_reg_4782          |   32|   0|   32|          0|
    |fc1_out_load_27_reg_4808          |   32|   0|   32|          0|
    |fc1_out_load_29_reg_4834          |   32|   0|   32|          0|
    |fc1_out_load_31_reg_4860          |   32|   0|   32|          0|
    |fc1_out_load_33_reg_4886          |   32|   0|   32|          0|
    |fc1_out_load_35_reg_4907          |   32|   0|   32|          0|
    |fc1_out_load_37_reg_4933          |   32|   0|   32|          0|
    |fc1_out_load_39_reg_4959          |   32|   0|   32|          0|
    |fc1_out_load_41_reg_4985          |   32|   0|   32|          0|
    |fc1_out_load_43_reg_5011          |   32|   0|   32|          0|
    |fc1_out_load_45_reg_5032          |   32|   0|   32|          0|
    |fc1_out_load_47_reg_5074          |   32|   0|   32|          0|
    |fc1_out_load_49_reg_5100          |   32|   0|   32|          0|
    |fc1_out_load_51_reg_5126          |   32|   0|   32|          0|
    |fc1_out_load_53_reg_5152          |   32|   0|   32|          0|
    |fc1_out_load_55_reg_5178          |   32|   0|   32|          0|
    |fc1_out_load_57_reg_5204          |   32|   0|   32|          0|
    |fc1_out_load_59_reg_5230          |   32|   0|   32|          0|
    |fc1_out_load_61_reg_5256          |   32|   0|   32|          0|
    |fc1_out_load_63_reg_5282          |   32|   0|   32|          0|
    |gmem4_addr_10_read_reg_4896       |   32|   0|   32|          0|
    |gmem4_addr_10_reg_4692            |   64|   0|   64|          0|
    |gmem4_addr_11_read_reg_4922       |   32|   0|   32|          0|
    |gmem4_addr_11_reg_4708            |   64|   0|   64|          0|
    |gmem4_addr_12_read_reg_4948       |   32|   0|   32|          0|
    |gmem4_addr_12_reg_4750            |   64|   0|   64|          0|
    |gmem4_addr_13_read_reg_4974       |   32|   0|   32|          0|
    |gmem4_addr_13_reg_4776            |   64|   0|   64|          0|
    |gmem4_addr_14_read_reg_5000       |   32|   0|   32|          0|
    |gmem4_addr_14_reg_4802            |   64|   0|   64|          0|
    |gmem4_addr_15_read_reg_5021       |   32|   0|   32|          0|
    |gmem4_addr_15_reg_4828            |   64|   0|   64|          0|
    |gmem4_addr_16_read_reg_5063       |   32|   0|   32|          0|
    |gmem4_addr_16_reg_4854            |   64|   0|   64|          0|
    |gmem4_addr_17_read_reg_5089       |   32|   0|   32|          0|
    |gmem4_addr_17_reg_4880            |   64|   0|   64|          0|
    |gmem4_addr_18_read_reg_5115       |   32|   0|   32|          0|
    |gmem4_addr_18_reg_4901            |   64|   0|   64|          0|
    |gmem4_addr_19_read_reg_5141       |   32|   0|   32|          0|
    |gmem4_addr_19_reg_4927            |   64|   0|   64|          0|
    |gmem4_addr_1_read_reg_4671        |   32|   0|   32|          0|
    |gmem4_addr_1_reg_4593             |   64|   0|   64|          0|
    |gmem4_addr_20_read_reg_5167       |   32|   0|   32|          0|
    |gmem4_addr_20_reg_4953            |   64|   0|   64|          0|
    |gmem4_addr_21_read_reg_5193       |   32|   0|   32|          0|
    |gmem4_addr_21_reg_4979            |   64|   0|   64|          0|
    |gmem4_addr_22_read_reg_5219       |   32|   0|   32|          0|
    |gmem4_addr_22_reg_5005            |   64|   0|   64|          0|
    |gmem4_addr_23_read_reg_5245       |   32|   0|   32|          0|
    |gmem4_addr_23_reg_5026            |   64|   0|   64|          0|
    |gmem4_addr_24_read_reg_5271       |   32|   0|   32|          0|
    |gmem4_addr_24_reg_5068            |   64|   0|   64|          0|
    |gmem4_addr_25_read_reg_5297       |   32|   0|   32|          0|
    |gmem4_addr_25_reg_5094            |   64|   0|   64|          0|
    |gmem4_addr_26_read_reg_5318       |   32|   0|   32|          0|
    |gmem4_addr_26_reg_5120            |   64|   0|   64|          0|
    |gmem4_addr_27_read_reg_5339       |   32|   0|   32|          0|
    |gmem4_addr_27_reg_5146            |   64|   0|   64|          0|
    |gmem4_addr_28_read_reg_5360       |   32|   0|   32|          0|
    |gmem4_addr_28_reg_5172            |   64|   0|   64|          0|
    |gmem4_addr_29_read_reg_5381       |   32|   0|   32|          0|
    |gmem4_addr_29_reg_5198            |   64|   0|   64|          0|
    |gmem4_addr_2_read_reg_4687        |   32|   0|   32|          0|
    |gmem4_addr_2_reg_4599             |   64|   0|   64|          0|
    |gmem4_addr_30_read_reg_5402       |   32|   0|   32|          0|
    |gmem4_addr_30_reg_5224            |   64|   0|   64|          0|
    |gmem4_addr_31_read_reg_5423       |   32|   0|   32|          0|
    |gmem4_addr_31_reg_5250            |   64|   0|   64|          0|
    |gmem4_addr_32_read_reg_5444       |   32|   0|   32|          0|
    |gmem4_addr_32_reg_5276            |   64|   0|   64|          0|
    |gmem4_addr_33_read_reg_5465       |   32|   0|   32|          0|
    |gmem4_addr_33_reg_5302            |   64|   0|   64|          0|
    |gmem4_addr_34_read_reg_5486       |   32|   0|   32|          0|
    |gmem4_addr_34_reg_5323            |   64|   0|   64|          0|
    |gmem4_addr_35_read_reg_5507       |   32|   0|   32|          0|
    |gmem4_addr_35_reg_5344            |   64|   0|   64|          0|
    |gmem4_addr_36_read_reg_5528       |   32|   0|   32|          0|
    |gmem4_addr_36_reg_5365            |   64|   0|   64|          0|
    |gmem4_addr_37_read_reg_5549       |   32|   0|   32|          0|
    |gmem4_addr_37_reg_5386            |   64|   0|   64|          0|
    |gmem4_addr_38_read_reg_5570       |   32|   0|   32|          0|
    |gmem4_addr_38_reg_5407            |   64|   0|   64|          0|
    |gmem4_addr_39_read_reg_5591       |   32|   0|   32|          0|
    |gmem4_addr_39_reg_5428            |   64|   0|   64|          0|
    |gmem4_addr_3_read_reg_4703        |   32|   0|   32|          0|
    |gmem4_addr_3_reg_4617             |   64|   0|   64|          0|
    |gmem4_addr_40_read_reg_5632       |   32|   0|   32|          0|
    |gmem4_addr_40_reg_5449            |   64|   0|   64|          0|
    |gmem4_addr_41_read_reg_5653       |   32|   0|   32|          0|
    |gmem4_addr_41_reg_5470            |   64|   0|   64|          0|
    |gmem4_addr_42_read_reg_5674       |   32|   0|   32|          0|
    |gmem4_addr_42_reg_5491            |   64|   0|   64|          0|
    |gmem4_addr_43_read_reg_5695       |   32|   0|   32|          0|
    |gmem4_addr_43_reg_5512            |   64|   0|   64|          0|
    |gmem4_addr_44_read_reg_5716       |   32|   0|   32|          0|
    |gmem4_addr_44_reg_5533            |   64|   0|   64|          0|
    |gmem4_addr_45_read_reg_5737       |   32|   0|   32|          0|
    |gmem4_addr_45_reg_5554            |   64|   0|   64|          0|
    |gmem4_addr_46_read_reg_5758       |   32|   0|   32|          0|
    |gmem4_addr_46_reg_5575            |   64|   0|   64|          0|
    |gmem4_addr_47_read_reg_5779       |   32|   0|   32|          0|
    |gmem4_addr_47_reg_5596            |   64|   0|   64|          0|
    |gmem4_addr_48_read_reg_5800       |   32|   0|   32|          0|
    |gmem4_addr_48_reg_5637            |   64|   0|   64|          0|
    |gmem4_addr_49_read_reg_5821       |   32|   0|   32|          0|
    |gmem4_addr_49_reg_5658            |   64|   0|   64|          0|
    |gmem4_addr_4_read_reg_4745        |   32|   0|   32|          0|
    |gmem4_addr_4_reg_4623             |   64|   0|   64|          0|
    |gmem4_addr_50_read_reg_5842       |   32|   0|   32|          0|
    |gmem4_addr_50_reg_5679            |   64|   0|   64|          0|
    |gmem4_addr_51_read_reg_5863       |   32|   0|   32|          0|
    |gmem4_addr_51_reg_5700            |   64|   0|   64|          0|
    |gmem4_addr_52_read_reg_5884       |   32|   0|   32|          0|
    |gmem4_addr_52_reg_5721            |   64|   0|   64|          0|
    |gmem4_addr_53_read_reg_5905       |   32|   0|   32|          0|
    |gmem4_addr_53_reg_5742            |   64|   0|   64|          0|
    |gmem4_addr_54_read_reg_5926       |   32|   0|   32|          0|
    |gmem4_addr_54_reg_5763            |   64|   0|   64|          0|
    |gmem4_addr_55_read_reg_5947       |   32|   0|   32|          0|
    |gmem4_addr_55_reg_5784            |   64|   0|   64|          0|
    |gmem4_addr_56_read_reg_5968       |   32|   0|   32|          0|
    |gmem4_addr_56_reg_5805            |   64|   0|   64|          0|
    |gmem4_addr_57_read_reg_5989       |   32|   0|   32|          0|
    |gmem4_addr_57_reg_5826            |   64|   0|   64|          0|
    |gmem4_addr_58_read_reg_6004       |   32|   0|   32|          0|
    |gmem4_addr_58_reg_5847            |   64|   0|   64|          0|
    |gmem4_addr_59_read_reg_6019       |   32|   0|   32|          0|
    |gmem4_addr_59_reg_5868            |   64|   0|   64|          0|
    |gmem4_addr_5_read_reg_4771        |   32|   0|   32|          0|
    |gmem4_addr_5_reg_4629             |   64|   0|   64|          0|
    |gmem4_addr_60_read_reg_6034       |   32|   0|   32|          0|
    |gmem4_addr_60_reg_5889            |   64|   0|   64|          0|
    |gmem4_addr_61_read_reg_6049       |   32|   0|   32|          0|
    |gmem4_addr_61_reg_5910            |   64|   0|   64|          0|
    |gmem4_addr_62_read_reg_6064       |   32|   0|   32|          0|
    |gmem4_addr_62_reg_5931            |   64|   0|   64|          0|
    |gmem4_addr_63_read_reg_6079       |   32|   0|   32|          0|
    |gmem4_addr_63_reg_5952            |   64|   0|   64|          0|
    |gmem4_addr_64_read_reg_6094       |   32|   0|   32|          0|
    |gmem4_addr_64_reg_5973            |   64|   0|   64|          0|
    |gmem4_addr_6_read_reg_4797        |   32|   0|   32|          0|
    |gmem4_addr_6_reg_4648             |   64|   0|   64|          0|
    |gmem4_addr_7_read_reg_4823        |   32|   0|   32|          0|
    |gmem4_addr_7_reg_4654             |   64|   0|   64|          0|
    |gmem4_addr_8_read_reg_4849        |   32|   0|   32|          0|
    |gmem4_addr_8_reg_4665             |   64|   0|   64|          0|
    |gmem4_addr_9_read_reg_4875        |   32|   0|   32|          0|
    |gmem4_addr_9_reg_4676             |   64|   0|   64|          0|
    |gmem4_addr_read_reg_4660          |   32|   0|   32|          0|
    |gmem4_addr_reg_4587               |   64|   0|   64|          0|
    |icmp_ln83_reg_4583                |    1|   0|    1|          0|
    |j_reg_4571                        |    6|   0|    6|          0|
    |mul9_10_reg_5053                  |   32|   0|   32|          0|
    |mul9_11_reg_5079                  |   32|   0|   32|          0|
    |mul9_12_reg_5105                  |   32|   0|   32|          0|
    |mul9_13_reg_5131                  |   32|   0|   32|          0|
    |mul9_14_reg_5157                  |   32|   0|   32|          0|
    |mul9_15_reg_5183                  |   32|   0|   32|          0|
    |mul9_15_reg_5183_pp0_iter1_reg    |   32|   0|   32|          0|
    |mul9_16_reg_5209                  |   32|   0|   32|          0|
    |mul9_16_reg_5209_pp0_iter1_reg    |   32|   0|   32|          0|
    |mul9_17_reg_5235                  |   32|   0|   32|          0|
    |mul9_17_reg_5235_pp0_iter1_reg    |   32|   0|   32|          0|
    |mul9_18_reg_5261                  |   32|   0|   32|          0|
    |mul9_18_reg_5261_pp0_iter1_reg    |   32|   0|   32|          0|
    |mul9_19_reg_5287                  |   32|   0|   32|          0|
    |mul9_19_reg_5287_pp0_iter1_reg    |   32|   0|   32|          0|
    |mul9_20_reg_5308                  |   32|   0|   32|          0|
    |mul9_20_reg_5308_pp0_iter1_reg    |   32|   0|   32|          0|
    |mul9_21_reg_5329                  |   32|   0|   32|          0|
    |mul9_21_reg_5329_pp0_iter1_reg    |   32|   0|   32|          0|
    |mul9_22_reg_5350                  |   32|   0|   32|          0|
    |mul9_22_reg_5350_pp0_iter1_reg    |   32|   0|   32|          0|
    |mul9_23_reg_5371                  |   32|   0|   32|          0|
    |mul9_23_reg_5371_pp0_iter1_reg    |   32|   0|   32|          0|
    |mul9_24_reg_5392                  |   32|   0|   32|          0|
    |mul9_24_reg_5392_pp0_iter1_reg    |   32|   0|   32|          0|
    |mul9_25_reg_5413                  |   32|   0|   32|          0|
    |mul9_25_reg_5413_pp0_iter1_reg    |   32|   0|   32|          0|
    |mul9_26_reg_5434                  |   32|   0|   32|          0|
    |mul9_26_reg_5434_pp0_iter1_reg    |   32|   0|   32|          0|
    |mul9_27_reg_5455                  |   32|   0|   32|          0|
    |mul9_27_reg_5455_pp0_iter1_reg    |   32|   0|   32|          0|
    |mul9_28_reg_5476                  |   32|   0|   32|          0|
    |mul9_28_reg_5476_pp0_iter1_reg    |   32|   0|   32|          0|
    |mul9_29_reg_5497                  |   32|   0|   32|          0|
    |mul9_29_reg_5497_pp0_iter1_reg    |   32|   0|   32|          0|
    |mul9_2_reg_4813                   |   32|   0|   32|          0|
    |mul9_30_reg_5518                  |   32|   0|   32|          0|
    |mul9_31_reg_5539                  |   32|   0|   32|          0|
    |mul9_32_reg_5560                  |   32|   0|   32|          0|
    |mul9_33_reg_5581                  |   32|   0|   32|          0|
    |mul9_34_reg_5622                  |   32|   0|   32|          0|
    |mul9_35_reg_5643                  |   32|   0|   32|          0|
    |mul9_36_reg_5664                  |   32|   0|   32|          0|
    |mul9_37_reg_5685                  |   32|   0|   32|          0|
    |mul9_38_reg_5706                  |   32|   0|   32|          0|
    |mul9_39_reg_5727                  |   32|   0|   32|          0|
    |mul9_3_reg_4839                   |   32|   0|   32|          0|
    |mul9_40_reg_5748                  |   32|   0|   32|          0|
    |mul9_41_reg_5769                  |   32|   0|   32|          0|
    |mul9_42_reg_5790                  |   32|   0|   32|          0|
    |mul9_43_reg_5811                  |   32|   0|   32|          0|
    |mul9_44_reg_5832                  |   32|   0|   32|          0|
    |mul9_45_reg_5853                  |   32|   0|   32|          0|
    |mul9_46_reg_5874                  |   32|   0|   32|          0|
    |mul9_47_reg_5895                  |   32|   0|   32|          0|
    |mul9_48_reg_5916                  |   32|   0|   32|          0|
    |mul9_49_reg_5937                  |   32|   0|   32|          0|
    |mul9_4_reg_4865                   |   32|   0|   32|          0|
    |mul9_50_reg_5958                  |   32|   0|   32|          0|
    |mul9_51_reg_5979                  |   32|   0|   32|          0|
    |mul9_52_reg_5994                  |   32|   0|   32|          0|
    |mul9_53_reg_6009                  |   32|   0|   32|          0|
    |mul9_54_reg_6024                  |   32|   0|   32|          0|
    |mul9_55_reg_6039                  |   32|   0|   32|          0|
    |mul9_56_reg_6054                  |   32|   0|   32|          0|
    |mul9_57_reg_6069                  |   32|   0|   32|          0|
    |mul9_58_reg_6084                  |   32|   0|   32|          0|
    |mul9_59_reg_6099                  |   32|   0|   32|          0|
    |mul9_60_reg_6109                  |   32|   0|   32|          0|
    |mul9_61_reg_6114                  |   32|   0|   32|          0|
    |mul9_62_reg_6119                  |   32|   0|   32|          0|
    |mul9_6_reg_4912                   |   32|   0|   32|          0|
    |mul9_7_reg_4938                   |   32|   0|   32|          0|
    |mul9_8_reg_4964                   |   32|   0|   32|          0|
    |mul9_9_reg_4990                   |   32|   0|   32|          0|
    |reg_1241                          |   32|   0|   32|          0|
    |reg_1246                          |   32|   0|   32|          0|
    |reg_1252                          |   32|   0|   32|          0|
    |reg_1257                          |   32|   0|   32|          0|
    |reg_1263                          |   32|   0|   32|          0|
    |reg_1268                          |   32|   0|   32|          0|
    |reg_1274                          |   32|   0|   32|          0|
    |reg_1279                          |   32|   0|   32|          0|
    |reg_1285                          |   32|   0|   32|          0|
    |reg_1290                          |   32|   0|   32|          0|
    |reg_1296                          |   32|   0|   32|          0|
    |reg_1301                          |   32|   0|   32|          0|
    |reg_1307                          |   32|   0|   32|          0|
    |reg_1312                          |   32|   0|   32|          0|
    |reg_1318                          |   32|   0|   32|          0|
    |reg_1323                          |   32|   0|   32|          0|
    |reg_1329                          |   32|   0|   32|          0|
    |reg_1334                          |   32|   0|   32|          0|
    |reg_1340                          |   32|   0|   32|          0|
    |reg_1345                          |   32|   0|   32|          0|
    |reg_1351                          |   32|   0|   32|          0|
    |reg_1356                          |   32|   0|   32|          0|
    |reg_1361                          |   32|   0|   32|          0|
    |reg_1366                          |   32|   0|   32|          0|
    |reg_1371                          |   32|   0|   32|          0|
    |reg_1376                          |   32|   0|   32|          0|
    |reg_1381                          |   32|   0|   32|          0|
    |reg_1386                          |   32|   0|   32|          0|
    |wbase_fu_350                      |    6|   0|    6|          0|
    |zext_ln87_1_reg_5037              |    6|   0|   11|          5|
    |zext_ln87_2_reg_4605              |    6|   0|    8|          2|
    |zext_ln87_3_reg_4635              |    6|   0|    9|          3|
    |zext_ln87_4_reg_4724              |    6|   0|   10|          4|
    |zext_ln87_reg_5602                |    6|   0|   12|          6|
    |icmp_ln83_reg_4583                |   64|  32|    1|          0|
    |mul9_30_reg_5518                  |   64|  32|   32|          0|
    |mul9_31_reg_5539                  |   64|  32|   32|          0|
    |mul9_32_reg_5560                  |   64|  32|   32|          0|
    |mul9_33_reg_5581                  |   64|  32|   32|          0|
    |mul9_34_reg_5622                  |   64|  32|   32|          0|
    |mul9_35_reg_5643                  |   64|  32|   32|          0|
    |mul9_36_reg_5664                  |   64|  32|   32|          0|
    |mul9_37_reg_5685                  |   64|  32|   32|          0|
    |mul9_38_reg_5706                  |   64|  32|   32|          0|
    |mul9_39_reg_5727                  |   64|  32|   32|          0|
    |mul9_40_reg_5748                  |   64|  32|   32|          0|
    |mul9_41_reg_5769                  |   64|  32|   32|          0|
    |mul9_42_reg_5790                  |   64|  32|   32|          0|
    |mul9_43_reg_5811                  |   64|  32|   32|          0|
    |mul9_44_reg_5832                  |   64|  32|   32|          0|
    |mul9_45_reg_5853                  |   64|  32|   32|          0|
    |mul9_46_reg_5874                  |   64|  32|   32|          0|
    |mul9_47_reg_5895                  |   64|  32|   32|          0|
    |mul9_48_reg_5916                  |   64|  32|   32|          0|
    |mul9_49_reg_5937                  |   64|  32|   32|          0|
    |mul9_50_reg_5958                  |   64|  32|   32|          0|
    |mul9_51_reg_5979                  |   64|  32|   32|          0|
    |mul9_52_reg_5994                  |   64|  32|   32|          0|
    |mul9_53_reg_6009                  |   64|  32|   32|          0|
    |mul9_54_reg_6024                  |   64|  32|   32|          0|
    |mul9_55_reg_6039                  |   64|  32|   32|          0|
    |mul9_56_reg_6054                  |   64|  32|   32|          0|
    |mul9_57_reg_6069                  |   64|  32|   32|          0|
    |mul9_58_reg_6084                  |   64|  32|   32|          0|
    |mul9_59_reg_6099                  |   64|  32|   32|          0|
    |mul9_60_reg_6109                  |   64|  32|   32|          0|
    |mul9_61_reg_6114                  |   64|  32|   32|          0|
    |mul9_62_reg_6119                  |   64|  32|   32|          0|
    +----------------------------------+-----+----+-----+-----------+
    |Total                             |12600|1088|11501|         20|
    +----------------------------------+-----+----+-----+-----------+



================================================================
== Interface
================================================================
* Summary: 
+----------------------+-----+-----+------------+-----------------------------------+--------------+
|       RTL Ports      | Dir | Bits|  Protocol  |           Source Object           |    C Type    |
+----------------------+-----+-----+------------+-----------------------------------+--------------+
|ap_clk                |   in|    1|  ap_ctrl_hs|  linear.2_Pipeline_VITIS_LOOP_83_1|  return value|
|ap_rst                |   in|    1|  ap_ctrl_hs|  linear.2_Pipeline_VITIS_LOOP_83_1|  return value|
|ap_start              |   in|    1|  ap_ctrl_hs|  linear.2_Pipeline_VITIS_LOOP_83_1|  return value|
|ap_done               |  out|    1|  ap_ctrl_hs|  linear.2_Pipeline_VITIS_LOOP_83_1|  return value|
|ap_idle               |  out|    1|  ap_ctrl_hs|  linear.2_Pipeline_VITIS_LOOP_83_1|  return value|
|ap_ready              |  out|    1|  ap_ctrl_hs|  linear.2_Pipeline_VITIS_LOOP_83_1|  return value|
|grp_fu_150_p_din0     |  out|   32|  ap_ctrl_hs|  linear.2_Pipeline_VITIS_LOOP_83_1|  return value|
|grp_fu_150_p_din1     |  out|   32|  ap_ctrl_hs|  linear.2_Pipeline_VITIS_LOOP_83_1|  return value|
|grp_fu_150_p_opcode   |  out|    2|  ap_ctrl_hs|  linear.2_Pipeline_VITIS_LOOP_83_1|  return value|
|grp_fu_150_p_dout0    |   in|   32|  ap_ctrl_hs|  linear.2_Pipeline_VITIS_LOOP_83_1|  return value|
|grp_fu_150_p_ce       |  out|    1|  ap_ctrl_hs|  linear.2_Pipeline_VITIS_LOOP_83_1|  return value|
|grp_fu_154_p_din0     |  out|   32|  ap_ctrl_hs|  linear.2_Pipeline_VITIS_LOOP_83_1|  return value|
|grp_fu_154_p_din1     |  out|   32|  ap_ctrl_hs|  linear.2_Pipeline_VITIS_LOOP_83_1|  return value|
|grp_fu_154_p_dout0    |   in|   32|  ap_ctrl_hs|  linear.2_Pipeline_VITIS_LOOP_83_1|  return value|
|grp_fu_154_p_ce       |  out|    1|  ap_ctrl_hs|  linear.2_Pipeline_VITIS_LOOP_83_1|  return value|
|m_axi_gmem4_AWVALID   |  out|    1|       m_axi|                              gmem4|       pointer|
|m_axi_gmem4_AWREADY   |   in|    1|       m_axi|                              gmem4|       pointer|
|m_axi_gmem4_AWADDR    |  out|   64|       m_axi|                              gmem4|       pointer|
|m_axi_gmem4_AWID      |  out|    1|       m_axi|                              gmem4|       pointer|
|m_axi_gmem4_AWLEN     |  out|   32|       m_axi|                              gmem4|       pointer|
|m_axi_gmem4_AWSIZE    |  out|    3|       m_axi|                              gmem4|       pointer|
|m_axi_gmem4_AWBURST   |  out|    2|       m_axi|                              gmem4|       pointer|
|m_axi_gmem4_AWLOCK    |  out|    2|       m_axi|                              gmem4|       pointer|
|m_axi_gmem4_AWCACHE   |  out|    4|       m_axi|                              gmem4|       pointer|
|m_axi_gmem4_AWPROT    |  out|    3|       m_axi|                              gmem4|       pointer|
|m_axi_gmem4_AWQOS     |  out|    4|       m_axi|                              gmem4|       pointer|
|m_axi_gmem4_AWREGION  |  out|    4|       m_axi|                              gmem4|       pointer|
|m_axi_gmem4_AWUSER    |  out|    1|       m_axi|                              gmem4|       pointer|
|m_axi_gmem4_WVALID    |  out|    1|       m_axi|                              gmem4|       pointer|
|m_axi_gmem4_WREADY    |   in|    1|       m_axi|                              gmem4|       pointer|
|m_axi_gmem4_WDATA     |  out|   32|       m_axi|                              gmem4|       pointer|
|m_axi_gmem4_WSTRB     |  out|    4|       m_axi|                              gmem4|       pointer|
|m_axi_gmem4_WLAST     |  out|    1|       m_axi|                              gmem4|       pointer|
|m_axi_gmem4_WID       |  out|    1|       m_axi|                              gmem4|       pointer|
|m_axi_gmem4_WUSER     |  out|    1|       m_axi|                              gmem4|       pointer|
|m_axi_gmem4_ARVALID   |  out|    1|       m_axi|                              gmem4|       pointer|
|m_axi_gmem4_ARREADY   |   in|    1|       m_axi|                              gmem4|       pointer|
|m_axi_gmem4_ARADDR    |  out|   64|       m_axi|                              gmem4|       pointer|
|m_axi_gmem4_ARID      |  out|    1|       m_axi|                              gmem4|       pointer|
|m_axi_gmem4_ARLEN     |  out|   32|       m_axi|                              gmem4|       pointer|
|m_axi_gmem4_ARSIZE    |  out|    3|       m_axi|                              gmem4|       pointer|
|m_axi_gmem4_ARBURST   |  out|    2|       m_axi|                              gmem4|       pointer|
|m_axi_gmem4_ARLOCK    |  out|    2|       m_axi|                              gmem4|       pointer|
|m_axi_gmem4_ARCACHE   |  out|    4|       m_axi|                              gmem4|       pointer|
|m_axi_gmem4_ARPROT    |  out|    3|       m_axi|                              gmem4|       pointer|
|m_axi_gmem4_ARQOS     |  out|    4|       m_axi|                              gmem4|       pointer|
|m_axi_gmem4_ARREGION  |  out|    4|       m_axi|                              gmem4|       pointer|
|m_axi_gmem4_ARUSER    |  out|    1|       m_axi|                              gmem4|       pointer|
|m_axi_gmem4_RVALID    |   in|    1|       m_axi|                              gmem4|       pointer|
|m_axi_gmem4_RREADY    |  out|    1|       m_axi|                              gmem4|       pointer|
|m_axi_gmem4_RDATA     |   in|   32|       m_axi|                              gmem4|       pointer|
|m_axi_gmem4_RLAST     |   in|    1|       m_axi|                              gmem4|       pointer|
|m_axi_gmem4_RID       |   in|    1|       m_axi|                              gmem4|       pointer|
|m_axi_gmem4_RFIFONUM  |   in|    9|       m_axi|                              gmem4|       pointer|
|m_axi_gmem4_RUSER     |   in|    1|       m_axi|                              gmem4|       pointer|
|m_axi_gmem4_RRESP     |   in|    2|       m_axi|                              gmem4|       pointer|
|m_axi_gmem4_BVALID    |   in|    1|       m_axi|                              gmem4|       pointer|
|m_axi_gmem4_BREADY    |  out|    1|       m_axi|                              gmem4|       pointer|
|m_axi_gmem4_BRESP     |   in|    2|       m_axi|                              gmem4|       pointer|
|m_axi_gmem4_BID       |   in|    1|       m_axi|                              gmem4|       pointer|
|m_axi_gmem4_BUSER     |   in|    1|       m_axi|                              gmem4|       pointer|
|m_axi_gmem5_AWVALID   |  out|    1|       m_axi|                              gmem5|       pointer|
|m_axi_gmem5_AWREADY   |   in|    1|       m_axi|                              gmem5|       pointer|
|m_axi_gmem5_AWADDR    |  out|   64|       m_axi|                              gmem5|       pointer|
|m_axi_gmem5_AWID      |  out|    1|       m_axi|                              gmem5|       pointer|
|m_axi_gmem5_AWLEN     |  out|   32|       m_axi|                              gmem5|       pointer|
|m_axi_gmem5_AWSIZE    |  out|    3|       m_axi|                              gmem5|       pointer|
|m_axi_gmem5_AWBURST   |  out|    2|       m_axi|                              gmem5|       pointer|
|m_axi_gmem5_AWLOCK    |  out|    2|       m_axi|                              gmem5|       pointer|
|m_axi_gmem5_AWCACHE   |  out|    4|       m_axi|                              gmem5|       pointer|
|m_axi_gmem5_AWPROT    |  out|    3|       m_axi|                              gmem5|       pointer|
|m_axi_gmem5_AWQOS     |  out|    4|       m_axi|                              gmem5|       pointer|
|m_axi_gmem5_AWREGION  |  out|    4|       m_axi|                              gmem5|       pointer|
|m_axi_gmem5_AWUSER    |  out|    1|       m_axi|                              gmem5|       pointer|
|m_axi_gmem5_WVALID    |  out|    1|       m_axi|                              gmem5|       pointer|
|m_axi_gmem5_WREADY    |   in|    1|       m_axi|                              gmem5|       pointer|
|m_axi_gmem5_WDATA     |  out|   32|       m_axi|                              gmem5|       pointer|
|m_axi_gmem5_WSTRB     |  out|    4|       m_axi|                              gmem5|       pointer|
|m_axi_gmem5_WLAST     |  out|    1|       m_axi|                              gmem5|       pointer|
|m_axi_gmem5_WID       |  out|    1|       m_axi|                              gmem5|       pointer|
|m_axi_gmem5_WUSER     |  out|    1|       m_axi|                              gmem5|       pointer|
|m_axi_gmem5_ARVALID   |  out|    1|       m_axi|                              gmem5|       pointer|
|m_axi_gmem5_ARREADY   |   in|    1|       m_axi|                              gmem5|       pointer|
|m_axi_gmem5_ARADDR    |  out|   64|       m_axi|                              gmem5|       pointer|
|m_axi_gmem5_ARID      |  out|    1|       m_axi|                              gmem5|       pointer|
|m_axi_gmem5_ARLEN     |  out|   32|       m_axi|                              gmem5|       pointer|
|m_axi_gmem5_ARSIZE    |  out|    3|       m_axi|                              gmem5|       pointer|
|m_axi_gmem5_ARBURST   |  out|    2|       m_axi|                              gmem5|       pointer|
|m_axi_gmem5_ARLOCK    |  out|    2|       m_axi|                              gmem5|       pointer|
|m_axi_gmem5_ARCACHE   |  out|    4|       m_axi|                              gmem5|       pointer|
|m_axi_gmem5_ARPROT    |  out|    3|       m_axi|                              gmem5|       pointer|
|m_axi_gmem5_ARQOS     |  out|    4|       m_axi|                              gmem5|       pointer|
|m_axi_gmem5_ARREGION  |  out|    4|       m_axi|                              gmem5|       pointer|
|m_axi_gmem5_ARUSER    |  out|    1|       m_axi|                              gmem5|       pointer|
|m_axi_gmem5_RVALID    |   in|    1|       m_axi|                              gmem5|       pointer|
|m_axi_gmem5_RREADY    |  out|    1|       m_axi|                              gmem5|       pointer|
|m_axi_gmem5_RDATA     |   in|   32|       m_axi|                              gmem5|       pointer|
|m_axi_gmem5_RLAST     |   in|    1|       m_axi|                              gmem5|       pointer|
|m_axi_gmem5_RID       |   in|    1|       m_axi|                              gmem5|       pointer|
|m_axi_gmem5_RFIFONUM  |   in|    9|       m_axi|                              gmem5|       pointer|
|m_axi_gmem5_RUSER     |   in|    1|       m_axi|                              gmem5|       pointer|
|m_axi_gmem5_RRESP     |   in|    2|       m_axi|                              gmem5|       pointer|
|m_axi_gmem5_BVALID    |   in|    1|       m_axi|                              gmem5|       pointer|
|m_axi_gmem5_BREADY    |  out|    1|       m_axi|                              gmem5|       pointer|
|m_axi_gmem5_BRESP     |   in|    2|       m_axi|                              gmem5|       pointer|
|m_axi_gmem5_BID       |   in|    1|       m_axi|                              gmem5|       pointer|
|m_axi_gmem5_BUSER     |   in|    1|       m_axi|                              gmem5|       pointer|
|sext_ln83_1           |   in|   62|     ap_none|                        sext_ln83_1|        scalar|
|sext_ln83             |   in|   62|     ap_none|                          sext_ln83|        scalar|
|W                     |   in|   64|     ap_none|                                  W|        scalar|
|fc1_out_address0      |  out|    6|   ap_memory|                            fc1_out|         array|
|fc1_out_ce0           |  out|    1|   ap_memory|                            fc1_out|         array|
|fc1_out_q0            |   in|   32|   ap_memory|                            fc1_out|         array|
|fc1_out_address1      |  out|    6|   ap_memory|                            fc1_out|         array|
|fc1_out_ce1           |  out|    1|   ap_memory|                            fc1_out|         array|
|fc1_out_q1            |   in|   32|   ap_memory|                            fc1_out|         array|
+----------------------+-----+-----+------------+-----------------------------------+--------------+

