09/13/25 23:16:42: Running xcd server. This server was NOT built by gradle, but presumably rdi.
09/13/25 23:16:42: Server was asked to start on port: '55092'
09/13/25 23:16:42: Server is using token UUID: '7fb97ab4-c7dd-4baf-a6a4-c67bcc0df063'
09/13/25 23:16:42: SESSION_MGR: creating session with session uuid: '6d04a3e9-ade5-4ab9-8d63-1f78fcd2ec76' and name 'default'
09/13/25 23:16:42: Attempting to start server on port '55092'
09/13/25 23:16:42: Running Dispatch Server
09/13/25 23:16:42: Version 2.2.0
09/13/25 23:16:51: Dispatch Server: Accepted socket connection from client
09/13/25 23:16:51: Starting Socket connection
09/13/25 23:16:51: EXCHANGE_TOKEN received, server token: 7fb97ab4-c7dd-4baf-a6a4-c67bcc0df063, passed token: 7fb97ab4-c7dd-4baf-a6a4-c67bcc0df063
09/13/25 23:16:51: SESSION_MGR: creating session with session uuid: 'af4e0043-114b-4f1a-ae8b-0201e44bd1f5' and name 'vitis_hls'
09/13/25 23:16:51: KERNEL_SVC: creating session with uuid: 'af4e0043-114b-4f1a-ae8b-0201e44bd1f5' and name 'vitis_hls'
09/13/25 23:16:51: GUIDANCE_SMGR: creating guidance session with uuid: 'af4e0043-114b-4f1a-ae8b-0201e44bd1f5' and name 'vitis_hls'
09/13/25 23:17:29: STOP_SERVER received, server token: 7fb97ab4-c7dd-4baf-a6a4-c67bcc0df063, passed token: 7fb97ab4-c7dd-4baf-a6a4-c67bcc0df063
09/13/25 23:17:29: Socket received request to stop server.
09/13/25 23:17:29: Dispatch Server: do_await_stop
09/13/25 23:17:29: SERVER: destructor for server bound to port 55092
09/13/25 23:17:29: Server exiting with status 0.
09/13/25 23:17:29: Closing log file.
09/13/25 23:17:58: Running xcd server. This server was NOT built by gradle, but presumably rdi.
09/13/25 23:17:58: Server was asked to start on port: '50843'
09/13/25 23:17:58: Server is using token UUID: 'd8ebef2e-910d-403a-9709-1fc72bce65a8'
09/13/25 23:17:58: SESSION_MGR: creating session with session uuid: '6d04a3e9-ade5-4ab9-8d63-1f78fcd2ec76' and name 'default'
09/13/25 23:17:58: Attempting to start server on port '50843'
09/13/25 23:17:58: Running Dispatch Server
09/13/25 23:17:58: Version 2.2.0
09/13/25 23:18:07: Dispatch Server: Accepted socket connection from client
09/13/25 23:18:07: Starting Socket connection
09/13/25 23:18:07: EXCHANGE_TOKEN received, server token: d8ebef2e-910d-403a-9709-1fc72bce65a8, passed token: d8ebef2e-910d-403a-9709-1fc72bce65a8
09/13/25 23:18:07: SESSION_MGR: creating session with session uuid: '24dcd513-7926-451f-a91c-512c031eb2e4' and name 'vitis_hls'
09/13/25 23:18:07: KERNEL_SVC: creating session with uuid: '24dcd513-7926-451f-a91c-512c031eb2e4' and name 'vitis_hls'
09/13/25 23:18:07: GUIDANCE_SMGR: creating guidance session with uuid: '24dcd513-7926-451f-a91c-512c031eb2e4' and name 'vitis_hls'
09/13/25 23:18:31: STOP_SERVER received, server token: d8ebef2e-910d-403a-9709-1fc72bce65a8, passed token: d8ebef2e-910d-403a-9709-1fc72bce65a8
09/13/25 23:18:31: Socket received request to stop server.
09/13/25 23:18:31: Dispatch Server: do_await_stop
09/13/25 23:18:31: SERVER: destructor for server bound to port 50843
09/13/25 23:18:31: Server exiting with status 0.
09/13/25 23:18:31: Closing log file.
