

================================================================
== Vitis HLS Report for 'gtsrb_cnn_Pipeline_VITIS_LOOP_101_1'
================================================================
* Date:           Sat Sep 13 23:17:23 2025

* Version:        2022.2 (Build 3670227 on Oct 13 2022)
* Project:        CNN_GTSRB
* Solution:       solution1 (Vivado IP Flow Target)
* Product family: zynquplus
* Target device:  xczu5eg-sfvc784-1-e


================================================================
== Performance Estimates
================================================================
+ Timing: 
    * Summary: 
    +--------+----------+----------+------------+
    |  Clock |  Target  | Estimated| Uncertainty|
    +--------+----------+----------+------------+
    |ap_clk  |  10.00 ns|  7.300 ns|     2.70 ns|
    +--------+----------+----------+------------+

+ Latency: 
    * Summary: 
    +---------+---------+----------+----------+-----+-----+---------+
    |  Latency (cycles) |  Latency (absolute) |  Interval | Pipeline|
    |   min   |   max   |    min   |    max   | min | max |   Type  |
    +---------+---------+----------+----------+-----+-----+---------+
    |       46|       46|  0.460 us|  0.460 us|   46|   46|       no|
    +---------+---------+----------+----------+-----+-----+---------+

    + Detail: 
        * Instance: 
        N/A

        * Loop: 
        +--------------------+---------+---------+----------+-----------+-----------+------+----------+
        |                    |  Latency (cycles) | Iteration|  Initiation Interval  | Trip |          |
        |      Loop Name     |   min   |   max   |  Latency |  achieved |   target  | Count| Pipelined|
        +--------------------+---------+---------+----------+-----------+-----------+------+----------+
        |- VITIS_LOOP_101_1  |       44|       44|         4|          1|          1|    42|       yes|
        +--------------------+---------+---------+----------+-----------+-----------+------+----------+



================================================================
== Utilization Estimates
================================================================
* Summary: 
+-----------------+---------+------+--------+--------+-----+
|       Name      | BRAM_18K|  DSP |   FF   |   LUT  | URAM|
+-----------------+---------+------+--------+--------+-----+
|DSP              |        -|     -|       -|       -|    -|
|Expression       |        -|     -|       0|     155|    -|
|FIFO             |        -|     -|       -|       -|    -|
|Instance         |        -|     -|       -|       -|    -|
|Memory           |        -|     -|       -|       -|    -|
|Multiplexer      |        -|     -|       -|      72|    -|
|Register         |        -|     -|     278|      32|    -|
+-----------------+---------+------+--------+--------+-----+
|Total            |        0|     0|     278|     259|    0|
+-----------------+---------+------+--------+--------+-----+
|Available        |      288|  1248|  234240|  117120|   64|
+-----------------+---------+------+--------+--------+-----+
|Utilization (%)  |        0|     0|      ~0|      ~0|    0|
+-----------------+---------+------+--------+--------+-----+

+ Detail: 
    * Instance: 
    N/A

    * DSP: 
    N/A

    * Memory: 
    N/A

    * FIFO: 
    N/A

    * Expression: 
    +----------------------------------+----------+----+---+----+------------+------------+
    |           Variable Name          | Operation| DSP| FF| LUT| Bitwidth P0| Bitwidth P1|
    +----------------------------------+----------+----+---+----+------------+------------+
    |add_ln101_fu_132_p2               |         +|   0|  0|  13|           6|           1|
    |and_ln103_1_fu_229_p2             |       and|   0|  0|   2|           1|           1|
    |and_ln103_fu_223_p2               |       and|   0|  0|   2|           1|           1|
    |ap_block_pp0_stage0_00001         |       and|   0|  0|   2|           1|           1|
    |ap_block_state2_pp0_stage0_iter1  |       and|   0|  0|   2|           1|           1|
    |icmp_ln101_fu_126_p2              |      icmp|   0|  0|  10|           6|           6|
    |icmp_ln103_1_fu_176_p2            |      icmp|   0|  0|  16|          23|           1|
    |icmp_ln103_2_fu_205_p2            |      icmp|   0|  0|  11|           8|           2|
    |icmp_ln103_3_fu_211_p2            |      icmp|   0|  0|  16|          23|           1|
    |icmp_ln103_fu_171_p2              |      icmp|   0|  0|  11|           8|           2|
    |or_ln103_1_fu_217_p2              |        or|   0|  0|   2|           1|           1|
    |or_ln103_fu_201_p2                |        or|   0|  0|   2|           1|           1|
    |idx_4_fu_238_p3                   |    select|   0|  0|  32|           1|          32|
    |m_23_fu_246_p3                    |    select|   0|  0|  32|           1|          32|
    |ap_enable_pp0                     |       xor|   0|  0|   2|           1|           2|
    +----------------------------------+----------+----+---+----+------------+------------+
    |Total                             |          |   0|  0| 155|          83|          85|
    +----------------------------------+----------+----+---+----+------------+------------+

    * Multiplexer: 
    +---------------------------+----+-----------+-----+-----------+
    |            Name           | LUT| Input Size| Bits| Total Bits|
    +---------------------------+----+-----------+-----+-----------+
    |ap_done_int                |   9|          2|    1|          2|
    |ap_enable_reg_pp0_iter2    |   9|          2|    1|          2|
    |ap_sig_allocacmp_i         |   9|          2|    6|         12|
    |ap_sig_allocacmp_m_8_load  |   9|          2|   32|         64|
    |gmem5_blk_n_R              |   9|          2|    1|          2|
    |idx_1_fu_72                |   9|          2|    6|         12|
    |idx_fu_64                  |   9|          2|   32|         64|
    |m_8_fu_68                  |   9|          2|   32|         64|
    +---------------------------+----+-----------+-----+-----------+
    |Total                      |  72|         16|  111|        222|
    +---------------------------+----+-----------+-----+-----------+

    * Register: 
    +----------------------------------+----+----+-----+-----------+
    |               Name               | FF | LUT| Bits| Const Bits|
    +----------------------------------+----+----+-----+-----------+
    |ap_CS_fsm                         |   1|   0|    1|          0|
    |ap_done_reg                       |   1|   0|    1|          0|
    |ap_enable_reg_pp0_iter1           |   1|   0|    1|          0|
    |ap_enable_reg_pp0_iter2           |   1|   0|    1|          0|
    |ap_enable_reg_pp0_iter3           |   1|   0|    1|          0|
    |ap_loop_exit_ready_pp0_iter1_reg  |   1|   0|    1|          0|
    |ap_loop_exit_ready_pp0_iter2_reg  |   1|   0|    1|          0|
    |gmem5_addr_read_reg_302           |  32|   0|   32|          0|
    |i_reg_293                         |   6|   0|    6|          0|
    |icmp_ln101_reg_298                |   1|   0|    1|          0|
    |icmp_ln101_reg_298_pp0_iter1_reg  |   1|   0|    1|          0|
    |icmp_ln103_1_reg_335              |   1|   0|    1|          0|
    |icmp_ln103_reg_330                |   1|   0|    1|          0|
    |idx_1_fu_72                       |   6|   0|    6|          0|
    |idx_fu_64                         |  32|   0|   32|          0|
    |m_8_fu_68                         |  32|   0|   32|          0|
    |m_8_load_reg_317                  |  32|   0|   32|          0|
    |tmp_reg_307                       |   8|   0|    8|          0|
    |trunc_ln103_reg_312               |  23|   0|   23|          0|
    |v_reg_324                         |  32|   0|   32|          0|
    |i_reg_293                         |  64|  32|    6|          0|
    +----------------------------------+----+----+-----+-----------+
    |Total                             | 278|  32|  220|          0|
    +----------------------------------+----+----+-----+-----------+



================================================================
== Interface
================================================================
* Summary: 
+----------------------+-----+-----+------------+-------------------------------------+--------------+
|       RTL Ports      | Dir | Bits|  Protocol  |            Source Object            |    C Type    |
+----------------------+-----+-----+------------+-------------------------------------+--------------+
|ap_clk                |   in|    1|  ap_ctrl_hs|  gtsrb_cnn_Pipeline_VITIS_LOOP_101_1|  return value|
|ap_rst                |   in|    1|  ap_ctrl_hs|  gtsrb_cnn_Pipeline_VITIS_LOOP_101_1|  return value|
|ap_start              |   in|    1|  ap_ctrl_hs|  gtsrb_cnn_Pipeline_VITIS_LOOP_101_1|  return value|
|ap_done               |  out|    1|  ap_ctrl_hs|  gtsrb_cnn_Pipeline_VITIS_LOOP_101_1|  return value|
|ap_idle               |  out|    1|  ap_ctrl_hs|  gtsrb_cnn_Pipeline_VITIS_LOOP_101_1|  return value|
|ap_ready              |  out|    1|  ap_ctrl_hs|  gtsrb_cnn_Pipeline_VITIS_LOOP_101_1|  return value|
|grp_fu_582_p_din0     |  out|   32|  ap_ctrl_hs|  gtsrb_cnn_Pipeline_VITIS_LOOP_101_1|  return value|
|grp_fu_582_p_din1     |  out|   32|  ap_ctrl_hs|  gtsrb_cnn_Pipeline_VITIS_LOOP_101_1|  return value|
|grp_fu_582_p_opcode   |  out|    5|  ap_ctrl_hs|  gtsrb_cnn_Pipeline_VITIS_LOOP_101_1|  return value|
|grp_fu_582_p_dout0    |   in|    1|  ap_ctrl_hs|  gtsrb_cnn_Pipeline_VITIS_LOOP_101_1|  return value|
|grp_fu_582_p_ce       |  out|    1|  ap_ctrl_hs|  gtsrb_cnn_Pipeline_VITIS_LOOP_101_1|  return value|
|m_axi_gmem5_AWVALID   |  out|    1|       m_axi|                                gmem5|       pointer|
|m_axi_gmem5_AWREADY   |   in|    1|       m_axi|                                gmem5|       pointer|
|m_axi_gmem5_AWADDR    |  out|   64|       m_axi|                                gmem5|       pointer|
|m_axi_gmem5_AWID      |  out|    1|       m_axi|                                gmem5|       pointer|
|m_axi_gmem5_AWLEN     |  out|   32|       m_axi|                                gmem5|       pointer|
|m_axi_gmem5_AWSIZE    |  out|    3|       m_axi|                                gmem5|       pointer|
|m_axi_gmem5_AWBURST   |  out|    2|       m_axi|                                gmem5|       pointer|
|m_axi_gmem5_AWLOCK    |  out|    2|       m_axi|                                gmem5|       pointer|
|m_axi_gmem5_AWCACHE   |  out|    4|       m_axi|                                gmem5|       pointer|
|m_axi_gmem5_AWPROT    |  out|    3|       m_axi|                                gmem5|       pointer|
|m_axi_gmem5_AWQOS     |  out|    4|       m_axi|                                gmem5|       pointer|
|m_axi_gmem5_AWREGION  |  out|    4|       m_axi|                                gmem5|       pointer|
|m_axi_gmem5_AWUSER    |  out|    1|       m_axi|                                gmem5|       pointer|
|m_axi_gmem5_WVALID    |  out|    1|       m_axi|                                gmem5|       pointer|
|m_axi_gmem5_WREADY    |   in|    1|       m_axi|                                gmem5|       pointer|
|m_axi_gmem5_WDATA     |  out|   32|       m_axi|                                gmem5|       pointer|
|m_axi_gmem5_WSTRB     |  out|    4|       m_axi|                                gmem5|       pointer|
|m_axi_gmem5_WLAST     |  out|    1|       m_axi|                                gmem5|       pointer|
|m_axi_gmem5_WID       |  out|    1|       m_axi|                                gmem5|       pointer|
|m_axi_gmem5_WUSER     |  out|    1|       m_axi|                                gmem5|       pointer|
|m_axi_gmem5_ARVALID   |  out|    1|       m_axi|                                gmem5|       pointer|
|m_axi_gmem5_ARREADY   |   in|    1|       m_axi|                                gmem5|       pointer|
|m_axi_gmem5_ARADDR    |  out|   64|       m_axi|                                gmem5|       pointer|
|m_axi_gmem5_ARID      |  out|    1|       m_axi|                                gmem5|       pointer|
|m_axi_gmem5_ARLEN     |  out|   32|       m_axi|                                gmem5|       pointer|
|m_axi_gmem5_ARSIZE    |  out|    3|       m_axi|                                gmem5|       pointer|
|m_axi_gmem5_ARBURST   |  out|    2|       m_axi|                                gmem5|       pointer|
|m_axi_gmem5_ARLOCK    |  out|    2|       m_axi|                                gmem5|       pointer|
|m_axi_gmem5_ARCACHE   |  out|    4|       m_axi|                                gmem5|       pointer|
|m_axi_gmem5_ARPROT    |  out|    3|       m_axi|                                gmem5|       pointer|
|m_axi_gmem5_ARQOS     |  out|    4|       m_axi|                                gmem5|       pointer|
|m_axi_gmem5_ARREGION  |  out|    4|       m_axi|                                gmem5|       pointer|
|m_axi_gmem5_ARUSER    |  out|    1|       m_axi|                                gmem5|       pointer|
|m_axi_gmem5_RVALID    |   in|    1|       m_axi|                                gmem5|       pointer|
|m_axi_gmem5_RREADY    |  out|    1|       m_axi|                                gmem5|       pointer|
|m_axi_gmem5_RDATA     |   in|   32|       m_axi|                                gmem5|       pointer|
|m_axi_gmem5_RLAST     |   in|    1|       m_axi|                                gmem5|       pointer|
|m_axi_gmem5_RID       |   in|    1|       m_axi|                                gmem5|       pointer|
|m_axi_gmem5_RFIFONUM  |   in|    9|       m_axi|                                gmem5|       pointer|
|m_axi_gmem5_RUSER     |   in|    1|       m_axi|                                gmem5|       pointer|
|m_axi_gmem5_RRESP     |   in|    2|       m_axi|                                gmem5|       pointer|
|m_axi_gmem5_BVALID    |   in|    1|       m_axi|                                gmem5|       pointer|
|m_axi_gmem5_BREADY    |  out|    1|       m_axi|                                gmem5|       pointer|
|m_axi_gmem5_BRESP     |   in|    2|       m_axi|                                gmem5|       pointer|
|m_axi_gmem5_BID       |   in|    1|       m_axi|                                gmem5|       pointer|
|m_axi_gmem5_BUSER     |   in|    1|       m_axi|                                gmem5|       pointer|
|m                     |   in|   32|     ap_none|                                    m|        scalar|
|sext_ln101            |   in|   62|     ap_none|                           sext_ln101|        scalar|
|idx_out               |  out|   32|      ap_vld|                              idx_out|       pointer|
|idx_out_ap_vld        |  out|    1|      ap_vld|                              idx_out|       pointer|
+----------------------+-----+-----+------------+-------------------------------------+--------------+

============================================================
+ Verbose Summary: Synthesis Manager
============================================================
InlineROM: 1
ExposeGlobal: 0
============================================================
+ Verbose Summary: CDFG Model
============================================================
IsTopModel: 0
ResetActiveHigh: 1
IsCombinational: 2
IsDatapathOnly: 2
HasWiredReturn: 1
HasMFsm: 2
HasVarLatency: 1
IsPipeline: 0
IsRtlPipelined: 0
IsInstanceOverlapped: 0
IsDontTouch: 0
HasImplIP: 0
IsGatedGlobalClock: 0

+ Individual pipeline summary: 
  * Pipeline-0: initiation interval (II) = 1, depth = 4


============================================================
+ Verbose Summary: Schedule
============================================================
* Number of FSM states : 4
* Pipeline : 1
  Pipeline-0 : II = 1, D = 4, States = { 1 2 3 4 }
* Dataflow Pipeline: 0

* FSM state transitions: 
1 --> 2 
2 --> 3 
3 --> 4 
4 --> 

* FSM state operations: 

State 1 <SV = 0> <Delay = 1.37>
ST_1 : Operation 7 [1/1] (0.00ns)   --->   "%idx = alloca i32 1"   --->   Operation 7 'alloca' 'idx' <Predicate = true> <Delay = 0.00>
ST_1 : Operation 8 [1/1] (0.00ns)   --->   "%m_8 = alloca i32 1"   --->   Operation 8 'alloca' 'm_8' <Predicate = true> <Delay = 0.00>
ST_1 : Operation 9 [1/1] (0.00ns)   --->   "%idx_1 = alloca i32 1"   --->   Operation 9 'alloca' 'idx_1' <Predicate = true> <Delay = 0.00>
ST_1 : Operation 10 [1/1] (0.00ns)   --->   "%sext_ln101_read = read i62 @_ssdm_op_Read.ap_auto.i62, i62 %sext_ln101"   --->   Operation 10 'read' 'sext_ln101_read' <Predicate = true> <Delay = 0.00>
ST_1 : Operation 11 [1/1] (0.00ns)   --->   "%m_read = read i32 @_ssdm_op_Read.ap_auto.float, i32 %m"   --->   Operation 11 'read' 'm_read' <Predicate = true> <Delay = 0.00>
ST_1 : Operation 12 [1/1] (0.00ns)   --->   "%sext_ln101_cast = sext i62 %sext_ln101_read"   --->   Operation 12 'sext' 'sext_ln101_cast' <Predicate = true> <Delay = 0.00>
ST_1 : Operation 13 [1/1] (0.00ns)   --->   "%specinterface_ln0 = specinterface void @_ssdm_op_SpecInterface, i32 %gmem5, void @empty_25, i32 0, i32 0, void @empty_27, i32 0, i32 2700, void @empty, void @empty_30, void @empty_27, i32 16, i32 16, i32 16, i32 16, void @empty_27, void @empty_27, i32 4294967295, i32 0"   --->   Operation 13 'specinterface' 'specinterface_ln0' <Predicate = true> <Delay = 0.00>
ST_1 : Operation 14 [1/1] (0.48ns)   --->   "%store_ln0 = store i6 1, i6 %idx_1"   --->   Operation 14 'store' 'store_ln0' <Predicate = true> <Delay = 0.48>
ST_1 : Operation 15 [1/1] (0.48ns)   --->   "%store_ln0 = store i32 %m_read, i32 %m_8"   --->   Operation 15 'store' 'store_ln0' <Predicate = true> <Delay = 0.48>
ST_1 : Operation 16 [1/1] (0.48ns)   --->   "%store_ln0 = store i32 0, i32 %idx"   --->   Operation 16 'store' 'store_ln0' <Predicate = true> <Delay = 0.48>
ST_1 : Operation 17 [1/1] (0.00ns)   --->   "%br_ln0 = br void %for.body.i"   --->   Operation 17 'br' 'br_ln0' <Predicate = true> <Delay = 0.00>
ST_1 : Operation 18 [1/1] (0.00ns)   --->   "%i = load i6 %idx_1" [src/gtsrb_cnn.cpp:101]   --->   Operation 18 'load' 'i' <Predicate = true> <Delay = 0.00>
ST_1 : Operation 19 [1/1] (0.87ns)   --->   "%icmp_ln101 = icmp_eq  i6 %i, i6 43" [src/gtsrb_cnn.cpp:101]   --->   Operation 19 'icmp' 'icmp_ln101' <Predicate = true> <Delay = 0.87> <CoreInst = "Cmp">   --->   Core 9 'Cmp' <Latency = 0> <II = 1> <Delay = 0.87> <FuncUnit> <Opcode : 'icmp'> <InPorts = 2> <OutPorts = 1>
ST_1 : Operation 20 [1/1] (0.00ns)   --->   "%br_ln101 = br i1 %icmp_ln101, void %for.body.i.split, void %_ZL11fmax_argmaxiPKfPi.exit.exitStub" [src/gtsrb_cnn.cpp:101]   --->   Operation 20 'br' 'br_ln101' <Predicate = true> <Delay = 0.00>
ST_1 : Operation 21 [1/1] (0.88ns)   --->   "%add_ln101 = add i6 %i, i6 1" [src/gtsrb_cnn.cpp:101]   --->   Operation 21 'add' 'add_ln101' <Predicate = (!icmp_ln101)> <Delay = 0.88> <CoreInst = "Adder">   --->   Core 1 'Adder' <Latency = 0> <II = 1> <Delay = 0.88> <FuncUnit> <Opcode : 'add' 'sub'> <InPorts = 2> <OutPorts = 1>
ST_1 : Operation 22 [1/1] (0.48ns)   --->   "%store_ln101 = store i6 %add_ln101, i6 %idx_1" [src/gtsrb_cnn.cpp:101]   --->   Operation 22 'store' 'store_ln101' <Predicate = (!icmp_ln101)> <Delay = 0.48>

State 2 <SV = 1> <Delay = 7.30>
ST_2 : Operation 23 [1/1] (0.00ns)   --->   "%specbitsmap_ln0 = specbitsmap void @_ssdm_op_SpecBitsMap, i32 %gmem5"   --->   Operation 23 'specbitsmap' 'specbitsmap_ln0' <Predicate = true> <Delay = 0.00>
ST_2 : Operation 24 [1/1] (0.00ns)   --->   "%gmem5_addr = getelementptr i32 %gmem5, i64 %sext_ln101_cast" [src/gtsrb_cnn.cpp:101]   --->   Operation 24 'getelementptr' 'gmem5_addr' <Predicate = true> <Delay = 0.00>
ST_2 : Operation 25 [1/1] (0.00ns)   --->   "%specpipeline_ln0 = specpipeline void @_ssdm_op_SpecPipeline, i32 4294967295, i32 0, i32 1, i32 0, void @p_str"   --->   Operation 25 'specpipeline' 'specpipeline_ln0' <Predicate = true> <Delay = 0.00>
ST_2 : Operation 26 [1/1] (0.00ns)   --->   "%empty = speclooptripcount i32 @_ssdm_op_SpecLoopTripCount, i64 42, i64 42, i64 42"   --->   Operation 26 'speclooptripcount' 'empty' <Predicate = true> <Delay = 0.00>
ST_2 : Operation 27 [1/1] (7.30ns)   --->   "%gmem5_addr_read = read i32 @_ssdm_op_Read.m_axi.p1i32, i64 %gmem5_addr" [src/gtsrb_cnn.cpp:102]   --->   Operation 27 'read' 'gmem5_addr_read' <Predicate = (!icmp_ln101)> <Delay = 7.30> <CoreInst = "m_axi">   --->   Core 121 'm_axi' <Latency = 0> <II = 1> <Delay = 1.00> <Adapter> <Opcode : 'read' 'write' 'readreq' 'writereq' 'writeresp'>
ST_2 : Operation 28 [1/1] (0.00ns)   --->   "%tmp = partselect i8 @_ssdm_op_PartSelect.i8.i32.i32.i32, i32 %gmem5_addr_read, i32 23, i32 30" [src/gtsrb_cnn.cpp:103]   --->   Operation 28 'partselect' 'tmp' <Predicate = (!icmp_ln101)> <Delay = 0.00>
ST_2 : Operation 29 [1/1] (0.00ns)   --->   "%trunc_ln103 = trunc i32 %gmem5_addr_read" [src/gtsrb_cnn.cpp:103]   --->   Operation 29 'trunc' 'trunc_ln103' <Predicate = (!icmp_ln101)> <Delay = 0.00>

State 3 <SV = 2> <Delay = 3.34>
ST_3 : Operation 30 [1/1] (0.00ns)   --->   "%m_8_load = load i32 %m_8" [src/gtsrb_cnn.cpp:103]   --->   Operation 30 'load' 'm_8_load' <Predicate = true> <Delay = 0.00>
ST_3 : Operation 31 [1/1] (0.00ns)   --->   "%v = bitcast i32 %gmem5_addr_read" [src/gtsrb_cnn.cpp:102]   --->   Operation 31 'bitcast' 'v' <Predicate = true> <Delay = 0.00>
ST_3 : Operation 32 [1/1] (0.85ns)   --->   "%icmp_ln103 = icmp_ne  i8 %tmp, i8 255" [src/gtsrb_cnn.cpp:103]   --->   Operation 32 'icmp' 'icmp_ln103' <Predicate = true> <Delay = 0.85> <CoreInst = "Cmp">   --->   Core 9 'Cmp' <Latency = 0> <II = 1> <Delay = 0.85> <FuncUnit> <Opcode : 'icmp'> <InPorts = 2> <OutPorts = 1>
ST_3 : Operation 33 [1/1] (0.97ns)   --->   "%icmp_ln103_1 = icmp_eq  i23 %trunc_ln103, i23 0" [src/gtsrb_cnn.cpp:103]   --->   Operation 33 'icmp' 'icmp_ln103_1' <Predicate = true> <Delay = 0.97> <CoreInst = "Cmp">   --->   Core 9 'Cmp' <Latency = 0> <II = 1> <Delay = 0.97> <FuncUnit> <Opcode : 'icmp'> <InPorts = 2> <OutPorts = 1>
ST_3 : Operation 34 [2/2] (3.34ns)   --->   "%tmp_33 = fcmp_ogt  i32 %v, i32 %m_8_load" [src/gtsrb_cnn.cpp:103]   --->   Operation 34 'fcmp' 'tmp_33' <Predicate = true> <Delay = 3.34> <CoreInst = "FCompare">   --->   Core 19 'FCompare' <Latency = 1> <II = 1> <Delay = 3.34> <FuncUnit> <Opcode : 'fcmp'> <InPorts = 2> <OutPorts = 1>
ST_3 : Operation 53 [1/1] (0.00ns)   --->   "%idx_load = load i32 %idx"   --->   Operation 53 'load' 'idx_load' <Predicate = (icmp_ln101)> <Delay = 0.00>
ST_3 : Operation 54 [1/1] (0.00ns)   --->   "%write_ln0 = write void @_ssdm_op_Write.ap_auto.i32P0A, i32 %idx_out, i32 %idx_load"   --->   Operation 54 'write' 'write_ln0' <Predicate = (icmp_ln101)> <Delay = 0.00>
ST_3 : Operation 55 [1/1] (0.00ns)   --->   "%ret_ln0 = ret"   --->   Operation 55 'ret' 'ret_ln0' <Predicate = (icmp_ln101)> <Delay = 0.00>

State 4 <SV = 3> <Delay = 4.69>
ST_4 : Operation 35 [1/1] (0.00ns)   --->   "%idx_load_1 = load i32 %idx" [src/gtsrb_cnn.cpp:103]   --->   Operation 35 'load' 'idx_load_1' <Predicate = true> <Delay = 0.00>
ST_4 : Operation 36 [1/1] (0.00ns)   --->   "%specloopname_ln99 = specloopname void @_ssdm_op_SpecLoopName, void @empty_28" [src/gtsrb_cnn.cpp:99]   --->   Operation 36 'specloopname' 'specloopname_ln99' <Predicate = true> <Delay = 0.00>
ST_4 : Operation 37 [1/1] (0.00ns)   --->   "%bitcast_ln103 = bitcast i32 %m_8_load" [src/gtsrb_cnn.cpp:103]   --->   Operation 37 'bitcast' 'bitcast_ln103' <Predicate = true> <Delay = 0.00>
ST_4 : Operation 38 [1/1] (0.00ns)   --->   "%tmp_s = partselect i8 @_ssdm_op_PartSelect.i8.i32.i32.i32, i32 %bitcast_ln103, i32 23, i32 30" [src/gtsrb_cnn.cpp:103]   --->   Operation 38 'partselect' 'tmp_s' <Predicate = true> <Delay = 0.00>
ST_4 : Operation 39 [1/1] (0.00ns)   --->   "%trunc_ln103_1 = trunc i32 %bitcast_ln103" [src/gtsrb_cnn.cpp:103]   --->   Operation 39 'trunc' 'trunc_ln103_1' <Predicate = true> <Delay = 0.00>
ST_4 : Operation 40 [1/1] (0.00ns) (grouped into LUT with out node and_ln103_1)   --->   "%or_ln103 = or i1 %icmp_ln103_1, i1 %icmp_ln103" [src/gtsrb_cnn.cpp:103]   --->   Operation 40 'or' 'or_ln103' <Predicate = true> <Delay = 0.00> <CoreInst = "LogicGate">   --->   Core 74 'LogicGate' <Latency = 0> <II = 1> <Delay = 0.33> <FuncUnit> <Opcode : 'and' 'or' 'xor'> <InPorts = 2> <OutPorts = 1>
ST_4 : Operation 41 [1/1] (0.85ns)   --->   "%icmp_ln103_2 = icmp_ne  i8 %tmp_s, i8 255" [src/gtsrb_cnn.cpp:103]   --->   Operation 41 'icmp' 'icmp_ln103_2' <Predicate = true> <Delay = 0.85> <CoreInst = "Cmp">   --->   Core 9 'Cmp' <Latency = 0> <II = 1> <Delay = 0.85> <FuncUnit> <Opcode : 'icmp'> <InPorts = 2> <OutPorts = 1>
ST_4 : Operation 42 [1/1] (0.97ns)   --->   "%icmp_ln103_3 = icmp_eq  i23 %trunc_ln103_1, i23 0" [src/gtsrb_cnn.cpp:103]   --->   Operation 42 'icmp' 'icmp_ln103_3' <Predicate = true> <Delay = 0.97> <CoreInst = "Cmp">   --->   Core 9 'Cmp' <Latency = 0> <II = 1> <Delay = 0.97> <FuncUnit> <Opcode : 'icmp'> <InPorts = 2> <OutPorts = 1>
ST_4 : Operation 43 [1/1] (0.00ns) (grouped into LUT with out node and_ln103_1)   --->   "%or_ln103_1 = or i1 %icmp_ln103_3, i1 %icmp_ln103_2" [src/gtsrb_cnn.cpp:103]   --->   Operation 43 'or' 'or_ln103_1' <Predicate = true> <Delay = 0.00> <CoreInst = "LogicGate">   --->   Core 74 'LogicGate' <Latency = 0> <II = 1> <Delay = 0.33> <FuncUnit> <Opcode : 'and' 'or' 'xor'> <InPorts = 2> <OutPorts = 1>
ST_4 : Operation 44 [1/2] (3.34ns)   --->   "%tmp_33 = fcmp_ogt  i32 %v, i32 %m_8_load" [src/gtsrb_cnn.cpp:103]   --->   Operation 44 'fcmp' 'tmp_33' <Predicate = true> <Delay = 3.34> <CoreInst = "FCompare">   --->   Core 19 'FCompare' <Latency = 1> <II = 1> <Delay = 3.34> <FuncUnit> <Opcode : 'fcmp'> <InPorts = 2> <OutPorts = 1>
ST_4 : Operation 45 [1/1] (0.00ns) (grouped into LUT with out node and_ln103_1)   --->   "%and_ln103 = and i1 %tmp_33, i1 %or_ln103" [src/gtsrb_cnn.cpp:103]   --->   Operation 45 'and' 'and_ln103' <Predicate = true> <Delay = 0.00> <CoreInst = "LogicGate">   --->   Core 74 'LogicGate' <Latency = 0> <II = 1> <Delay = 0.33> <FuncUnit> <Opcode : 'and' 'or' 'xor'> <InPorts = 2> <OutPorts = 1>
ST_4 : Operation 46 [1/1] (0.33ns) (out node of the LUT)   --->   "%and_ln103_1 = and i1 %and_ln103, i1 %or_ln103_1" [src/gtsrb_cnn.cpp:103]   --->   Operation 46 'and' 'and_ln103_1' <Predicate = true> <Delay = 0.33> <CoreInst = "LogicGate">   --->   Core 74 'LogicGate' <Latency = 0> <II = 1> <Delay = 0.33> <FuncUnit> <Opcode : 'and' 'or' 'xor'> <InPorts = 2> <OutPorts = 1>
ST_4 : Operation 47 [1/1] (0.00ns)   --->   "%zext_ln103 = zext i6 %i" [src/gtsrb_cnn.cpp:103]   --->   Operation 47 'zext' 'zext_ln103' <Predicate = true> <Delay = 0.00>
ST_4 : Operation 48 [1/1] (0.52ns)   --->   "%idx_4 = select i1 %and_ln103_1, i32 %zext_ln103, i32 %idx_load_1" [src/gtsrb_cnn.cpp:103]   --->   Operation 48 'select' 'idx_4' <Predicate = true> <Delay = 0.52> <CoreInst = "Sel">   --->   Core 73 'Sel' <Latency = 0> <II = 1> <Delay = 0.52> <FuncUnit> <Opcode : 'select'> <InPorts = 3> <OutPorts = 1>
ST_4 : Operation 49 [1/1] (0.52ns)   --->   "%m_23 = select i1 %and_ln103_1, i32 %v, i32 %m_8_load" [src/gtsrb_cnn.cpp:103]   --->   Operation 49 'select' 'm_23' <Predicate = true> <Delay = 0.52> <CoreInst = "Sel">   --->   Core 73 'Sel' <Latency = 0> <II = 1> <Delay = 0.52> <FuncUnit> <Opcode : 'select'> <InPorts = 3> <OutPorts = 1>
ST_4 : Operation 50 [1/1] (0.48ns)   --->   "%store_ln101 = store i32 %m_23, i32 %m_8" [src/gtsrb_cnn.cpp:101]   --->   Operation 50 'store' 'store_ln101' <Predicate = true> <Delay = 0.48>
ST_4 : Operation 51 [1/1] (0.48ns)   --->   "%store_ln101 = store i32 %idx_4, i32 %idx" [src/gtsrb_cnn.cpp:101]   --->   Operation 51 'store' 'store_ln101' <Predicate = true> <Delay = 0.48>
ST_4 : Operation 52 [1/1] (0.00ns)   --->   "%br_ln101 = br void %for.body.i" [src/gtsrb_cnn.cpp:101]   --->   Operation 52 'br' 'br_ln101' <Predicate = true> <Delay = 0.00>


============================================================
+ Verbose Summary: Binding
============================================================
STG Binding: 
---------------- STG Properties BEGIN ----------------
- Is combinational: 0
- Is one-state seq: 0
- Is datapath-only: 0
- Is pipelined: 0
- Is top level: 0
Port [ Return ] is wired: 1; IO mode=ap_ctrl_hs:ce=0
Port [ m]:  wired=1; compound=0; hidden=0; nouse=0; global=0; static=0; extern=0; dir=0; type=0; pingpong=0; private_global=0; IO mode=ap_none:ce=0
Port [ gmem5]:  wired=1; compound=1; hidden=0; nouse=0; global=0; static=0; extern=0; dir=0; type=4; pingpong=0; private_global=0; IO mode=m_axi:ce=0
Port [ sext_ln101]:  wired=1; compound=0; hidden=0; nouse=0; global=0; static=0; extern=0; dir=0; type=0; pingpong=0; private_global=0; IO mode=ap_none:ce=0
Port [ idx_out]:  wired=1; compound=0; hidden=0; nouse=0; global=0; static=0; extern=0; dir=1; type=0; pingpong=0; private_global=0; IO mode=ap_vld:ce=0
---------------- STG Properties END ------------------

---------------- Datapath Model BEGIN ----------------

<LifeTime>
<method=bitvector/>
idx               (alloca           ) [ 01111]
m_8               (alloca           ) [ 01111]
idx_1             (alloca           ) [ 01000]
sext_ln101_read   (read             ) [ 00000]
m_read            (read             ) [ 00000]
sext_ln101_cast   (sext             ) [ 01100]
specinterface_ln0 (specinterface    ) [ 00000]
store_ln0         (store            ) [ 00000]
store_ln0         (store            ) [ 00000]
store_ln0         (store            ) [ 00000]
br_ln0            (br               ) [ 00000]
i                 (load             ) [ 01111]
icmp_ln101        (icmp             ) [ 01110]
br_ln101          (br               ) [ 00000]
add_ln101         (add              ) [ 00000]
store_ln101       (store            ) [ 00000]
specbitsmap_ln0   (specbitsmap      ) [ 00000]
gmem5_addr        (getelementptr    ) [ 00000]
specpipeline_ln0  (specpipeline     ) [ 00000]
empty             (speclooptripcount) [ 00000]
gmem5_addr_read   (read             ) [ 01010]
tmp               (partselect       ) [ 01010]
trunc_ln103       (trunc            ) [ 01010]
m_8_load          (load             ) [ 01001]
v                 (bitcast          ) [ 01001]
icmp_ln103        (icmp             ) [ 01001]
icmp_ln103_1      (icmp             ) [ 01001]
idx_load_1        (load             ) [ 00000]
specloopname_ln99 (specloopname     ) [ 00000]
bitcast_ln103     (bitcast          ) [ 00000]
tmp_s             (partselect       ) [ 00000]
trunc_ln103_1     (trunc            ) [ 00000]
or_ln103          (or               ) [ 00000]
icmp_ln103_2      (icmp             ) [ 00000]
icmp_ln103_3      (icmp             ) [ 00000]
or_ln103_1        (or               ) [ 00000]
tmp_33            (fcmp             ) [ 00000]
and_ln103         (and              ) [ 00000]
and_ln103_1       (and              ) [ 00000]
zext_ln103        (zext             ) [ 00000]
idx_4             (select           ) [ 00000]
m_23              (select           ) [ 00000]
store_ln101       (store            ) [ 00000]
store_ln101       (store            ) [ 00000]
br_ln101          (br               ) [ 00000]
idx_load          (load             ) [ 00000]
write_ln0         (write            ) [ 00000]
ret_ln0           (ret              ) [ 00000]
</LifeTime>

<model>

<comp_list>
<comp id="0" class="1000" name="m">
<pin_list>
<pin id="1" dir="1" index="0" bw="1" slack="0"/>
</pin_list>
<bind>
<StgValue><ssdm name="m"/></StgValue>
</bind>
</comp>

<comp id="2" class="1000" name="gmem5">
<pin_list>
<pin id="3" dir="1" index="0" bw="1" slack="0"/>
</pin_list>
<bind>
<StgValue><ssdm name="gmem5"/></StgValue>
</bind>
</comp>

<comp id="4" class="1000" name="sext_ln101">
<pin_list>
<pin id="5" dir="1" index="0" bw="1" slack="0"/>
</pin_list>
<bind>
<StgValue><ssdm name="sext_ln101"/></StgValue>
</bind>
</comp>

<comp id="6" class="1000" name="idx_out">
<pin_list>
<pin id="7" dir="1" index="0" bw="1" slack="0"/>
</pin_list>
<bind>
<StgValue><ssdm name="idx_out"/></StgValue>
</bind>
</comp>

<comp id="8" class="1001" name="const_8">
<pin_list>
<pin id="9" dir="1" index="0" bw="1" slack="0"/>
</pin_list>
<bind>
<StgValue><ssdm name=""/></StgValue>
</bind>
</comp>

<comp id="10" class="1001" name="const_10">
<pin_list>
<pin id="11" dir="1" index="0" bw="1" slack="0"/>
</pin_list>
<bind>
<StgValue><ssdm name="_ssdm_op_Read.ap_auto.i62"/></StgValue>
</bind>
</comp>

<comp id="12" class="1001" name="const_12">
<pin_list>
<pin id="13" dir="1" index="0" bw="1" slack="0"/>
</pin_list>
<bind>
<StgValue><ssdm name="_ssdm_op_Read.ap_auto.float"/></StgValue>
</bind>
</comp>

<comp id="14" class="1001" name="const_14">
<pin_list>
<pin id="15" dir="1" index="0" bw="1" slack="2147483647"/>
</pin_list>
<bind>
<StgValue><ssdm name="_ssdm_op_SpecInterface"/></StgValue>
</bind>
</comp>

<comp id="16" class="1001" name="const_16">
<pin_list>
<pin id="17" dir="1" index="0" bw="1" slack="2147483647"/>
</pin_list>
<bind>
<StgValue><ssdm name="empty_25"/></StgValue>
</bind>
</comp>

<comp id="18" class="1001" name="const_18">
<pin_list>
<pin id="19" dir="1" index="0" bw="1" slack="0"/>
</pin_list>
<bind>
<StgValue><ssdm name=""/></StgValue>
</bind>
</comp>

<comp id="20" class="1001" name="const_20">
<pin_list>
<pin id="21" dir="1" index="0" bw="1" slack="2147483647"/>
</pin_list>
<bind>
<StgValue><ssdm name="empty_27"/></StgValue>
</bind>
</comp>

<comp id="22" class="1001" name="const_22">
<pin_list>
<pin id="23" dir="1" index="0" bw="1" slack="2147483647"/>
</pin_list>
<bind>
<StgValue><ssdm name=""/></StgValue>
</bind>
</comp>

<comp id="24" class="1001" name="const_24">
<pin_list>
<pin id="25" dir="1" index="0" bw="1" slack="2147483647"/>
</pin_list>
<bind>
<StgValue><ssdm name="empty"/></StgValue>
</bind>
</comp>

<comp id="26" class="1001" name="const_26">
<pin_list>
<pin id="27" dir="1" index="0" bw="1" slack="2147483647"/>
</pin_list>
<bind>
<StgValue><ssdm name="empty_30"/></StgValue>
</bind>
</comp>

<comp id="28" class="1001" name="const_28">
<pin_list>
<pin id="29" dir="1" index="0" bw="1" slack="2147483647"/>
</pin_list>
<bind>
<StgValue><ssdm name=""/></StgValue>
</bind>
</comp>

<comp id="30" class="1001" name="const_30">
<pin_list>
<pin id="31" dir="1" index="0" bw="1" slack="2147483647"/>
</pin_list>
<bind>
<StgValue><ssdm name=""/></StgValue>
</bind>
</comp>

<comp id="32" class="1001" name="const_32">
<pin_list>
<pin id="33" dir="1" index="0" bw="1" slack="0"/>
</pin_list>
<bind>
<StgValue><ssdm name=""/></StgValue>
</bind>
</comp>

<comp id="34" class="1001" name="const_34">
<pin_list>
<pin id="35" dir="1" index="0" bw="1" slack="0"/>
</pin_list>
<bind>
<StgValue><ssdm name=""/></StgValue>
</bind>
</comp>

<comp id="36" class="1001" name="const_36">
<pin_list>
<pin id="37" dir="1" index="0" bw="1" slack="2147483647"/>
</pin_list>
<bind>
<StgValue><ssdm name="_ssdm_op_SpecBitsMap"/></StgValue>
</bind>
</comp>

<comp id="38" class="1001" name="const_38">
<pin_list>
<pin id="39" dir="1" index="0" bw="1" slack="2147483647"/>
</pin_list>
<bind>
<StgValue><ssdm name="_ssdm_op_SpecPipeline"/></StgValue>
</bind>
</comp>

<comp id="40" class="1001" name="const_40">
<pin_list>
<pin id="41" dir="1" index="0" bw="1" slack="2147483647"/>
</pin_list>
<bind>
<StgValue><ssdm name="p_str"/></StgValue>
</bind>
</comp>

<comp id="42" class="1001" name="const_42">
<pin_list>
<pin id="43" dir="1" index="0" bw="1" slack="2147483647"/>
</pin_list>
<bind>
<StgValue><ssdm name="_ssdm_op_SpecLoopTripCount"/></StgValue>
</bind>
</comp>

<comp id="44" class="1001" name="const_44">
<pin_list>
<pin id="45" dir="1" index="0" bw="1" slack="2147483647"/>
</pin_list>
<bind>
<StgValue><ssdm name=""/></StgValue>
</bind>
</comp>

<comp id="46" class="1001" name="const_46">
<pin_list>
<pin id="47" dir="1" index="0" bw="1" slack="0"/>
</pin_list>
<bind>
<StgValue><ssdm name="_ssdm_op_Read.m_axi.p1i32"/></StgValue>
</bind>
</comp>

<comp id="48" class="1001" name="const_48">
<pin_list>
<pin id="49" dir="1" index="0" bw="1" slack="0"/>
</pin_list>
<bind>
<StgValue><ssdm name="_ssdm_op_PartSelect.i8.i32.i32.i32"/></StgValue>
</bind>
</comp>

<comp id="50" class="1001" name="const_50">
<pin_list>
<pin id="51" dir="1" index="0" bw="1" slack="0"/>
</pin_list>
<bind>
<StgValue><ssdm name=""/></StgValue>
</bind>
</comp>

<comp id="52" class="1001" name="const_52">
<pin_list>
<pin id="53" dir="1" index="0" bw="1" slack="0"/>
</pin_list>
<bind>
<StgValue><ssdm name=""/></StgValue>
</bind>
</comp>

<comp id="54" class="1001" name="const_54">
<pin_list>
<pin id="55" dir="1" index="0" bw="1" slack="0"/>
</pin_list>
<bind>
<StgValue><ssdm name=""/></StgValue>
</bind>
</comp>

<comp id="56" class="1001" name="const_56">
<pin_list>
<pin id="57" dir="1" index="0" bw="1" slack="0"/>
</pin_list>
<bind>
<StgValue><ssdm name=""/></StgValue>
</bind>
</comp>

<comp id="58" class="1001" name="const_58">
<pin_list>
<pin id="59" dir="1" index="0" bw="1" slack="2147483647"/>
</pin_list>
<bind>
<StgValue><ssdm name="_ssdm_op_SpecLoopName"/></StgValue>
</bind>
</comp>

<comp id="60" class="1001" name="const_60">
<pin_list>
<pin id="61" dir="1" index="0" bw="1" slack="2147483647"/>
</pin_list>
<bind>
<StgValue><ssdm name="empty_28"/></StgValue>
</bind>
</comp>

<comp id="62" class="1001" name="const_62">
<pin_list>
<pin id="63" dir="1" index="0" bw="1" slack="0"/>
</pin_list>
<bind>
<StgValue><ssdm name="_ssdm_op_Write.ap_auto.i32P0A"/></StgValue>
</bind>
</comp>

<comp id="64" class="1004" name="idx_fu_64">
<pin_list>
<pin id="65" dir="0" index="0" bw="1" slack="0"/>
<pin id="66" dir="1" index="1" bw="32" slack="0"/>
</pin_list>
<bind>
<opcode="alloca(26) " fcode="alloca"/>
<opset="idx/1 "/>
</bind>
</comp>

<comp id="68" class="1004" name="m_8_fu_68">
<pin_list>
<pin id="69" dir="0" index="0" bw="1" slack="0"/>
<pin id="70" dir="1" index="1" bw="32" slack="0"/>
</pin_list>
<bind>
<opcode="alloca(26) " fcode="alloca"/>
<opset="m_8/1 "/>
</bind>
</comp>

<comp id="72" class="1004" name="idx_1_fu_72">
<pin_list>
<pin id="73" dir="0" index="0" bw="1" slack="0"/>
<pin id="74" dir="1" index="1" bw="6" slack="0"/>
</pin_list>
<bind>
<opcode="alloca(26) " fcode="alloca"/>
<opset="idx_1/1 "/>
</bind>
</comp>

<comp id="76" class="1004" name="sext_ln101_read_read_fu_76">
<pin_list>
<pin id="77" dir="0" index="0" bw="62" slack="0"/>
<pin id="78" dir="0" index="1" bw="62" slack="0"/>
<pin id="79" dir="1" index="2" bw="62" slack="0"/>
</pin_list>
<bind>
<opcode="read(1150) " fcode="read"/>
<opset="sext_ln101_read/1 "/>
</bind>
</comp>

<comp id="82" class="1004" name="m_read_read_fu_82">
<pin_list>
<pin id="83" dir="0" index="0" bw="32" slack="0"/>
<pin id="84" dir="0" index="1" bw="32" slack="0"/>
<pin id="85" dir="1" index="2" bw="32" slack="0"/>
</pin_list>
<bind>
<opcode="read(1150) " fcode="read"/>
<opset="m_read/1 "/>
</bind>
</comp>

<comp id="88" class="1004" name="gmem5_addr_read_read_fu_88">
<pin_list>
<pin id="89" dir="0" index="0" bw="32" slack="0"/>
<pin id="90" dir="0" index="1" bw="32" slack="0"/>
<pin id="91" dir="1" index="2" bw="32" slack="0"/>
</pin_list>
<bind>
<opcode="read(1150) " fcode="read"/>
<opset="gmem5_addr_read/2 "/>
</bind>
</comp>

<comp id="93" class="1004" name="write_ln0_write_fu_93">
<pin_list>
<pin id="94" dir="0" index="0" bw="0" slack="0"/>
<pin id="95" dir="0" index="1" bw="32" slack="0"/>
<pin id="96" dir="0" index="2" bw="32" slack="0"/>
<pin id="97" dir="1" index="3" bw="0" slack="2147483647"/>
</pin_list>
<bind>
<opcode="write(1151) " fcode="write"/>
<opset="write_ln0/3 "/>
</bind>
</comp>

<comp id="100" class="1004" name="grp_fu_100">
<pin_list>
<pin id="101" dir="0" index="0" bw="32" slack="0"/>
<pin id="102" dir="0" index="1" bw="32" slack="0"/>
<pin id="103" dir="1" index="2" bw="1" slack="0"/>
</pin_list>
<bind>
<opcode="fcmp(46) " fcode="fcmp"/>
<opset="tmp_33/3 "/>
</bind>
</comp>

<comp id="104" class="1004" name="sext_ln101_cast_fu_104">
<pin_list>
<pin id="105" dir="0" index="0" bw="62" slack="0"/>
<pin id="106" dir="1" index="1" bw="64" slack="1"/>
</pin_list>
<bind>
<opcode="sext(35) " fcode="sext"/>
<opset="sext_ln101_cast/1 "/>
</bind>
</comp>

<comp id="108" class="1004" name="store_ln0_store_fu_108">
<pin_list>
<pin id="109" dir="0" index="0" bw="1" slack="0"/>
<pin id="110" dir="0" index="1" bw="6" slack="0"/>
<pin id="111" dir="1" index="2" bw="0" slack="2147483647"/>
</pin_list>
<bind>
<opcode="store(28) " fcode="store"/>
<opset="store_ln0/1 "/>
</bind>
</comp>

<comp id="113" class="1004" name="store_ln0_store_fu_113">
<pin_list>
<pin id="114" dir="0" index="0" bw="32" slack="0"/>
<pin id="115" dir="0" index="1" bw="32" slack="0"/>
<pin id="116" dir="1" index="2" bw="0" slack="2147483647"/>
</pin_list>
<bind>
<opcode="store(28) " fcode="store"/>
<opset="store_ln0/1 "/>
</bind>
</comp>

<comp id="118" class="1004" name="store_ln0_store_fu_118">
<pin_list>
<pin id="119" dir="0" index="0" bw="1" slack="0"/>
<pin id="120" dir="0" index="1" bw="32" slack="0"/>
<pin id="121" dir="1" index="2" bw="0" slack="2147483647"/>
</pin_list>
<bind>
<opcode="store(28) " fcode="store"/>
<opset="store_ln0/1 "/>
</bind>
</comp>

<comp id="123" class="1004" name="i_load_fu_123">
<pin_list>
<pin id="124" dir="0" index="0" bw="6" slack="0"/>
<pin id="125" dir="1" index="1" bw="6" slack="0"/>
</pin_list>
<bind>
<opcode="load(27) " fcode="load"/>
<opset="i/1 "/>
</bind>
</comp>

<comp id="126" class="1004" name="icmp_ln101_fu_126">
<pin_list>
<pin id="127" dir="0" index="0" bw="6" slack="0"/>
<pin id="128" dir="0" index="1" bw="6" slack="0"/>
<pin id="129" dir="1" index="2" bw="1" slack="1"/>
</pin_list>
<bind>
<opcode="icmp(45) " fcode="icmp"/>
<opset="icmp_ln101/1 "/>
</bind>
</comp>

<comp id="132" class="1004" name="add_ln101_fu_132">
<pin_list>
<pin id="133" dir="0" index="0" bw="6" slack="0"/>
<pin id="134" dir="0" index="1" bw="1" slack="0"/>
<pin id="135" dir="1" index="2" bw="6" slack="0"/>
</pin_list>
<bind>
<opcode="add(8) " fcode="add"/>
<opset="add_ln101/1 "/>
</bind>
</comp>

<comp id="138" class="1004" name="store_ln101_store_fu_138">
<pin_list>
<pin id="139" dir="0" index="0" bw="6" slack="0"/>
<pin id="140" dir="0" index="1" bw="6" slack="0"/>
<pin id="141" dir="1" index="2" bw="0" slack="2147483647"/>
</pin_list>
<bind>
<opcode="store(28) " fcode="store"/>
<opset="store_ln101/1 "/>
</bind>
</comp>

<comp id="143" class="1004" name="gmem5_addr_fu_143">
<pin_list>
<pin id="144" dir="0" index="0" bw="64" slack="0"/>
<pin id="145" dir="0" index="1" bw="64" slack="1"/>
<pin id="146" dir="1" index="2" bw="64" slack="0"/>
</pin_list>
<bind>
<opcode="getelementptr(29) " fcode="getelementptr"/>
<opset="gmem5_addr/2 "/>
</bind>
</comp>

<comp id="149" class="1004" name="tmp_fu_149">
<pin_list>
<pin id="150" dir="0" index="0" bw="8" slack="0"/>
<pin id="151" dir="0" index="1" bw="32" slack="0"/>
<pin id="152" dir="0" index="2" bw="6" slack="0"/>
<pin id="153" dir="0" index="3" bw="6" slack="0"/>
<pin id="154" dir="1" index="4" bw="8" slack="1"/>
</pin_list>
<bind>
<opcode="partselect(1002) " fcode="partselect"/>
<opset="tmp/2 "/>
</bind>
</comp>

<comp id="159" class="1004" name="trunc_ln103_fu_159">
<pin_list>
<pin id="160" dir="0" index="0" bw="32" slack="0"/>
<pin id="161" dir="1" index="1" bw="23" slack="1"/>
</pin_list>
<bind>
<opcode="trunc(33) " fcode="trunc"/>
<opset="trunc_ln103/2 "/>
</bind>
</comp>

<comp id="163" class="1004" name="m_8_load_load_fu_163">
<pin_list>
<pin id="164" dir="0" index="0" bw="32" slack="2"/>
<pin id="165" dir="1" index="1" bw="32" slack="0"/>
</pin_list>
<bind>
<opcode="load(27) " fcode="load"/>
<opset="m_8_load/3 "/>
</bind>
</comp>

<comp id="167" class="1004" name="v_fu_167">
<pin_list>
<pin id="168" dir="0" index="0" bw="32" slack="1"/>
<pin id="169" dir="1" index="1" bw="32" slack="0"/>
</pin_list>
<bind>
<opcode="bitcast(44) " fcode="bitcast"/>
<opset="v/3 "/>
</bind>
</comp>

<comp id="171" class="1004" name="icmp_ln103_fu_171">
<pin_list>
<pin id="172" dir="0" index="0" bw="8" slack="1"/>
<pin id="173" dir="0" index="1" bw="8" slack="0"/>
<pin id="174" dir="1" index="2" bw="1" slack="1"/>
</pin_list>
<bind>
<opcode="icmp(45) " fcode="icmp"/>
<opset="icmp_ln103/3 "/>
</bind>
</comp>

<comp id="176" class="1004" name="icmp_ln103_1_fu_176">
<pin_list>
<pin id="177" dir="0" index="0" bw="23" slack="1"/>
<pin id="178" dir="0" index="1" bw="23" slack="0"/>
<pin id="179" dir="1" index="2" bw="1" slack="1"/>
</pin_list>
<bind>
<opcode="icmp(45) " fcode="icmp"/>
<opset="icmp_ln103_1/3 "/>
</bind>
</comp>

<comp id="181" class="1004" name="idx_load_1_load_fu_181">
<pin_list>
<pin id="182" dir="0" index="0" bw="32" slack="3"/>
<pin id="183" dir="1" index="1" bw="32" slack="0"/>
</pin_list>
<bind>
<opcode="load(27) " fcode="load"/>
<opset="idx_load_1/4 "/>
</bind>
</comp>

<comp id="184" class="1004" name="bitcast_ln103_fu_184">
<pin_list>
<pin id="185" dir="0" index="0" bw="32" slack="1"/>
<pin id="186" dir="1" index="1" bw="32" slack="0"/>
</pin_list>
<bind>
<opcode="bitcast(44) " fcode="bitcast"/>
<opset="bitcast_ln103/4 "/>
</bind>
</comp>

<comp id="187" class="1004" name="tmp_s_fu_187">
<pin_list>
<pin id="188" dir="0" index="0" bw="8" slack="0"/>
<pin id="189" dir="0" index="1" bw="32" slack="0"/>
<pin id="190" dir="0" index="2" bw="6" slack="0"/>
<pin id="191" dir="0" index="3" bw="6" slack="0"/>
<pin id="192" dir="1" index="4" bw="8" slack="0"/>
</pin_list>
<bind>
<opcode="partselect(1002) " fcode="partselect"/>
<opset="tmp_s/4 "/>
</bind>
</comp>

<comp id="197" class="1004" name="trunc_ln103_1_fu_197">
<pin_list>
<pin id="198" dir="0" index="0" bw="32" slack="0"/>
<pin id="199" dir="1" index="1" bw="23" slack="0"/>
</pin_list>
<bind>
<opcode="trunc(33) " fcode="trunc"/>
<opset="trunc_ln103_1/4 "/>
</bind>
</comp>

<comp id="201" class="1004" name="or_ln103_fu_201">
<pin_list>
<pin id="202" dir="0" index="0" bw="1" slack="1"/>
<pin id="203" dir="0" index="1" bw="1" slack="1"/>
<pin id="204" dir="1" index="2" bw="1" slack="0"/>
</pin_list>
<bind>
<opcode="or(24) " fcode="or"/>
<opset="or_ln103/4 "/>
</bind>
</comp>

<comp id="205" class="1004" name="icmp_ln103_2_fu_205">
<pin_list>
<pin id="206" dir="0" index="0" bw="8" slack="0"/>
<pin id="207" dir="0" index="1" bw="8" slack="0"/>
<pin id="208" dir="1" index="2" bw="1" slack="0"/>
</pin_list>
<bind>
<opcode="icmp(45) " fcode="icmp"/>
<opset="icmp_ln103_2/4 "/>
</bind>
</comp>

<comp id="211" class="1004" name="icmp_ln103_3_fu_211">
<pin_list>
<pin id="212" dir="0" index="0" bw="23" slack="0"/>
<pin id="213" dir="0" index="1" bw="23" slack="0"/>
<pin id="214" dir="1" index="2" bw="1" slack="0"/>
</pin_list>
<bind>
<opcode="icmp(45) " fcode="icmp"/>
<opset="icmp_ln103_3/4 "/>
</bind>
</comp>

<comp id="217" class="1004" name="or_ln103_1_fu_217">
<pin_list>
<pin id="218" dir="0" index="0" bw="1" slack="0"/>
<pin id="219" dir="0" index="1" bw="1" slack="0"/>
<pin id="220" dir="1" index="2" bw="1" slack="0"/>
</pin_list>
<bind>
<opcode="or(24) " fcode="or"/>
<opset="or_ln103_1/4 "/>
</bind>
</comp>

<comp id="223" class="1004" name="and_ln103_fu_223">
<pin_list>
<pin id="224" dir="0" index="0" bw="1" slack="0"/>
<pin id="225" dir="0" index="1" bw="1" slack="0"/>
<pin id="226" dir="1" index="2" bw="1" slack="0"/>
</pin_list>
<bind>
<opcode="and(23) " fcode="and"/>
<opset="and_ln103/4 "/>
</bind>
</comp>

<comp id="229" class="1004" name="and_ln103_1_fu_229">
<pin_list>
<pin id="230" dir="0" index="0" bw="1" slack="0"/>
<pin id="231" dir="0" index="1" bw="1" slack="0"/>
<pin id="232" dir="1" index="2" bw="1" slack="0"/>
</pin_list>
<bind>
<opcode="and(23) " fcode="and"/>
<opset="and_ln103_1/4 "/>
</bind>
</comp>

<comp id="235" class="1004" name="zext_ln103_fu_235">
<pin_list>
<pin id="236" dir="0" index="0" bw="6" slack="3"/>
<pin id="237" dir="1" index="1" bw="32" slack="0"/>
</pin_list>
<bind>
<opcode="zext(34) " fcode="zext"/>
<opset="zext_ln103/4 "/>
</bind>
</comp>

<comp id="238" class="1004" name="idx_4_fu_238">
<pin_list>
<pin id="239" dir="0" index="0" bw="1" slack="0"/>
<pin id="240" dir="0" index="1" bw="32" slack="0"/>
<pin id="241" dir="0" index="2" bw="32" slack="0"/>
<pin id="242" dir="1" index="3" bw="32" slack="0"/>
</pin_list>
<bind>
<opcode="select(49) " fcode="select"/>
<opset="idx_4/4 "/>
</bind>
</comp>

<comp id="246" class="1004" name="m_23_fu_246">
<pin_list>
<pin id="247" dir="0" index="0" bw="1" slack="0"/>
<pin id="248" dir="0" index="1" bw="32" slack="1"/>
<pin id="249" dir="0" index="2" bw="32" slack="1"/>
<pin id="250" dir="1" index="3" bw="32" slack="0"/>
</pin_list>
<bind>
<opcode="select(49) " fcode="select"/>
<opset="m_23/4 "/>
</bind>
</comp>

<comp id="252" class="1004" name="store_ln101_store_fu_252">
<pin_list>
<pin id="253" dir="0" index="0" bw="32" slack="0"/>
<pin id="254" dir="0" index="1" bw="32" slack="3"/>
<pin id="255" dir="1" index="2" bw="0" slack="2147483647"/>
</pin_list>
<bind>
<opcode="store(28) " fcode="store"/>
<opset="store_ln101/4 "/>
</bind>
</comp>

<comp id="257" class="1004" name="store_ln101_store_fu_257">
<pin_list>
<pin id="258" dir="0" index="0" bw="32" slack="0"/>
<pin id="259" dir="0" index="1" bw="32" slack="3"/>
<pin id="260" dir="1" index="2" bw="0" slack="2147483647"/>
</pin_list>
<bind>
<opcode="store(28) " fcode="store"/>
<opset="store_ln101/4 "/>
</bind>
</comp>

<comp id="262" class="1004" name="idx_load_load_fu_262">
<pin_list>
<pin id="263" dir="0" index="0" bw="32" slack="2"/>
<pin id="264" dir="1" index="1" bw="32" slack="0"/>
</pin_list>
<bind>
<opcode="load(27) " fcode="load"/>
<opset="idx_load/3 "/>
</bind>
</comp>

<comp id="266" class="1005" name="idx_reg_266">
<pin_list>
<pin id="267" dir="0" index="0" bw="32" slack="0"/>
<pin id="268" dir="1" index="1" bw="32" slack="0"/>
</pin_list>
<bind>
<opset="idx "/>
</bind>
</comp>

<comp id="274" class="1005" name="m_8_reg_274">
<pin_list>
<pin id="275" dir="0" index="0" bw="32" slack="0"/>
<pin id="276" dir="1" index="1" bw="32" slack="0"/>
</pin_list>
<bind>
<opset="m_8 "/>
</bind>
</comp>

<comp id="281" class="1005" name="idx_1_reg_281">
<pin_list>
<pin id="282" dir="0" index="0" bw="6" slack="0"/>
<pin id="283" dir="1" index="1" bw="6" slack="0"/>
</pin_list>
<bind>
<opset="idx_1 "/>
</bind>
</comp>

<comp id="288" class="1005" name="sext_ln101_cast_reg_288">
<pin_list>
<pin id="289" dir="0" index="0" bw="64" slack="1"/>
<pin id="290" dir="1" index="1" bw="64" slack="1"/>
</pin_list>
<bind>
<opset="sext_ln101_cast "/>
</bind>
</comp>

<comp id="293" class="1005" name="i_reg_293">
<pin_list>
<pin id="294" dir="0" index="0" bw="6" slack="3"/>
<pin id="295" dir="1" index="1" bw="6" slack="3"/>
</pin_list>
<bind>
<opset="i "/>
</bind>
</comp>

<comp id="298" class="1005" name="icmp_ln101_reg_298">
<pin_list>
<pin id="299" dir="0" index="0" bw="1" slack="1"/>
<pin id="300" dir="1" index="1" bw="1" slack="2147483647"/>
</pin_list>
<bind>
<opset="icmp_ln101 "/>
</bind>
</comp>

<comp id="302" class="1005" name="gmem5_addr_read_reg_302">
<pin_list>
<pin id="303" dir="0" index="0" bw="32" slack="1"/>
<pin id="304" dir="1" index="1" bw="32" slack="1"/>
</pin_list>
<bind>
<opset="gmem5_addr_read "/>
</bind>
</comp>

<comp id="307" class="1005" name="tmp_reg_307">
<pin_list>
<pin id="308" dir="0" index="0" bw="8" slack="1"/>
<pin id="309" dir="1" index="1" bw="8" slack="1"/>
</pin_list>
<bind>
<opset="tmp "/>
</bind>
</comp>

<comp id="312" class="1005" name="trunc_ln103_reg_312">
<pin_list>
<pin id="313" dir="0" index="0" bw="23" slack="1"/>
<pin id="314" dir="1" index="1" bw="23" slack="1"/>
</pin_list>
<bind>
<opset="trunc_ln103 "/>
</bind>
</comp>

<comp id="317" class="1005" name="m_8_load_reg_317">
<pin_list>
<pin id="318" dir="0" index="0" bw="32" slack="1"/>
<pin id="319" dir="1" index="1" bw="32" slack="1"/>
</pin_list>
<bind>
<opset="m_8_load "/>
</bind>
</comp>

<comp id="324" class="1005" name="v_reg_324">
<pin_list>
<pin id="325" dir="0" index="0" bw="32" slack="1"/>
<pin id="326" dir="1" index="1" bw="32" slack="1"/>
</pin_list>
<bind>
<opset="v "/>
</bind>
</comp>

<comp id="330" class="1005" name="icmp_ln103_reg_330">
<pin_list>
<pin id="331" dir="0" index="0" bw="1" slack="1"/>
<pin id="332" dir="1" index="1" bw="1" slack="1"/>
</pin_list>
<bind>
<opset="icmp_ln103 "/>
</bind>
</comp>

<comp id="335" class="1005" name="icmp_ln103_1_reg_335">
<pin_list>
<pin id="336" dir="0" index="0" bw="1" slack="1"/>
<pin id="337" dir="1" index="1" bw="1" slack="1"/>
</pin_list>
<bind>
<opset="icmp_ln103_1 "/>
</bind>
</comp>

</comp_list>

<net_list>
<net id="67"><net_src comp="8" pin="0"/><net_sink comp="64" pin=0"/></net>

<net id="71"><net_src comp="8" pin="0"/><net_sink comp="68" pin=0"/></net>

<net id="75"><net_src comp="8" pin="0"/><net_sink comp="72" pin=0"/></net>

<net id="80"><net_src comp="10" pin="0"/><net_sink comp="76" pin=0"/></net>

<net id="81"><net_src comp="4" pin="0"/><net_sink comp="76" pin=1"/></net>

<net id="86"><net_src comp="12" pin="0"/><net_sink comp="82" pin=0"/></net>

<net id="87"><net_src comp="0" pin="0"/><net_sink comp="82" pin=1"/></net>

<net id="92"><net_src comp="46" pin="0"/><net_sink comp="88" pin=0"/></net>

<net id="98"><net_src comp="62" pin="0"/><net_sink comp="93" pin=0"/></net>

<net id="99"><net_src comp="6" pin="0"/><net_sink comp="93" pin=1"/></net>

<net id="107"><net_src comp="76" pin="2"/><net_sink comp="104" pin=0"/></net>

<net id="112"><net_src comp="32" pin="0"/><net_sink comp="108" pin=0"/></net>

<net id="117"><net_src comp="82" pin="2"/><net_sink comp="113" pin=0"/></net>

<net id="122"><net_src comp="18" pin="0"/><net_sink comp="118" pin=0"/></net>

<net id="130"><net_src comp="123" pin="1"/><net_sink comp="126" pin=0"/></net>

<net id="131"><net_src comp="34" pin="0"/><net_sink comp="126" pin=1"/></net>

<net id="136"><net_src comp="123" pin="1"/><net_sink comp="132" pin=0"/></net>

<net id="137"><net_src comp="32" pin="0"/><net_sink comp="132" pin=1"/></net>

<net id="142"><net_src comp="132" pin="2"/><net_sink comp="138" pin=0"/></net>

<net id="147"><net_src comp="2" pin="0"/><net_sink comp="143" pin=0"/></net>

<net id="148"><net_src comp="143" pin="2"/><net_sink comp="88" pin=1"/></net>

<net id="155"><net_src comp="48" pin="0"/><net_sink comp="149" pin=0"/></net>

<net id="156"><net_src comp="88" pin="2"/><net_sink comp="149" pin=1"/></net>

<net id="157"><net_src comp="50" pin="0"/><net_sink comp="149" pin=2"/></net>

<net id="158"><net_src comp="52" pin="0"/><net_sink comp="149" pin=3"/></net>

<net id="162"><net_src comp="88" pin="2"/><net_sink comp="159" pin=0"/></net>

<net id="166"><net_src comp="163" pin="1"/><net_sink comp="100" pin=1"/></net>

<net id="170"><net_src comp="167" pin="1"/><net_sink comp="100" pin=0"/></net>

<net id="175"><net_src comp="54" pin="0"/><net_sink comp="171" pin=1"/></net>

<net id="180"><net_src comp="56" pin="0"/><net_sink comp="176" pin=1"/></net>

<net id="193"><net_src comp="48" pin="0"/><net_sink comp="187" pin=0"/></net>

<net id="194"><net_src comp="184" pin="1"/><net_sink comp="187" pin=1"/></net>

<net id="195"><net_src comp="50" pin="0"/><net_sink comp="187" pin=2"/></net>

<net id="196"><net_src comp="52" pin="0"/><net_sink comp="187" pin=3"/></net>

<net id="200"><net_src comp="184" pin="1"/><net_sink comp="197" pin=0"/></net>

<net id="209"><net_src comp="187" pin="4"/><net_sink comp="205" pin=0"/></net>

<net id="210"><net_src comp="54" pin="0"/><net_sink comp="205" pin=1"/></net>

<net id="215"><net_src comp="197" pin="1"/><net_sink comp="211" pin=0"/></net>

<net id="216"><net_src comp="56" pin="0"/><net_sink comp="211" pin=1"/></net>

<net id="221"><net_src comp="211" pin="2"/><net_sink comp="217" pin=0"/></net>

<net id="222"><net_src comp="205" pin="2"/><net_sink comp="217" pin=1"/></net>

<net id="227"><net_src comp="100" pin="2"/><net_sink comp="223" pin=0"/></net>

<net id="228"><net_src comp="201" pin="2"/><net_sink comp="223" pin=1"/></net>

<net id="233"><net_src comp="223" pin="2"/><net_sink comp="229" pin=0"/></net>

<net id="234"><net_src comp="217" pin="2"/><net_sink comp="229" pin=1"/></net>

<net id="243"><net_src comp="229" pin="2"/><net_sink comp="238" pin=0"/></net>

<net id="244"><net_src comp="235" pin="1"/><net_sink comp="238" pin=1"/></net>

<net id="245"><net_src comp="181" pin="1"/><net_sink comp="238" pin=2"/></net>

<net id="251"><net_src comp="229" pin="2"/><net_sink comp="246" pin=0"/></net>

<net id="256"><net_src comp="246" pin="3"/><net_sink comp="252" pin=0"/></net>

<net id="261"><net_src comp="238" pin="3"/><net_sink comp="257" pin=0"/></net>

<net id="265"><net_src comp="262" pin="1"/><net_sink comp="93" pin=2"/></net>

<net id="269"><net_src comp="64" pin="1"/><net_sink comp="266" pin=0"/></net>

<net id="270"><net_src comp="266" pin="1"/><net_sink comp="118" pin=1"/></net>

<net id="271"><net_src comp="266" pin="1"/><net_sink comp="181" pin=0"/></net>

<net id="272"><net_src comp="266" pin="1"/><net_sink comp="257" pin=1"/></net>

<net id="273"><net_src comp="266" pin="1"/><net_sink comp="262" pin=0"/></net>

<net id="277"><net_src comp="68" pin="1"/><net_sink comp="274" pin=0"/></net>

<net id="278"><net_src comp="274" pin="1"/><net_sink comp="113" pin=1"/></net>

<net id="279"><net_src comp="274" pin="1"/><net_sink comp="163" pin=0"/></net>

<net id="280"><net_src comp="274" pin="1"/><net_sink comp="252" pin=1"/></net>

<net id="284"><net_src comp="72" pin="1"/><net_sink comp="281" pin=0"/></net>

<net id="285"><net_src comp="281" pin="1"/><net_sink comp="108" pin=1"/></net>

<net id="286"><net_src comp="281" pin="1"/><net_sink comp="123" pin=0"/></net>

<net id="287"><net_src comp="281" pin="1"/><net_sink comp="138" pin=1"/></net>

<net id="291"><net_src comp="104" pin="1"/><net_sink comp="288" pin=0"/></net>

<net id="292"><net_src comp="288" pin="1"/><net_sink comp="143" pin=1"/></net>

<net id="296"><net_src comp="123" pin="1"/><net_sink comp="293" pin=0"/></net>

<net id="297"><net_src comp="293" pin="1"/><net_sink comp="235" pin=0"/></net>

<net id="301"><net_src comp="126" pin="2"/><net_sink comp="298" pin=0"/></net>

<net id="305"><net_src comp="88" pin="2"/><net_sink comp="302" pin=0"/></net>

<net id="306"><net_src comp="302" pin="1"/><net_sink comp="167" pin=0"/></net>

<net id="310"><net_src comp="149" pin="4"/><net_sink comp="307" pin=0"/></net>

<net id="311"><net_src comp="307" pin="1"/><net_sink comp="171" pin=0"/></net>

<net id="315"><net_src comp="159" pin="1"/><net_sink comp="312" pin=0"/></net>

<net id="316"><net_src comp="312" pin="1"/><net_sink comp="176" pin=0"/></net>

<net id="320"><net_src comp="163" pin="1"/><net_sink comp="317" pin=0"/></net>

<net id="321"><net_src comp="317" pin="1"/><net_sink comp="184" pin=0"/></net>

<net id="322"><net_src comp="317" pin="1"/><net_sink comp="100" pin=1"/></net>

<net id="323"><net_src comp="317" pin="1"/><net_sink comp="246" pin=2"/></net>

<net id="327"><net_src comp="167" pin="1"/><net_sink comp="324" pin=0"/></net>

<net id="328"><net_src comp="324" pin="1"/><net_sink comp="100" pin=0"/></net>

<net id="329"><net_src comp="324" pin="1"/><net_sink comp="246" pin=1"/></net>

<net id="333"><net_src comp="171" pin="2"/><net_sink comp="330" pin=0"/></net>

<net id="334"><net_src comp="330" pin="1"/><net_sink comp="201" pin=1"/></net>

<net id="338"><net_src comp="176" pin="2"/><net_sink comp="335" pin=0"/></net>

<net id="339"><net_src comp="335" pin="1"/><net_sink comp="201" pin=0"/></net>

</net_list>

</model> 
---------------- Datapath Model END ------------------

* FSMD analyzer results:
  - Output states:
	Port: gmem5 | {}
	Port: idx_out | {3 }
 - Input state : 
	Port: gtsrb_cnn_Pipeline_VITIS_LOOP_101_1 : m | {1 }
	Port: gtsrb_cnn_Pipeline_VITIS_LOOP_101_1 : gmem5 | {2 }
	Port: gtsrb_cnn_Pipeline_VITIS_LOOP_101_1 : sext_ln101 | {1 }
  - Chain level:
	State 1
		store_ln0 : 1
		store_ln0 : 1
		i : 1
		icmp_ln101 : 2
		br_ln101 : 3
		add_ln101 : 2
		store_ln101 : 3
	State 2
		gmem5_addr_read : 1
		tmp : 1
		trunc_ln103 : 1
	State 3
		tmp_33 : 1
		write_ln0 : 1
	State 4
		tmp_s : 1
		trunc_ln103_1 : 1
		icmp_ln103_2 : 2
		icmp_ln103_3 : 2
		or_ln103_1 : 3
		and_ln103 : 1
		and_ln103_1 : 3
		idx_4 : 3
		m_23 : 3
		store_ln101 : 4
		store_ln101 : 4


============================================================
+ Verbose Summary: Datapath Resource usage 
============================================================

* Functional unit list:
|----------|----------------------------|---------|---------|
| Operation|       Functional Unit      |    FF   |   LUT   |
|----------|----------------------------|---------|---------|
|          |      icmp_ln101_fu_126     |    0    |    10   |
|          |      icmp_ln103_fu_171     |    0    |    11   |
|   icmp   |     icmp_ln103_1_fu_176    |    0    |    16   |
|          |     icmp_ln103_2_fu_205    |    0    |    11   |
|          |     icmp_ln103_3_fu_211    |    0    |    16   |
|----------|----------------------------|---------|---------|
|  select  |        idx_4_fu_238        |    0    |    32   |
|          |         m_23_fu_246        |    0    |    32   |
|----------|----------------------------|---------|---------|
|    add   |      add_ln101_fu_132      |    0    |    13   |
|----------|----------------------------|---------|---------|
|    or    |       or_ln103_fu_201      |    0    |    2    |
|          |      or_ln103_1_fu_217     |    0    |    2    |
|----------|----------------------------|---------|---------|
|    and   |      and_ln103_fu_223      |    0    |    2    |
|          |     and_ln103_1_fu_229     |    0    |    2    |
|----------|----------------------------|---------|---------|
|          | sext_ln101_read_read_fu_76 |    0    |    0    |
|   read   |      m_read_read_fu_82     |    0    |    0    |
|          | gmem5_addr_read_read_fu_88 |    0    |    0    |
|----------|----------------------------|---------|---------|
|   write  |    write_ln0_write_fu_93   |    0    |    0    |
|----------|----------------------------|---------|---------|
|   fcmp   |         grp_fu_100         |    0    |    0    |
|----------|----------------------------|---------|---------|
|   sext   |   sext_ln101_cast_fu_104   |    0    |    0    |
|----------|----------------------------|---------|---------|
|partselect|         tmp_fu_149         |    0    |    0    |
|          |        tmp_s_fu_187        |    0    |    0    |
|----------|----------------------------|---------|---------|
|   trunc  |     trunc_ln103_fu_159     |    0    |    0    |
|          |    trunc_ln103_1_fu_197    |    0    |    0    |
|----------|----------------------------|---------|---------|
|   zext   |      zext_ln103_fu_235     |    0    |    0    |
|----------|----------------------------|---------|---------|
|   Total  |                            |    0    |   149   |
|----------|----------------------------|---------|---------|

Memories:
N/A

* Register list:
+-----------------------+--------+
|                       |   FF   |
+-----------------------+--------+
|gmem5_addr_read_reg_302|   32   |
|       i_reg_293       |    6   |
|   icmp_ln101_reg_298  |    1   |
|  icmp_ln103_1_reg_335 |    1   |
|   icmp_ln103_reg_330  |    1   |
|     idx_1_reg_281     |    6   |
|      idx_reg_266      |   32   |
|    m_8_load_reg_317   |   32   |
|      m_8_reg_274      |   32   |
|sext_ln101_cast_reg_288|   64   |
|      tmp_reg_307      |    8   |
|  trunc_ln103_reg_312  |   23   |
|       v_reg_324       |   32   |
+-----------------------+--------+
|         Total         |   270  |
+-----------------------+--------+

* Multiplexer (MUX) list: 
|------------|------|------|------|--------||---------||---------|
|    Comp    |  Pin | Size |  BW  | S x BW ||  Delay  ||   LUT   |
|------------|------|------|------|--------||---------||---------|
| grp_fu_100 |  p0  |   2  |  32  |   64   ||    9    |
| grp_fu_100 |  p1  |   2  |  32  |   64   ||    9    |
|------------|------|------|------|--------||---------||---------|
|    Total   |      |      |      |   128  ||  0.978  ||    18   |
|------------|------|------|------|--------||---------||---------|



* Summary:
+-----------+--------+--------+--------+
|           |  Delay |   FF   |   LUT  |
+-----------+--------+--------+--------+
|  Function |    -   |    0   |   149  |
|   Memory  |    -   |    -   |    -   |
|Multiplexer|    0   |    -   |   18   |
|  Register |    -   |   270  |    -   |
+-----------+--------+--------+--------+
|   Total   |    0   |   270  |   167  |
+-----------+--------+--------+--------+
