

================================================================
== Vitis HLS Report for 'linear_2'
================================================================
* Date:           Sat Sep 13 23:17:13 2025

* Version:        2022.2 (Build 3670227 on Oct 13 2022)
* Project:        CNN_GTSRB
* Solution:       solution1 (Vivado IP Flow Target)
* Product family: zynquplus
* Target device:  xczu5eg-sfvc784-1-e


================================================================
== Performance Estimates
================================================================
+ Timing: 
    * Summary: 
    +--------+----------+----------+------------+
    |  Clock |  Target  | Estimated| Uncertainty|
    +--------+----------+----------+------------+
    |ap_clk  |  10.00 ns|  7.300 ns|     2.70 ns|
    +--------+----------+----------+------------+

+ Latency: 
    * Summary: 
    +---------+---------+-----------+-----------+------+------+---------+
    |  Latency (cycles) |   Latency (absolute)  |   Interval  | Pipeline|
    |   min   |   max   |    min    |    max    |  min |  max |   Type  |
    +---------+---------+-----------+-----------+------+------+---------+
    |     3141|     3141|  31.410 us|  31.410 us|  3141|  3141|       no|
    +---------+---------+-----------+-----------+------+------+---------+

    + Detail: 
        * Instance: 
        +---------------------------------------------+-----------------------------------+---------+---------+-----------+-----------+------+------+---------+
        |                                             |                                   |  Latency (cycles) |   Latency (absolute)  |   Interval  | Pipeline|
        |                   Instance                  |               Module              |   min   |   max   |    min    |    max    |  min |  max |   Type  |
        +---------------------------------------------+-----------------------------------+---------+---------+-----------+-----------+------+------+---------+
        |grp_linear_2_Pipeline_VITIS_LOOP_83_1_fu_84  |linear_2_Pipeline_VITIS_LOOP_83_1  |     3134|     3134|  31.340 us|  31.340 us|  3134|  3134|       no|
        +---------------------------------------------+-----------------------------------+---------+---------+-----------+-----------+------+------+---------+

        * Loop: 
        N/A

============================================================
+ Verbose Summary: Synthesis Manager
============================================================
InlineROM: 1
ExposeGlobal: 0
============================================================
+ Verbose Summary: CDFG Model
============================================================
IsTopModel: 0
ResetActiveHigh: 1
IsCombinational: 0
IsDatapathOnly: 0
HasWiredReturn: 1
HasMFsm: 0
HasVarLatency: 1
IsPipeline: 0
IsRtlPipelined: 0
IsInstanceOverlapped: 0
IsDontTouch: 0
HasImplIP: 0
IsGatedGlobalClock: 0


============================================================
+ Verbose Summary: Schedule
============================================================
* Number of FSM states : 8
* Pipeline : 0
* Dataflow Pipeline: 0

* FSM state transitions: 
1 --> 2 
2 --> 3 
3 --> 4 
4 --> 5 
5 --> 6 
6 --> 7 
7 --> 8 
8 --> 

* FSM state operations: 

State 1 <SV = 0> <Delay = 7.30>
ST_1 : Operation 9 [1/1] (0.00ns)   --->   "%vout_read = read i64 @_ssdm_op_Read.ap_auto.i64, i64 %vout" [src/gtsrb_cnn.cpp:83]   --->   Operation 9 'read' 'vout_read' <Predicate = true> <Delay = 0.00>
ST_1 : Operation 10 [1/1] (0.00ns)   --->   "%trunc_ln83_1 = partselect i62 @_ssdm_op_PartSelect.i62.i64.i32.i32, i64 %vout_read, i32 2, i32 63" [src/gtsrb_cnn.cpp:83]   --->   Operation 10 'partselect' 'trunc_ln83_1' <Predicate = true> <Delay = 0.00>
ST_1 : Operation 11 [1/1] (0.00ns)   --->   "%sext_ln83 = sext i62 %trunc_ln83_1" [src/gtsrb_cnn.cpp:83]   --->   Operation 11 'sext' 'sext_ln83' <Predicate = true> <Delay = 0.00>
ST_1 : Operation 12 [1/1] (0.00ns)   --->   "%gmem5_addr = getelementptr i32 %gmem5, i64 %sext_ln83" [src/gtsrb_cnn.cpp:83]   --->   Operation 12 'getelementptr' 'gmem5_addr' <Predicate = true> <Delay = 0.00>
ST_1 : Operation 13 [1/1] (7.30ns)   --->   "%empty = writereq i1 @_ssdm_op_WriteReq.m_axi.p1i32, i32 %gmem5_addr, i32 43" [src/gtsrb_cnn.cpp:83]   --->   Operation 13 'writereq' 'empty' <Predicate = true> <Delay = 7.30> <CoreInst = "m_axi">   --->   Core 121 'm_axi' <Latency = 0> <II = 1> <Delay = 1.00> <Adapter> <Opcode : 'read' 'write' 'readreq' 'writereq' 'writeresp'>

State 2 <SV = 1> <Delay = 1.44>
ST_2 : Operation 14 [1/1] (0.00ns)   --->   "%b_read = read i64 @_ssdm_op_Read.ap_auto.i64, i64 %b" [src/gtsrb_cnn.cpp:83]   --->   Operation 14 'read' 'b_read' <Predicate = true> <Delay = 0.00>
ST_2 : Operation 15 [1/1] (0.00ns)   --->   "%W_read = read i64 @_ssdm_op_Read.ap_auto.i64, i64 %W" [src/gtsrb_cnn.cpp:83]   --->   Operation 15 'read' 'W_read' <Predicate = true> <Delay = 0.00>
ST_2 : Operation 16 [1/1] (0.00ns)   --->   "%trunc_ln = partselect i62 @_ssdm_op_PartSelect.i62.i64.i32.i32, i64 %b_read, i32 2, i32 63" [src/gtsrb_cnn.cpp:83]   --->   Operation 16 'partselect' 'trunc_ln' <Predicate = true> <Delay = 0.00>
ST_2 : Operation 17 [2/2] (1.44ns)   --->   "%call_ln83 = call void @linear.2_Pipeline_VITIS_LOOP_83_1, i32 %gmem5, i62 %trunc_ln83_1, i62 %trunc_ln, i32 %gmem4, i64 %W_read, i32 %fc1_out" [src/gtsrb_cnn.cpp:83]   --->   Operation 17 'call' 'call_ln83' <Predicate = true> <Delay = 1.44> <CoreType = "Generic">   --->   Core 0 '' <Latency = 0> <II = 1> <Delay = 1.00> <Generic> <Opcode : >

State 3 <SV = 2> <Delay = 0.00>
ST_3 : Operation 18 [1/2] (0.00ns)   --->   "%call_ln83 = call void @linear.2_Pipeline_VITIS_LOOP_83_1, i32 %gmem5, i62 %trunc_ln83_1, i62 %trunc_ln, i32 %gmem4, i64 %W_read, i32 %fc1_out" [src/gtsrb_cnn.cpp:83]   --->   Operation 18 'call' 'call_ln83' <Predicate = true> <Delay = 0.00> <CoreType = "Generic">   --->   Core 0 '' <Latency = 0> <II = 1> <Delay = 1.00> <Generic> <Opcode : >

State 4 <SV = 3> <Delay = 7.30>
ST_4 : Operation 19 [5/5] (7.30ns)   --->   "%empty_48 = writeresp i1 @_ssdm_op_WriteResp.m_axi.p1i32, i32 %gmem5_addr" [src/gtsrb_cnn.cpp:92]   --->   Operation 19 'writeresp' 'empty_48' <Predicate = true> <Delay = 7.30> <CoreInst = "m_axi">   --->   Core 121 'm_axi' <Latency = 0> <II = 1> <Delay = 1.00> <Adapter> <Opcode : 'read' 'write' 'readreq' 'writereq' 'writeresp'>

State 5 <SV = 4> <Delay = 7.30>
ST_5 : Operation 20 [4/5] (7.30ns)   --->   "%empty_48 = writeresp i1 @_ssdm_op_WriteResp.m_axi.p1i32, i32 %gmem5_addr" [src/gtsrb_cnn.cpp:92]   --->   Operation 20 'writeresp' 'empty_48' <Predicate = true> <Delay = 7.30> <CoreInst = "m_axi">   --->   Core 121 'm_axi' <Latency = 0> <II = 1> <Delay = 1.00> <Adapter> <Opcode : 'read' 'write' 'readreq' 'writereq' 'writeresp'>

State 6 <SV = 5> <Delay = 7.30>
ST_6 : Operation 21 [3/5] (7.30ns)   --->   "%empty_48 = writeresp i1 @_ssdm_op_WriteResp.m_axi.p1i32, i32 %gmem5_addr" [src/gtsrb_cnn.cpp:92]   --->   Operation 21 'writeresp' 'empty_48' <Predicate = true> <Delay = 7.30> <CoreInst = "m_axi">   --->   Core 121 'm_axi' <Latency = 0> <II = 1> <Delay = 1.00> <Adapter> <Opcode : 'read' 'write' 'readreq' 'writereq' 'writeresp'>

State 7 <SV = 6> <Delay = 7.30>
ST_7 : Operation 22 [2/5] (7.30ns)   --->   "%empty_48 = writeresp i1 @_ssdm_op_WriteResp.m_axi.p1i32, i32 %gmem5_addr" [src/gtsrb_cnn.cpp:92]   --->   Operation 22 'writeresp' 'empty_48' <Predicate = true> <Delay = 7.30> <CoreInst = "m_axi">   --->   Core 121 'm_axi' <Latency = 0> <II = 1> <Delay = 1.00> <Adapter> <Opcode : 'read' 'write' 'readreq' 'writereq' 'writeresp'>

State 8 <SV = 7> <Delay = 7.30>
ST_8 : Operation 23 [1/1] (0.00ns)   --->   "%specmemcore_ln0 = specmemcore void @_ssdm_op_SpecMemCore, i32 %fc1_out, i64 666, i64 22, i64 18446744073709551615"   --->   Operation 23 'specmemcore' 'specmemcore_ln0' <Predicate = true> <Delay = 0.00>
ST_8 : Operation 24 [1/1] (0.00ns)   --->   "%specinterface_ln0 = specinterface void @_ssdm_op_SpecInterface, i32 %gmem5, void @empty_25, i32 0, i32 0, void @empty_27, i32 0, i32 2700, void @empty, void @empty_30, void @empty_27, i32 16, i32 16, i32 16, i32 16, void @empty_27, void @empty_27, i32 4294967295, i32 0"   --->   Operation 24 'specinterface' 'specinterface_ln0' <Predicate = true> <Delay = 0.00>
ST_8 : Operation 25 [1/1] (0.00ns)   --->   "%specinterface_ln0 = specinterface void @_ssdm_op_SpecInterface, i32 %gmem4, void @empty_25, i32 0, i32 0, void @empty_27, i32 0, i32 2752, void @empty_31, void @empty_30, void @empty_27, i32 16, i32 16, i32 16, i32 16, void @empty_27, void @empty_27, i32 4294967295, i32 0"   --->   Operation 25 'specinterface' 'specinterface_ln0' <Predicate = true> <Delay = 0.00>
ST_8 : Operation 26 [1/5] (7.30ns)   --->   "%empty_48 = writeresp i1 @_ssdm_op_WriteResp.m_axi.p1i32, i32 %gmem5_addr" [src/gtsrb_cnn.cpp:92]   --->   Operation 26 'writeresp' 'empty_48' <Predicate = true> <Delay = 7.30> <CoreInst = "m_axi">   --->   Core 121 'm_axi' <Latency = 0> <II = 1> <Delay = 1.00> <Adapter> <Opcode : 'read' 'write' 'readreq' 'writereq' 'writeresp'>
ST_8 : Operation 27 [1/1] (0.00ns)   --->   "%ret_ln92 = ret" [src/gtsrb_cnn.cpp:92]   --->   Operation 27 'ret' 'ret_ln92' <Predicate = true> <Delay = 0.00>


============================================================
+ Verbose Summary: Binding
============================================================
STG Binding: 
---------------- STG Properties BEGIN ----------------
- Is combinational: 0
- Is one-state seq: 0
- Is datapath-only: 0
- Is pipelined: 0
- Is top level: 0
Port [ Return ] is wired: 1; IO mode=ap_ctrl_hs:ce=0
Port [ gmem4]:  wired=1; compound=1; hidden=0; nouse=0; global=0; static=0; extern=0; dir=0; type=4; pingpong=0; private_global=0; IO mode=m_axi:ce=0
Port [ W]:  wired=1; compound=0; hidden=0; nouse=0; global=0; static=0; extern=0; dir=0; type=0; pingpong=0; private_global=0; IO mode=ap_none:ce=0
Port [ b]:  wired=1; compound=0; hidden=0; nouse=0; global=0; static=0; extern=0; dir=0; type=0; pingpong=0; private_global=0; IO mode=ap_none:ce=0
Port [ gmem5]:  wired=1; compound=1; hidden=0; nouse=0; global=0; static=0; extern=0; dir=1; type=4; pingpong=0; private_global=0; IO mode=m_axi:ce=0
Port [ vout]:  wired=1; compound=0; hidden=0; nouse=0; global=0; static=0; extern=0; dir=0; type=0; pingpong=0; private_global=0; IO mode=ap_none:ce=0
Port [ fc1_out]:  wired=1; compound=1; hidden=0; nouse=0; global=1; static=1; extern=0; dir=0; type=1; pingpong=0; private_global=0; MemPort=[11]; IO mode=ap_memory:ce=0
---------------- STG Properties END ------------------

---------------- Datapath Model BEGIN ----------------

<LifeTime>
<method=bitvector/>
vout_read         (read         ) [ 000000000]
trunc_ln83_1      (partselect   ) [ 001100000]
sext_ln83         (sext         ) [ 000000000]
gmem5_addr        (getelementptr) [ 001111111]
empty             (writereq     ) [ 000000000]
b_read            (read         ) [ 000000000]
W_read            (read         ) [ 000100000]
trunc_ln          (partselect   ) [ 000100000]
call_ln83         (call         ) [ 000000000]
specmemcore_ln0   (specmemcore  ) [ 000000000]
specinterface_ln0 (specinterface) [ 000000000]
specinterface_ln0 (specinterface) [ 000000000]
empty_48          (writeresp    ) [ 000000000]
ret_ln92          (ret          ) [ 000000000]
</LifeTime>

<model>

<comp_list>
<comp id="0" class="1000" name="gmem4">
<pin_list>
<pin id="1" dir="1" index="0" bw="1" slack="0"/>
</pin_list>
<bind>
<StgValue><ssdm name="gmem4"/></StgValue>
</bind>
</comp>

<comp id="2" class="1000" name="W">
<pin_list>
<pin id="3" dir="1" index="0" bw="1" slack="0"/>
</pin_list>
<bind>
<StgValue><ssdm name="W"/></StgValue>
</bind>
</comp>

<comp id="4" class="1000" name="b">
<pin_list>
<pin id="5" dir="1" index="0" bw="1" slack="0"/>
</pin_list>
<bind>
<StgValue><ssdm name="b"/></StgValue>
</bind>
</comp>

<comp id="6" class="1000" name="gmem5">
<pin_list>
<pin id="7" dir="1" index="0" bw="1" slack="0"/>
</pin_list>
<bind>
<StgValue><ssdm name="gmem5"/></StgValue>
</bind>
</comp>

<comp id="8" class="1000" name="vout">
<pin_list>
<pin id="9" dir="1" index="0" bw="1" slack="0"/>
</pin_list>
<bind>
<StgValue><ssdm name="vout"/></StgValue>
</bind>
</comp>

<comp id="10" class="1000" name="fc1_out">
<pin_list>
<pin id="11" dir="1" index="0" bw="1" slack="0"/>
</pin_list>
<bind>
<StgValue><ssdm name="fc1_out"/><MemPortTyVec>1 1 </MemPortTyVec>
</StgValue>
</bind>
</comp>

<comp id="12" class="1001" name="const_12">
<pin_list>
<pin id="13" dir="1" index="0" bw="1" slack="0"/>
</pin_list>
<bind>
<StgValue><ssdm name="_ssdm_op_Read.ap_auto.i64"/></StgValue>
</bind>
</comp>

<comp id="14" class="1001" name="const_14">
<pin_list>
<pin id="15" dir="1" index="0" bw="1" slack="0"/>
</pin_list>
<bind>
<StgValue><ssdm name="_ssdm_op_PartSelect.i62.i64.i32.i32"/></StgValue>
</bind>
</comp>

<comp id="16" class="1001" name="const_16">
<pin_list>
<pin id="17" dir="1" index="0" bw="1" slack="0"/>
</pin_list>
<bind>
<StgValue><ssdm name=""/></StgValue>
</bind>
</comp>

<comp id="18" class="1001" name="const_18">
<pin_list>
<pin id="19" dir="1" index="0" bw="1" slack="0"/>
</pin_list>
<bind>
<StgValue><ssdm name=""/></StgValue>
</bind>
</comp>

<comp id="20" class="1001" name="const_20">
<pin_list>
<pin id="21" dir="1" index="0" bw="1" slack="0"/>
</pin_list>
<bind>
<StgValue><ssdm name="_ssdm_op_WriteReq.m_axi.p1i32"/></StgValue>
</bind>
</comp>

<comp id="22" class="1001" name="const_22">
<pin_list>
<pin id="23" dir="1" index="0" bw="1" slack="0"/>
</pin_list>
<bind>
<StgValue><ssdm name=""/></StgValue>
</bind>
</comp>

<comp id="24" class="1001" name="const_24">
<pin_list>
<pin id="25" dir="1" index="0" bw="1" slack="0"/>
</pin_list>
<bind>
<StgValue><ssdm name="linear.2_Pipeline_VITIS_LOOP_83_1"/></StgValue>
</bind>
</comp>

<comp id="26" class="1001" name="const_26">
<pin_list>
<pin id="27" dir="1" index="0" bw="1" slack="0"/>
</pin_list>
<bind>
<StgValue><ssdm name="_ssdm_op_WriteResp.m_axi.p1i32"/></StgValue>
</bind>
</comp>

<comp id="28" class="1001" name="const_28">
<pin_list>
<pin id="29" dir="1" index="0" bw="1" slack="2147483647"/>
</pin_list>
<bind>
<StgValue><ssdm name="_ssdm_op_SpecMemCore"/></StgValue>
</bind>
</comp>

<comp id="30" class="1001" name="const_30">
<pin_list>
<pin id="31" dir="1" index="0" bw="1" slack="2147483647"/>
</pin_list>
<bind>
<StgValue><ssdm name=""/></StgValue>
</bind>
</comp>

<comp id="32" class="1001" name="const_32">
<pin_list>
<pin id="33" dir="1" index="0" bw="1" slack="2147483647"/>
</pin_list>
<bind>
<StgValue><ssdm name=""/></StgValue>
</bind>
</comp>

<comp id="34" class="1001" name="const_34">
<pin_list>
<pin id="35" dir="1" index="0" bw="1" slack="2147483647"/>
</pin_list>
<bind>
<StgValue><ssdm name=""/></StgValue>
</bind>
</comp>

<comp id="36" class="1001" name="const_36">
<pin_list>
<pin id="37" dir="1" index="0" bw="1" slack="2147483647"/>
</pin_list>
<bind>
<StgValue><ssdm name="_ssdm_op_SpecInterface"/></StgValue>
</bind>
</comp>

<comp id="38" class="1001" name="const_38">
<pin_list>
<pin id="39" dir="1" index="0" bw="1" slack="2147483647"/>
</pin_list>
<bind>
<StgValue><ssdm name="empty_25"/></StgValue>
</bind>
</comp>

<comp id="40" class="1001" name="const_40">
<pin_list>
<pin id="41" dir="1" index="0" bw="1" slack="2147483647"/>
</pin_list>
<bind>
<StgValue><ssdm name=""/></StgValue>
</bind>
</comp>

<comp id="42" class="1001" name="const_42">
<pin_list>
<pin id="43" dir="1" index="0" bw="1" slack="2147483647"/>
</pin_list>
<bind>
<StgValue><ssdm name="empty_27"/></StgValue>
</bind>
</comp>

<comp id="44" class="1001" name="const_44">
<pin_list>
<pin id="45" dir="1" index="0" bw="1" slack="2147483647"/>
</pin_list>
<bind>
<StgValue><ssdm name=""/></StgValue>
</bind>
</comp>

<comp id="46" class="1001" name="const_46">
<pin_list>
<pin id="47" dir="1" index="0" bw="1" slack="2147483647"/>
</pin_list>
<bind>
<StgValue><ssdm name="empty"/></StgValue>
</bind>
</comp>

<comp id="48" class="1001" name="const_48">
<pin_list>
<pin id="49" dir="1" index="0" bw="1" slack="2147483647"/>
</pin_list>
<bind>
<StgValue><ssdm name="empty_30"/></StgValue>
</bind>
</comp>

<comp id="50" class="1001" name="const_50">
<pin_list>
<pin id="51" dir="1" index="0" bw="1" slack="2147483647"/>
</pin_list>
<bind>
<StgValue><ssdm name=""/></StgValue>
</bind>
</comp>

<comp id="52" class="1001" name="const_52">
<pin_list>
<pin id="53" dir="1" index="0" bw="1" slack="2147483647"/>
</pin_list>
<bind>
<StgValue><ssdm name=""/></StgValue>
</bind>
</comp>

<comp id="54" class="1001" name="const_54">
<pin_list>
<pin id="55" dir="1" index="0" bw="1" slack="2147483647"/>
</pin_list>
<bind>
<StgValue><ssdm name=""/></StgValue>
</bind>
</comp>

<comp id="56" class="1001" name="const_56">
<pin_list>
<pin id="57" dir="1" index="0" bw="1" slack="2147483647"/>
</pin_list>
<bind>
<StgValue><ssdm name="empty_31"/></StgValue>
</bind>
</comp>

<comp id="58" class="1004" name="vout_read_read_fu_58">
<pin_list>
<pin id="59" dir="0" index="0" bw="64" slack="0"/>
<pin id="60" dir="0" index="1" bw="64" slack="0"/>
<pin id="61" dir="1" index="2" bw="64" slack="0"/>
</pin_list>
<bind>
<opcode="read(1150) " fcode="read"/>
<opset="vout_read/1 "/>
</bind>
</comp>

<comp id="64" class="1004" name="grp_writeresp_fu_64">
<pin_list>
<pin id="65" dir="0" index="0" bw="1" slack="0"/>
<pin id="66" dir="0" index="1" bw="32" slack="0"/>
<pin id="67" dir="0" index="2" bw="7" slack="0"/>
<pin id="68" dir="1" index="3" bw="1" slack="2147483647"/>
</pin_list>
<bind>
<opcode="writereq(1155) writeresp(1158) " fcode="writeresp"/>
<opset="empty/1 empty_48/4 "/>
</bind>
</comp>

<comp id="71" class="1004" name="b_read_read_fu_71">
<pin_list>
<pin id="72" dir="0" index="0" bw="64" slack="0"/>
<pin id="73" dir="0" index="1" bw="64" slack="0"/>
<pin id="74" dir="1" index="2" bw="64" slack="0"/>
</pin_list>
<bind>
<opcode="read(1150) " fcode="read"/>
<opset="b_read/2 "/>
</bind>
</comp>

<comp id="77" class="1004" name="W_read_read_fu_77">
<pin_list>
<pin id="78" dir="0" index="0" bw="64" slack="0"/>
<pin id="79" dir="0" index="1" bw="64" slack="0"/>
<pin id="80" dir="1" index="2" bw="64" slack="0"/>
</pin_list>
<bind>
<opcode="read(1150) " fcode="read"/>
<opset="W_read/2 "/>
</bind>
</comp>

<comp id="84" class="1004" name="grp_linear_2_Pipeline_VITIS_LOOP_83_1_fu_84">
<pin_list>
<pin id="85" dir="0" index="0" bw="0" slack="0"/>
<pin id="86" dir="0" index="1" bw="32" slack="0"/>
<pin id="87" dir="0" index="2" bw="62" slack="1"/>
<pin id="88" dir="0" index="3" bw="62" slack="0"/>
<pin id="89" dir="0" index="4" bw="32" slack="0"/>
<pin id="90" dir="0" index="5" bw="64" slack="0"/>
<pin id="91" dir="0" index="6" bw="32" slack="0"/>
<pin id="92" dir="1" index="7" bw="0" slack="2147483647"/>
</pin_list>
<bind>
<opcode="call(48) " fcode="call"/>
<opset="call_ln83/2 "/>
</bind>
</comp>

<comp id="98" class="1004" name="trunc_ln83_1_fu_98">
<pin_list>
<pin id="99" dir="0" index="0" bw="62" slack="0"/>
<pin id="100" dir="0" index="1" bw="64" slack="0"/>
<pin id="101" dir="0" index="2" bw="3" slack="0"/>
<pin id="102" dir="0" index="3" bw="7" slack="0"/>
<pin id="103" dir="1" index="4" bw="62" slack="0"/>
</pin_list>
<bind>
<opcode="partselect(1002) " fcode="partselect"/>
<opset="trunc_ln83_1/1 "/>
</bind>
</comp>

<comp id="108" class="1004" name="sext_ln83_fu_108">
<pin_list>
<pin id="109" dir="0" index="0" bw="62" slack="0"/>
<pin id="110" dir="1" index="1" bw="64" slack="0"/>
</pin_list>
<bind>
<opcode="sext(35) " fcode="sext"/>
<opset="sext_ln83/1 "/>
</bind>
</comp>

<comp id="112" class="1004" name="gmem5_addr_fu_112">
<pin_list>
<pin id="113" dir="0" index="0" bw="32" slack="0"/>
<pin id="114" dir="0" index="1" bw="62" slack="0"/>
<pin id="115" dir="1" index="2" bw="32" slack="0"/>
</pin_list>
<bind>
<opcode="getelementptr(29) " fcode="getelementptr"/>
<opset="gmem5_addr/1 "/>
</bind>
</comp>

<comp id="119" class="1004" name="trunc_ln_fu_119">
<pin_list>
<pin id="120" dir="0" index="0" bw="62" slack="0"/>
<pin id="121" dir="0" index="1" bw="64" slack="0"/>
<pin id="122" dir="0" index="2" bw="3" slack="0"/>
<pin id="123" dir="0" index="3" bw="7" slack="0"/>
<pin id="124" dir="1" index="4" bw="62" slack="0"/>
</pin_list>
<bind>
<opcode="partselect(1002) " fcode="partselect"/>
<opset="trunc_ln/2 "/>
</bind>
</comp>

<comp id="130" class="1005" name="trunc_ln83_1_reg_130">
<pin_list>
<pin id="131" dir="0" index="0" bw="62" slack="1"/>
<pin id="132" dir="1" index="1" bw="62" slack="1"/>
</pin_list>
<bind>
<opset="trunc_ln83_1 "/>
</bind>
</comp>

<comp id="135" class="1005" name="gmem5_addr_reg_135">
<pin_list>
<pin id="136" dir="0" index="0" bw="32" slack="3"/>
<pin id="137" dir="1" index="1" bw="32" slack="3"/>
</pin_list>
<bind>
<opset="gmem5_addr "/>
</bind>
</comp>

<comp id="140" class="1005" name="W_read_reg_140">
<pin_list>
<pin id="141" dir="0" index="0" bw="64" slack="1"/>
<pin id="142" dir="1" index="1" bw="64" slack="1"/>
</pin_list>
<bind>
<opset="W_read "/>
</bind>
</comp>

<comp id="145" class="1005" name="trunc_ln_reg_145">
<pin_list>
<pin id="146" dir="0" index="0" bw="62" slack="1"/>
<pin id="147" dir="1" index="1" bw="62" slack="1"/>
</pin_list>
<bind>
<opset="trunc_ln "/>
</bind>
</comp>

</comp_list>

<net_list>
<net id="62"><net_src comp="12" pin="0"/><net_sink comp="58" pin=0"/></net>

<net id="63"><net_src comp="8" pin="0"/><net_sink comp="58" pin=1"/></net>

<net id="69"><net_src comp="20" pin="0"/><net_sink comp="64" pin=0"/></net>

<net id="70"><net_src comp="22" pin="0"/><net_sink comp="64" pin=2"/></net>

<net id="75"><net_src comp="12" pin="0"/><net_sink comp="71" pin=0"/></net>

<net id="76"><net_src comp="4" pin="0"/><net_sink comp="71" pin=1"/></net>

<net id="81"><net_src comp="12" pin="0"/><net_sink comp="77" pin=0"/></net>

<net id="82"><net_src comp="2" pin="0"/><net_sink comp="77" pin=1"/></net>

<net id="83"><net_src comp="26" pin="0"/><net_sink comp="64" pin=0"/></net>

<net id="93"><net_src comp="24" pin="0"/><net_sink comp="84" pin=0"/></net>

<net id="94"><net_src comp="6" pin="0"/><net_sink comp="84" pin=1"/></net>

<net id="95"><net_src comp="0" pin="0"/><net_sink comp="84" pin=4"/></net>

<net id="96"><net_src comp="77" pin="2"/><net_sink comp="84" pin=5"/></net>

<net id="97"><net_src comp="10" pin="0"/><net_sink comp="84" pin=6"/></net>

<net id="104"><net_src comp="14" pin="0"/><net_sink comp="98" pin=0"/></net>

<net id="105"><net_src comp="58" pin="2"/><net_sink comp="98" pin=1"/></net>

<net id="106"><net_src comp="16" pin="0"/><net_sink comp="98" pin=2"/></net>

<net id="107"><net_src comp="18" pin="0"/><net_sink comp="98" pin=3"/></net>

<net id="111"><net_src comp="98" pin="4"/><net_sink comp="108" pin=0"/></net>

<net id="116"><net_src comp="6" pin="0"/><net_sink comp="112" pin=0"/></net>

<net id="117"><net_src comp="108" pin="1"/><net_sink comp="112" pin=1"/></net>

<net id="118"><net_src comp="112" pin="2"/><net_sink comp="64" pin=1"/></net>

<net id="125"><net_src comp="14" pin="0"/><net_sink comp="119" pin=0"/></net>

<net id="126"><net_src comp="71" pin="2"/><net_sink comp="119" pin=1"/></net>

<net id="127"><net_src comp="16" pin="0"/><net_sink comp="119" pin=2"/></net>

<net id="128"><net_src comp="18" pin="0"/><net_sink comp="119" pin=3"/></net>

<net id="129"><net_src comp="119" pin="4"/><net_sink comp="84" pin=3"/></net>

<net id="133"><net_src comp="98" pin="4"/><net_sink comp="130" pin=0"/></net>

<net id="134"><net_src comp="130" pin="1"/><net_sink comp="84" pin=2"/></net>

<net id="138"><net_src comp="112" pin="2"/><net_sink comp="135" pin=0"/></net>

<net id="139"><net_src comp="135" pin="1"/><net_sink comp="64" pin=1"/></net>

<net id="143"><net_src comp="77" pin="2"/><net_sink comp="140" pin=0"/></net>

<net id="144"><net_src comp="140" pin="1"/><net_sink comp="84" pin=5"/></net>

<net id="148"><net_src comp="119" pin="4"/><net_sink comp="145" pin=0"/></net>

<net id="149"><net_src comp="145" pin="1"/><net_sink comp="84" pin=3"/></net>

</net_list>

</model> 
---------------- Datapath Model END ------------------

* FSMD analyzer results:
  - Output states:
	Port: gmem5 | {1 2 3 4 5 6 7 8 }
 - Input state : 
	Port: linear.2 : gmem4 | {2 3 }
	Port: linear.2 : W | {2 }
	Port: linear.2 : b | {2 }
	Port: linear.2 : vout | {1 }
	Port: linear.2 : fc1_out | {2 3 }
  - Chain level:
	State 1
		sext_ln83 : 1
		gmem5_addr : 2
		empty : 3
	State 2
		call_ln83 : 1
	State 3
	State 4
	State 5
	State 6
	State 7
	State 8


============================================================
+ Verbose Summary: Datapath Resource usage 
============================================================

* Functional unit list:
|----------|---------------------------------------------|---------|---------|---------|---------|
| Operation|               Functional Unit               |   DSP   |  Delay  |    FF   |   LUT   |
|----------|---------------------------------------------|---------|---------|---------|---------|
|   call   | grp_linear_2_Pipeline_VITIS_LOOP_83_1_fu_84 |    5    | 11.2657 |  10395  |   7461  |
|----------|---------------------------------------------|---------|---------|---------|---------|
|          |             vout_read_read_fu_58            |    0    |    0    |    0    |    0    |
|   read   |              b_read_read_fu_71              |    0    |    0    |    0    |    0    |
|          |              W_read_read_fu_77              |    0    |    0    |    0    |    0    |
|----------|---------------------------------------------|---------|---------|---------|---------|
| writeresp|             grp_writeresp_fu_64             |    0    |    0    |    0    |    0    |
|----------|---------------------------------------------|---------|---------|---------|---------|
|partselect|              trunc_ln83_1_fu_98             |    0    |    0    |    0    |    0    |
|          |               trunc_ln_fu_119               |    0    |    0    |    0    |    0    |
|----------|---------------------------------------------|---------|---------|---------|---------|
|   sext   |               sext_ln83_fu_108              |    0    |    0    |    0    |    0    |
|----------|---------------------------------------------|---------|---------|---------|---------|
|   Total  |                                             |    5    | 11.2657 |  10395  |   7461  |
|----------|---------------------------------------------|---------|---------|---------|---------|

Memories:
N/A

* Register list:
+--------------------+--------+
|                    |   FF   |
+--------------------+--------+
|   W_read_reg_140   |   64   |
| gmem5_addr_reg_135 |   32   |
|trunc_ln83_1_reg_130|   62   |
|  trunc_ln_reg_145  |   62   |
+--------------------+--------+
|        Total       |   220  |
+--------------------+--------+

* Multiplexer (MUX) list: 
|---------------------------------------------|------|------|------|--------||---------||---------|
|                     Comp                    |  Pin | Size |  BW  | S x BW ||  Delay  ||   LUT   |
|---------------------------------------------|------|------|------|--------||---------||---------|
|             grp_writeresp_fu_64             |  p0  |   2  |   1  |    2   |
|             grp_writeresp_fu_64             |  p1  |   2  |  32  |   64   ||    9    |
| grp_linear_2_Pipeline_VITIS_LOOP_83_1_fu_84 |  p3  |   2  |  62  |   124  ||    9    |
| grp_linear_2_Pipeline_VITIS_LOOP_83_1_fu_84 |  p5  |   2  |  64  |   128  ||    9    |
|---------------------------------------------|------|------|------|--------||---------||---------|
|                    Total                    |      |      |      |   318  ||  1.956  ||    27   |
|---------------------------------------------|------|------|------|--------||---------||---------|



* Summary:
+-----------+--------+--------+--------+--------+
|           |   DSP  |  Delay |   FF   |   LUT  |
+-----------+--------+--------+--------+--------+
|  Function |    5   |   11   |  10395 |  7461  |
|   Memory  |    -   |    -   |    -   |    -   |
|Multiplexer|    -   |    1   |    -   |   27   |
|  Register |    -   |    -   |   220  |    -   |
+-----------+--------+--------+--------+--------+
|   Total   |    5   |   13   |  10615 |  7488  |
+-----------+--------+--------+--------+--------+
