

================================================================
== Vitis HLS Report for 'linear'
================================================================
* Date:           Sat Sep 13 23:17:08 2025

* Version:        2022.2 (Build 3670227 on Oct 13 2022)
* Project:        CNN_GTSRB
* Solution:       solution1 (Vivado IP Flow Target)
* Product family: zynquplus
* Target device:  xczu5eg-sfvc784-1-e


================================================================
== Performance Estimates
================================================================
+ Timing: 
    * Summary: 
    +--------+----------+----------+------------+
    |  Clock |  Target  | Estimated| Uncertainty|
    +--------+----------+----------+------------+
    |ap_clk  |  10.00 ns|  7.300 ns|     2.70 ns|
    +--------+----------+----------+------------+

+ Latency: 
    * Summary: 
    +---------+---------+----------+----------+-------+-------+---------+
    |  Latency (cycles) |  Latency (absolute) |    Interval   | Pipeline|
    |   min   |   max   |    min   |    max   |  min  |  max  |   Type  |
    +---------+---------+----------+----------+-------+-------+---------+
    |    67329|    67329|  0.673 ms|  0.673 ms|  67329|  67329|       no|
    +---------+---------+----------+----------+-------+-------+---------+

    + Detail: 
        * Instance: 
        N/A

        * Loop: 
        +-------------------+---------+---------+----------+-----------+-----------+------+----------+
        |                   |  Latency (cycles) | Iteration|  Initiation Interval  | Trip |          |
        |     Loop Name     |   min   |   max   |  Latency |  achieved |   target  | Count| Pipelined|
        +-------------------+---------+---------+----------+-----------+-----------+------+----------+
        |- VITIS_LOOP_83_1  |    67328|    67328|      1052|          -|          -|    64|        no|
        +-------------------+---------+---------+----------+-----------+-----------+------+----------+

============================================================
+ Verbose Summary: Synthesis Manager
============================================================
InlineROM: 1
ExposeGlobal: 0
============================================================
+ Verbose Summary: CDFG Model
============================================================
IsTopModel: 0
ResetActiveHigh: 1
IsCombinational: 0
IsDatapathOnly: 0
HasWiredReturn: 1
HasMFsm: 0
HasVarLatency: 1
IsPipeline: 0
IsRtlPipelined: 0
IsInstanceOverlapped: 0
IsDontTouch: 0
HasImplIP: 0
IsGatedGlobalClock: 0


============================================================
+ Verbose Summary: Schedule
============================================================
* Number of FSM states : 12
* Pipeline : 0
* Dataflow Pipeline: 0

* FSM state transitions: 
1 --> 2 
2 --> 3 
3 --> 4 
4 --> 5 
5 --> 6 
6 --> 7 
7 --> 8 
8 --> 9 
9 --> 10 
10 --> 11 
11 --> 12 
12 --> 2 

* FSM state operations: 

State 1 <SV = 0> <Delay = 0.48>
ST_1 : Operation 13 [1/1] (0.00ns)   --->   "%wbase = alloca i32 1"   --->   Operation 13 'alloca' 'wbase' <Predicate = true> <Delay = 0.00>
ST_1 : Operation 14 [1/1] (0.00ns)   --->   "%specmemcore_ln0 = specmemcore void @_ssdm_op_SpecMemCore, i32 %fc1_out, i64 666, i64 22, i64 18446744073709551615"   --->   Operation 14 'specmemcore' 'specmemcore_ln0' <Predicate = true> <Delay = 0.00>
ST_1 : Operation 15 [1/1] (0.00ns)   --->   "%specmemcore_ln0 = specmemcore void @_ssdm_op_SpecMemCore, i32 %p3_out, i64 666, i64 22, i64 18446744073709551615"   --->   Operation 15 'specmemcore' 'specmemcore_ln0' <Predicate = true> <Delay = 0.00>
ST_1 : Operation 16 [1/1] (0.00ns)   --->   "%specinterface_ln0 = specinterface void @_ssdm_op_SpecInterface, i32 %gmem3, void @empty_25, i32 0, i32 0, void @empty_27, i32 0, i32 16384, void @empty_20, void @empty_30, void @empty_27, i32 16, i32 16, i32 16, i32 16, void @empty_27, void @empty_27, i32 4294967295, i32 0"   --->   Operation 16 'specinterface' 'specinterface_ln0' <Predicate = true> <Delay = 0.00>
ST_1 : Operation 17 [1/1] (0.00ns)   --->   "%b_read = read i64 @_ssdm_op_Read.ap_auto.i64, i64 %b" [src/gtsrb_cnn.cpp:83]   --->   Operation 17 'read' 'b_read' <Predicate = true> <Delay = 0.00>
ST_1 : Operation 18 [1/1] (0.00ns)   --->   "%W_read = read i64 @_ssdm_op_Read.ap_auto.i64, i64 %W" [src/gtsrb_cnn.cpp:83]   --->   Operation 18 'read' 'W_read' <Predicate = true> <Delay = 0.00>
ST_1 : Operation 19 [1/1] (0.00ns)   --->   "%trunc_ln = partselect i62 @_ssdm_op_PartSelect.i62.i64.i32.i32, i64 %b_read, i32 2, i32 63" [src/gtsrb_cnn.cpp:83]   --->   Operation 19 'partselect' 'trunc_ln' <Predicate = true> <Delay = 0.00>
ST_1 : Operation 20 [1/1] (0.00ns)   --->   "%sext_ln83 = sext i62 %trunc_ln" [src/gtsrb_cnn.cpp:83]   --->   Operation 20 'sext' 'sext_ln83' <Predicate = true> <Delay = 0.00>
ST_1 : Operation 21 [1/1] (0.48ns)   --->   "%store_ln83 = store i7 0, i7 %wbase" [src/gtsrb_cnn.cpp:83]   --->   Operation 21 'store' 'store_ln83' <Predicate = true> <Delay = 0.48>
ST_1 : Operation 22 [1/1] (0.00ns)   --->   "%br_ln83 = br void %VITIS_LOOP_86_2" [src/gtsrb_cnn.cpp:83]   --->   Operation 22 'br' 'br_ln83' <Predicate = true> <Delay = 0.00>

State 2 <SV = 1> <Delay = 1.44>
ST_2 : Operation 23 [1/1] (0.00ns)   --->   "%j = load i7 %wbase" [src/gtsrb_cnn.cpp:83]   --->   Operation 23 'load' 'j' <Predicate = true> <Delay = 0.00>
ST_2 : Operation 24 [1/1] (0.86ns)   --->   "%icmp_ln83 = icmp_eq  i7 %j, i7 64" [src/gtsrb_cnn.cpp:83]   --->   Operation 24 'icmp' 'icmp_ln83' <Predicate = true> <Delay = 0.86> <CoreInst = "Cmp">   --->   Core 9 'Cmp' <Latency = 0> <II = 1> <Delay = 0.86> <FuncUnit> <Opcode : 'icmp'> <InPorts = 2> <OutPorts = 1>
ST_2 : Operation 25 [1/1] (0.00ns)   --->   "%empty = speclooptripcount i32 @_ssdm_op_SpecLoopTripCount, i64 64, i64 64, i64 64"   --->   Operation 25 'speclooptripcount' 'empty' <Predicate = true> <Delay = 0.00>
ST_2 : Operation 26 [1/1] (0.89ns)   --->   "%add_ln83 = add i7 %j, i7 1" [src/gtsrb_cnn.cpp:83]   --->   Operation 26 'add' 'add_ln83' <Predicate = true> <Delay = 0.89> <CoreInst = "Adder">   --->   Core 1 'Adder' <Latency = 0> <II = 1> <Delay = 0.89> <FuncUnit> <Opcode : 'add' 'sub'> <InPorts = 2> <OutPorts = 1>
ST_2 : Operation 27 [1/1] (0.00ns)   --->   "%br_ln83 = br i1 %icmp_ln83, void %VITIS_LOOP_86_2.split, void %for.end16" [src/gtsrb_cnn.cpp:83]   --->   Operation 27 'br' 'br_ln83' <Predicate = true> <Delay = 0.00>
ST_2 : Operation 28 [1/1] (0.00ns)   --->   "%trunc_ln83 = trunc i7 %j" [src/gtsrb_cnn.cpp:83]   --->   Operation 28 'trunc' 'trunc_ln83' <Predicate = (!icmp_ln83)> <Delay = 0.00>
ST_2 : Operation 29 [1/1] (0.00ns)   --->   "%zext_ln83 = zext i7 %j" [src/gtsrb_cnn.cpp:83]   --->   Operation 29 'zext' 'zext_ln83' <Predicate = (!icmp_ln83)> <Delay = 0.00>
ST_2 : Operation 30 [1/1] (1.44ns)   --->   "%add_ln84 = add i63 %zext_ln83, i63 %sext_ln83" [src/gtsrb_cnn.cpp:84]   --->   Operation 30 'add' 'add_ln84' <Predicate = (!icmp_ln83)> <Delay = 1.44> <CoreInst = "Adder">   --->   Core 1 'Adder' <Latency = 0> <II = 1> <Delay = 1.44> <FuncUnit> <Opcode : 'add' 'sub'> <InPorts = 2> <OutPorts = 1>
ST_2 : Operation 31 [1/1] (0.00ns)   --->   "%sext_ln84 = sext i63 %add_ln84" [src/gtsrb_cnn.cpp:84]   --->   Operation 31 'sext' 'sext_ln84' <Predicate = (!icmp_ln83)> <Delay = 0.00>
ST_2 : Operation 32 [1/1] (0.00ns)   --->   "%gmem3_addr = getelementptr i32 %gmem3, i64 %sext_ln84" [src/gtsrb_cnn.cpp:84]   --->   Operation 32 'getelementptr' 'gmem3_addr' <Predicate = (!icmp_ln83)> <Delay = 0.00>
ST_2 : Operation 33 [1/1] (0.48ns)   --->   "%store_ln83 = store i7 %add_ln83, i7 %wbase" [src/gtsrb_cnn.cpp:83]   --->   Operation 33 'store' 'store_ln83' <Predicate = (!icmp_ln83)> <Delay = 0.48>
ST_2 : Operation 34 [1/1] (0.00ns)   --->   "%ret_ln92 = ret" [src/gtsrb_cnn.cpp:92]   --->   Operation 34 'ret' 'ret_ln92' <Predicate = (icmp_ln83)> <Delay = 0.00>

State 3 <SV = 2> <Delay = 7.30>
ST_3 : Operation 35 [7/7] (7.30ns)   --->   "%gmem3_load_req = readreq i1 @_ssdm_op_ReadReq.m_axi.i32P1A, i32 %gmem3_addr, i32 1" [src/gtsrb_cnn.cpp:84]   --->   Operation 35 'readreq' 'gmem3_load_req' <Predicate = true> <Delay = 7.30> <CoreInst = "m_axi">   --->   Core 121 'm_axi' <Latency = 0> <II = 1> <Delay = 1.00> <Adapter> <Opcode : 'read' 'write' 'readreq' 'writereq' 'writeresp'>

State 4 <SV = 3> <Delay = 7.30>
ST_4 : Operation 36 [6/7] (7.30ns)   --->   "%gmem3_load_req = readreq i1 @_ssdm_op_ReadReq.m_axi.i32P1A, i32 %gmem3_addr, i32 1" [src/gtsrb_cnn.cpp:84]   --->   Operation 36 'readreq' 'gmem3_load_req' <Predicate = true> <Delay = 7.30> <CoreInst = "m_axi">   --->   Core 121 'm_axi' <Latency = 0> <II = 1> <Delay = 1.00> <Adapter> <Opcode : 'read' 'write' 'readreq' 'writereq' 'writeresp'>

State 5 <SV = 4> <Delay = 7.30>
ST_5 : Operation 37 [5/7] (7.30ns)   --->   "%gmem3_load_req = readreq i1 @_ssdm_op_ReadReq.m_axi.i32P1A, i32 %gmem3_addr, i32 1" [src/gtsrb_cnn.cpp:84]   --->   Operation 37 'readreq' 'gmem3_load_req' <Predicate = true> <Delay = 7.30> <CoreInst = "m_axi">   --->   Core 121 'm_axi' <Latency = 0> <II = 1> <Delay = 1.00> <Adapter> <Opcode : 'read' 'write' 'readreq' 'writereq' 'writeresp'>

State 6 <SV = 5> <Delay = 7.30>
ST_6 : Operation 38 [4/7] (7.30ns)   --->   "%gmem3_load_req = readreq i1 @_ssdm_op_ReadReq.m_axi.i32P1A, i32 %gmem3_addr, i32 1" [src/gtsrb_cnn.cpp:84]   --->   Operation 38 'readreq' 'gmem3_load_req' <Predicate = true> <Delay = 7.30> <CoreInst = "m_axi">   --->   Core 121 'm_axi' <Latency = 0> <II = 1> <Delay = 1.00> <Adapter> <Opcode : 'read' 'write' 'readreq' 'writereq' 'writeresp'>

State 7 <SV = 6> <Delay = 7.30>
ST_7 : Operation 39 [3/7] (7.30ns)   --->   "%gmem3_load_req = readreq i1 @_ssdm_op_ReadReq.m_axi.i32P1A, i32 %gmem3_addr, i32 1" [src/gtsrb_cnn.cpp:84]   --->   Operation 39 'readreq' 'gmem3_load_req' <Predicate = true> <Delay = 7.30> <CoreInst = "m_axi">   --->   Core 121 'm_axi' <Latency = 0> <II = 1> <Delay = 1.00> <Adapter> <Opcode : 'read' 'write' 'readreq' 'writereq' 'writeresp'>

State 8 <SV = 7> <Delay = 7.30>
ST_8 : Operation 40 [2/7] (7.30ns)   --->   "%gmem3_load_req = readreq i1 @_ssdm_op_ReadReq.m_axi.i32P1A, i32 %gmem3_addr, i32 1" [src/gtsrb_cnn.cpp:84]   --->   Operation 40 'readreq' 'gmem3_load_req' <Predicate = true> <Delay = 7.30> <CoreInst = "m_axi">   --->   Core 121 'm_axi' <Latency = 0> <II = 1> <Delay = 1.00> <Adapter> <Opcode : 'read' 'write' 'readreq' 'writereq' 'writeresp'>

State 9 <SV = 8> <Delay = 7.30>
ST_9 : Operation 41 [1/7] (7.30ns)   --->   "%gmem3_load_req = readreq i1 @_ssdm_op_ReadReq.m_axi.i32P1A, i32 %gmem3_addr, i32 1" [src/gtsrb_cnn.cpp:84]   --->   Operation 41 'readreq' 'gmem3_load_req' <Predicate = true> <Delay = 7.30> <CoreInst = "m_axi">   --->   Core 121 'm_axi' <Latency = 0> <II = 1> <Delay = 1.00> <Adapter> <Opcode : 'read' 'write' 'readreq' 'writereq' 'writeresp'>

State 10 <SV = 9> <Delay = 7.30>
ST_10 : Operation 42 [1/1] (7.30ns)   --->   "%gmem3_addr_read = read i32 @_ssdm_op_Read.m_axi.i32P1A, i32 %gmem3_addr" [src/gtsrb_cnn.cpp:84]   --->   Operation 42 'read' 'gmem3_addr_read' <Predicate = true> <Delay = 7.30> <CoreInst = "m_axi">   --->   Core 121 'm_axi' <Latency = 0> <II = 1> <Delay = 1.00> <Adapter> <Opcode : 'read' 'write' 'readreq' 'writereq' 'writeresp'>

State 11 <SV = 10> <Delay = 1.47>
ST_11 : Operation 43 [1/1] (0.00ns)   --->   "%acc = bitcast i32 %gmem3_addr_read" [src/gtsrb_cnn.cpp:84]   --->   Operation 43 'bitcast' 'acc' <Predicate = true> <Delay = 0.00>
ST_11 : Operation 44 [2/2] (1.47ns)   --->   "%call_ln84 = call void @linear_Pipeline_VITIS_LOOP_86_2, i32 %acc, i6 %trunc_ln83, i6 %trunc_ln83, i64 %W_read, i32 %gmem3, i32 %p3_out, i32 %fc1_out" [src/gtsrb_cnn.cpp:84]   --->   Operation 44 'call' 'call_ln84' <Predicate = true> <Delay = 1.47> <CoreType = "Generic">   --->   Core 0 '' <Latency = 0> <II = 1> <Delay = 1.00> <Generic> <Opcode : >

State 12 <SV = 11> <Delay = 0.00>
ST_12 : Operation 45 [1/1] (0.00ns)   --->   "%specloopname_ln83 = specloopname void @_ssdm_op_SpecLoopName, void @empty_17" [src/gtsrb_cnn.cpp:83]   --->   Operation 45 'specloopname' 'specloopname_ln83' <Predicate = true> <Delay = 0.00>
ST_12 : Operation 46 [1/2] (0.00ns)   --->   "%call_ln84 = call void @linear_Pipeline_VITIS_LOOP_86_2, i32 %acc, i6 %trunc_ln83, i6 %trunc_ln83, i64 %W_read, i32 %gmem3, i32 %p3_out, i32 %fc1_out" [src/gtsrb_cnn.cpp:84]   --->   Operation 46 'call' 'call_ln84' <Predicate = true> <Delay = 0.00> <CoreType = "Generic">   --->   Core 0 '' <Latency = 0> <II = 1> <Delay = 1.00> <Generic> <Opcode : >
ST_12 : Operation 47 [1/1] (0.00ns)   --->   "%br_ln83 = br void %VITIS_LOOP_86_2" [src/gtsrb_cnn.cpp:83]   --->   Operation 47 'br' 'br_ln83' <Predicate = true> <Delay = 0.00>


============================================================
+ Verbose Summary: Timing violations
============================================================
Target clock period: 10ns, clock uncertainty: 2.7ns.

 <State 1>: 0.489ns
The critical path consists of the following:
	'alloca' operation ('wbase') [6]  (0 ns)
	'store' operation ('store_ln83', src/gtsrb_cnn.cpp:83) of constant 0 on local variable 'wbase' [14]  (0.489 ns)

 <State 2>: 1.44ns
The critical path consists of the following:
	'load' operation ('j', src/gtsrb_cnn.cpp:83) on local variable 'wbase' [17]  (0 ns)
	'add' operation ('add_ln84', src/gtsrb_cnn.cpp:84) [26]  (1.44 ns)

 <State 3>: 7.3ns
The critical path consists of the following:
	bus request operation ('gmem3_load_req', src/gtsrb_cnn.cpp:84) on port 'gmem3' (src/gtsrb_cnn.cpp:84) [29]  (7.3 ns)

 <State 4>: 7.3ns
The critical path consists of the following:
	bus request operation ('gmem3_load_req', src/gtsrb_cnn.cpp:84) on port 'gmem3' (src/gtsrb_cnn.cpp:84) [29]  (7.3 ns)

 <State 5>: 7.3ns
The critical path consists of the following:
	bus request operation ('gmem3_load_req', src/gtsrb_cnn.cpp:84) on port 'gmem3' (src/gtsrb_cnn.cpp:84) [29]  (7.3 ns)

 <State 6>: 7.3ns
The critical path consists of the following:
	bus request operation ('gmem3_load_req', src/gtsrb_cnn.cpp:84) on port 'gmem3' (src/gtsrb_cnn.cpp:84) [29]  (7.3 ns)

 <State 7>: 7.3ns
The critical path consists of the following:
	bus request operation ('gmem3_load_req', src/gtsrb_cnn.cpp:84) on port 'gmem3' (src/gtsrb_cnn.cpp:84) [29]  (7.3 ns)

 <State 8>: 7.3ns
The critical path consists of the following:
	bus request operation ('gmem3_load_req', src/gtsrb_cnn.cpp:84) on port 'gmem3' (src/gtsrb_cnn.cpp:84) [29]  (7.3 ns)

 <State 9>: 7.3ns
The critical path consists of the following:
	bus request operation ('gmem3_load_req', src/gtsrb_cnn.cpp:84) on port 'gmem3' (src/gtsrb_cnn.cpp:84) [29]  (7.3 ns)

 <State 10>: 7.3ns
The critical path consists of the following:
	bus read operation ('gmem3_addr_read', src/gtsrb_cnn.cpp:84) on port 'gmem3' (src/gtsrb_cnn.cpp:84) [30]  (7.3 ns)

 <State 11>: 1.47ns
The critical path consists of the following:
	'call' operation ('call_ln84', src/gtsrb_cnn.cpp:84) to 'linear_Pipeline_VITIS_LOOP_86_2' [32]  (1.47 ns)

 <State 12>: 0ns
The critical path consists of the following:


============================================================
+ Verbose Summary: Binding
============================================================
N/A
* FSMD analyzer results:
  - Output states:
 - Input state : 
  - Chain level:
	State 1
	State 2
	State 3
	State 4
	State 5
	State 6
	State 7
	State 8
	State 9
	State 10
	State 11
	State 12


============================================================
+ Verbose Summary: Datapath Resource usage 
============================================================
N/A
