==============================================================
Vitis HLS - High-Level Synthesis from C, C++ and OpenCL v2022.2 (64-bit)
Tool Version Limit: 2019.12
Copyright 1986-2022 Xilinx, Inc. All Rights Reserved.
==============================================================
INFO: [SYN 201-201] Setting up clock 'default' with a period of 10ns.
INFO: [HLS 200-1611] Setting target device to 'xczu5eg-sfvc784-1-e'
INFO: [HLS 200-1505] Using flow_target 'vivado'
INFO: [HLS 200-1510] Running: set_part xczu5eg-sfvc784-1-e 
INFO: [HLS 200-1510] Running: create_clock -period 10 -name default 
INFO: [SYN 201-201] Setting up clock 'default' with a period of 10ns.
INFO: [HLS 200-1510] Running: csim_design -quiet 
INFO: [SIM 211-2] *************** CSIM start ***************
INFO: [SIM 211-4] CSIM will launch GCC as the compiler.
ERROR: [SIM 211-100] 'csim_design' failed: compilation error(s).
INFO: [SIM 211-3] *************** CSIM finish ***************
INFO: [HLS 200-111] Finished Command csim_design CPU user time: 0 seconds. CPU system time: 0 seconds. Elapsed time: 2.567 seconds; current allocated memory: 0.305 MB.
INFO: [HLS 200-112] Total CPU user time: 2 seconds. Total CPU system time: 1 seconds. Total elapsed time: 15.227 seconds; peak allocated memory: 107.746 MB.
==============================================================
Vitis HLS - High-Level Synthesis from C, C++ and OpenCL v2022.2 (64-bit)
Tool Version Limit: 2019.12
Copyright 1986-2022 Xilinx, Inc. All Rights Reserved.
==============================================================
INFO: [SYN 201-201] Setting up clock 'default' with a period of 10ns.
INFO: [HLS 200-1611] Setting target device to 'xczu5eg-sfvc784-1-e'
INFO: [HLS 200-1505] Using flow_target 'vivado'
INFO: [HLS 200-1510] Running: set_part xczu5eg-sfvc784-1-e 
INFO: [HLS 200-1510] Running: create_clock -period 10 -name default 
INFO: [HLS 200-1510] Running: csim_design -quiet 
INFO: [SIM 211-2] *************** CSIM start ***************
INFO: [SIM 211-4] CSIM will launch GCC as the compiler.
ERROR: [SIM 211-100] 'csim_design' failed: compilation error(s).
INFO: [SIM 211-3] *************** CSIM finish ***************
INFO: [HLS 200-111] Finished Command csim_design CPU user time: 0 seconds. CPU system time: 0 seconds. Elapsed time: 1.608 seconds; current allocated memory: 0.246 MB.
INFO: [HLS 200-112] Total CPU user time: 1 seconds. Total CPU system time: 1 seconds. Total elapsed time: 13.965 seconds; peak allocated memory: 105.824 MB.
==============================================================
Vitis HLS - High-Level Synthesis from C, C++ and OpenCL v2022.2 (64-bit)
Tool Version Limit: 2019.12
Copyright 1986-2022 Xilinx, Inc. All Rights Reserved.
==============================================================
INFO: [SYN 201-201] Setting up clock 'default' with a period of 10ns.
INFO: [HLS 200-1611] Setting target device to 'xczu5eg-sfvc784-1-e'
INFO: [HLS 200-1505] Using flow_target 'vivado'
INFO: [HLS 200-1510] Running: set_part xczu5eg-sfvc784-1-e 
INFO: [HLS 200-1510] Running: create_clock -period 10 -name default 
INFO: [HLS 200-1510] Running: csim_design -quiet 
INFO: [SIM 211-2] *************** CSIM start ***************
INFO: [SIM 211-4] CSIM will launch GCC as the compiler.
ERROR: [SIM 211-100] 'csim_design' failed: compilation error(s).
INFO: [SIM 211-3] *************** CSIM finish ***************
INFO: [HLS 200-111] Finished Command csim_design CPU user time: 0 seconds. CPU system time: 0 seconds. Elapsed time: 1.771 seconds; current allocated memory: 0.242 MB.
INFO: [HLS 200-112] Total CPU user time: 1 seconds. Total CPU system time: 1 seconds. Total elapsed time: 13.854 seconds; peak allocated memory: 106.656 MB.
==============================================================
Vitis HLS - High-Level Synthesis from C, C++ and OpenCL v2022.2 (64-bit)
Tool Version Limit: 2019.12
Copyright 1986-2022 Xilinx, Inc. All Rights Reserved.
==============================================================
INFO: [SYN 201-201] Setting up clock 'default' with a period of 10ns.
INFO: [HLS 200-1611] Setting target device to 'xczu5eg-sfvc784-1-e'
INFO: [HLS 200-1505] Using flow_target 'vivado'
INFO: [HLS 200-1510] Running: set_part xczu5eg-sfvc784-1-e 
INFO: [HLS 200-1510] Running: create_clock -period 10 -name default 
INFO: [HLS 200-1510] Running: csim_design -quiet 
INFO: [SIM 211-2] *************** CSIM start ***************
INFO: [SIM 211-4] CSIM will launch GCC as the compiler.
ERROR: [SIM 211-100] 'csim_design' failed: compilation error(s).
INFO: [SIM 211-3] *************** CSIM finish ***************
INFO: [HLS 200-111] Finished Command csim_design CPU user time: 0 seconds. CPU system time: 0 seconds. Elapsed time: 84.4 seconds; current allocated memory: 0.215 MB.
INFO: [HLS 200-112] Total CPU user time: 1 seconds. Total CPU system time: 1 seconds. Total elapsed time: 96.878 seconds; peak allocated memory: 111.320 MB.
==============================================================
Vitis HLS - High-Level Synthesis from C, C++ and OpenCL v2022.2 (64-bit)
Tool Version Limit: 2019.12
Copyright 1986-2022 Xilinx, Inc. All Rights Reserved.
==============================================================
INFO: [SYN 201-201] Setting up clock 'default' with a period of 10ns.
INFO: [HLS 200-1611] Setting target device to 'xczu5eg-sfvc784-1-e'
INFO: [HLS 200-1505] Using flow_target 'vivado'
INFO: [HLS 200-1510] Running: set_part xczu5eg-sfvc784-1-e 
INFO: [HLS 200-1510] Running: create_clock -period 10 -name default 
INFO: [HLS 200-1510] Running: csim_design -quiet 
INFO: [SIM 211-2] *************** CSIM start ***************
INFO: [SIM 211-4] CSIM will launch GCC as the compiler.
ERROR: [SIM 211-100] 'csim_design' failed: compilation error(s).
INFO: [SIM 211-3] *************** CSIM finish ***************
INFO: [HLS 200-111] Finished Command csim_design CPU user time: 0 seconds. CPU system time: 0 seconds. Elapsed time: 1.483 seconds; current allocated memory: 0.316 MB.
INFO: [HLS 200-112] Total CPU user time: 1 seconds. Total CPU system time: 1 seconds. Total elapsed time: 13.169 seconds; peak allocated memory: 111.875 MB.
==============================================================
Vitis HLS - High-Level Synthesis from C, C++ and OpenCL v2022.2 (64-bit)
Tool Version Limit: 2019.12
Copyright 1986-2022 Xilinx, Inc. All Rights Reserved.
==============================================================
INFO: [SYN 201-201] Setting up clock 'default' with a period of 10ns.
INFO: [HLS 200-1611] Setting target device to 'xczu5eg-sfvc784-1-e'
INFO: [HLS 200-1505] Using flow_target 'vivado'
INFO: [HLS 200-1510] Running: set_part xczu5eg-sfvc784-1-e 
INFO: [HLS 200-1510] Running: create_clock -period 10 -name default 
INFO: [HLS 200-1510] Running: csim_design -quiet 
INFO: [SIM 211-2] *************** CSIM start ***************
INFO: [SIM 211-4] CSIM will launch GCC as the compiler.
ERROR: [SIM 211-100] 'csim_design' failed: compilation error(s).
INFO: [SIM 211-3] *************** CSIM finish ***************
INFO: [HLS 200-111] Finished Command csim_design CPU user time: 0 seconds. CPU system time: 0 seconds. Elapsed time: 5.353 seconds; current allocated memory: 0.246 MB.
INFO: [HLS 200-112] Total CPU user time: 0 seconds. Total CPU system time: 1 seconds. Total elapsed time: 16.871 seconds; peak allocated memory: 105.875 MB.
==============================================================
Vitis HLS - High-Level Synthesis from C, C++ and OpenCL v2022.2 (64-bit)
Tool Version Limit: 2019.12
Copyright 1986-2022 Xilinx, Inc. All Rights Reserved.
==============================================================
INFO: [SYN 201-201] Setting up clock 'default' with a period of 10ns.
INFO: [HLS 200-1611] Setting target device to 'xczu5eg-sfvc784-1-e'
INFO: [HLS 200-1505] Using flow_target 'vivado'
INFO: [HLS 200-1510] Running: set_part xczu5eg-sfvc784-1-e 
INFO: [HLS 200-1510] Running: create_clock -period 10 -name default 
INFO: [HLS 200-1510] Running: csim_design -quiet 
INFO: [SIM 211-2] *************** CSIM start ***************
INFO: [SIM 211-4] CSIM will launch GCC as the compiler.
ERROR: [SIM 211-100] 'csim_design' failed: compilation error(s).
INFO: [SIM 211-3] *************** CSIM finish ***************
INFO: [HLS 200-111] Finished Command csim_design CPU user time: 0 seconds. CPU system time: 0 seconds. Elapsed time: 0.626 seconds; current allocated memory: 0.273 MB.
INFO: [HLS 200-112] Total CPU user time: 1 seconds. Total CPU system time: 1 seconds. Total elapsed time: 12.478 seconds; peak allocated memory: 107.875 MB.
==============================================================
Vitis HLS - High-Level Synthesis from C, C++ and OpenCL v2022.2 (64-bit)
Tool Version Limit: 2019.12
Copyright 1986-2022 Xilinx, Inc. All Rights Reserved.
==============================================================
INFO: [SYN 201-201] Setting up clock 'default' with a period of 10ns.
INFO: [HLS 200-1611] Setting target device to 'xczu5eg-sfvc784-1-e'
INFO: [HLS 200-1505] Using flow_target 'vivado'
INFO: [HLS 200-1510] Running: set_part xczu5eg-sfvc784-1-e 
INFO: [HLS 200-1510] Running: create_clock -period 10 -name default 
INFO: [HLS 200-1510] Running: csim_design -quiet 
INFO: [SIM 211-2] *************** CSIM start ***************
INFO: [SIM 211-4] CSIM will launch GCC as the compiler.
ERROR: [SIM 211-100] 'csim_design' failed: compilation error(s).
INFO: [SIM 211-3] *************** CSIM finish ***************
INFO: [HLS 200-111] Finished Command csim_design CPU user time: 0 seconds. CPU system time: 0 seconds. Elapsed time: 1.862 seconds; current allocated memory: 0.246 MB.
INFO: [HLS 200-112] Total CPU user time: 1 seconds. Total CPU system time: 1 seconds. Total elapsed time: 13.929 seconds; peak allocated memory: 110.887 MB.
==============================================================
Vitis HLS - High-Level Synthesis from C, C++ and OpenCL v2022.2 (64-bit)
Tool Version Limit: 2019.12
Copyright 1986-2022 Xilinx, Inc. All Rights Reserved.
==============================================================
INFO: [SYN 201-201] Setting up clock 'default' with a period of 10ns.
INFO: [HLS 200-1611] Setting target device to 'xczu5eg-sfvc784-1-e'
INFO: [HLS 200-1505] Using flow_target 'vivado'
INFO: [HLS 200-1510] Running: set_part xczu5eg-sfvc784-1-e 
INFO: [HLS 200-1510] Running: create_clock -period 10 -name default 
INFO: [HLS 200-1510] Running: csim_design -quiet 
INFO: [SIM 211-2] *************** CSIM start ***************
INFO: [SIM 211-4] CSIM will launch GCC as the compiler.
ERROR: [SIM 211-100] 'csim_design' failed: compilation error(s).
INFO: [SIM 211-3] *************** CSIM finish ***************
INFO: [HLS 200-111] Finished Command csim_design CPU user time: 0 seconds. CPU system time: 0 seconds. Elapsed time: 2.09 seconds; current allocated memory: 0.238 MB.
INFO: [HLS 200-112] Total CPU user time: 1 seconds. Total CPU system time: 1 seconds. Total elapsed time: 13.665 seconds; peak allocated memory: 108.309 MB.
==============================================================
Vitis HLS - High-Level Synthesis from C, C++ and OpenCL v2022.2 (64-bit)
Tool Version Limit: 2019.12
Copyright 1986-2022 Xilinx, Inc. All Rights Reserved.
==============================================================
INFO: [SYN 201-201] Setting up clock 'default' with a period of 10ns.
INFO: [HLS 200-1611] Setting target device to 'xczu5eg-sfvc784-1-e'
INFO: [HLS 200-1505] Using flow_target 'vivado'
INFO: [HLS 200-1510] Running: set_part xczu5eg-sfvc784-1-e 
INFO: [HLS 200-1510] Running: create_clock -period 10 -name default 
INFO: [HLS 200-1510] Running: csim_design -quiet 
INFO: [SIM 211-2] *************** CSIM start ***************
INFO: [SIM 211-4] CSIM will launch GCC as the compiler.
ERROR: [SIM 211-100] 'csim_design' failed: compilation error(s).
INFO: [SIM 211-3] *************** CSIM finish ***************
INFO: [HLS 200-111] Finished Command csim_design CPU user time: 0 seconds. CPU system time: 0 seconds. Elapsed time: 2.113 seconds; current allocated memory: 0.336 MB.
INFO: [HLS 200-112] Total CPU user time: 1 seconds. Total CPU system time: 1 seconds. Total elapsed time: 13.887 seconds; peak allocated memory: 107.285 MB.
==============================================================
Vitis HLS - High-Level Synthesis from C, C++ and OpenCL v2022.2 (64-bit)
Tool Version Limit: 2019.12
Copyright 1986-2022 Xilinx, Inc. All Rights Reserved.
==============================================================
INFO: [SYN 201-201] Setting up clock 'default' with a period of 10ns.
INFO: [HLS 200-1611] Setting target device to 'xczu5eg-sfvc784-1-e'
INFO: [HLS 200-1505] Using flow_target 'vivado'
INFO: [HLS 200-1510] Running: set_part xczu5eg-sfvc784-1-e 
INFO: [HLS 200-1510] Running: create_clock -period 10 -name default 
INFO: [HLS 200-1510] Running: csim_design -quiet 
INFO: [SIM 211-2] *************** CSIM start ***************
INFO: [SIM 211-4] CSIM will launch GCC as the compiler.
ERROR: [SIM 211-100] 'csim_design' failed: nonzero return value.
INFO: [SIM 211-3] *************** CSIM finish ***************
INFO: [HLS 200-111] Finished Command csim_design CPU user time: 0 seconds. CPU system time: 0 seconds. Elapsed time: 2.324 seconds; current allocated memory: 0.473 MB.
INFO: [HLS 200-112] Total CPU user time: 1 seconds. Total CPU system time: 1 seconds. Total elapsed time: 13.677 seconds; peak allocated memory: 108.301 MB.
==============================================================
Vitis HLS - High-Level Synthesis from C, C++ and OpenCL v2022.2 (64-bit)
Tool Version Limit: 2019.12
Copyright 1986-2022 Xilinx, Inc. All Rights Reserved.
==============================================================
INFO: [SYN 201-201] Setting up clock 'default' with a period of 10ns.
INFO: [HLS 200-1611] Setting target device to 'xczu5eg-sfvc784-1-e'
INFO: [HLS 200-1505] Using flow_target 'vivado'
INFO: [HLS 200-1510] Running: set_part xczu5eg-sfvc784-1-e 
INFO: [HLS 200-1510] Running: create_clock -period 10 -name default 
INFO: [HLS 200-1510] Running: csim_design -quiet 
INFO: [SIM 211-2] *************** CSIM start ***************
INFO: [SIM 211-4] CSIM will launch GCC as the compiler.
INFO: [SIM 211-1] CSim done with 0 errors.
INFO: [SIM 211-3] *************** CSIM finish ***************
INFO: [HLS 200-111] Finished Command csim_design CPU user time: 0 seconds. CPU system time: 0 seconds. Elapsed time: 1.969 seconds; current allocated memory: 0.301 MB.
INFO: [HLS 200-112] Total CPU user time: 1 seconds. Total CPU system time: 1 seconds. Total elapsed time: 13.418 seconds; peak allocated memory: 111.594 MB.
==============================================================
Vitis HLS - High-Level Synthesis from C, C++ and OpenCL v2022.2 (64-bit)
Tool Version Limit: 2019.12
Copyright 1986-2022 Xilinx, Inc. All Rights Reserved.
==============================================================
INFO: [SYN 201-201] Setting up clock 'default' with a period of 10ns.
INFO: [HLS 200-1611] Setting target device to 'xczu5eg-sfvc784-1-e'
INFO: [HLS 200-1505] Using flow_target 'vivado'
INFO: [HLS 200-1510] Running: set_part xczu5eg-sfvc784-1-e 
INFO: [HLS 200-1510] Running: create_clock -period 10 -name default 
INFO: [HLS 200-1510] Running: csynth_design 
INFO: [HLS 200-111] Finished File checks and directory preparation: CPU user time: 0 seconds. CPU system time: 1 seconds. Elapsed time: 10.152 seconds; current allocated memory: 106.062 MB.
INFO: [HLS 200-10] Analyzing design file 'src/gtsrb_cnn.cpp' ... 
WARNING: [HLS 207-5292] unused parameter 'Hin' (src/gtsrb_cnn.cpp:5:15)
INFO: [HLS 200-111] Finished Source Code Analysis and Preprocessing: CPU user time: 1 seconds. CPU system time: 0 seconds. Elapsed time: 3.012 seconds; current allocated memory: 107.699 MB.
INFO: [HLS 200-777] Using interface defaults for 'Vivado' flow target.
INFO: [HLS 214-131] Inlining function 'fmax_argmax(int, float const*, int*)' into 'gtsrb_cnn(float*, float*, float*, float*, float*, float*, float*, float*, float*, float*, float*, float*, int*)' (src/gtsrb_cnn.cpp:184:5)
INFO: [HLS 214-291] Loop 'VITIS_LOOP_19_4' is marked as complete unroll implied by the pipeline pragma (src/gtsrb_cnn.cpp:19:34)
INFO: [HLS 214-291] Loop 'VITIS_LOOP_21_5' is marked as complete unroll implied by the pipeline pragma (src/gtsrb_cnn.cpp:21:38)
INFO: [HLS 214-291] Loop 'VITIS_LOOP_25_6' is marked as complete unroll implied by the pipeline pragma (src/gtsrb_cnn.cpp:25:42)
INFO: [HLS 214-186] Unrolling loop 'VITIS_LOOP_19_4' (src/gtsrb_cnn.cpp:19:34) in function 'conv_valid_relu' completely with a factor of 3 (src/gtsrb_cnn.cpp:12:0)
INFO: [HLS 214-186] Unrolling loop 'VITIS_LOOP_21_5' (src/gtsrb_cnn.cpp:21:38) in function 'conv_valid_relu' completely with a factor of 3 (src/gtsrb_cnn.cpp:12:0)
WARNING: [HLS 214-366] Duplicating function 'linear(int, int, float const*, float const*, float const*, bool, float*)' as different function signatures were detected between this call site and other call site(s). This may impact the resources used in the design. (src/gtsrb_cnn.cpp:181:5)
WARNING: [HLS 214-366] Duplicating function 'conv_valid_relu(int, int, int, int, int, int, float const*, float const*, float const*, int, int, float*)' as different function signatures were detected between this call site and other call site(s). This may impact the resources used in the design. (src/gtsrb_cnn.cpp:173:5)
WARNING: [HLS 214-366] Duplicating function 'conv_valid_relu(int, int, int, int, int, int, float const*, float const*, float const*, int, int, float*)' as different function signatures were detected between this call site and other call site(s). This may impact the resources used in the design. (src/gtsrb_cnn.cpp:177:5)
INFO: [HLS 214-186] Unrolling loop 'VITIS_LOOP_25_6' (src/gtsrb_cnn.cpp:25:42) in function 'conv_valid_relu' completely with a factor of 3 (src/gtsrb_cnn.cpp:12:0)
INFO: [HLS 214-115] Multiple burst reads of length 3 and bit width 32 has been inferred on bundle 'gmem5'. These burst requests might be further partitioned into multiple requests during RTL generation, based on max_read_burst_length or max_write_burst_length settings. (src/gtsrb_cnn.cpp:25:42)
INFO: [HLS 214-115] Multiple burst writes of length 43 and bit width 32 in loop 'VITIS_LOOP_83_1'(src/gtsrb_cnn.cpp:83:19) has been inferred on bundle 'gmem5'. These burst requests might be further partitioned into multiple requests during RTL generation, based on max_read_burst_length or max_write_burst_length settings. (src/gtsrb_cnn.cpp:83:19)
INFO: [HLS 214-115] Multiple burst reads of length 42 and bit width 32 in loop 'VITIS_LOOP_101_1'(src/gtsrb_cnn.cpp:101:23) has been inferred on bundle 'gmem5'. These burst requests might be further partitioned into multiple requests during RTL generation, based on max_read_burst_length or max_write_burst_length settings. (src/gtsrb_cnn.cpp:101:23)
INFO: [HLS 200-111] Finished Compiling Optimization and Transform: CPU user time: 0 seconds. CPU system time: 0 seconds. Elapsed time: 3.687 seconds; current allocated memory: 109.855 MB.
INFO: [HLS 200-111] Finished Checking Pragmas: CPU user time: 0 seconds. CPU system time: 0 seconds. Elapsed time: 0.002 seconds; current allocated memory: 109.863 MB.
INFO: [HLS 200-10] Starting code transformations ...
INFO: [HLS 200-111] Finished Standard Transforms: CPU user time: 0 seconds. CPU system time: 0 seconds. Elapsed time: 0.105 seconds; current allocated memory: 117.176 MB.
INFO: [HLS 200-10] Checking synthesizability ...
INFO: [HLS 200-111] Finished Checking Synthesizability: CPU user time: 0 seconds. CPU system time: 0 seconds. Elapsed time: 0.061 seconds; current allocated memory: 119.879 MB.
INFO: [XFORM 203-510] Pipelining loop 'VITIS_LOOP_83_1' (src/gtsrb_cnn.cpp:83) in function 'linear.2' automatically.
INFO: [XFORM 203-510] Pipelining loop 'VITIS_LOOP_86_2' (src/gtsrb_cnn.cpp:84) in function 'linear' automatically.
INFO: [XFORM 203-510] Pipelining loop 'VITIS_LOOP_101_1' (src/gtsrb_cnn.cpp:99) in function 'gtsrb_cnn' automatically.
INFO: [XFORM 203-502] Unrolling all sub-loops inside loop 'VITIS_LOOP_83_1' (src/gtsrb_cnn.cpp:83) in function 'linear.2' for pipelining.
INFO: [XFORM 203-502] Unrolling all sub-loops inside loop 'VITIS_LOOP_16_3' (src/gtsrb_cnn.cpp:16) in function 'conv_valid_relu.1' for pipelining.
INFO: [XFORM 203-502] Unrolling all sub-loops inside loop 'VITIS_LOOP_16_3' (src/gtsrb_cnn.cpp:16) in function 'conv_valid_relu.2' for pipelining.
INFO: [HLS 200-489] Unrolling loop 'VITIS_LOOP_86_2' (src/gtsrb_cnn.cpp:84) in function 'linear.2' completely with a factor of 64.
WARNING: [HLS 200-936] Cannot unroll loop 'VITIS_LOOP_25_6' (src/gtsrb_cnn.cpp:18) in function 'conv_valid_relu.1': cannot completely unroll a loop with a variable trip count.
WARNING: [HLS 200-936] Cannot unroll loop 'VITIS_LOOP_25_6' (src/gtsrb_cnn.cpp:18) in function 'conv_valid_relu.1': cannot completely unroll a loop with a variable trip count.
WARNING: [HLS 200-936] Cannot unroll loop 'VITIS_LOOP_25_6' (src/gtsrb_cnn.cpp:18) in function 'conv_valid_relu.1': cannot completely unroll a loop with a variable trip count.
WARNING: [HLS 200-936] Cannot unroll loop 'VITIS_LOOP_25_6' (src/gtsrb_cnn.cpp:18) in function 'conv_valid_relu.1': cannot completely unroll a loop with a variable trip count.
WARNING: [HLS 200-936] Cannot unroll loop 'VITIS_LOOP_25_6' (src/gtsrb_cnn.cpp:18) in function 'conv_valid_relu.1': cannot completely unroll a loop with a variable trip count.
WARNING: [HLS 200-936] Cannot unroll loop 'VITIS_LOOP_25_6' (src/gtsrb_cnn.cpp:18) in function 'conv_valid_relu.1': cannot completely unroll a loop with a variable trip count.
WARNING: [HLS 200-936] Cannot unroll loop 'VITIS_LOOP_25_6' (src/gtsrb_cnn.cpp:18) in function 'conv_valid_relu.1': cannot completely unroll a loop with a variable trip count.
WARNING: [HLS 200-936] Cannot unroll loop 'VITIS_LOOP_25_6' (src/gtsrb_cnn.cpp:18) in function 'conv_valid_relu.1': cannot completely unroll a loop with a variable trip count.
WARNING: [HLS 200-936] Cannot unroll loop 'VITIS_LOOP_25_6' (src/gtsrb_cnn.cpp:18) in function 'conv_valid_relu.1': cannot completely unroll a loop with a variable trip count.
WARNING: [HLS 200-936] Cannot unroll loop 'VITIS_LOOP_25_6' (src/gtsrb_cnn.cpp:18) in function 'conv_valid_relu.2': cannot completely unroll a loop with a variable trip count.
WARNING: [HLS 200-936] Cannot unroll loop 'VITIS_LOOP_25_6' (src/gtsrb_cnn.cpp:18) in function 'conv_valid_relu.2': cannot completely unroll a loop with a variable trip count.
WARNING: [HLS 200-936] Cannot unroll loop 'VITIS_LOOP_25_6' (src/gtsrb_cnn.cpp:18) in function 'conv_valid_relu.2': cannot completely unroll a loop with a variable trip count.
WARNING: [HLS 200-936] Cannot unroll loop 'VITIS_LOOP_25_6' (src/gtsrb_cnn.cpp:18) in function 'conv_valid_relu.2': cannot completely unroll a loop with a variable trip count.
WARNING: [HLS 200-936] Cannot unroll loop 'VITIS_LOOP_25_6' (src/gtsrb_cnn.cpp:18) in function 'conv_valid_relu.2': cannot completely unroll a loop with a variable trip count.
WARNING: [HLS 200-936] Cannot unroll loop 'VITIS_LOOP_25_6' (src/gtsrb_cnn.cpp:18) in function 'conv_valid_relu.2': cannot completely unroll a loop with a variable trip count.
WARNING: [HLS 200-936] Cannot unroll loop 'VITIS_LOOP_25_6' (src/gtsrb_cnn.cpp:18) in function 'conv_valid_relu.2': cannot completely unroll a loop with a variable trip count.
WARNING: [HLS 200-936] Cannot unroll loop 'VITIS_LOOP_25_6' (src/gtsrb_cnn.cpp:18) in function 'conv_valid_relu.2': cannot completely unroll a loop with a variable trip count.
WARNING: [HLS 200-936] Cannot unroll loop 'VITIS_LOOP_25_6' (src/gtsrb_cnn.cpp:18) in function 'conv_valid_relu.2': cannot completely unroll a loop with a variable trip count.
INFO: [HLS 200-111] Finished Loop, function and other optimizations: CPU user time: 1 seconds. CPU system time: 0 seconds. Elapsed time: 0.483 seconds; current allocated memory: 147.371 MB.
INFO: [XFORM 203-541] Flattening a loop nest 'VITIS_LOOP_49_2' (src/gtsrb_cnn.cpp:49:35) in function 'maxpool2x2_valid.2'.
INFO: [XFORM 203-541] Flattening a loop nest 'VITIS_LOOP_48_1' (src/gtsrb_cnn.cpp:48:31) in function 'maxpool2x2_valid.2'.
INFO: [XFORM 203-541] Flattening a loop nest 'VITIS_LOOP_49_2' (src/gtsrb_cnn.cpp:49:35) in function 'maxpool2x2_valid.1'.
INFO: [XFORM 203-541] Flattening a loop nest 'VITIS_LOOP_48_1' (src/gtsrb_cnn.cpp:48:31) in function 'maxpool2x2_valid.1'.
INFO: [XFORM 203-541] Flattening a loop nest 'VITIS_LOOP_49_2' (src/gtsrb_cnn.cpp:49:35) in function 'maxpool2x2_valid'.
INFO: [XFORM 203-541] Flattening a loop nest 'VITIS_LOOP_48_1' (src/gtsrb_cnn.cpp:48:31) in function 'maxpool2x2_valid'.
WARNING: [HLS 200-960] Cannot flatten loop 'VITIS_LOOP_83_1' (src/gtsrb_cnn.cpp:83:28) in function 'linear' the outer loop is not a perfect loop.
WARNING: [HLS 200-960] Cannot flatten loop 'VITIS_LOOP_16_3' (src/gtsrb_cnn.cpp:16:39) in function 'conv_valid_relu.2' more than one sub loop.
INFO: [XFORM 203-541] Flattening a loop nest 'VITIS_LOOP_15_2' (src/gtsrb_cnn.cpp:15:35) in function 'conv_valid_relu.2'.
INFO: [XFORM 203-541] Flattening a loop nest 'VITIS_LOOP_14_1' (src/gtsrb_cnn.cpp:14:28) in function 'conv_valid_relu.2'.
WARNING: [HLS 200-960] Cannot flatten loop 'VITIS_LOOP_16_3' (src/gtsrb_cnn.cpp:16:39) in function 'conv_valid_relu.1' more than one sub loop.
INFO: [XFORM 203-541] Flattening a loop nest 'VITIS_LOOP_15_2' (src/gtsrb_cnn.cpp:15:35) in function 'conv_valid_relu.1'.
INFO: [XFORM 203-541] Flattening a loop nest 'VITIS_LOOP_14_1' (src/gtsrb_cnn.cpp:14:28) in function 'conv_valid_relu.1'.
INFO: [XFORM 203-541] Flattening a loop nest 'VITIS_LOOP_15_2' (src/gtsrb_cnn.cpp:15:35) in function 'conv_valid_relu'.
INFO: [XFORM 203-541] Flattening a loop nest 'VITIS_LOOP_14_1' (src/gtsrb_cnn.cpp:14:28) in function 'conv_valid_relu'.
INFO: [HLS 200-472] Inferring partial write operation for 'feature_out' (src/gtsrb_cnn.cpp:67:55)
INFO: [HLS 200-472] Inferring partial write operation for 'fc1_out' (src/gtsrb_cnn.cpp:90:17)
INFO: [HLS 200-472] Inferring partial write operation for 'c2_out' (src/gtsrb_cnn.cpp:33:59)
INFO: [HLS 200-472] Inferring partial write operation for 'c1_out' (src/gtsrb_cnn.cpp:33:59)
INFO: [HLS 200-111] Finished Architecture Synthesis: CPU user time: 2 seconds. CPU system time: 0 seconds. Elapsed time: 2.589 seconds; current allocated memory: 256.664 MB.
INFO: [HLS 200-10] Starting hardware synthesis ...
INFO: [HLS 200-10] Synthesizing 'gtsrb_cnn' ...
WARNING: [SYN 201-103] Legalizing function name 'maxpool2x2_valid.2' to 'maxpool2x2_valid_2'.
WARNING: [SYN 201-103] Legalizing function name 'conv_valid_relu.2' to 'conv_valid_relu_2'.
WARNING: [SYN 201-103] Legalizing function name 'maxpool2x2_valid.1' to 'maxpool2x2_valid_1'.
WARNING: [SYN 201-103] Legalizing function name 'conv_valid_relu.1' to 'conv_valid_relu_1'.
WARNING: [SYN 201-103] Legalizing function name 'linear.2_Pipeline_VITIS_LOOP_83_1' to 'linear_2_Pipeline_VITIS_LOOP_83_1'.
WARNING: [SYN 201-103] Legalizing function name 'linear.2' to 'linear_2'.
INFO: [HLS 200-10] ----------------------------------------------------------------
INFO: [HLS 200-42] -- Implementing module 'conv_valid_relu' 
INFO: [HLS 200-10] ----------------------------------------------------------------
INFO: [SCHED 204-11] Starting scheduling ...
INFO: [SCHED 204-61] Pipelining loop 'VITIS_LOOP_14_1_VITIS_LOOP_15_2_VITIS_LOOP_16_3'.
WARNING: [HLS 200-880] The II Violation in module 'conv_valid_relu' (loop 'VITIS_LOOP_14_1_VITIS_LOOP_15_2_VITIS_LOOP_16_3'): Unable to enforce a carried dependence constraint (II = 1, distance = 1, offset = 1) between bus read operation ('gmem5_addr_read_2', src/gtsrb_cnn.cpp:26) on port 'gmem5' (src/gtsrb_cnn.cpp:26) and bus read operation ('gmem5_addr_read', src/gtsrb_cnn.cpp:26) on port 'gmem5' (src/gtsrb_cnn.cpp:26).
WARNING: [HLS 200-880] The II Violation in module 'conv_valid_relu' (loop 'VITIS_LOOP_14_1_VITIS_LOOP_15_2_VITIS_LOOP_16_3'): Unable to enforce a carried dependence constraint (II = 2, distance = 1, offset = 1) between bus read operation ('gmem5_addr_read_2', src/gtsrb_cnn.cpp:26) on port 'gmem5' (src/gtsrb_cnn.cpp:26) and bus read operation ('gmem5_addr_read', src/gtsrb_cnn.cpp:26) on port 'gmem5' (src/gtsrb_cnn.cpp:26).
WARNING: [HLS 200-885] The II Violation in module 'conv_valid_relu' (loop 'VITIS_LOOP_14_1_VITIS_LOOP_15_2_VITIS_LOOP_16_3'): Unable to schedule bus request operation ('gmem0_load_3_req', src/gtsrb_cnn.cpp:27) on port 'gmem0' (src/gtsrb_cnn.cpp:27) due to limited memory ports (II = 3). Please consider using a memory core with more ports or partitioning the array.
WARNING: [HLS 200-885] The II Violation in module 'conv_valid_relu' (loop 'VITIS_LOOP_14_1_VITIS_LOOP_15_2_VITIS_LOOP_16_3'): Unable to schedule bus request operation ('gmem0_load_4_req', src/gtsrb_cnn.cpp:27) on port 'gmem0' (src/gtsrb_cnn.cpp:27) due to limited memory ports (II = 4). Please consider using a memory core with more ports or partitioning the array.
WARNING: [HLS 200-885] The II Violation in module 'conv_valid_relu' (loop 'VITIS_LOOP_14_1_VITIS_LOOP_15_2_VITIS_LOOP_16_3'): Unable to schedule bus request operation ('gmem0_load_19_req', src/gtsrb_cnn.cpp:27) on port 'gmem0' (src/gtsrb_cnn.cpp:27) due to limited memory ports (II = 19). Please consider using a memory core with more ports or partitioning the array.
WARNING: [HLS 200-885] The II Violation in module 'conv_valid_relu' (loop 'VITIS_LOOP_14_1_VITIS_LOOP_15_2_VITIS_LOOP_16_3'): Unable to schedule bus request operation ('gmem0_load_27_req', src/gtsrb_cnn.cpp:27) on port 'gmem0' (src/gtsrb_cnn.cpp:27) due to limited memory ports (II = 27). Please consider using a memory core with more ports or partitioning the array.
INFO: [HLS 200-1470] Pipelining result : Target II = 1, Final II = 28, Depth = 152, loop 'VITIS_LOOP_14_1_VITIS_LOOP_15_2_VITIS_LOOP_16_3'
INFO: [SCHED 204-11] Finished scheduling.
INFO: [HLS 200-111] Finished Scheduling: CPU user time: 1 seconds. CPU system time: 0 seconds. Elapsed time: 1.445 seconds; current allocated memory: 268.828 MB.
INFO: [BIND 205-100] Starting micro-architecture generation ...
INFO: [BIND 205-101] Performing variable lifetime analysis.
INFO: [BIND 205-101] Exploring resource sharing.
INFO: [BIND 205-101] Binding ...
INFO: [BIND 205-100] Finished micro-architecture generation.
INFO: [HLS 200-111] Finished Binding: CPU user time: 1 seconds. CPU system time: 0 seconds. Elapsed time: 0.697 seconds; current allocated memory: 269.996 MB.
INFO: [HLS 200-10] ----------------------------------------------------------------
INFO: [HLS 200-42] -- Implementing module 'maxpool2x2_valid_2' 
INFO: [HLS 200-10] ----------------------------------------------------------------
INFO: [SCHED 204-11] Starting scheduling ...
INFO: [SCHED 204-61] Pipelining loop 'VITIS_LOOP_48_1_VITIS_LOOP_49_2_VITIS_LOOP_50_3'.
WARNING: [HLS 200-885] The II Violation in module 'maxpool2x2_valid_2' (loop 'VITIS_LOOP_48_1_VITIS_LOOP_49_2_VITIS_LOOP_50_3'): Unable to schedule 'load' operation ('v1', src/gtsrb_cnn.cpp:60) on array 'feature_in' due to limited memory ports (II = 1). Please consider using a memory core with more ports or partitioning the array 'feature_in'.
INFO: [HLS 200-1470] Pipelining result : Target II = 1, Final II = 2, Depth = 10, loop 'VITIS_LOOP_48_1_VITIS_LOOP_49_2_VITIS_LOOP_50_3'
INFO: [SCHED 204-11] Finished scheduling.
INFO: [HLS 200-111] Finished Scheduling: CPU user time: 1 seconds. CPU system time: 0 seconds. Elapsed time: 0.548 seconds; current allocated memory: 270.488 MB.
INFO: [BIND 205-100] Starting micro-architecture generation ...
INFO: [BIND 205-101] Performing variable lifetime analysis.
INFO: [BIND 205-101] Exploring resource sharing.
INFO: [BIND 205-101] Binding ...
INFO: [BIND 205-100] Finished micro-architecture generation.
INFO: [HLS 200-111] Finished Binding: CPU user time: 0 seconds. CPU system time: 0 seconds. Elapsed time: 0.114 seconds; current allocated memory: 270.762 MB.
INFO: [HLS 200-10] ----------------------------------------------------------------
INFO: [HLS 200-42] -- Implementing module 'conv_valid_relu_2' 
INFO: [HLS 200-10] ----------------------------------------------------------------
INFO: [SCHED 204-11] Starting scheduling ...
WARNING: [SCHED 204-65] Unable to satisfy pipeline directive for loop 'VITIS_LOOP_14_1_VITIS_LOOP_15_2_VITIS_LOOP_16_3': contains subloop(s) that are not unrolled or flattened.
INFO: [SCHED 204-11] Finished scheduling.
INFO: [HLS 200-111] Finished Scheduling: CPU user time: 0 seconds. CPU system time: 0 seconds. Elapsed time: 0.559 seconds; current allocated memory: 274.066 MB.
INFO: [BIND 205-100] Starting micro-architecture generation ...
INFO: [BIND 205-101] Performing variable lifetime analysis.
INFO: [BIND 205-101] Exploring resource sharing.
INFO: [BIND 205-101] Binding ...
INFO: [BIND 205-100] Finished micro-architecture generation.
INFO: [HLS 200-111] Finished Binding: CPU user time: 1 seconds. CPU system time: 0 seconds. Elapsed time: 0.605 seconds; current allocated memory: 274.465 MB.
INFO: [HLS 200-10] ----------------------------------------------------------------
INFO: [HLS 200-42] -- Implementing module 'maxpool2x2_valid_1' 
INFO: [HLS 200-10] ----------------------------------------------------------------
INFO: [SCHED 204-11] Starting scheduling ...
INFO: [SCHED 204-61] Pipelining loop 'VITIS_LOOP_48_1_VITIS_LOOP_49_2_VITIS_LOOP_50_3'.
WARNING: [HLS 200-885] The II Violation in module 'maxpool2x2_valid_1' (loop 'VITIS_LOOP_48_1_VITIS_LOOP_49_2_VITIS_LOOP_50_3'): Unable to schedule 'load' operation ('v1', src/gtsrb_cnn.cpp:60) on array 'feature_in' due to limited memory ports (II = 1). Please consider using a memory core with more ports or partitioning the array 'feature_in'.
INFO: [HLS 200-1470] Pipelining result : Target II = 1, Final II = 2, Depth = 9, loop 'VITIS_LOOP_48_1_VITIS_LOOP_49_2_VITIS_LOOP_50_3'
INFO: [SCHED 204-11] Finished scheduling.
INFO: [HLS 200-111] Finished Scheduling: CPU user time: 0 seconds. CPU system time: 0 seconds. Elapsed time: 0.427 seconds; current allocated memory: 275.359 MB.
INFO: [BIND 205-100] Starting micro-architecture generation ...
INFO: [BIND 205-101] Performing variable lifetime analysis.
INFO: [BIND 205-101] Exploring resource sharing.
INFO: [BIND 205-101] Binding ...
INFO: [BIND 205-100] Finished micro-architecture generation.
INFO: [HLS 200-111] Finished Binding: CPU user time: 0 seconds. CPU system time: 0 seconds. Elapsed time: 0.116 seconds; current allocated memory: 275.477 MB.
INFO: [HLS 200-10] ----------------------------------------------------------------
INFO: [HLS 200-42] -- Implementing module 'conv_valid_relu_1' 
INFO: [HLS 200-10] ----------------------------------------------------------------
INFO: [SCHED 204-11] Starting scheduling ...
WARNING: [SCHED 204-65] Unable to satisfy pipeline directive for loop 'VITIS_LOOP_14_1_VITIS_LOOP_15_2_VITIS_LOOP_16_3': contains subloop(s) that are not unrolled or flattened.
INFO: [SCHED 204-11] Finished scheduling.
INFO: [HLS 200-111] Finished Scheduling: CPU user time: 1 seconds. CPU system time: 0 seconds. Elapsed time: 0.553 seconds; current allocated memory: 278.953 MB.
INFO: [BIND 205-100] Starting micro-architecture generation ...
INFO: [BIND 205-101] Performing variable lifetime analysis.
INFO: [BIND 205-101] Exploring resource sharing.
INFO: [BIND 205-101] Binding ...
INFO: [BIND 205-100] Finished micro-architecture generation.
INFO: [HLS 200-111] Finished Binding: CPU user time: 0 seconds. CPU system time: 0 seconds. Elapsed time: 0.579 seconds; current allocated memory: 279.305 MB.
INFO: [HLS 200-10] ----------------------------------------------------------------
INFO: [HLS 200-42] -- Implementing module 'maxpool2x2_valid' 
INFO: [HLS 200-10] ----------------------------------------------------------------
INFO: [SCHED 204-11] Starting scheduling ...
INFO: [SCHED 204-61] Pipelining loop 'VITIS_LOOP_48_1_VITIS_LOOP_49_2_VITIS_LOOP_50_3'.
WARNING: [HLS 200-885] The II Violation in module 'maxpool2x2_valid' (loop 'VITIS_LOOP_48_1_VITIS_LOOP_49_2_VITIS_LOOP_50_3'): Unable to schedule 'load' operation ('v1', src/gtsrb_cnn.cpp:60) on array 'feature_in' due to limited memory ports (II = 1). Please consider using a memory core with more ports or partitioning the array 'feature_in'.
INFO: [HLS 200-1470] Pipelining result : Target II = 1, Final II = 2, Depth = 9, loop 'VITIS_LOOP_48_1_VITIS_LOOP_49_2_VITIS_LOOP_50_3'
INFO: [SCHED 204-11] Finished scheduling.
INFO: [HLS 200-111] Finished Scheduling: CPU user time: 1 seconds. CPU system time: 0 seconds. Elapsed time: 0.402 seconds; current allocated memory: 279.793 MB.
INFO: [BIND 205-100] Starting micro-architecture generation ...
INFO: [BIND 205-101] Performing variable lifetime analysis.
INFO: [BIND 205-101] Exploring resource sharing.
INFO: [BIND 205-101] Binding ...
INFO: [BIND 205-100] Finished micro-architecture generation.
INFO: [HLS 200-111] Finished Binding: CPU user time: 0 seconds. CPU system time: 0 seconds. Elapsed time: 0.103 seconds; current allocated memory: 280.008 MB.
INFO: [HLS 200-10] ----------------------------------------------------------------
INFO: [HLS 200-42] -- Implementing module 'linear_Pipeline_VITIS_LOOP_86_2' 
INFO: [HLS 200-10] ----------------------------------------------------------------
INFO: [SCHED 204-11] Starting scheduling ...
INFO: [SCHED 204-61] Pipelining loop 'VITIS_LOOP_86_2'.
WARNING: [HLS 200-880] The II Violation in module 'linear_Pipeline_VITIS_LOOP_86_2' (loop 'VITIS_LOOP_86_2'): Unable to enforce a carried dependence constraint (II = 1, distance = 1, offset = 0) between 'store' operation ('acc_1_write_ln87', src/gtsrb_cnn.cpp:87) of variable 'acc', src/gtsrb_cnn.cpp:87 on local variable 'acc' and 'load' operation ('acc_1_load', src/gtsrb_cnn.cpp:87) on local variable 'acc'.
WARNING: [HLS 200-880] The II Violation in module 'linear_Pipeline_VITIS_LOOP_86_2' (loop 'VITIS_LOOP_86_2'): Unable to enforce a carried dependence constraint (II = 2, distance = 1, offset = 0) between 'store' operation ('acc_1_write_ln87', src/gtsrb_cnn.cpp:87) of variable 'acc', src/gtsrb_cnn.cpp:87 on local variable 'acc' and 'load' operation ('acc_1_load', src/gtsrb_cnn.cpp:87) on local variable 'acc'.
WARNING: [HLS 200-880] The II Violation in module 'linear_Pipeline_VITIS_LOOP_86_2' (loop 'VITIS_LOOP_86_2'): Unable to enforce a carried dependence constraint (II = 3, distance = 1, offset = 0) between 'store' operation ('acc_1_write_ln87', src/gtsrb_cnn.cpp:87) of variable 'acc', src/gtsrb_cnn.cpp:87 on local variable 'acc' and 'load' operation ('acc_1_load', src/gtsrb_cnn.cpp:87) on local variable 'acc'.
INFO: [HLS 200-1470] Pipelining result : Target II = NA, Final II = 4, Depth = 20, loop 'VITIS_LOOP_86_2'
INFO: [SCHED 204-11] Finished scheduling.
INFO: [HLS 200-111] Finished Scheduling: CPU user time: 0 seconds. CPU system time: 0 seconds. Elapsed time: 0.208 seconds; current allocated memory: 280.441 MB.
INFO: [BIND 205-100] Starting micro-architecture generation ...
INFO: [BIND 205-101] Performing variable lifetime analysis.
INFO: [BIND 205-101] Exploring resource sharing.
INFO: [BIND 205-101] Binding ...
INFO: [BIND 205-100] Finished micro-architecture generation.
INFO: [HLS 200-111] Finished Binding: CPU user time: 0 seconds. CPU system time: 0 seconds. Elapsed time: 0.09 seconds; current allocated memory: 280.441 MB.
INFO: [HLS 200-10] ----------------------------------------------------------------
INFO: [HLS 200-42] -- Implementing module 'linear' 
INFO: [HLS 200-10] ----------------------------------------------------------------
INFO: [SCHED 204-11] Starting scheduling ...
INFO: [SCHED 204-11] Finished scheduling.
INFO: [HLS 200-111] Finished Scheduling: CPU user time: 0 seconds. CPU system time: 0 seconds. Elapsed time: 0.077 seconds; current allocated memory: 280.828 MB.
INFO: [BIND 205-100] Starting micro-architecture generation ...
INFO: [BIND 205-101] Performing variable lifetime analysis.
INFO: [BIND 205-101] Exploring resource sharing.
INFO: [BIND 205-101] Binding ...
INFO: [BIND 205-100] Finished micro-architecture generation.
INFO: [HLS 200-111] Finished Binding: CPU user time: 0 seconds. CPU system time: 0 seconds. Elapsed time: 0.054 seconds; current allocated memory: 280.945 MB.
INFO: [HLS 200-10] ----------------------------------------------------------------
INFO: [HLS 200-42] -- Implementing module 'linear_2_Pipeline_VITIS_LOOP_83_1' 
INFO: [HLS 200-10] ----------------------------------------------------------------
INFO: [SCHED 204-11] Starting scheduling ...
INFO: [SCHED 204-61] Pipelining loop 'VITIS_LOOP_83_1'.
WARNING: [HLS 200-885] The II Violation in module 'linear_2_Pipeline_VITIS_LOOP_83_1' (loop 'VITIS_LOOP_83_1'): Unable to schedule bus request operation ('gmem4_load_1_req', src/gtsrb_cnn.cpp:87) on port 'gmem4' (src/gtsrb_cnn.cpp:87) due to limited memory ports (II = 1). Please consider using a memory core with more ports or partitioning the array.
WARNING: [HLS 200-885] The II Violation in module 'linear_2_Pipeline_VITIS_LOOP_83_1' (loop 'VITIS_LOOP_83_1'): Unable to schedule bus request operation ('gmem4_load_2_req', src/gtsrb_cnn.cpp:87) on port 'gmem4' (src/gtsrb_cnn.cpp:87) due to limited memory ports (II = 2). Please consider using a memory core with more ports or partitioning the array.
WARNING: [HLS 200-885] The II Violation in module 'linear_2_Pipeline_VITIS_LOOP_83_1' (loop 'VITIS_LOOP_83_1'): Unable to schedule bus request operation ('gmem4_load_3_req', src/gtsrb_cnn.cpp:87) on port 'gmem4' (src/gtsrb_cnn.cpp:87) due to limited memory ports (II = 3). Please consider using a memory core with more ports or partitioning the array.
WARNING: [HLS 200-885] The II Violation in module 'linear_2_Pipeline_VITIS_LOOP_83_1' (loop 'VITIS_LOOP_83_1'): Unable to schedule bus request operation ('gmem4_load_4_req', src/gtsrb_cnn.cpp:87) on port 'gmem4' (src/gtsrb_cnn.cpp:87) due to limited memory ports (II = 4). Please consider using a memory core with more ports or partitioning the array.
WARNING: [HLS 200-885] The II Violation in module 'linear_2_Pipeline_VITIS_LOOP_83_1' (loop 'VITIS_LOOP_83_1'): Unable to schedule bus request operation ('gmem4_load_35_req', src/gtsrb_cnn.cpp:87) on port 'gmem4' (src/gtsrb_cnn.cpp:87) due to limited memory ports (II = 35). Please consider using a memory core with more ports or partitioning the array.
WARNING: [HLS 200-885] The II Violation in module 'linear_2_Pipeline_VITIS_LOOP_83_1' (loop 'VITIS_LOOP_83_1'): Unable to schedule bus request operation ('gmem4_load_51_req', src/gtsrb_cnn.cpp:87) on port 'gmem4' (src/gtsrb_cnn.cpp:87) due to limited memory ports (II = 51). Please consider using a memory core with more ports or partitioning the array.
WARNING: [HLS 200-885] The II Violation in module 'linear_2_Pipeline_VITIS_LOOP_83_1' (loop 'VITIS_LOOP_83_1'): Unable to schedule bus request operation ('gmem4_load_59_req', src/gtsrb_cnn.cpp:87) on port 'gmem4' (src/gtsrb_cnn.cpp:87) due to limited memory ports (II = 59). Please consider using a memory core with more ports or partitioning the array.
WARNING: [HLS 200-885] The II Violation in module 'linear_2_Pipeline_VITIS_LOOP_83_1' (loop 'VITIS_LOOP_83_1'): Unable to schedule bus request operation ('gmem4_load_63_req', src/gtsrb_cnn.cpp:87) on port 'gmem4' (src/gtsrb_cnn.cpp:87) due to limited memory ports (II = 63). Please consider using a memory core with more ports or partitioning the array.
WARNING: [HLS 200-885] The II Violation in module 'linear_2_Pipeline_VITIS_LOOP_83_1' (loop 'VITIS_LOOP_83_1'): Unable to schedule bus request operation ('gmem4_load_64_req', src/gtsrb_cnn.cpp:87) on port 'gmem4' (src/gtsrb_cnn.cpp:87) due to limited memory ports (II = 64). Please consider using a memory core with more ports or partitioning the array.
INFO: [HLS 200-1470] Pipelining result : Target II = NA, Final II = 65, Depth = 339, loop 'VITIS_LOOP_83_1'
INFO: [SCHED 204-11] Finished scheduling.
INFO: [HLS 200-111] Finished Scheduling: CPU user time: 2 seconds. CPU system time: 0 seconds. Elapsed time: 2.205 seconds; current allocated memory: 290.199 MB.
INFO: [BIND 205-100] Starting micro-architecture generation ...
INFO: [BIND 205-101] Performing variable lifetime analysis.
INFO: [BIND 205-101] Exploring resource sharing.
INFO: [BIND 205-101] Binding ...
INFO: [BIND 205-100] Finished micro-architecture generation.
INFO: [HLS 200-111] Finished Binding: CPU user time: 2 seconds. CPU system time: 0 seconds. Elapsed time: 1.425 seconds; current allocated memory: 291.930 MB.
INFO: [HLS 200-10] ----------------------------------------------------------------
INFO: [HLS 200-42] -- Implementing module 'linear_2' 
INFO: [HLS 200-10] ----------------------------------------------------------------
INFO: [SCHED 204-11] Starting scheduling ...
INFO: [SCHED 204-11] Finished scheduling.
INFO: [HLS 200-111] Finished Scheduling: CPU user time: 1 seconds. CPU system time: 0 seconds. Elapsed time: 0.864 seconds; current allocated memory: 292.648 MB.
INFO: [BIND 205-100] Starting micro-architecture generation ...
INFO: [BIND 205-101] Performing variable lifetime analysis.
INFO: [BIND 205-101] Exploring resource sharing.
INFO: [BIND 205-101] Binding ...
INFO: [BIND 205-100] Finished micro-architecture generation.
INFO: [HLS 200-111] Finished Binding: CPU user time: 0 seconds. CPU system time: 0 seconds. Elapsed time: 0.104 seconds; current allocated memory: 292.812 MB.
INFO: [HLS 200-10] ----------------------------------------------------------------
INFO: [HLS 200-42] -- Implementing module 'gtsrb_cnn_Pipeline_VITIS_LOOP_101_1' 
INFO: [HLS 200-10] ----------------------------------------------------------------
INFO: [SCHED 204-11] Starting scheduling ...
INFO: [SCHED 204-61] Pipelining loop 'VITIS_LOOP_101_1'.
INFO: [HLS 200-1470] Pipelining result : Target II = NA, Final II = 1, Depth = 4, loop 'VITIS_LOOP_101_1'
INFO: [SCHED 204-11] Finished scheduling.
INFO: [HLS 200-111] Finished Scheduling: CPU user time: 0 seconds. CPU system time: 0 seconds. Elapsed time: 0.25 seconds; current allocated memory: 292.941 MB.
INFO: [BIND 205-100] Starting micro-architecture generation ...
INFO: [BIND 205-101] Performing variable lifetime analysis.
INFO: [BIND 205-101] Exploring resource sharing.
INFO: [BIND 205-101] Binding ...
INFO: [BIND 205-100] Finished micro-architecture generation.
INFO: [HLS 200-111] Finished Binding: CPU user time: 0 seconds. CPU system time: 0 seconds. Elapsed time: 0.04 seconds; current allocated memory: 293.180 MB.
INFO: [HLS 200-10] ----------------------------------------------------------------
INFO: [HLS 200-42] -- Implementing module 'gtsrb_cnn' 
INFO: [HLS 200-10] ----------------------------------------------------------------
INFO: [SCHED 204-11] Starting scheduling ...
INFO: [SCHED 204-11] Finished scheduling.
INFO: [HLS 200-111] Finished Scheduling: CPU user time: 0 seconds. CPU system time: 0 seconds. Elapsed time: 0.091 seconds; current allocated memory: 293.508 MB.
INFO: [BIND 205-100] Starting micro-architecture generation ...
INFO: [BIND 205-101] Performing variable lifetime analysis.
INFO: [BIND 205-101] Exploring resource sharing.
INFO: [BIND 205-101] Binding ...
INFO: [BIND 205-100] Finished micro-architecture generation.
INFO: [HLS 200-111] Finished Binding: CPU user time: 0 seconds. CPU system time: 0 seconds. Elapsed time: 0.424 seconds; current allocated memory: 294.223 MB.
INFO: [HLS 200-10] ----------------------------------------------------------------
INFO: [HLS 200-10] -- Generating RTL for module 'conv_valid_relu' 
INFO: [HLS 200-10] ----------------------------------------------------------------
INFO: [HLS 200-1030] Apply Unified Pipeline Control on module 'conv_valid_relu' pipeline 'VITIS_LOOP_14_1_VITIS_LOOP_15_2_VITIS_LOOP_16_3' pipeline type 'loop pipeline'
INFO: [RTGEN 206-100] Generating core module 'fadd_32ns_32ns_32_5_full_dsp_1': 1 instance(s).
INFO: [RTGEN 206-100] Generating core module 'fcmp_32ns_32ns_1_2_no_dsp_1': 1 instance(s).
INFO: [RTGEN 206-100] Generating core module 'fmul_32ns_32ns_32_4_max_dsp_1': 1 instance(s).
INFO: [RTGEN 206-100] Generating core module 'mul_5ns_8ns_12_1_1': 2 instance(s).
INFO: [RTGEN 206-100] Finished creating RTL model for 'conv_valid_relu'.
INFO: [HLS 200-111] Finished Creating RTL model: CPU user time: 2 seconds. CPU system time: 0 seconds. Elapsed time: 1.174 seconds; current allocated memory: 301.234 MB.
INFO: [HLS 200-10] ----------------------------------------------------------------
INFO: [HLS 200-10] -- Generating RTL for module 'maxpool2x2_valid_2' 
INFO: [HLS 200-10] ----------------------------------------------------------------
INFO: [HLS 200-1030] Apply Unified Pipeline Control on module 'maxpool2x2_valid_2' pipeline 'VITIS_LOOP_48_1_VITIS_LOOP_49_2_VITIS_LOOP_50_3' pipeline type 'loop pipeline'
INFO: [RTGEN 206-100] Generating core module 'fcmp_32ns_32ns_1_2_no_dsp_1': 2 instance(s).
INFO: [RTGEN 206-100] Finished creating RTL model for 'maxpool2x2_valid_2'.
INFO: [HLS 200-111] Finished Creating RTL model: CPU user time: 1 seconds. CPU system time: 0 seconds. Elapsed time: 1.359 seconds; current allocated memory: 312.117 MB.
INFO: [HLS 200-10] ----------------------------------------------------------------
INFO: [HLS 200-10] -- Generating RTL for module 'conv_valid_relu_2' 
INFO: [HLS 200-10] ----------------------------------------------------------------
INFO: [RTGEN 206-100] Generating core module 'fadd_32ns_32ns_32_5_full_dsp_1': 1 instance(s).
INFO: [RTGEN 206-100] Generating core module 'fcmp_32ns_32ns_1_2_no_dsp_1': 1 instance(s).
INFO: [RTGEN 206-100] Generating core module 'fmul_32ns_32ns_32_4_max_dsp_1': 1 instance(s).
INFO: [RTGEN 206-100] Finished creating RTL model for 'conv_valid_relu_2'.
INFO: [HLS 200-111] Finished Creating RTL model: CPU user time: 0 seconds. CPU system time: 0 seconds. Elapsed time: 0.587 seconds; current allocated memory: 317.582 MB.
INFO: [HLS 200-10] ----------------------------------------------------------------
INFO: [HLS 200-10] -- Generating RTL for module 'maxpool2x2_valid_1' 
INFO: [HLS 200-10] ----------------------------------------------------------------
INFO: [HLS 200-1030] Apply Unified Pipeline Control on module 'maxpool2x2_valid_1' pipeline 'VITIS_LOOP_48_1_VITIS_LOOP_49_2_VITIS_LOOP_50_3' pipeline type 'loop pipeline'
INFO: [RTGEN 206-100] Generating core module 'fcmp_32ns_32ns_1_2_no_dsp_1': 2 instance(s).
INFO: [RTGEN 206-100] Finished creating RTL model for 'maxpool2x2_valid_1'.
INFO: [HLS 200-111] Finished Creating RTL model: CPU user time: 1 seconds. CPU system time: 1 seconds. Elapsed time: 0.898 seconds; current allocated memory: 324.539 MB.
INFO: [HLS 200-10] ----------------------------------------------------------------
INFO: [HLS 200-10] -- Generating RTL for module 'conv_valid_relu_1' 
INFO: [HLS 200-10] ----------------------------------------------------------------
INFO: [RTGEN 206-100] Generating core module 'fadd_32ns_32ns_32_5_full_dsp_1': 1 instance(s).
INFO: [RTGEN 206-100] Generating core module 'fcmp_32ns_32ns_1_2_no_dsp_1': 1 instance(s).
INFO: [RTGEN 206-100] Generating core module 'fmul_32ns_32ns_32_4_max_dsp_1': 1 instance(s).
INFO: [RTGEN 206-100] Finished creating RTL model for 'conv_valid_relu_1'.
INFO: [HLS 200-111] Finished Creating RTL model: CPU user time: 0 seconds. CPU system time: 0 seconds. Elapsed time: 0.615 seconds; current allocated memory: 330.539 MB.
INFO: [HLS 200-10] ----------------------------------------------------------------
INFO: [HLS 200-10] -- Generating RTL for module 'maxpool2x2_valid' 
INFO: [HLS 200-10] ----------------------------------------------------------------
INFO: [HLS 200-1030] Apply Unified Pipeline Control on module 'maxpool2x2_valid' pipeline 'VITIS_LOOP_48_1_VITIS_LOOP_49_2_VITIS_LOOP_50_3' pipeline type 'loop pipeline'
INFO: [RTGEN 206-100] Generating core module 'fcmp_32ns_32ns_1_2_no_dsp_1': 2 instance(s).
INFO: [RTGEN 206-100] Finished creating RTL model for 'maxpool2x2_valid'.
INFO: [HLS 200-111] Finished Creating RTL model: CPU user time: 1 seconds. CPU system time: 0 seconds. Elapsed time: 0.902 seconds; current allocated memory: 337.902 MB.
INFO: [HLS 200-10] ----------------------------------------------------------------
INFO: [HLS 200-10] -- Generating RTL for module 'linear_Pipeline_VITIS_LOOP_86_2' 
INFO: [HLS 200-10] ----------------------------------------------------------------
INFO: [HLS 200-1030] Apply Unified Pipeline Control on module 'linear_Pipeline_VITIS_LOOP_86_2' pipeline 'VITIS_LOOP_86_2' pipeline type 'loop pipeline'
INFO: [RTGEN 206-100] Generating core module 'fadd_32ns_32ns_32_5_full_dsp_1': 1 instance(s).
INFO: [RTGEN 206-100] Generating core module 'fcmp_32ns_32ns_1_2_no_dsp_1': 1 instance(s).
INFO: [RTGEN 206-100] Generating core module 'fmul_32ns_32ns_32_4_max_dsp_1': 1 instance(s).
INFO: [RTGEN 206-100] Finished creating RTL model for 'linear_Pipeline_VITIS_LOOP_86_2'.
INFO: [HLS 200-111] Finished Creating RTL model: CPU user time: 0 seconds. CPU system time: 0 seconds. Elapsed time: 0.465 seconds; current allocated memory: 340.918 MB.
INFO: [HLS 200-10] ----------------------------------------------------------------
INFO: [HLS 200-10] -- Generating RTL for module 'linear' 
INFO: [HLS 200-10] ----------------------------------------------------------------
WARNING: [RTGEN 206-101] Setting dangling out port 'linear/grp_fu_574_p_opcode' to 0.
INFO: [RTGEN 206-100] Generating core module 'fadd_32ns_32ns_32_5_full_dsp_1': 1 instance(s).
INFO: [RTGEN 206-100] Generating core module 'fcmp_32ns_32ns_1_2_no_dsp_1': 1 instance(s).
INFO: [RTGEN 206-100] Generating core module 'fmul_32ns_32ns_32_4_max_dsp_1': 1 instance(s).
INFO: [RTGEN 206-100] Finished creating RTL model for 'linear'.
INFO: [HLS 200-111] Finished Creating RTL model: CPU user time: 0 seconds. CPU system time: 0 seconds. Elapsed time: 0.18 seconds; current allocated memory: 342.371 MB.
INFO: [HLS 200-10] ----------------------------------------------------------------
INFO: [HLS 200-10] -- Generating RTL for module 'linear_2_Pipeline_VITIS_LOOP_83_1' 
INFO: [HLS 200-10] ----------------------------------------------------------------
INFO: [HLS 200-1030] Apply Unified Pipeline Control on module 'linear_2_Pipeline_VITIS_LOOP_83_1' pipeline 'VITIS_LOOP_83_1' pipeline type 'loop pipeline'
WARNING: [RTGEN 206-101] Setting dangling out port 'linear_2_Pipeline_VITIS_LOOP_83_1/m_axi_gmem5_AWVALID' to 0.
WARNING: [RTGEN 206-101] Setting dangling out port 'linear_2_Pipeline_VITIS_LOOP_83_1/m_axi_gmem5_AWADDR' to 0.
WARNING: [RTGEN 206-101] Setting dangling out port 'linear_2_Pipeline_VITIS_LOOP_83_1/m_axi_gmem5_AWID' to 0.
WARNING: [RTGEN 206-101] Setting dangling out port 'linear_2_Pipeline_VITIS_LOOP_83_1/m_axi_gmem5_AWLEN' to 0.
WARNING: [RTGEN 206-101] Setting dangling out port 'linear_2_Pipeline_VITIS_LOOP_83_1/m_axi_gmem5_AWSIZE' to 0.
WARNING: [RTGEN 206-101] Setting dangling out port 'linear_2_Pipeline_VITIS_LOOP_83_1/m_axi_gmem5_AWBURST' to 0.
WARNING: [RTGEN 206-101] Setting dangling out port 'linear_2_Pipeline_VITIS_LOOP_83_1/m_axi_gmem5_AWLOCK' to 0.
WARNING: [RTGEN 206-101] Setting dangling out port 'linear_2_Pipeline_VITIS_LOOP_83_1/m_axi_gmem5_AWCACHE' to 0.
WARNING: [RTGEN 206-101] Setting dangling out port 'linear_2_Pipeline_VITIS_LOOP_83_1/m_axi_gmem5_AWPROT' to 0.
WARNING: [RTGEN 206-101] Setting dangling out port 'linear_2_Pipeline_VITIS_LOOP_83_1/m_axi_gmem5_AWQOS' to 0.
WARNING: [RTGEN 206-101] Setting dangling out port 'linear_2_Pipeline_VITIS_LOOP_83_1/m_axi_gmem5_AWREGION' to 0.
WARNING: [RTGEN 206-101] Setting dangling out port 'linear_2_Pipeline_VITIS_LOOP_83_1/m_axi_gmem5_AWUSER' to 0.
WARNING: [RTGEN 206-101] Setting dangling out port 'linear_2_Pipeline_VITIS_LOOP_83_1/m_axi_gmem5_BREADY' to 0.
INFO: [RTGEN 206-100] Generating core module 'fadd_32ns_32ns_32_5_full_dsp_1': 1 instance(s).
INFO: [RTGEN 206-100] Generating core module 'fmul_32ns_32ns_32_4_max_dsp_1': 1 instance(s).
INFO: [RTGEN 206-100] Finished creating RTL model for 'linear_2_Pipeline_VITIS_LOOP_83_1'.
INFO: [HLS 200-111] Finished Creating RTL model: CPU user time: 1 seconds. CPU system time: 0 seconds. Elapsed time: 0.498 seconds; current allocated memory: 354.363 MB.
INFO: [HLS 200-10] ----------------------------------------------------------------
INFO: [HLS 200-10] -- Generating RTL for module 'linear_2' 
INFO: [HLS 200-10] ----------------------------------------------------------------
WARNING: [RTGEN 206-101] Setting dangling out port 'linear_2/grp_fu_574_p_opcode' to 0.
INFO: [RTGEN 206-100] Generating core module 'fadd_32ns_32ns_32_5_full_dsp_1': 1 instance(s).
INFO: [RTGEN 206-100] Generating core module 'fmul_32ns_32ns_32_4_max_dsp_1': 1 instance(s).
INFO: [RTGEN 206-100] Finished creating RTL model for 'linear_2'.
INFO: [HLS 200-111] Finished Creating RTL model: CPU user time: 2 seconds. CPU system time: 1 seconds. Elapsed time: 2.55 seconds; current allocated memory: 373.602 MB.
INFO: [HLS 200-10] ----------------------------------------------------------------
INFO: [HLS 200-10] -- Generating RTL for module 'gtsrb_cnn_Pipeline_VITIS_LOOP_101_1' 
INFO: [HLS 200-10] ----------------------------------------------------------------
INFO: [HLS 200-1030] Apply Unified Pipeline Control on module 'gtsrb_cnn_Pipeline_VITIS_LOOP_101_1' pipeline 'VITIS_LOOP_101_1' pipeline type 'loop pipeline'
WARNING: [RTGEN 206-101] Setting dangling out port 'gtsrb_cnn_Pipeline_VITIS_LOOP_101_1/m_axi_gmem5_ARVALID' to 0.
WARNING: [RTGEN 206-101] Setting dangling out port 'gtsrb_cnn_Pipeline_VITIS_LOOP_101_1/m_axi_gmem5_ARADDR' to 0.
WARNING: [RTGEN 206-101] Setting dangling out port 'gtsrb_cnn_Pipeline_VITIS_LOOP_101_1/m_axi_gmem5_ARID' to 0.
WARNING: [RTGEN 206-101] Setting dangling out port 'gtsrb_cnn_Pipeline_VITIS_LOOP_101_1/m_axi_gmem5_ARLEN' to 0.
WARNING: [RTGEN 206-101] Setting dangling out port 'gtsrb_cnn_Pipeline_VITIS_LOOP_101_1/m_axi_gmem5_ARSIZE' to 0.
WARNING: [RTGEN 206-101] Setting dangling out port 'gtsrb_cnn_Pipeline_VITIS_LOOP_101_1/m_axi_gmem5_ARBURST' to 0.
WARNING: [RTGEN 206-101] Setting dangling out port 'gtsrb_cnn_Pipeline_VITIS_LOOP_101_1/m_axi_gmem5_ARLOCK' to 0.
WARNING: [RTGEN 206-101] Setting dangling out port 'gtsrb_cnn_Pipeline_VITIS_LOOP_101_1/m_axi_gmem5_ARCACHE' to 0.
WARNING: [RTGEN 206-101] Setting dangling out port 'gtsrb_cnn_Pipeline_VITIS_LOOP_101_1/m_axi_gmem5_ARPROT' to 0.
WARNING: [RTGEN 206-101] Setting dangling out port 'gtsrb_cnn_Pipeline_VITIS_LOOP_101_1/m_axi_gmem5_ARQOS' to 0.
WARNING: [RTGEN 206-101] Setting dangling out port 'gtsrb_cnn_Pipeline_VITIS_LOOP_101_1/m_axi_gmem5_ARREGION' to 0.
WARNING: [RTGEN 206-101] Setting dangling out port 'gtsrb_cnn_Pipeline_VITIS_LOOP_101_1/m_axi_gmem5_ARUSER' to 0.
INFO: [RTGEN 206-100] Generating core module 'fcmp_32ns_32ns_1_2_no_dsp_1': 1 instance(s).
INFO: [RTGEN 206-100] Finished creating RTL model for 'gtsrb_cnn_Pipeline_VITIS_LOOP_101_1'.
INFO: [HLS 200-111] Finished Creating RTL model: CPU user time: 0 seconds. CPU system time: 0 seconds. Elapsed time: 0.342 seconds; current allocated memory: 373.602 MB.
INFO: [HLS 200-10] ----------------------------------------------------------------
INFO: [HLS 200-10] -- Generating RTL for module 'gtsrb_cnn' 
INFO: [HLS 200-10] ----------------------------------------------------------------
WARNING: [RTGEN 206-101] Design contains AXI ports. Reset is fixed to synchronous and active low.
INFO: [RTGEN 206-500] Setting interface mode on port 'gtsrb_cnn/gmem0' to 'm_axi'.
INFO: [RTGEN 206-500] Setting interface mode on port 'gtsrb_cnn/gmem1' to 'm_axi'.
INFO: [RTGEN 206-500] Setting interface mode on port 'gtsrb_cnn/gmem2' to 'm_axi'.
INFO: [RTGEN 206-500] Setting interface mode on port 'gtsrb_cnn/gmem3' to 'm_axi'.
INFO: [RTGEN 206-500] Setting interface mode on port 'gtsrb_cnn/gmem4' to 'm_axi'.
INFO: [RTGEN 206-500] Setting interface mode on port 'gtsrb_cnn/gmem5' to 'm_axi'.
INFO: [RTGEN 206-500] Setting interface mode on port 'gtsrb_cnn/w_c1' to 's_axilite & ap_none'.
INFO: [RTGEN 206-500] Setting interface mode on port 'gtsrb_cnn/b_c1' to 's_axilite & ap_none'.
INFO: [RTGEN 206-500] Setting interface mode on port 'gtsrb_cnn/w_c2' to 's_axilite & ap_none'.
INFO: [RTGEN 206-500] Setting interface mode on port 'gtsrb_cnn/b_c2' to 's_axilite & ap_none'.
INFO: [RTGEN 206-500] Setting interface mode on port 'gtsrb_cnn/w_c3' to 's_axilite & ap_none'.
INFO: [RTGEN 206-500] Setting interface mode on port 'gtsrb_cnn/b_c3' to 's_axilite & ap_none'.
INFO: [RTGEN 206-500] Setting interface mode on port 'gtsrb_cnn/w_fc1' to 's_axilite & ap_none'.
INFO: [RTGEN 206-500] Setting interface mode on port 'gtsrb_cnn/b_fc1' to 's_axilite & ap_none'.
INFO: [RTGEN 206-500] Setting interface mode on port 'gtsrb_cnn/w_fc2' to 's_axilite & ap_none'.
INFO: [RTGEN 206-500] Setting interface mode on port 'gtsrb_cnn/b_fc2' to 's_axilite & ap_none'.
INFO: [RTGEN 206-500] Setting interface mode on port 'gtsrb_cnn/feature_in' to 's_axilite & ap_none'.
INFO: [RTGEN 206-500] Setting interface mode on port 'gtsrb_cnn/logits_out' to 's_axilite & ap_none'.
INFO: [RTGEN 206-500] Setting interface mode on port 'gtsrb_cnn/top1' to 's_axilite & ap_none'.
INFO: [RTGEN 206-500] Setting interface mode on function 'gtsrb_cnn' to 's_axilite & ap_ctrl_hs'.
INFO: [RTGEN 206-100] Bundling port 'w_c1', 'b_c1', 'w_c2', 'b_c2', 'w_c3', 'b_c3', 'w_fc1', 'b_fc1', 'w_fc2', 'b_fc2', 'feature_in', 'logits_out', 'top1' to AXI-Lite port control.
INFO: [RTGEN 206-100] Generating core module 'fadd_32ns_32ns_32_5_full_dsp_1': 1 instance(s).
INFO: [RTGEN 206-100] Generating core module 'fcmp_32ns_32ns_1_2_no_dsp_1': 2 instance(s).
INFO: [RTGEN 206-100] Generating core module 'fmul_32ns_32ns_32_4_max_dsp_1': 1 instance(s).
INFO: [RTGEN 206-100] Finished creating RTL model for 'gtsrb_cnn'.
INFO: [RTMG 210-278] Implementing memory 'gtsrb_cnn_c1_out_RAM_2P_BRAM_1R1W' using block RAMs.
INFO: [RTMG 210-278] Implementing memory 'gtsrb_cnn_p1_out_RAM_2P_BRAM_1R1W' using block RAMs.
INFO: [RTMG 210-278] Implementing memory 'gtsrb_cnn_c2_out_RAM_2P_BRAM_1R1W' using block RAMs.
INFO: [RTMG 210-278] Implementing memory 'gtsrb_cnn_p2_out_RAM_2P_BRAM_1R1W' using block RAMs.
INFO: [RTMG 210-278] Implementing memory 'gtsrb_cnn_c3_out_RAM_2P_BRAM_1R1W' using block RAMs.
INFO: [RTMG 210-278] Implementing memory 'gtsrb_cnn_p3_out_RAM_2P_BRAM_1R1W' using block RAMs.
INFO: [RTMG 210-278] Implementing memory 'gtsrb_cnn_fc1_out_RAM_2P_BRAM_1R1W' using block RAMs.
INFO: [HLS 200-111] Finished Creating RTL model: CPU user time: 0 seconds. CPU system time: 0 seconds. Elapsed time: 0.363 seconds; current allocated memory: 375.234 MB.
INFO: [HLS 200-111] Finished Generating all RTL models: CPU user time: 3 seconds. CPU system time: 0 seconds. Elapsed time: 2.413 seconds; current allocated memory: 383.203 MB.
INFO: [HLS 200-1603] Design has inferred MAXI bursts and missed bursts, see Vitis HLS GUI synthesis summary report for detailed information.
INFO: [HLS 200-111] Finished Updating report files: CPU user time: 2 seconds. CPU system time: 0 seconds. Elapsed time: 2.772 seconds; current allocated memory: 400.105 MB.
INFO: [VHDL 208-304] Generating VHDL RTL for gtsrb_cnn.
INFO: [VLOG 209-307] Generating Verilog RTL for gtsrb_cnn.
INFO: [HLS 200-790] **** Loop Constraint Status: All loop constraints were NOT satisfied.
INFO: [HLS 200-789] **** Estimated Fmax: 136.99 MHz
INFO: [HLS 200-111] Finished Command csynth_design CPU user time: 28 seconds. CPU system time: 3 seconds. Elapsed time: 37.249 seconds; current allocated memory: 294.070 MB.
INFO: [HLS 200-112] Total CPU user time: 29 seconds. Total CPU system time: 3 seconds. Total elapsed time: 48.558 seconds; peak allocated memory: 400.145 MB.
==============================================================
Vitis HLS - High-Level Synthesis from C, C++ and OpenCL v2022.2 (64-bit)
Tool Version Limit: 2019.12
Copyright 1986-2022 Xilinx, Inc. All Rights Reserved.
==============================================================
INFO: [SYN 201-201] Setting up clock 'default' with a period of 10ns.
INFO: [HLS 200-1611] Setting target device to 'xczu5eg-sfvc784-1-e'
INFO: [HLS 200-1505] Using flow_target 'vivado'
INFO: [HLS 200-1510] Running: set_part xczu5eg-sfvc784-1-e 
INFO: [HLS 200-1510] Running: create_clock -period 10 -name default 
INFO: [HLS 200-1510] Running: export_design -rtl verilog -format ip_catalog 
INFO: [IMPL 213-8] Exporting RTL as a Vivado IP.
INFO: [HLS 200-802] Generated output file CNN_GTSRB/solution1/impl/export.zip
INFO: [HLS 200-111] Finished Command export_design CPU user time: 5 seconds. CPU system time: 0 seconds. Elapsed time: 24.537 seconds; current allocated memory: 14.707 MB.
INFO: [HLS 200-112] Total CPU user time: 6 seconds. Total CPU system time: 1 seconds. Total elapsed time: 35.944 seconds; peak allocated memory: 121.363 MB.
