remark: src/gtsrb_cnn.cpp:184:5: Inlining function 'fmax_argmax(int, float const*, int*)' into 'gtsrb_cnn(float*, float*, float*, float*, float*, float*, float*, float*, float*, float*, float*, float*, int*)'
remark: src/gtsrb_cnn.cpp:19:34: Loop 'VITIS_LOOP_19_4' is marked as complete unroll implied by the pipeline pragma
remark: src/gtsrb_cnn.cpp:21:38: Loop 'VITIS_LOOP_21_5' is marked as complete unroll implied by the pipeline pragma
remark: src/gtsrb_cnn.cpp:25:42: Loop 'VITIS_LOOP_25_6' is marked as complete unroll implied by the pipeline pragma
remark: src/gtsrb_cnn.cpp:12:0: Unrolling loop 'VITIS_LOOP_19_4' (src/gtsrb_cnn.cpp:19:34) in function 'conv_valid_relu' completely with a factor of 3
remark: src/gtsrb_cnn.cpp:12:0: Unrolling loop 'VITIS_LOOP_21_5' (src/gtsrb_cnn.cpp:21:38) in function 'conv_valid_relu' completely with a factor of 3
remark: src/gtsrb_cnn.cpp:12:0: Unrolling loop 'VITIS_LOOP_21_5' (src/gtsrb_cnn.cpp:21:38) in function 'conv_valid_relu' completely with a factor of 3
remark: src/gtsrb_cnn.cpp:12:0: Unrolling loop 'VITIS_LOOP_21_5' (src/gtsrb_cnn.cpp:21:38) in function 'conv_valid_relu' completely with a factor of 3
warning: src/gtsrb_cnn.cpp:181:5: Duplicating function 'linear(int, int, float const*, float const*, float const*, bool, float*)' as different function signatures were detected between this call site and other call site(s). This may impact the resources used in the design.
warning: src/gtsrb_cnn.cpp:173:5: Duplicating function 'conv_valid_relu(int, int, int, int, int, int, float const*, float const*, float const*, int, int, float*)' as different function signatures were detected between this call site and other call site(s). This may impact the resources used in the design.
warning: src/gtsrb_cnn.cpp:177:5: Duplicating function 'conv_valid_relu(int, int, int, int, int, int, float const*, float const*, float const*, int, int, float*)' as different function signatures were detected between this call site and other call site(s). This may impact the resources used in the design.
remark: src/gtsrb_cnn.cpp:101:23: Sequential read of length 42 has been inferred _XLX_SEP_ OldID=for.body.i.load.9,  _XLX_SEP_ scevgepseq logits_out gmem5 VITIS_LOOP_101_1 src/gtsrb_cnn.cpp:101:23 gtsrb_cnn(float*, float*, float*, float*, float*, float*, float*, float*, float*, float*, float*, float*, int*) 
remark: src/gtsrb_cnn.cpp:25:42: Sequential read of length 3 has been inferred _XLX_SEP_ OldID=for.inc.load.7,  _XLX_SEP_ scevgepseq feature_in gmem5 VITIS_LOOP_25_6 src/gtsrb_cnn.cpp:25:42 conv_valid_relu(int, int, int, int, int, int, float const*, float const*, float const*, int, int, float*) 
remark: src/gtsrb_cnn.cpp:25:42: Sequential read of length 3 has been inferred _XLX_SEP_ OldID=for.inc.134.load.7,  _XLX_SEP_ scevgep1seq feature_in gmem5 VITIS_LOOP_25_6 src/gtsrb_cnn.cpp:25:42 conv_valid_relu(int, int, int, int, int, int, float const*, float const*, float const*, int, int, float*) 
remark: src/gtsrb_cnn.cpp:25:42: Sequential read of length 3 has been inferred _XLX_SEP_ OldID=for.inc.259.load.7,  _XLX_SEP_ scevgep2seq feature_in gmem5 VITIS_LOOP_25_6 src/gtsrb_cnn.cpp:25:42 conv_valid_relu(int, int, int, int, int, int, float const*, float const*, float const*, int, int, float*) 
remark: src/gtsrb_cnn.cpp:25:42: Sequential read of length 3 has been inferred _XLX_SEP_ OldID=for.inc.1.load.7,  _XLX_SEP_ scevgep3seq feature_in gmem5 VITIS_LOOP_25_6 src/gtsrb_cnn.cpp:25:42 conv_valid_relu(int, int, int, int, int, int, float const*, float const*, float const*, int, int, float*) 
remark: src/gtsrb_cnn.cpp:25:42: Sequential read of length 3 has been inferred _XLX_SEP_ OldID=for.inc.1.1.load.7,  _XLX_SEP_ scevgep4seq feature_in gmem5 VITIS_LOOP_25_6 src/gtsrb_cnn.cpp:25:42 conv_valid_relu(int, int, int, int, int, int, float const*, float const*, float const*, int, int, float*) 
remark: src/gtsrb_cnn.cpp:25:42: Sequential read of length 3 has been inferred _XLX_SEP_ OldID=for.inc.1.2.load.7,  _XLX_SEP_ scevgep5seq feature_in gmem5 VITIS_LOOP_25_6 src/gtsrb_cnn.cpp:25:42 conv_valid_relu(int, int, int, int, int, int, float const*, float const*, float const*, int, int, float*) 
remark: src/gtsrb_cnn.cpp:25:42: Sequential read of length 3 has been inferred _XLX_SEP_ OldID=for.inc.2.load.7,  _XLX_SEP_ scevgep6seq feature_in gmem5 VITIS_LOOP_25_6 src/gtsrb_cnn.cpp:25:42 conv_valid_relu(int, int, int, int, int, int, float const*, float const*, float const*, int, int, float*) 
remark: src/gtsrb_cnn.cpp:25:42: Sequential read of length 3 has been inferred _XLX_SEP_ OldID=for.inc.2.1.load.7,  _XLX_SEP_ scevgep7seq feature_in gmem5 VITIS_LOOP_25_6 src/gtsrb_cnn.cpp:25:42 conv_valid_relu(int, int, int, int, int, int, float const*, float const*, float const*, int, int, float*) 
remark: src/gtsrb_cnn.cpp:25:42: Sequential read of length 3 has been inferred _XLX_SEP_ OldID=for.inc.2.2.load.7,  _XLX_SEP_ scevgep8seq feature_in gmem5 VITIS_LOOP_25_6 src/gtsrb_cnn.cpp:25:42 conv_valid_relu(int, int, int, int, int, int, float const*, float const*, float const*, int, int, float*) 
remark: src/gtsrb_cnn.cpp:27:49: Stride is incompatible _XLX_SEP_ for.inc.load.12 W gmem0 VITIS_LOOP_25_6 src/gtsrb_cnn.cpp:25:42 conv_valid_relu(int, int, int, int, int, int, float const*, float const*, float const*, int, int, float*) 
remark: src/gtsrb_cnn.cpp:27:49: Stride is incompatible _XLX_SEP_ for.inc.134.load.12 W gmem0 VITIS_LOOP_25_6 src/gtsrb_cnn.cpp:25:42 conv_valid_relu(int, int, int, int, int, int, float const*, float const*, float const*, int, int, float*) 
remark: src/gtsrb_cnn.cpp:27:49: Stride is incompatible _XLX_SEP_ for.inc.259.load.12 W gmem0 VITIS_LOOP_25_6 src/gtsrb_cnn.cpp:25:42 conv_valid_relu(int, int, int, int, int, int, float const*, float const*, float const*, int, int, float*) 
remark: src/gtsrb_cnn.cpp:27:49: Stride is incompatible _XLX_SEP_ for.inc.1.load.12 W gmem0 VITIS_LOOP_25_6 src/gtsrb_cnn.cpp:25:42 conv_valid_relu(int, int, int, int, int, int, float const*, float const*, float const*, int, int, float*) 
remark: src/gtsrb_cnn.cpp:27:49: Stride is incompatible _XLX_SEP_ for.inc.1.1.load.12 W gmem0 VITIS_LOOP_25_6 src/gtsrb_cnn.cpp:25:42 conv_valid_relu(int, int, int, int, int, int, float const*, float const*, float const*, int, int, float*) 
remark: src/gtsrb_cnn.cpp:27:49: Stride is incompatible _XLX_SEP_ for.inc.1.2.load.12 W gmem0 VITIS_LOOP_25_6 src/gtsrb_cnn.cpp:25:42 conv_valid_relu(int, int, int, int, int, int, float const*, float const*, float const*, int, int, float*) 
remark: src/gtsrb_cnn.cpp:27:49: Stride is incompatible _XLX_SEP_ for.inc.2.load.12 W gmem0 VITIS_LOOP_25_6 src/gtsrb_cnn.cpp:25:42 conv_valid_relu(int, int, int, int, int, int, float const*, float const*, float const*, int, int, float*) 
remark: src/gtsrb_cnn.cpp:27:49: Stride is incompatible _XLX_SEP_ for.inc.2.1.load.12 W gmem0 VITIS_LOOP_25_6 src/gtsrb_cnn.cpp:25:42 conv_valid_relu(int, int, int, int, int, int, float const*, float const*, float const*, int, int, float*) 
remark: src/gtsrb_cnn.cpp:27:49: Stride is incompatible _XLX_SEP_ for.inc.2.2.load.12 W gmem0 VITIS_LOOP_25_6 src/gtsrb_cnn.cpp:25:42 conv_valid_relu(int, int, int, int, int, int, float const*, float const*, float const*, int, int, float*) 
remark: src/gtsrb_cnn.cpp:25:42: Access is clobbered by load _XLX_SEP_ scevgepseq feature_in gmem5 conv_valid_relu(int, int, int, int, int, int, float const*, float const*, float const*, int, int, float*) 
remark: src/gtsrb_cnn.cpp:25:42: Access is clobbered by load _XLX_SEP_ scevgep1seq feature_in gmem5 conv_valid_relu(int, int, int, int, int, int, float const*, float const*, float const*, int, int, float*) 
remark: src/gtsrb_cnn.cpp:25:42: Access is clobbered by load _XLX_SEP_ scevgep2seq feature_in gmem5 conv_valid_relu(int, int, int, int, int, int, float const*, float const*, float const*, int, int, float*) 
remark: src/gtsrb_cnn.cpp:25:42: Access is clobbered by load _XLX_SEP_ scevgep3seq feature_in gmem5 conv_valid_relu(int, int, int, int, int, int, float const*, float const*, float const*, int, int, float*) 
remark: src/gtsrb_cnn.cpp:25:42: Access is clobbered by load _XLX_SEP_ scevgep4seq feature_in gmem5 conv_valid_relu(int, int, int, int, int, int, float const*, float const*, float const*, int, int, float*) 
remark: src/gtsrb_cnn.cpp:25:42: Access is clobbered by load _XLX_SEP_ scevgep5seq feature_in gmem5 conv_valid_relu(int, int, int, int, int, int, float const*, float const*, float const*, int, int, float*) 
remark: src/gtsrb_cnn.cpp:25:42: Access is clobbered by load _XLX_SEP_ scevgep6seq feature_in gmem5 conv_valid_relu(int, int, int, int, int, int, float const*, float const*, float const*, int, int, float*) 
remark: src/gtsrb_cnn.cpp:25:42: Access is clobbered by load _XLX_SEP_ scevgep7seq feature_in gmem5 conv_valid_relu(int, int, int, int, int, int, float const*, float const*, float const*, int, int, float*) 
remark: src/gtsrb_cnn.cpp:25:42: Access is clobbered by load _XLX_SEP_ scevgep8seq feature_in gmem5 conv_valid_relu(int, int, int, int, int, int, float const*, float const*, float const*, int, int, float*) 
remark: <unknown>:0:0: Stride is incompatible _XLX_SEP_ VITIS_LOOP_16_3.load.23 B gmem0 VITIS_LOOP_15_2 src/gtsrb_cnn.cpp:15:26 conv_valid_relu(int, int, int, int, int, int, float const*, float const*, float const*, int, int, float*) 
remark: src/gtsrb_cnn.cpp:83:19: Sequential read of length 43 has been inferred _XLX_SEP_ OldID=VITIS_LOOP_86_2.load.4,  _XLX_SEP_ bseq b gmem4 VITIS_LOOP_83_1 src/gtsrb_cnn.cpp:83:19 linear(int, int, float const*, float const*, float const*, bool, float*) 
remark: src/gtsrb_cnn.cpp:83:19: Sequential write of length 43 has been inferred _XLX_SEP_ OldID=for.end.store.5,  _XLX_SEP_ voutseq vout gmem5 VITIS_LOOP_83_1 src/gtsrb_cnn.cpp:83:19 linear(int, int, float const*, float const*, float const*, bool, float*) 
remark: src/gtsrb_cnn.cpp:87:29: Stride is incompatible _XLX_SEP_ for.inc.load.9 W gmem4 VITIS_LOOP_86_2 src/gtsrb_cnn.cpp:86:26 linear(int, int, float const*, float const*, float const*, bool, float*) 
remark: src/gtsrb_cnn.cpp:83:19: Sequential read of length 64 has been inferred _XLX_SEP_ OldID=VITIS_LOOP_86_2.load.4,  _XLX_SEP_ bseq b gmem3 VITIS_LOOP_83_1 src/gtsrb_cnn.cpp:83:19 linear(int, int, float const*, float const*, float const*, bool, float*) (.1) 
remark: src/gtsrb_cnn.cpp:87:29: Stride is incompatible _XLX_SEP_ for.inc.load.9 W gmem3 VITIS_LOOP_86_2 src/gtsrb_cnn.cpp:86:26 linear(int, int, float const*, float const*, float const*, bool, float*) (.1) 
remark: src/gtsrb_cnn.cpp:27:49: Stride is incompatible _XLX_SEP_ for.inc.load.11 W gmem1,gmem2 VITIS_LOOP_25_6 src/gtsrb_cnn.cpp:25:42 conv_valid_relu(int, int, int, int, int, int, float const*, float const*, float const*, int, int, float*) (.2) 
remark: src/gtsrb_cnn.cpp:27:49: Stride is incompatible _XLX_SEP_ for.inc.134.load.11 W gmem1,gmem2 VITIS_LOOP_25_6 src/gtsrb_cnn.cpp:25:42 conv_valid_relu(int, int, int, int, int, int, float const*, float const*, float const*, int, int, float*) (.2) 
remark: src/gtsrb_cnn.cpp:27:49: Stride is incompatible _XLX_SEP_ for.inc.259.load.11 W gmem1,gmem2 VITIS_LOOP_25_6 src/gtsrb_cnn.cpp:25:42 conv_valid_relu(int, int, int, int, int, int, float const*, float const*, float const*, int, int, float*) (.2) 
remark: src/gtsrb_cnn.cpp:27:49: Stride is incompatible _XLX_SEP_ for.inc.1.load.11 W gmem1,gmem2 VITIS_LOOP_25_6 src/gtsrb_cnn.cpp:25:42 conv_valid_relu(int, int, int, int, int, int, float const*, float const*, float const*, int, int, float*) (.2) 
remark: src/gtsrb_cnn.cpp:27:49: Stride is incompatible _XLX_SEP_ for.inc.1.1.load.11 W gmem1,gmem2 VITIS_LOOP_25_6 src/gtsrb_cnn.cpp:25:42 conv_valid_relu(int, int, int, int, int, int, float const*, float const*, float const*, int, int, float*) (.2) 
remark: src/gtsrb_cnn.cpp:27:49: Stride is incompatible _XLX_SEP_ for.inc.1.2.load.11 W gmem1,gmem2 VITIS_LOOP_25_6 src/gtsrb_cnn.cpp:25:42 conv_valid_relu(int, int, int, int, int, int, float const*, float const*, float const*, int, int, float*) (.2) 
remark: src/gtsrb_cnn.cpp:27:49: Stride is incompatible _XLX_SEP_ for.inc.2.load.11 W gmem1,gmem2 VITIS_LOOP_25_6 src/gtsrb_cnn.cpp:25:42 conv_valid_relu(int, int, int, int, int, int, float const*, float const*, float const*, int, int, float*) (.2) 
remark: src/gtsrb_cnn.cpp:27:49: Stride is incompatible _XLX_SEP_ for.inc.2.1.load.11 W gmem1,gmem2 VITIS_LOOP_25_6 src/gtsrb_cnn.cpp:25:42 conv_valid_relu(int, int, int, int, int, int, float const*, float const*, float const*, int, int, float*) (.2) 
remark: src/gtsrb_cnn.cpp:27:49: Stride is incompatible _XLX_SEP_ for.inc.2.2.load.11 W gmem1,gmem2 VITIS_LOOP_25_6 src/gtsrb_cnn.cpp:25:42 conv_valid_relu(int, int, int, int, int, int, float const*, float const*, float const*, int, int, float*) (.2) 
remark: <unknown>:0:0: Stride is incompatible _XLX_SEP_ for.body8.lr.ph.load.0 B gmem1,gmem2 VITIS_LOOP_15_2 src/gtsrb_cnn.cpp:15:26 conv_valid_relu(int, int, int, int, int, int, float const*, float const*, float const*, int, int, float*) (.2) 
remark: src/gtsrb_cnn.cpp:101:23: Could not widen since type float size is greater than or equal to the max_widen_bitwidth threshold of 0 _XLX_SEP_ scevgepseq logits_out gmem5 VITIS_LOOP_101_1 src/gtsrb_cnn.cpp:101:23 gtsrb_cnn(float*, float*, float*, float*, float*, float*, float*, float*, float*, float*, float*, float*, int*) 
remark: src/gtsrb_cnn.cpp:25:42: Could not widen since type float size is greater than or equal to the max_widen_bitwidth threshold of 0 _XLX_SEP_ scevgep8seq feature_in gmem5 VITIS_LOOP_25_6 src/gtsrb_cnn.cpp:25:42 conv_valid_relu(int, int, int, int, int, int, float const*, float const*, float const*, int, int, float*) 
remark: src/gtsrb_cnn.cpp:25:42: Could not widen since type float size is greater than or equal to the max_widen_bitwidth threshold of 0 _XLX_SEP_ scevgep7seq feature_in gmem5 VITIS_LOOP_25_6 src/gtsrb_cnn.cpp:25:42 conv_valid_relu(int, int, int, int, int, int, float const*, float const*, float const*, int, int, float*) 
remark: src/gtsrb_cnn.cpp:25:42: Could not widen since type float size is greater than or equal to the max_widen_bitwidth threshold of 0 _XLX_SEP_ scevgep6seq feature_in gmem5 VITIS_LOOP_25_6 src/gtsrb_cnn.cpp:25:42 conv_valid_relu(int, int, int, int, int, int, float const*, float const*, float const*, int, int, float*) 
remark: src/gtsrb_cnn.cpp:25:42: Could not widen since type float size is greater than or equal to the max_widen_bitwidth threshold of 0 _XLX_SEP_ scevgep5seq feature_in gmem5 VITIS_LOOP_25_6 src/gtsrb_cnn.cpp:25:42 conv_valid_relu(int, int, int, int, int, int, float const*, float const*, float const*, int, int, float*) 
remark: src/gtsrb_cnn.cpp:25:42: Could not widen since type float size is greater than or equal to the max_widen_bitwidth threshold of 0 _XLX_SEP_ scevgep4seq feature_in gmem5 VITIS_LOOP_25_6 src/gtsrb_cnn.cpp:25:42 conv_valid_relu(int, int, int, int, int, int, float const*, float const*, float const*, int, int, float*) 
remark: src/gtsrb_cnn.cpp:25:42: Could not widen since type float size is greater than or equal to the max_widen_bitwidth threshold of 0 _XLX_SEP_ scevgep3seq feature_in gmem5 VITIS_LOOP_25_6 src/gtsrb_cnn.cpp:25:42 conv_valid_relu(int, int, int, int, int, int, float const*, float const*, float const*, int, int, float*) 
remark: src/gtsrb_cnn.cpp:25:42: Could not widen since type float size is greater than or equal to the max_widen_bitwidth threshold of 0 _XLX_SEP_ scevgep2seq feature_in gmem5 VITIS_LOOP_25_6 src/gtsrb_cnn.cpp:25:42 conv_valid_relu(int, int, int, int, int, int, float const*, float const*, float const*, int, int, float*) 
remark: src/gtsrb_cnn.cpp:25:42: Could not widen since type float size is greater than or equal to the max_widen_bitwidth threshold of 0 _XLX_SEP_ scevgep1seq feature_in gmem5 VITIS_LOOP_25_6 src/gtsrb_cnn.cpp:25:42 conv_valid_relu(int, int, int, int, int, int, float const*, float const*, float const*, int, int, float*) 
remark: src/gtsrb_cnn.cpp:25:42: Could not widen since type float size is greater than or equal to the max_widen_bitwidth threshold of 0 _XLX_SEP_ scevgepseq feature_in gmem5 VITIS_LOOP_25_6 src/gtsrb_cnn.cpp:25:42 conv_valid_relu(int, int, int, int, int, int, float const*, float const*, float const*, int, int, float*) 
remark: src/gtsrb_cnn.cpp:83:19: Could not widen since type float size is greater than or equal to the max_widen_bitwidth threshold of 0 _XLX_SEP_ voutseq vout gmem5 VITIS_LOOP_83_1 src/gtsrb_cnn.cpp:83:19 linear(int, int, float const*, float const*, float const*, bool, float*) 
remark: src/gtsrb_cnn.cpp:83:19: Could not widen since type float size is greater than or equal to the max_widen_bitwidth threshold of 0 _XLX_SEP_ bseq b gmem4 VITIS_LOOP_83_1 src/gtsrb_cnn.cpp:83:19 linear(int, int, float const*, float const*, float const*, bool, float*) 
remark: src/gtsrb_cnn.cpp:83:19: Could not widen since type float size is greater than or equal to the max_widen_bitwidth threshold of 0 _XLX_SEP_ bseq b gmem3 VITIS_LOOP_83_1 src/gtsrb_cnn.cpp:83:19 linear(int, int, float const*, float const*, float const*, bool, float*) (.1) 
remark: src/gtsrb_cnn.cpp:12:0: Unrolling loop 'VITIS_LOOP_25_6' (src/gtsrb_cnn.cpp:25:42) in function 'conv_valid_relu' completely with a factor of 3
remark: src/gtsrb_cnn.cpp:12:0: Unrolling loop 'VITIS_LOOP_25_6' (src/gtsrb_cnn.cpp:25:42) in function 'conv_valid_relu' completely with a factor of 3
remark: src/gtsrb_cnn.cpp:12:0: Unrolling loop 'VITIS_LOOP_25_6' (src/gtsrb_cnn.cpp:25:42) in function 'conv_valid_relu' completely with a factor of 3
remark: src/gtsrb_cnn.cpp:12:0: Unrolling loop 'VITIS_LOOP_25_6' (src/gtsrb_cnn.cpp:25:42) in function 'conv_valid_relu' completely with a factor of 3
remark: src/gtsrb_cnn.cpp:12:0: Unrolling loop 'VITIS_LOOP_25_6' (src/gtsrb_cnn.cpp:25:42) in function 'conv_valid_relu' completely with a factor of 3
remark: src/gtsrb_cnn.cpp:12:0: Unrolling loop 'VITIS_LOOP_25_6' (src/gtsrb_cnn.cpp:25:42) in function 'conv_valid_relu' completely with a factor of 3
remark: src/gtsrb_cnn.cpp:12:0: Unrolling loop 'VITIS_LOOP_25_6' (src/gtsrb_cnn.cpp:25:42) in function 'conv_valid_relu' completely with a factor of 3
remark: src/gtsrb_cnn.cpp:12:0: Unrolling loop 'VITIS_LOOP_25_6' (src/gtsrb_cnn.cpp:25:42) in function 'conv_valid_relu' completely with a factor of 3
remark: src/gtsrb_cnn.cpp:12:0: Unrolling loop 'VITIS_LOOP_25_6' (src/gtsrb_cnn.cpp:25:42) in function 'conv_valid_relu' completely with a factor of 3
remark: src/gtsrb_cnn.cpp:25:42: Loop 'VITIS_LOOP_25_6' is marked as complete unroll implied by the pipeline pragma
remark: src/gtsrb_cnn.cpp:25:42: Loop 'VITIS_LOOP_25_6' is marked as complete unroll implied by the pipeline pragma
remark: src/gtsrb_cnn.cpp:25:42: Loop 'VITIS_LOOP_25_6' is marked as complete unroll implied by the pipeline pragma
remark: src/gtsrb_cnn.cpp:25:42: Loop 'VITIS_LOOP_25_6' is marked as complete unroll implied by the pipeline pragma
remark: src/gtsrb_cnn.cpp:25:42: Loop 'VITIS_LOOP_25_6' is marked as complete unroll implied by the pipeline pragma
remark: src/gtsrb_cnn.cpp:25:42: Loop 'VITIS_LOOP_25_6' is marked as complete unroll implied by the pipeline pragma
remark: src/gtsrb_cnn.cpp:25:42: Loop 'VITIS_LOOP_25_6' is marked as complete unroll implied by the pipeline pragma
remark: src/gtsrb_cnn.cpp:25:42: Loop 'VITIS_LOOP_25_6' is marked as complete unroll implied by the pipeline pragma
remark: src/gtsrb_cnn.cpp:25:42: Loop 'VITIS_LOOP_25_6' is marked as complete unroll implied by the pipeline pragma
remark: src/gtsrb_cnn.cpp:25:42: Multiple burst reads of length 3 and bit width 32 has been inferred. These burst requests might be further partitioned into multiple requests during RTL generation, based on max_read_burst_length or max_write_burst_length settings. _XLX_SEP_ seq  gmem5 conv_valid_relu(int, int, int, int, int, int, float const*, float const*, float const*, int, int, float*) (.1) 
remark: src/gtsrb_cnn.cpp:25:42: Multiple burst reads of length 3 and bit width 32 has been inferred on bundle 'gmem5'. These burst requests might be further partitioned into multiple requests during RTL generation, based on max_read_burst_length or max_write_burst_length settings.
remark: src/gtsrb_cnn.cpp:25:42: Multiple burst reads of length 3 and bit width 32 has been inferred. These burst requests might be further partitioned into multiple requests during RTL generation, based on max_read_burst_length or max_write_burst_length settings. _XLX_SEP_ seq1  gmem5 conv_valid_relu(int, int, int, int, int, int, float const*, float const*, float const*, int, int, float*) (.1) 
remark: src/gtsrb_cnn.cpp:25:42: Multiple burst reads of length 3 and bit width 32 has been inferred on bundle 'gmem5'. These burst requests might be further partitioned into multiple requests during RTL generation, based on max_read_burst_length or max_write_burst_length settings.
remark: src/gtsrb_cnn.cpp:25:42: Multiple burst reads of length 3 and bit width 32 has been inferred. These burst requests might be further partitioned into multiple requests during RTL generation, based on max_read_burst_length or max_write_burst_length settings. _XLX_SEP_ seq2  gmem5 conv_valid_relu(int, int, int, int, int, int, float const*, float const*, float const*, int, int, float*) (.1) 
remark: src/gtsrb_cnn.cpp:25:42: Multiple burst reads of length 3 and bit width 32 has been inferred on bundle 'gmem5'. These burst requests might be further partitioned into multiple requests during RTL generation, based on max_read_burst_length or max_write_burst_length settings.
remark: src/gtsrb_cnn.cpp:25:42: Multiple burst reads of length 3 and bit width 32 has been inferred. These burst requests might be further partitioned into multiple requests during RTL generation, based on max_read_burst_length or max_write_burst_length settings. _XLX_SEP_ seq3  gmem5 conv_valid_relu(int, int, int, int, int, int, float const*, float const*, float const*, int, int, float*) (.1) 
remark: src/gtsrb_cnn.cpp:25:42: Multiple burst reads of length 3 and bit width 32 has been inferred on bundle 'gmem5'. These burst requests might be further partitioned into multiple requests during RTL generation, based on max_read_burst_length or max_write_burst_length settings.
remark: src/gtsrb_cnn.cpp:25:42: Multiple burst reads of length 3 and bit width 32 has been inferred. These burst requests might be further partitioned into multiple requests during RTL generation, based on max_read_burst_length or max_write_burst_length settings. _XLX_SEP_ seq4  gmem5 conv_valid_relu(int, int, int, int, int, int, float const*, float const*, float const*, int, int, float*) (.1) 
remark: src/gtsrb_cnn.cpp:25:42: Multiple burst reads of length 3 and bit width 32 has been inferred on bundle 'gmem5'. These burst requests might be further partitioned into multiple requests during RTL generation, based on max_read_burst_length or max_write_burst_length settings.
remark: src/gtsrb_cnn.cpp:25:42: Multiple burst reads of length 3 and bit width 32 has been inferred. These burst requests might be further partitioned into multiple requests during RTL generation, based on max_read_burst_length or max_write_burst_length settings. _XLX_SEP_ seq5  gmem5 conv_valid_relu(int, int, int, int, int, int, float const*, float const*, float const*, int, int, float*) (.1) 
remark: src/gtsrb_cnn.cpp:25:42: Multiple burst reads of length 3 and bit width 32 has been inferred on bundle 'gmem5'. These burst requests might be further partitioned into multiple requests during RTL generation, based on max_read_burst_length or max_write_burst_length settings.
remark: src/gtsrb_cnn.cpp:25:42: Multiple burst reads of length 3 and bit width 32 has been inferred. These burst requests might be further partitioned into multiple requests during RTL generation, based on max_read_burst_length or max_write_burst_length settings. _XLX_SEP_ seq6  gmem5 conv_valid_relu(int, int, int, int, int, int, float const*, float const*, float const*, int, int, float*) (.1) 
remark: src/gtsrb_cnn.cpp:25:42: Multiple burst reads of length 3 and bit width 32 has been inferred on bundle 'gmem5'. These burst requests might be further partitioned into multiple requests during RTL generation, based on max_read_burst_length or max_write_burst_length settings.
remark: src/gtsrb_cnn.cpp:25:42: Multiple burst reads of length 3 and bit width 32 has been inferred. These burst requests might be further partitioned into multiple requests during RTL generation, based on max_read_burst_length or max_write_burst_length settings. _XLX_SEP_ seq7  gmem5 conv_valid_relu(int, int, int, int, int, int, float const*, float const*, float const*, int, int, float*) (.1) 
remark: src/gtsrb_cnn.cpp:25:42: Multiple burst reads of length 3 and bit width 32 has been inferred on bundle 'gmem5'. These burst requests might be further partitioned into multiple requests during RTL generation, based on max_read_burst_length or max_write_burst_length settings.
remark: src/gtsrb_cnn.cpp:25:42: Multiple burst reads of length 3 and bit width 32 has been inferred. These burst requests might be further partitioned into multiple requests during RTL generation, based on max_read_burst_length or max_write_burst_length settings. _XLX_SEP_ seq8  gmem5 conv_valid_relu(int, int, int, int, int, int, float const*, float const*, float const*, int, int, float*) (.1) 
remark: src/gtsrb_cnn.cpp:25:42: Multiple burst reads of length 3 and bit width 32 has been inferred on bundle 'gmem5'. These burst requests might be further partitioned into multiple requests during RTL generation, based on max_read_burst_length or max_write_burst_length settings.
remark: src/gtsrb_cnn.cpp:83:19: Could not burst due to multiple potential reads to the same bundle in the same region. _XLX_SEP_ seq  gmem3 linear(int, int, float const*, float const*, float const*, bool, float*) (.1.1) 
remark: src/gtsrb_cnn.cpp:83:19: Could not burst due to multiple potential reads to the same bundle in the same region. _XLX_SEP_ seq  gmem4 linear(int, int, float const*, float const*, float const*, bool, float*) (.1.2) 
remark: src/gtsrb_cnn.cpp:83:19: Multiple burst writes of length 43 and bit width 32 has been inferred. These burst requests might be further partitioned into multiple requests during RTL generation, based on max_read_burst_length or max_write_burst_length settings. _XLX_SEP_ seq1  gmem5 VITIS_LOOP_83_1 src/gtsrb_cnn.cpp:83:19 linear(int, int, float const*, float const*, float const*, bool, float*) (.1.2) 
remark: src/gtsrb_cnn.cpp:83:19: Multiple burst writes of length 43 and bit width 32 in loop 'VITIS_LOOP_83_1'(src/gtsrb_cnn.cpp:83:19) has been inferred on bundle 'gmem5'. These burst requests might be further partitioned into multiple requests during RTL generation, based on max_read_burst_length or max_write_burst_length settings.
remark: src/gtsrb_cnn.cpp:101:23: Multiple burst reads of length 42 and bit width 32 has been inferred. These burst requests might be further partitioned into multiple requests during RTL generation, based on max_read_burst_length or max_write_burst_length settings. _XLX_SEP_ seq  gmem5 VITIS_LOOP_101_1 src/gtsrb_cnn.cpp:101:23 gtsrb_cnn(float*, float*, float*, float*, float*, float*, float*, float*, float*, float*, float*, float*, int*) 
remark: src/gtsrb_cnn.cpp:101:23: Multiple burst reads of length 42 and bit width 32 in loop 'VITIS_LOOP_101_1'(src/gtsrb_cnn.cpp:101:23) has been inferred on bundle 'gmem5'. These burst requests might be further partitioned into multiple requests during RTL generation, based on max_read_burst_length or max_write_burst_length settings.
remark: src/gtsrb_cnn.cpp:25:42: Loop 'VITIS_LOOP_25_6' is marked as complete unroll implied by the pipeline pragma
remark: src/gtsrb_cnn.cpp:25:42: Loop 'VITIS_LOOP_25_6' is marked as complete unroll implied by the pipeline pragma
remark: src/gtsrb_cnn.cpp:25:42: Loop 'VITIS_LOOP_25_6' is marked as complete unroll implied by the pipeline pragma
remark: src/gtsrb_cnn.cpp:25:42: Loop 'VITIS_LOOP_25_6' is marked as complete unroll implied by the pipeline pragma
remark: src/gtsrb_cnn.cpp:25:42: Loop 'VITIS_LOOP_25_6' is marked as complete unroll implied by the pipeline pragma
remark: src/gtsrb_cnn.cpp:25:42: Loop 'VITIS_LOOP_25_6' is marked as complete unroll implied by the pipeline pragma
remark: src/gtsrb_cnn.cpp:25:42: Loop 'VITIS_LOOP_25_6' is marked as complete unroll implied by the pipeline pragma
remark: src/gtsrb_cnn.cpp:25:42: Loop 'VITIS_LOOP_25_6' is marked as complete unroll implied by the pipeline pragma
remark: src/gtsrb_cnn.cpp:25:42: Loop 'VITIS_LOOP_25_6' is marked as complete unroll implied by the pipeline pragma
