

================================================================
== Vitis HLS Report for 'gtsrb_cnn_Pipeline_VITIS_LOOP_101_1'
================================================================
* Date:           Sat Sep 13 23:17:13 2025

* Version:        2022.2 (Build 3670227 on Oct 13 2022)
* Project:        CNN_GTSRB
* Solution:       solution1 (Vivado IP Flow Target)
* Product family: zynquplus
* Target device:  xczu5eg-sfvc784-1-e


================================================================
== Performance Estimates
================================================================
+ Timing: 
    * Summary: 
    +--------+----------+----------+------------+
    |  Clock |  Target  | Estimated| Uncertainty|
    +--------+----------+----------+------------+
    |ap_clk  |  10.00 ns|  7.300 ns|     2.70 ns|
    +--------+----------+----------+------------+

+ Latency: 
    * Summary: 
    +---------+---------+----------+----------+-----+-----+---------+
    |  Latency (cycles) |  Latency (absolute) |  Interval | Pipeline|
    |   min   |   max   |    min   |    max   | min | max |   Type  |
    +---------+---------+----------+----------+-----+-----+---------+
    |       46|       46|  0.460 us|  0.460 us|   46|   46|       no|
    +---------+---------+----------+----------+-----+-----+---------+

    + Detail: 
        * Instance: 
        N/A

        * Loop: 
        +--------------------+---------+---------+----------+-----------+-----------+------+----------+
        |                    |  Latency (cycles) | Iteration|  Initiation Interval  | Trip |          |
        |      Loop Name     |   min   |   max   |  Latency |  achieved |   target  | Count| Pipelined|
        +--------------------+---------+---------+----------+-----------+-----------+------+----------+
        |- VITIS_LOOP_101_1  |       44|       44|         4|          1|          1|    42|       yes|
        +--------------------+---------+---------+----------+-----------+-----------+------+----------+

============================================================
+ Verbose Summary: Synthesis Manager
============================================================
InlineROM: 1
ExposeGlobal: 0
============================================================
+ Verbose Summary: CDFG Model
============================================================
IsTopModel: 0
ResetActiveHigh: 1
IsCombinational: 0
IsDatapathOnly: 0
HasWiredReturn: 1
HasMFsm: 2
HasVarLatency: 1
IsPipeline: 0
IsRtlPipelined: 0
IsInstanceOverlapped: 0
IsDontTouch: 0
HasImplIP: 0
IsGatedGlobalClock: 0

+ Individual pipeline summary: 
  * Pipeline-0: initiation interval (II) = 1, depth = 4


============================================================
+ Verbose Summary: Schedule
============================================================
* Number of FSM states : 4
* Pipeline : 1
  Pipeline-0 : II = 1, D = 4, States = { 1 2 3 4 }
* Dataflow Pipeline: 0

* FSM state transitions: 
1 --> 2 
2 --> 3 
3 --> 4 
4 --> 

* FSM state operations: 

State 1 <SV = 0> <Delay = 1.37>
ST_1 : Operation 7 [1/1] (0.00ns)   --->   "%idx = alloca i32 1"   --->   Operation 7 'alloca' 'idx' <Predicate = true> <Delay = 0.00>
ST_1 : Operation 8 [1/1] (0.00ns)   --->   "%m_8 = alloca i32 1"   --->   Operation 8 'alloca' 'm_8' <Predicate = true> <Delay = 0.00>
ST_1 : Operation 9 [1/1] (0.00ns)   --->   "%idx_1 = alloca i32 1"   --->   Operation 9 'alloca' 'idx_1' <Predicate = true> <Delay = 0.00>
ST_1 : Operation 10 [1/1] (0.00ns)   --->   "%sext_ln101_read = read i62 @_ssdm_op_Read.ap_auto.i62, i62 %sext_ln101"   --->   Operation 10 'read' 'sext_ln101_read' <Predicate = true> <Delay = 0.00>
ST_1 : Operation 11 [1/1] (0.00ns)   --->   "%m_read = read i32 @_ssdm_op_Read.ap_auto.float, i32 %m"   --->   Operation 11 'read' 'm_read' <Predicate = true> <Delay = 0.00>
ST_1 : Operation 12 [1/1] (0.00ns)   --->   "%sext_ln101_cast = sext i62 %sext_ln101_read"   --->   Operation 12 'sext' 'sext_ln101_cast' <Predicate = true> <Delay = 0.00>
ST_1 : Operation 13 [1/1] (0.00ns)   --->   "%specinterface_ln0 = specinterface void @_ssdm_op_SpecInterface, i32 %gmem5, void @empty_25, i32 0, i32 0, void @empty_27, i32 0, i32 2700, void @empty, void @empty_30, void @empty_27, i32 16, i32 16, i32 16, i32 16, void @empty_27, void @empty_27, i32 4294967295, i32 0"   --->   Operation 13 'specinterface' 'specinterface_ln0' <Predicate = true> <Delay = 0.00>
ST_1 : Operation 14 [1/1] (0.48ns)   --->   "%store_ln0 = store i6 1, i6 %idx_1"   --->   Operation 14 'store' 'store_ln0' <Predicate = true> <Delay = 0.48>
ST_1 : Operation 15 [1/1] (0.48ns)   --->   "%store_ln0 = store i32 %m_read, i32 %m_8"   --->   Operation 15 'store' 'store_ln0' <Predicate = true> <Delay = 0.48>
ST_1 : Operation 16 [1/1] (0.48ns)   --->   "%store_ln0 = store i32 0, i32 %idx"   --->   Operation 16 'store' 'store_ln0' <Predicate = true> <Delay = 0.48>
ST_1 : Operation 17 [1/1] (0.00ns)   --->   "%br_ln0 = br void %for.body.i"   --->   Operation 17 'br' 'br_ln0' <Predicate = true> <Delay = 0.00>
ST_1 : Operation 18 [1/1] (0.00ns)   --->   "%i = load i6 %idx_1" [src/gtsrb_cnn.cpp:101]   --->   Operation 18 'load' 'i' <Predicate = true> <Delay = 0.00>
ST_1 : Operation 19 [1/1] (0.87ns)   --->   "%icmp_ln101 = icmp_eq  i6 %i, i6 43" [src/gtsrb_cnn.cpp:101]   --->   Operation 19 'icmp' 'icmp_ln101' <Predicate = true> <Delay = 0.87> <CoreInst = "Cmp">   --->   Core 9 'Cmp' <Latency = 0> <II = 1> <Delay = 0.87> <FuncUnit> <Opcode : 'icmp'> <InPorts = 2> <OutPorts = 1>
ST_1 : Operation 20 [1/1] (0.00ns)   --->   "%br_ln101 = br i1 %icmp_ln101, void %for.body.i.split, void %_ZL11fmax_argmaxiPKfPi.exit.exitStub" [src/gtsrb_cnn.cpp:101]   --->   Operation 20 'br' 'br_ln101' <Predicate = true> <Delay = 0.00>
ST_1 : Operation 21 [1/1] (0.88ns)   --->   "%add_ln101 = add i6 %i, i6 1" [src/gtsrb_cnn.cpp:101]   --->   Operation 21 'add' 'add_ln101' <Predicate = (!icmp_ln101)> <Delay = 0.88> <CoreInst = "Adder">   --->   Core 1 'Adder' <Latency = 0> <II = 1> <Delay = 0.88> <FuncUnit> <Opcode : 'add' 'sub'> <InPorts = 2> <OutPorts = 1>
ST_1 : Operation 22 [1/1] (0.48ns)   --->   "%store_ln101 = store i6 %add_ln101, i6 %idx_1" [src/gtsrb_cnn.cpp:101]   --->   Operation 22 'store' 'store_ln101' <Predicate = (!icmp_ln101)> <Delay = 0.48>

State 2 <SV = 1> <Delay = 7.30>
ST_2 : Operation 23 [1/1] (0.00ns)   --->   "%specbitsmap_ln0 = specbitsmap void @_ssdm_op_SpecBitsMap, i32 %gmem5"   --->   Operation 23 'specbitsmap' 'specbitsmap_ln0' <Predicate = true> <Delay = 0.00>
ST_2 : Operation 24 [1/1] (0.00ns)   --->   "%gmem5_addr = getelementptr i32 %gmem5, i64 %sext_ln101_cast" [src/gtsrb_cnn.cpp:101]   --->   Operation 24 'getelementptr' 'gmem5_addr' <Predicate = true> <Delay = 0.00>
ST_2 : Operation 25 [1/1] (0.00ns)   --->   "%specpipeline_ln0 = specpipeline void @_ssdm_op_SpecPipeline, i32 4294967295, i32 0, i32 1, i32 0, void @p_str"   --->   Operation 25 'specpipeline' 'specpipeline_ln0' <Predicate = true> <Delay = 0.00>
ST_2 : Operation 26 [1/1] (0.00ns)   --->   "%empty = speclooptripcount i32 @_ssdm_op_SpecLoopTripCount, i64 42, i64 42, i64 42"   --->   Operation 26 'speclooptripcount' 'empty' <Predicate = true> <Delay = 0.00>
ST_2 : Operation 27 [1/1] (7.30ns)   --->   "%gmem5_addr_read = read i32 @_ssdm_op_Read.m_axi.p1i32, i32 %gmem5_addr" [src/gtsrb_cnn.cpp:102]   --->   Operation 27 'read' 'gmem5_addr_read' <Predicate = (!icmp_ln101)> <Delay = 7.30> <CoreInst = "m_axi">   --->   Core 121 'm_axi' <Latency = 0> <II = 1> <Delay = 1.00> <Adapter> <Opcode : 'read' 'write' 'readreq' 'writereq' 'writeresp'>
ST_2 : Operation 28 [1/1] (0.00ns)   --->   "%tmp = partselect i8 @_ssdm_op_PartSelect.i8.i32.i32.i32, i32 %gmem5_addr_read, i32 23, i32 30" [src/gtsrb_cnn.cpp:103]   --->   Operation 28 'partselect' 'tmp' <Predicate = (!icmp_ln101)> <Delay = 0.00>
ST_2 : Operation 29 [1/1] (0.00ns)   --->   "%trunc_ln103 = trunc i32 %gmem5_addr_read" [src/gtsrb_cnn.cpp:103]   --->   Operation 29 'trunc' 'trunc_ln103' <Predicate = (!icmp_ln101)> <Delay = 0.00>

State 3 <SV = 2> <Delay = 3.34>
ST_3 : Operation 30 [1/1] (0.00ns)   --->   "%m_8_load = load i32 %m_8" [src/gtsrb_cnn.cpp:103]   --->   Operation 30 'load' 'm_8_load' <Predicate = true> <Delay = 0.00>
ST_3 : Operation 31 [1/1] (0.00ns)   --->   "%v = bitcast i32 %gmem5_addr_read" [src/gtsrb_cnn.cpp:102]   --->   Operation 31 'bitcast' 'v' <Predicate = true> <Delay = 0.00>
ST_3 : Operation 32 [1/1] (0.85ns)   --->   "%icmp_ln103 = icmp_ne  i8 %tmp, i8 255" [src/gtsrb_cnn.cpp:103]   --->   Operation 32 'icmp' 'icmp_ln103' <Predicate = true> <Delay = 0.85> <CoreInst = "Cmp">   --->   Core 9 'Cmp' <Latency = 0> <II = 1> <Delay = 0.85> <FuncUnit> <Opcode : 'icmp'> <InPorts = 2> <OutPorts = 1>
ST_3 : Operation 33 [1/1] (0.97ns)   --->   "%icmp_ln103_1 = icmp_eq  i23 %trunc_ln103, i23 0" [src/gtsrb_cnn.cpp:103]   --->   Operation 33 'icmp' 'icmp_ln103_1' <Predicate = true> <Delay = 0.97> <CoreInst = "Cmp">   --->   Core 9 'Cmp' <Latency = 0> <II = 1> <Delay = 0.97> <FuncUnit> <Opcode : 'icmp'> <InPorts = 2> <OutPorts = 1>
ST_3 : Operation 34 [2/2] (3.34ns)   --->   "%tmp_33 = fcmp_ogt  i32 %v, i32 %m_8_load" [src/gtsrb_cnn.cpp:103]   --->   Operation 34 'fcmp' 'tmp_33' <Predicate = true> <Delay = 3.34> <CoreInst = "FCompare">   --->   Core 19 'FCompare' <Latency = 1> <II = 1> <Delay = 3.34> <FuncUnit> <Opcode : 'fcmp'> <InPorts = 2> <OutPorts = 1>
ST_3 : Operation 53 [1/1] (0.00ns)   --->   "%idx_load = load i32 %idx"   --->   Operation 53 'load' 'idx_load' <Predicate = (icmp_ln101)> <Delay = 0.00>
ST_3 : Operation 54 [1/1] (0.00ns)   --->   "%write_ln0 = write void @_ssdm_op_Write.ap_auto.i32P0A, i32 %idx_out, i32 %idx_load"   --->   Operation 54 'write' 'write_ln0' <Predicate = (icmp_ln101)> <Delay = 0.00>
ST_3 : Operation 55 [1/1] (0.00ns)   --->   "%ret_ln0 = ret"   --->   Operation 55 'ret' 'ret_ln0' <Predicate = (icmp_ln101)> <Delay = 0.00>

State 4 <SV = 3> <Delay = 4.69>
ST_4 : Operation 35 [1/1] (0.00ns)   --->   "%idx_load_1 = load i32 %idx" [src/gtsrb_cnn.cpp:103]   --->   Operation 35 'load' 'idx_load_1' <Predicate = true> <Delay = 0.00>
ST_4 : Operation 36 [1/1] (0.00ns)   --->   "%specloopname_ln99 = specloopname void @_ssdm_op_SpecLoopName, void @empty_28" [src/gtsrb_cnn.cpp:99]   --->   Operation 36 'specloopname' 'specloopname_ln99' <Predicate = true> <Delay = 0.00>
ST_4 : Operation 37 [1/1] (0.00ns)   --->   "%bitcast_ln103 = bitcast i32 %m_8_load" [src/gtsrb_cnn.cpp:103]   --->   Operation 37 'bitcast' 'bitcast_ln103' <Predicate = true> <Delay = 0.00>
ST_4 : Operation 38 [1/1] (0.00ns)   --->   "%tmp_s = partselect i8 @_ssdm_op_PartSelect.i8.i32.i32.i32, i32 %bitcast_ln103, i32 23, i32 30" [src/gtsrb_cnn.cpp:103]   --->   Operation 38 'partselect' 'tmp_s' <Predicate = true> <Delay = 0.00>
ST_4 : Operation 39 [1/1] (0.00ns)   --->   "%trunc_ln103_1 = trunc i32 %bitcast_ln103" [src/gtsrb_cnn.cpp:103]   --->   Operation 39 'trunc' 'trunc_ln103_1' <Predicate = true> <Delay = 0.00>
ST_4 : Operation 40 [1/1] (0.00ns) (grouped into LUT with out node and_ln103_1)   --->   "%or_ln103 = or i1 %icmp_ln103_1, i1 %icmp_ln103" [src/gtsrb_cnn.cpp:103]   --->   Operation 40 'or' 'or_ln103' <Predicate = true> <Delay = 0.00> <CoreInst = "LogicGate">   --->   Core 74 'LogicGate' <Latency = 0> <II = 1> <Delay = 0.33> <FuncUnit> <Opcode : 'and' 'or' 'xor'> <InPorts = 2> <OutPorts = 1>
ST_4 : Operation 41 [1/1] (0.85ns)   --->   "%icmp_ln103_2 = icmp_ne  i8 %tmp_s, i8 255" [src/gtsrb_cnn.cpp:103]   --->   Operation 41 'icmp' 'icmp_ln103_2' <Predicate = true> <Delay = 0.85> <CoreInst = "Cmp">   --->   Core 9 'Cmp' <Latency = 0> <II = 1> <Delay = 0.85> <FuncUnit> <Opcode : 'icmp'> <InPorts = 2> <OutPorts = 1>
ST_4 : Operation 42 [1/1] (0.97ns)   --->   "%icmp_ln103_3 = icmp_eq  i23 %trunc_ln103_1, i23 0" [src/gtsrb_cnn.cpp:103]   --->   Operation 42 'icmp' 'icmp_ln103_3' <Predicate = true> <Delay = 0.97> <CoreInst = "Cmp">   --->   Core 9 'Cmp' <Latency = 0> <II = 1> <Delay = 0.97> <FuncUnit> <Opcode : 'icmp'> <InPorts = 2> <OutPorts = 1>
ST_4 : Operation 43 [1/1] (0.00ns) (grouped into LUT with out node and_ln103_1)   --->   "%or_ln103_1 = or i1 %icmp_ln103_3, i1 %icmp_ln103_2" [src/gtsrb_cnn.cpp:103]   --->   Operation 43 'or' 'or_ln103_1' <Predicate = true> <Delay = 0.00> <CoreInst = "LogicGate">   --->   Core 74 'LogicGate' <Latency = 0> <II = 1> <Delay = 0.33> <FuncUnit> <Opcode : 'and' 'or' 'xor'> <InPorts = 2> <OutPorts = 1>
ST_4 : Operation 44 [1/2] (3.34ns)   --->   "%tmp_33 = fcmp_ogt  i32 %v, i32 %m_8_load" [src/gtsrb_cnn.cpp:103]   --->   Operation 44 'fcmp' 'tmp_33' <Predicate = true> <Delay = 3.34> <CoreInst = "FCompare">   --->   Core 19 'FCompare' <Latency = 1> <II = 1> <Delay = 3.34> <FuncUnit> <Opcode : 'fcmp'> <InPorts = 2> <OutPorts = 1>
ST_4 : Operation 45 [1/1] (0.00ns) (grouped into LUT with out node and_ln103_1)   --->   "%and_ln103 = and i1 %tmp_33, i1 %or_ln103" [src/gtsrb_cnn.cpp:103]   --->   Operation 45 'and' 'and_ln103' <Predicate = true> <Delay = 0.00> <CoreInst = "LogicGate">   --->   Core 74 'LogicGate' <Latency = 0> <II = 1> <Delay = 0.33> <FuncUnit> <Opcode : 'and' 'or' 'xor'> <InPorts = 2> <OutPorts = 1>
ST_4 : Operation 46 [1/1] (0.33ns) (out node of the LUT)   --->   "%and_ln103_1 = and i1 %and_ln103, i1 %or_ln103_1" [src/gtsrb_cnn.cpp:103]   --->   Operation 46 'and' 'and_ln103_1' <Predicate = true> <Delay = 0.33> <CoreInst = "LogicGate">   --->   Core 74 'LogicGate' <Latency = 0> <II = 1> <Delay = 0.33> <FuncUnit> <Opcode : 'and' 'or' 'xor'> <InPorts = 2> <OutPorts = 1>
ST_4 : Operation 47 [1/1] (0.00ns)   --->   "%zext_ln103 = zext i6 %i" [src/gtsrb_cnn.cpp:103]   --->   Operation 47 'zext' 'zext_ln103' <Predicate = true> <Delay = 0.00>
ST_4 : Operation 48 [1/1] (0.52ns)   --->   "%idx_4 = select i1 %and_ln103_1, i32 %zext_ln103, i32 %idx_load_1" [src/gtsrb_cnn.cpp:103]   --->   Operation 48 'select' 'idx_4' <Predicate = true> <Delay = 0.52> <CoreInst = "Sel">   --->   Core 73 'Sel' <Latency = 0> <II = 1> <Delay = 0.52> <FuncUnit> <Opcode : 'select'> <InPorts = 3> <OutPorts = 1>
ST_4 : Operation 49 [1/1] (0.52ns)   --->   "%m_23 = select i1 %and_ln103_1, i32 %v, i32 %m_8_load" [src/gtsrb_cnn.cpp:103]   --->   Operation 49 'select' 'm_23' <Predicate = true> <Delay = 0.52> <CoreInst = "Sel">   --->   Core 73 'Sel' <Latency = 0> <II = 1> <Delay = 0.52> <FuncUnit> <Opcode : 'select'> <InPorts = 3> <OutPorts = 1>
ST_4 : Operation 50 [1/1] (0.48ns)   --->   "%store_ln101 = store i32 %m_23, i32 %m_8" [src/gtsrb_cnn.cpp:101]   --->   Operation 50 'store' 'store_ln101' <Predicate = true> <Delay = 0.48>
ST_4 : Operation 51 [1/1] (0.48ns)   --->   "%store_ln101 = store i32 %idx_4, i32 %idx" [src/gtsrb_cnn.cpp:101]   --->   Operation 51 'store' 'store_ln101' <Predicate = true> <Delay = 0.48>
ST_4 : Operation 52 [1/1] (0.00ns)   --->   "%br_ln101 = br void %for.body.i" [src/gtsrb_cnn.cpp:101]   --->   Operation 52 'br' 'br_ln101' <Predicate = true> <Delay = 0.00>


============================================================
+ Verbose Summary: Timing violations
============================================================
Target clock period: 10ns, clock uncertainty: 2.7ns.

 <State 1>: 1.38ns
The critical path consists of the following:
	'alloca' operation ('idx') [7]  (0 ns)
	'load' operation ('i', src/gtsrb_cnn.cpp:101) on local variable 'idx' [17]  (0 ns)
	'add' operation ('add_ln101', src/gtsrb_cnn.cpp:101) [47]  (0.887 ns)
	'store' operation ('store_ln101', src/gtsrb_cnn.cpp:101) of variable 'add_ln101', src/gtsrb_cnn.cpp:101 on local variable 'idx' [48]  (0.489 ns)

 <State 2>: 7.3ns
The critical path consists of the following:
	'getelementptr' operation ('gmem5_addr', src/gtsrb_cnn.cpp:101) [19]  (0 ns)
	bus read operation ('gmem5_addr_read', src/gtsrb_cnn.cpp:102) on port 'gmem5' (src/gtsrb_cnn.cpp:102) [28]  (7.3 ns)

 <State 3>: 3.35ns
The critical path consists of the following:
	'load' operation ('m_8_load', src/gtsrb_cnn.cpp:103) on local variable 'm' [26]  (0 ns)
	'fcmp' operation ('tmp_33', src/gtsrb_cnn.cpp:103) [41]  (3.35 ns)

 <State 4>: 4.69ns
The critical path consists of the following:
	'fcmp' operation ('tmp_33', src/gtsrb_cnn.cpp:103) [41]  (3.35 ns)
	'and' operation ('and_ln103', src/gtsrb_cnn.cpp:103) [42]  (0 ns)
	'and' operation ('and_ln103_1', src/gtsrb_cnn.cpp:103) [43]  (0.331 ns)
	'select' operation ('m', src/gtsrb_cnn.cpp:103) [46]  (0.525 ns)
	'store' operation ('store_ln101', src/gtsrb_cnn.cpp:101) of variable 'm', src/gtsrb_cnn.cpp:103 on local variable 'm' [49]  (0.489 ns)


============================================================
+ Verbose Summary: Binding
============================================================
N/A
* FSMD analyzer results:
  - Output states:
 - Input state : 
  - Chain level:
	State 1
	State 2
	State 3
	State 4


============================================================
+ Verbose Summary: Datapath Resource usage 
============================================================
N/A
