

================================================================
== Vitis HLS Report for 'gtsrb_cnn'
================================================================
* Date:           Sat Sep 13 23:17:13 2025

* Version:        2022.2 (Build 3670227 on Oct 13 2022)
* Project:        CNN_GTSRB
* Solution:       solution1 (Vivado IP Flow Target)
* Product family: zynquplus
* Target device:  xczu5eg-sfvc784-1-e


================================================================
== Performance Estimates
================================================================
+ Timing: 
    * Summary: 
    +--------+----------+----------+------------+
    |  Clock |  Target  | Estimated| Uncertainty|
    +--------+----------+----------+------------+
    |ap_clk  |  10.00 ns|  7.300 ns|     2.70 ns|
    +--------+----------+----------+------------+

+ Latency: 
    * Summary: 
    +----------+----------+-----------+-----------+----------+----------+---------+
    |   Latency (cycles)  |   Latency (absolute)  |       Interval      | Pipeline|
    |    min   |    max   |    min    |    max    |    min   |    max   |   Type  |
    +----------+----------+-----------+-----------+----------+----------+---------+
    |  17796010|  17796010|  0.178 sec|  0.178 sec|  17796011|  17796011|       no|
    +----------+----------+-----------+-----------+----------+----------+---------+

    + Detail: 
        * Instance: 
        N/A

        * Loop: 
        N/A

============================================================
+ Verbose Summary: Synthesis Manager
============================================================
InlineROM: 1
ExposeGlobal: 0
============================================================
+ Verbose Summary: CDFG Model
============================================================
IsTopModel: 1
ResetActiveHigh: 1
IsCombinational: 0
IsDatapathOnly: 0
HasWiredReturn: 1
HasMFsm: 0
HasVarLatency: 1
IsPipeline: 0
IsRtlPipelined: 0
IsInstanceOverlapped: 0
IsDontTouch: 0
HasImplIP: 0
IsGatedGlobalClock: 0


============================================================
+ Verbose Summary: Schedule
============================================================
* Number of FSM states : 33
* Pipeline : 0
* Dataflow Pipeline: 0

* FSM state transitions: 
1 --> 2 
2 --> 3 
3 --> 4 
4 --> 5 
5 --> 6 
6 --> 7 
7 --> 8 
8 --> 9 
9 --> 10 
10 --> 11 
11 --> 12 
12 --> 13 
13 --> 14 
14 --> 15 
15 --> 16 
16 --> 17 
17 --> 18 
18 --> 19 
19 --> 20 
20 --> 21 
21 --> 22 
22 --> 23 
23 --> 24 
24 --> 25 
25 --> 26 
26 --> 27 
27 --> 28 
28 --> 29 
29 --> 30 
30 --> 31 
31 --> 32 
32 --> 33 
33 --> 

* FSM state operations: 

State 1 <SV = 0> <Delay = 1.00>
ST_1 : Operation 34 [1/1] (1.00ns)   --->   "%top1_read = read i64 @_ssdm_op_Read.s_axilite.i64, i64 %top1"   --->   Operation 34 'read' 'top1_read' <Predicate = true> <Delay = 1.00> <CoreInst = "s_axilite">   --->   Core 122 's_axilite' <Latency = 0> <II = 1> <Delay = 1.00> <Adapter> <Opcode : 'read' 'write'>
ST_1 : Operation 35 [1/1] (1.00ns)   --->   "%logits_out_read = read i64 @_ssdm_op_Read.s_axilite.i64, i64 %logits_out"   --->   Operation 35 'read' 'logits_out_read' <Predicate = true> <Delay = 1.00> <CoreInst = "s_axilite">   --->   Core 122 's_axilite' <Latency = 0> <II = 1> <Delay = 1.00> <Adapter> <Opcode : 'read' 'write'>
ST_1 : Operation 36 [1/1] (1.00ns)   --->   "%feature_in_read = read i64 @_ssdm_op_Read.s_axilite.i64, i64 %feature_in"   --->   Operation 36 'read' 'feature_in_read' <Predicate = true> <Delay = 1.00> <CoreInst = "s_axilite">   --->   Core 122 's_axilite' <Latency = 0> <II = 1> <Delay = 1.00> <Adapter> <Opcode : 'read' 'write'>
ST_1 : Operation 37 [1/1] (1.00ns)   --->   "%b_fc2_read = read i64 @_ssdm_op_Read.s_axilite.i64, i64 %b_fc2"   --->   Operation 37 'read' 'b_fc2_read' <Predicate = true> <Delay = 1.00> <CoreInst = "s_axilite">   --->   Core 122 's_axilite' <Latency = 0> <II = 1> <Delay = 1.00> <Adapter> <Opcode : 'read' 'write'>
ST_1 : Operation 38 [1/1] (1.00ns)   --->   "%w_fc2_read = read i64 @_ssdm_op_Read.s_axilite.i64, i64 %w_fc2"   --->   Operation 38 'read' 'w_fc2_read' <Predicate = true> <Delay = 1.00> <CoreInst = "s_axilite">   --->   Core 122 's_axilite' <Latency = 0> <II = 1> <Delay = 1.00> <Adapter> <Opcode : 'read' 'write'>
ST_1 : Operation 39 [1/1] (1.00ns)   --->   "%b_fc1_read = read i64 @_ssdm_op_Read.s_axilite.i64, i64 %b_fc1"   --->   Operation 39 'read' 'b_fc1_read' <Predicate = true> <Delay = 1.00> <CoreInst = "s_axilite">   --->   Core 122 's_axilite' <Latency = 0> <II = 1> <Delay = 1.00> <Adapter> <Opcode : 'read' 'write'>
ST_1 : Operation 40 [1/1] (1.00ns)   --->   "%w_fc1_read = read i64 @_ssdm_op_Read.s_axilite.i64, i64 %w_fc1"   --->   Operation 40 'read' 'w_fc1_read' <Predicate = true> <Delay = 1.00> <CoreInst = "s_axilite">   --->   Core 122 's_axilite' <Latency = 0> <II = 1> <Delay = 1.00> <Adapter> <Opcode : 'read' 'write'>
ST_1 : Operation 41 [1/1] (1.00ns)   --->   "%b_c3_read = read i64 @_ssdm_op_Read.s_axilite.i64, i64 %b_c3"   --->   Operation 41 'read' 'b_c3_read' <Predicate = true> <Delay = 1.00> <CoreInst = "s_axilite">   --->   Core 122 's_axilite' <Latency = 0> <II = 1> <Delay = 1.00> <Adapter> <Opcode : 'read' 'write'>
ST_1 : Operation 42 [1/1] (1.00ns)   --->   "%w_c3_read = read i64 @_ssdm_op_Read.s_axilite.i64, i64 %w_c3"   --->   Operation 42 'read' 'w_c3_read' <Predicate = true> <Delay = 1.00> <CoreInst = "s_axilite">   --->   Core 122 's_axilite' <Latency = 0> <II = 1> <Delay = 1.00> <Adapter> <Opcode : 'read' 'write'>
ST_1 : Operation 43 [1/1] (1.00ns)   --->   "%b_c2_read = read i64 @_ssdm_op_Read.s_axilite.i64, i64 %b_c2"   --->   Operation 43 'read' 'b_c2_read' <Predicate = true> <Delay = 1.00> <CoreInst = "s_axilite">   --->   Core 122 's_axilite' <Latency = 0> <II = 1> <Delay = 1.00> <Adapter> <Opcode : 'read' 'write'>
ST_1 : Operation 44 [1/1] (1.00ns)   --->   "%w_c2_read = read i64 @_ssdm_op_Read.s_axilite.i64, i64 %w_c2"   --->   Operation 44 'read' 'w_c2_read' <Predicate = true> <Delay = 1.00> <CoreInst = "s_axilite">   --->   Core 122 's_axilite' <Latency = 0> <II = 1> <Delay = 1.00> <Adapter> <Opcode : 'read' 'write'>
ST_1 : Operation 45 [1/1] (1.00ns)   --->   "%b_c1_read = read i64 @_ssdm_op_Read.s_axilite.i64, i64 %b_c1"   --->   Operation 45 'read' 'b_c1_read' <Predicate = true> <Delay = 1.00> <CoreInst = "s_axilite">   --->   Core 122 's_axilite' <Latency = 0> <II = 1> <Delay = 1.00> <Adapter> <Opcode : 'read' 'write'>
ST_1 : Operation 46 [1/1] (1.00ns)   --->   "%w_c1_read = read i64 @_ssdm_op_Read.s_axilite.i64, i64 %w_c1"   --->   Operation 46 'read' 'w_c1_read' <Predicate = true> <Delay = 1.00> <CoreInst = "s_axilite">   --->   Core 122 's_axilite' <Latency = 0> <II = 1> <Delay = 1.00> <Adapter> <Opcode : 'read' 'write'>
ST_1 : Operation 47 [1/1] (0.00ns)   --->   "%idx_loc = alloca i64 1"   --->   Operation 47 'alloca' 'idx_loc' <Predicate = true> <Delay = 0.00>
ST_1 : Operation 48 [2/2] (0.00ns)   --->   "%call_ln169 = call void @conv_valid_relu, i32 %gmem5, i64 %feature_in_read, i32 %gmem0, i64 %w_c1_read, i64 %b_c1_read, i32 %c1_out" [src/gtsrb_cnn.cpp:169]   --->   Operation 48 'call' 'call_ln169' <Predicate = true> <Delay = 0.00> <CoreType = "Generic">   --->   Core 0 '' <Latency = 0> <II = 1> <Delay = 1.00> <Generic> <Opcode : >
ST_1 : Operation 49 [1/1] (0.00ns)   --->   "%trunc_ln = partselect i62 @_ssdm_op_PartSelect.i62.i64.i32.i32, i64 %logits_out_read, i32 2, i32 63" [src/gtsrb_cnn.cpp:100]   --->   Operation 49 'partselect' 'trunc_ln' <Predicate = true> <Delay = 0.00>
ST_1 : Operation 50 [1/1] (0.00ns)   --->   "%sext_ln100 = sext i62 %trunc_ln" [src/gtsrb_cnn.cpp:100]   --->   Operation 50 'sext' 'sext_ln100' <Predicate = true> <Delay = 0.00>
ST_1 : Operation 51 [1/1] (0.00ns)   --->   "%gmem5_addr = getelementptr i32 %gmem5, i64 %sext_ln100" [src/gtsrb_cnn.cpp:100]   --->   Operation 51 'getelementptr' 'gmem5_addr' <Predicate = true> <Delay = 0.00>
ST_1 : Operation 52 [1/1] (0.00ns)   --->   "%trunc_ln2 = partselect i62 @_ssdm_op_PartSelect.i62.i64.i32.i32, i64 %top1_read, i32 2, i32 63" [src/gtsrb_cnn.cpp:105]   --->   Operation 52 'partselect' 'trunc_ln2' <Predicate = true> <Delay = 0.00>
ST_1 : Operation 53 [1/1] (0.00ns)   --->   "%sext_ln105 = sext i62 %trunc_ln2" [src/gtsrb_cnn.cpp:105]   --->   Operation 53 'sext' 'sext_ln105' <Predicate = true> <Delay = 0.00>
ST_1 : Operation 54 [1/1] (0.00ns)   --->   "%gmem5_addr_2 = getelementptr i32 %gmem5, i64 %sext_ln105" [src/gtsrb_cnn.cpp:105]   --->   Operation 54 'getelementptr' 'gmem5_addr_2' <Predicate = true> <Delay = 0.00>

State 2 <SV = 1> <Delay = 0.00>
ST_2 : Operation 55 [1/2] (0.00ns)   --->   "%call_ln169 = call void @conv_valid_relu, i32 %gmem5, i64 %feature_in_read, i32 %gmem0, i64 %w_c1_read, i64 %b_c1_read, i32 %c1_out" [src/gtsrb_cnn.cpp:169]   --->   Operation 55 'call' 'call_ln169' <Predicate = true> <Delay = 0.00> <CoreType = "Generic">   --->   Core 0 '' <Latency = 0> <II = 1> <Delay = 1.00> <Generic> <Opcode : >

State 3 <SV = 2> <Delay = 0.00>
ST_3 : Operation 56 [2/2] (0.00ns)   --->   "%call_ln171 = call void @maxpool2x2_valid.2, i32 %c1_out, i32 %p1_out" [src/gtsrb_cnn.cpp:171]   --->   Operation 56 'call' 'call_ln171' <Predicate = true> <Delay = 0.00> <CoreType = "Generic">   --->   Core 0 '' <Latency = 0> <II = 1> <Delay = 1.00> <Generic> <Opcode : >

State 4 <SV = 3> <Delay = 0.00>
ST_4 : Operation 57 [1/2] (0.00ns)   --->   "%call_ln171 = call void @maxpool2x2_valid.2, i32 %c1_out, i32 %p1_out" [src/gtsrb_cnn.cpp:171]   --->   Operation 57 'call' 'call_ln171' <Predicate = true> <Delay = 0.00> <CoreType = "Generic">   --->   Core 0 '' <Latency = 0> <II = 1> <Delay = 1.00> <Generic> <Opcode : >

State 5 <SV = 4> <Delay = 0.00>
ST_5 : Operation 58 [2/2] (0.00ns)   --->   "%call_ln173 = call void @conv_valid_relu.2, i32 %gmem1, i64 %w_c2_read, i64 %b_c2_read, i32 %p1_out, i32 %c2_out" [src/gtsrb_cnn.cpp:173]   --->   Operation 58 'call' 'call_ln173' <Predicate = true> <Delay = 0.00> <CoreType = "Generic">   --->   Core 0 '' <Latency = 0> <II = 1> <Delay = 1.00> <Generic> <Opcode : >

State 6 <SV = 5> <Delay = 0.00>
ST_6 : Operation 59 [1/2] (0.00ns)   --->   "%call_ln173 = call void @conv_valid_relu.2, i32 %gmem1, i64 %w_c2_read, i64 %b_c2_read, i32 %p1_out, i32 %c2_out" [src/gtsrb_cnn.cpp:173]   --->   Operation 59 'call' 'call_ln173' <Predicate = true> <Delay = 0.00> <CoreType = "Generic">   --->   Core 0 '' <Latency = 0> <II = 1> <Delay = 1.00> <Generic> <Opcode : >

State 7 <SV = 6> <Delay = 0.00>
ST_7 : Operation 60 [2/2] (0.00ns)   --->   "%call_ln175 = call void @maxpool2x2_valid.1, i32 %c2_out, i32 %p2_out" [src/gtsrb_cnn.cpp:175]   --->   Operation 60 'call' 'call_ln175' <Predicate = true> <Delay = 0.00> <CoreType = "Generic">   --->   Core 0 '' <Latency = 0> <II = 1> <Delay = 1.00> <Generic> <Opcode : >

State 8 <SV = 7> <Delay = 0.00>
ST_8 : Operation 61 [1/2] (0.00ns)   --->   "%call_ln175 = call void @maxpool2x2_valid.1, i32 %c2_out, i32 %p2_out" [src/gtsrb_cnn.cpp:175]   --->   Operation 61 'call' 'call_ln175' <Predicate = true> <Delay = 0.00> <CoreType = "Generic">   --->   Core 0 '' <Latency = 0> <II = 1> <Delay = 1.00> <Generic> <Opcode : >

State 9 <SV = 8> <Delay = 0.00>
ST_9 : Operation 62 [2/2] (0.00ns)   --->   "%call_ln177 = call void @conv_valid_relu.1, i32 %gmem2, i64 %w_c3_read, i64 %b_c3_read, i32 %p2_out, i32 %c3_out" [src/gtsrb_cnn.cpp:177]   --->   Operation 62 'call' 'call_ln177' <Predicate = true> <Delay = 0.00> <CoreType = "Generic">   --->   Core 0 '' <Latency = 0> <II = 1> <Delay = 1.00> <Generic> <Opcode : >

State 10 <SV = 9> <Delay = 0.00>
ST_10 : Operation 63 [1/2] (0.00ns)   --->   "%call_ln177 = call void @conv_valid_relu.1, i32 %gmem2, i64 %w_c3_read, i64 %b_c3_read, i32 %p2_out, i32 %c3_out" [src/gtsrb_cnn.cpp:177]   --->   Operation 63 'call' 'call_ln177' <Predicate = true> <Delay = 0.00> <CoreType = "Generic">   --->   Core 0 '' <Latency = 0> <II = 1> <Delay = 1.00> <Generic> <Opcode : >

State 11 <SV = 10> <Delay = 0.00>
ST_11 : Operation 64 [2/2] (0.00ns)   --->   "%call_ln179 = call void @maxpool2x2_valid, i32 %c3_out, i32 %p3_out" [src/gtsrb_cnn.cpp:179]   --->   Operation 64 'call' 'call_ln179' <Predicate = true> <Delay = 0.00> <CoreType = "Generic">   --->   Core 0 '' <Latency = 0> <II = 1> <Delay = 1.00> <Generic> <Opcode : >

State 12 <SV = 11> <Delay = 0.00>
ST_12 : Operation 65 [1/2] (0.00ns)   --->   "%call_ln179 = call void @maxpool2x2_valid, i32 %c3_out, i32 %p3_out" [src/gtsrb_cnn.cpp:179]   --->   Operation 65 'call' 'call_ln179' <Predicate = true> <Delay = 0.00> <CoreType = "Generic">   --->   Core 0 '' <Latency = 0> <II = 1> <Delay = 1.00> <Generic> <Opcode : >

State 13 <SV = 12> <Delay = 0.00>
ST_13 : Operation 66 [2/2] (0.00ns)   --->   "%call_ln181 = call void @linear, i32 %gmem3, i64 %w_fc1_read, i64 %b_fc1_read, i32 %p3_out, i32 %fc1_out" [src/gtsrb_cnn.cpp:181]   --->   Operation 66 'call' 'call_ln181' <Predicate = true> <Delay = 0.00> <CoreType = "Generic">   --->   Core 0 '' <Latency = 0> <II = 1> <Delay = 1.00> <Generic> <Opcode : >

State 14 <SV = 13> <Delay = 0.00>
ST_14 : Operation 67 [1/2] (0.00ns)   --->   "%call_ln181 = call void @linear, i32 %gmem3, i64 %w_fc1_read, i64 %b_fc1_read, i32 %p3_out, i32 %fc1_out" [src/gtsrb_cnn.cpp:181]   --->   Operation 67 'call' 'call_ln181' <Predicate = true> <Delay = 0.00> <CoreType = "Generic">   --->   Core 0 '' <Latency = 0> <II = 1> <Delay = 1.00> <Generic> <Opcode : >

State 15 <SV = 14> <Delay = 7.30>
ST_15 : Operation 68 [2/2] (7.30ns)   --->   "%call_ln182 = call void @linear.2, i32 %gmem4, i64 %w_fc2_read, i64 %b_fc2_read, i32 %gmem5, i64 %logits_out_read, i32 %fc1_out" [src/gtsrb_cnn.cpp:182]   --->   Operation 68 'call' 'call_ln182' <Predicate = true> <Delay = 7.30> <CoreType = "Generic">   --->   Core 0 '' <Latency = 0> <II = 1> <Delay = 1.00> <Generic> <Opcode : >
ST_15 : Operation 69 [1/1] (1.47ns)   --->   "%add_ln101 = add i64 %logits_out_read, i64 4" [src/gtsrb_cnn.cpp:101]   --->   Operation 69 'add' 'add_ln101' <Predicate = true> <Delay = 1.47> <CoreInst = "Adder">   --->   Core 1 'Adder' <Latency = 0> <II = 1> <Delay = 1.47> <FuncUnit> <Opcode : 'add' 'sub'> <InPorts = 2> <OutPorts = 1>
ST_15 : Operation 70 [1/1] (0.00ns)   --->   "%trunc_ln1 = partselect i62 @_ssdm_op_PartSelect.i62.i64.i32.i32, i64 %add_ln101, i32 2, i32 63" [src/gtsrb_cnn.cpp:101]   --->   Operation 70 'partselect' 'trunc_ln1' <Predicate = true> <Delay = 0.00>

State 16 <SV = 15> <Delay = 0.00>
ST_16 : Operation 71 [1/2] (0.00ns)   --->   "%call_ln182 = call void @linear.2, i32 %gmem4, i64 %w_fc2_read, i64 %b_fc2_read, i32 %gmem5, i64 %logits_out_read, i32 %fc1_out" [src/gtsrb_cnn.cpp:182]   --->   Operation 71 'call' 'call_ln182' <Predicate = true> <Delay = 0.00> <CoreType = "Generic">   --->   Core 0 '' <Latency = 0> <II = 1> <Delay = 1.00> <Generic> <Opcode : >

State 17 <SV = 16> <Delay = 7.30>
ST_17 : Operation 72 [7/7] (7.30ns)   --->   "%gmem5_load_req = readreq i1 @_ssdm_op_ReadReq.m_axi.i32P1A, i32 %gmem5_addr, i32 1" [src/gtsrb_cnn.cpp:100]   --->   Operation 72 'readreq' 'gmem5_load_req' <Predicate = true> <Delay = 7.30> <CoreInst = "m_axi">   --->   Core 121 'm_axi' <Latency = 0> <II = 1> <Delay = 1.00> <Adapter> <Opcode : 'read' 'write' 'readreq' 'writereq' 'writeresp'>

State 18 <SV = 17> <Delay = 7.30>
ST_18 : Operation 73 [6/7] (7.30ns)   --->   "%gmem5_load_req = readreq i1 @_ssdm_op_ReadReq.m_axi.i32P1A, i32 %gmem5_addr, i32 1" [src/gtsrb_cnn.cpp:100]   --->   Operation 73 'readreq' 'gmem5_load_req' <Predicate = true> <Delay = 7.30> <CoreInst = "m_axi">   --->   Core 121 'm_axi' <Latency = 0> <II = 1> <Delay = 1.00> <Adapter> <Opcode : 'read' 'write' 'readreq' 'writereq' 'writeresp'>
ST_18 : Operation 74 [1/1] (0.00ns)   --->   "%sext_ln101 = sext i62 %trunc_ln1" [src/gtsrb_cnn.cpp:101]   --->   Operation 74 'sext' 'sext_ln101' <Predicate = true> <Delay = 0.00>
ST_18 : Operation 75 [1/1] (0.00ns)   --->   "%gmem5_addr_1 = getelementptr i32 %gmem5, i64 %sext_ln101" [src/gtsrb_cnn.cpp:101]   --->   Operation 75 'getelementptr' 'gmem5_addr_1' <Predicate = true> <Delay = 0.00>
ST_18 : Operation 76 [7/7] (7.30ns)   --->   "%empty = readreq i1 @_ssdm_op_ReadReq.m_axi.p1i32, i32 %gmem5_addr_1, i32 42" [src/gtsrb_cnn.cpp:101]   --->   Operation 76 'readreq' 'empty' <Predicate = true> <Delay = 7.30> <CoreInst = "m_axi">   --->   Core 121 'm_axi' <Latency = 0> <II = 1> <Delay = 1.00> <Adapter> <Opcode : 'read' 'write' 'readreq' 'writereq' 'writeresp'>

State 19 <SV = 18> <Delay = 7.30>
ST_19 : Operation 77 [5/7] (7.30ns)   --->   "%gmem5_load_req = readreq i1 @_ssdm_op_ReadReq.m_axi.i32P1A, i32 %gmem5_addr, i32 1" [src/gtsrb_cnn.cpp:100]   --->   Operation 77 'readreq' 'gmem5_load_req' <Predicate = true> <Delay = 7.30> <CoreInst = "m_axi">   --->   Core 121 'm_axi' <Latency = 0> <II = 1> <Delay = 1.00> <Adapter> <Opcode : 'read' 'write' 'readreq' 'writereq' 'writeresp'>
ST_19 : Operation 78 [6/7] (7.30ns)   --->   "%empty = readreq i1 @_ssdm_op_ReadReq.m_axi.p1i32, i32 %gmem5_addr_1, i32 42" [src/gtsrb_cnn.cpp:101]   --->   Operation 78 'readreq' 'empty' <Predicate = true> <Delay = 7.30> <CoreInst = "m_axi">   --->   Core 121 'm_axi' <Latency = 0> <II = 1> <Delay = 1.00> <Adapter> <Opcode : 'read' 'write' 'readreq' 'writereq' 'writeresp'>

State 20 <SV = 19> <Delay = 7.30>
ST_20 : Operation 79 [4/7] (7.30ns)   --->   "%gmem5_load_req = readreq i1 @_ssdm_op_ReadReq.m_axi.i32P1A, i32 %gmem5_addr, i32 1" [src/gtsrb_cnn.cpp:100]   --->   Operation 79 'readreq' 'gmem5_load_req' <Predicate = true> <Delay = 7.30> <CoreInst = "m_axi">   --->   Core 121 'm_axi' <Latency = 0> <II = 1> <Delay = 1.00> <Adapter> <Opcode : 'read' 'write' 'readreq' 'writereq' 'writeresp'>
ST_20 : Operation 80 [5/7] (7.30ns)   --->   "%empty = readreq i1 @_ssdm_op_ReadReq.m_axi.p1i32, i32 %gmem5_addr_1, i32 42" [src/gtsrb_cnn.cpp:101]   --->   Operation 80 'readreq' 'empty' <Predicate = true> <Delay = 7.30> <CoreInst = "m_axi">   --->   Core 121 'm_axi' <Latency = 0> <II = 1> <Delay = 1.00> <Adapter> <Opcode : 'read' 'write' 'readreq' 'writereq' 'writeresp'>

State 21 <SV = 20> <Delay = 7.30>
ST_21 : Operation 81 [3/7] (7.30ns)   --->   "%gmem5_load_req = readreq i1 @_ssdm_op_ReadReq.m_axi.i32P1A, i32 %gmem5_addr, i32 1" [src/gtsrb_cnn.cpp:100]   --->   Operation 81 'readreq' 'gmem5_load_req' <Predicate = true> <Delay = 7.30> <CoreInst = "m_axi">   --->   Core 121 'm_axi' <Latency = 0> <II = 1> <Delay = 1.00> <Adapter> <Opcode : 'read' 'write' 'readreq' 'writereq' 'writeresp'>
ST_21 : Operation 82 [4/7] (7.30ns)   --->   "%empty = readreq i1 @_ssdm_op_ReadReq.m_axi.p1i32, i32 %gmem5_addr_1, i32 42" [src/gtsrb_cnn.cpp:101]   --->   Operation 82 'readreq' 'empty' <Predicate = true> <Delay = 7.30> <CoreInst = "m_axi">   --->   Core 121 'm_axi' <Latency = 0> <II = 1> <Delay = 1.00> <Adapter> <Opcode : 'read' 'write' 'readreq' 'writereq' 'writeresp'>

State 22 <SV = 21> <Delay = 7.30>
ST_22 : Operation 83 [2/7] (7.30ns)   --->   "%gmem5_load_req = readreq i1 @_ssdm_op_ReadReq.m_axi.i32P1A, i32 %gmem5_addr, i32 1" [src/gtsrb_cnn.cpp:100]   --->   Operation 83 'readreq' 'gmem5_load_req' <Predicate = true> <Delay = 7.30> <CoreInst = "m_axi">   --->   Core 121 'm_axi' <Latency = 0> <II = 1> <Delay = 1.00> <Adapter> <Opcode : 'read' 'write' 'readreq' 'writereq' 'writeresp'>
ST_22 : Operation 84 [3/7] (7.30ns)   --->   "%empty = readreq i1 @_ssdm_op_ReadReq.m_axi.p1i32, i32 %gmem5_addr_1, i32 42" [src/gtsrb_cnn.cpp:101]   --->   Operation 84 'readreq' 'empty' <Predicate = true> <Delay = 7.30> <CoreInst = "m_axi">   --->   Core 121 'm_axi' <Latency = 0> <II = 1> <Delay = 1.00> <Adapter> <Opcode : 'read' 'write' 'readreq' 'writereq' 'writeresp'>

State 23 <SV = 22> <Delay = 7.30>
ST_23 : Operation 85 [1/7] (7.30ns)   --->   "%gmem5_load_req = readreq i1 @_ssdm_op_ReadReq.m_axi.i32P1A, i32 %gmem5_addr, i32 1" [src/gtsrb_cnn.cpp:100]   --->   Operation 85 'readreq' 'gmem5_load_req' <Predicate = true> <Delay = 7.30> <CoreInst = "m_axi">   --->   Core 121 'm_axi' <Latency = 0> <II = 1> <Delay = 1.00> <Adapter> <Opcode : 'read' 'write' 'readreq' 'writereq' 'writeresp'>
ST_23 : Operation 86 [2/7] (7.30ns)   --->   "%empty = readreq i1 @_ssdm_op_ReadReq.m_axi.p1i32, i32 %gmem5_addr_1, i32 42" [src/gtsrb_cnn.cpp:101]   --->   Operation 86 'readreq' 'empty' <Predicate = true> <Delay = 7.30> <CoreInst = "m_axi">   --->   Core 121 'm_axi' <Latency = 0> <II = 1> <Delay = 1.00> <Adapter> <Opcode : 'read' 'write' 'readreq' 'writereq' 'writeresp'>

State 24 <SV = 23> <Delay = 7.30>
ST_24 : Operation 87 [1/1] (7.30ns)   --->   "%gmem5_addr_read = read i32 @_ssdm_op_Read.m_axi.i32P1A, i32 %gmem5_addr" [src/gtsrb_cnn.cpp:100]   --->   Operation 87 'read' 'gmem5_addr_read' <Predicate = true> <Delay = 7.30> <CoreInst = "m_axi">   --->   Core 121 'm_axi' <Latency = 0> <II = 1> <Delay = 1.00> <Adapter> <Opcode : 'read' 'write' 'readreq' 'writereq' 'writeresp'>
ST_24 : Operation 88 [1/7] (7.30ns)   --->   "%empty = readreq i1 @_ssdm_op_ReadReq.m_axi.p1i32, i32 %gmem5_addr_1, i32 42" [src/gtsrb_cnn.cpp:101]   --->   Operation 88 'readreq' 'empty' <Predicate = true> <Delay = 7.30> <CoreInst = "m_axi">   --->   Core 121 'm_axi' <Latency = 0> <II = 1> <Delay = 1.00> <Adapter> <Opcode : 'read' 'write' 'readreq' 'writereq' 'writeresp'>

State 25 <SV = 24> <Delay = 0.48>
ST_25 : Operation 89 [1/1] (0.00ns)   --->   "%m = bitcast i32 %gmem5_addr_read" [src/gtsrb_cnn.cpp:100]   --->   Operation 89 'bitcast' 'm' <Predicate = true> <Delay = 0.00>
ST_25 : Operation 90 [2/2] (0.48ns)   --->   "%call_ln100 = call void @gtsrb_cnn_Pipeline_VITIS_LOOP_101_1, i32 %m, i32 %gmem5, i62 %trunc_ln1, i32 %idx_loc" [src/gtsrb_cnn.cpp:100]   --->   Operation 90 'call' 'call_ln100' <Predicate = true> <Delay = 0.48> <CoreType = "Generic">   --->   Core 0 '' <Latency = 0> <II = 1> <Delay = 1.00> <Generic> <Opcode : >

State 26 <SV = 25> <Delay = 0.00>
ST_26 : Operation 91 [1/2] (0.00ns)   --->   "%call_ln100 = call void @gtsrb_cnn_Pipeline_VITIS_LOOP_101_1, i32 %m, i32 %gmem5, i62 %trunc_ln1, i32 %idx_loc" [src/gtsrb_cnn.cpp:100]   --->   Operation 91 'call' 'call_ln100' <Predicate = true> <Delay = 0.00> <CoreType = "Generic">   --->   Core 0 '' <Latency = 0> <II = 1> <Delay = 1.00> <Generic> <Opcode : >

State 27 <SV = 26> <Delay = 7.30>
ST_27 : Operation 92 [1/1] (7.30ns)   --->   "%gmem5_addr_2_req = writereq i1 @_ssdm_op_WriteReq.m_axi.i32P1A, i32 %gmem5_addr_2, i32 1" [src/gtsrb_cnn.cpp:105]   --->   Operation 92 'writereq' 'gmem5_addr_2_req' <Predicate = true> <Delay = 7.30> <CoreInst = "m_axi">   --->   Core 121 'm_axi' <Latency = 0> <II = 1> <Delay = 1.00> <Adapter> <Opcode : 'read' 'write' 'readreq' 'writereq' 'writeresp'>

State 28 <SV = 27> <Delay = 7.30>
ST_28 : Operation 93 [1/1] (0.00ns)   --->   "%idx_loc_load = load i32 %idx_loc"   --->   Operation 93 'load' 'idx_loc_load' <Predicate = true> <Delay = 0.00>
ST_28 : Operation 94 [1/1] (7.30ns)   --->   "%write_ln105 = write void @_ssdm_op_Write.m_axi.i32P1A, i32 %gmem5_addr_2, i32 %idx_loc_load, i4 15" [src/gtsrb_cnn.cpp:105]   --->   Operation 94 'write' 'write_ln105' <Predicate = true> <Delay = 7.30> <CoreInst = "m_axi">   --->   Core 121 'm_axi' <Latency = 0> <II = 1> <Delay = 1.00> <Adapter> <Opcode : 'read' 'write' 'readreq' 'writereq' 'writeresp'>

State 29 <SV = 28> <Delay = 7.30>
ST_29 : Operation 95 [5/5] (7.30ns)   --->   "%gmem5_addr_2_resp = writeresp i1 @_ssdm_op_WriteResp.m_axi.i32P1A, i32 %gmem5_addr_2" [src/gtsrb_cnn.cpp:105]   --->   Operation 95 'writeresp' 'gmem5_addr_2_resp' <Predicate = true> <Delay = 7.30> <CoreInst = "m_axi">   --->   Core 121 'm_axi' <Latency = 0> <II = 1> <Delay = 1.00> <Adapter> <Opcode : 'read' 'write' 'readreq' 'writereq' 'writeresp'>

State 30 <SV = 29> <Delay = 7.30>
ST_30 : Operation 96 [4/5] (7.30ns)   --->   "%gmem5_addr_2_resp = writeresp i1 @_ssdm_op_WriteResp.m_axi.i32P1A, i32 %gmem5_addr_2" [src/gtsrb_cnn.cpp:105]   --->   Operation 96 'writeresp' 'gmem5_addr_2_resp' <Predicate = true> <Delay = 7.30> <CoreInst = "m_axi">   --->   Core 121 'm_axi' <Latency = 0> <II = 1> <Delay = 1.00> <Adapter> <Opcode : 'read' 'write' 'readreq' 'writereq' 'writeresp'>

State 31 <SV = 30> <Delay = 7.30>
ST_31 : Operation 97 [3/5] (7.30ns)   --->   "%gmem5_addr_2_resp = writeresp i1 @_ssdm_op_WriteResp.m_axi.i32P1A, i32 %gmem5_addr_2" [src/gtsrb_cnn.cpp:105]   --->   Operation 97 'writeresp' 'gmem5_addr_2_resp' <Predicate = true> <Delay = 7.30> <CoreInst = "m_axi">   --->   Core 121 'm_axi' <Latency = 0> <II = 1> <Delay = 1.00> <Adapter> <Opcode : 'read' 'write' 'readreq' 'writereq' 'writeresp'>

State 32 <SV = 31> <Delay = 7.30>
ST_32 : Operation 98 [2/5] (7.30ns)   --->   "%gmem5_addr_2_resp = writeresp i1 @_ssdm_op_WriteResp.m_axi.i32P1A, i32 %gmem5_addr_2" [src/gtsrb_cnn.cpp:105]   --->   Operation 98 'writeresp' 'gmem5_addr_2_resp' <Predicate = true> <Delay = 7.30> <CoreInst = "m_axi">   --->   Core 121 'm_axi' <Latency = 0> <II = 1> <Delay = 1.00> <Adapter> <Opcode : 'read' 'write' 'readreq' 'writereq' 'writeresp'>

State 33 <SV = 32> <Delay = 7.30>
ST_33 : Operation 99 [1/1] (0.00ns)   --->   "%spectopmodule_ln109 = spectopmodule void @_ssdm_op_SpecTopModule, void @empty_18" [src/gtsrb_cnn.cpp:109]   --->   Operation 99 'spectopmodule' 'spectopmodule_ln109' <Predicate = true> <Delay = 0.00>
ST_33 : Operation 100 [1/1] (0.00ns)   --->   "%specinterface_ln0 = specinterface void @_ssdm_op_SpecInterface, i32 %gmem0, void @empty_25, i32 0, i32 0, void @empty_27, i32 0, i32 432, void @empty_26, void @empty_30, void @empty_27, i32 16, i32 16, i32 16, i32 16, void @empty_27, void @empty_27, i32 4294967295, i32 0"   --->   Operation 100 'specinterface' 'specinterface_ln0' <Predicate = true> <Delay = 0.00>
ST_33 : Operation 101 [1/1] (0.00ns)   --->   "%specbitsmap_ln0 = specbitsmap void @_ssdm_op_SpecBitsMap, i32 %gmem0"   --->   Operation 101 'specbitsmap' 'specbitsmap_ln0' <Predicate = true> <Delay = 0.00>
ST_33 : Operation 102 [1/1] (0.00ns)   --->   "%specinterface_ln0 = specinterface void @_ssdm_op_SpecInterface, i32 %gmem1, void @empty_25, i32 0, i32 0, void @empty_27, i32 0, i32 1536, void @empty_29, void @empty_30, void @empty_27, i32 16, i32 16, i32 16, i32 16, void @empty_27, void @empty_27, i32 4294967295, i32 0"   --->   Operation 102 'specinterface' 'specinterface_ln0' <Predicate = true> <Delay = 0.00>
ST_33 : Operation 103 [1/1] (0.00ns)   --->   "%specbitsmap_ln0 = specbitsmap void @_ssdm_op_SpecBitsMap, i32 %gmem1"   --->   Operation 103 'specbitsmap' 'specbitsmap_ln0' <Predicate = true> <Delay = 0.00>
ST_33 : Operation 104 [1/1] (0.00ns)   --->   "%specinterface_ln0 = specinterface void @_ssdm_op_SpecInterface, i32 %gmem2, void @empty_25, i32 0, i32 0, void @empty_27, i32 0, i32 6144, void @empty_21, void @empty_30, void @empty_27, i32 16, i32 16, i32 16, i32 16, void @empty_27, void @empty_27, i32 4294967295, i32 0"   --->   Operation 104 'specinterface' 'specinterface_ln0' <Predicate = true> <Delay = 0.00>
ST_33 : Operation 105 [1/1] (0.00ns)   --->   "%specbitsmap_ln0 = specbitsmap void @_ssdm_op_SpecBitsMap, i32 %gmem2"   --->   Operation 105 'specbitsmap' 'specbitsmap_ln0' <Predicate = true> <Delay = 0.00>
ST_33 : Operation 106 [1/1] (0.00ns)   --->   "%specinterface_ln0 = specinterface void @_ssdm_op_SpecInterface, i32 %gmem3, void @empty_25, i32 0, i32 0, void @empty_27, i32 0, i32 16384, void @empty_20, void @empty_30, void @empty_27, i32 16, i32 16, i32 16, i32 16, void @empty_27, void @empty_27, i32 4294967295, i32 0"   --->   Operation 106 'specinterface' 'specinterface_ln0' <Predicate = true> <Delay = 0.00>
ST_33 : Operation 107 [1/1] (0.00ns)   --->   "%specbitsmap_ln0 = specbitsmap void @_ssdm_op_SpecBitsMap, i32 %gmem3"   --->   Operation 107 'specbitsmap' 'specbitsmap_ln0' <Predicate = true> <Delay = 0.00>
ST_33 : Operation 108 [1/1] (0.00ns)   --->   "%specinterface_ln0 = specinterface void @_ssdm_op_SpecInterface, i32 %gmem4, void @empty_25, i32 0, i32 0, void @empty_27, i32 0, i32 2752, void @empty_31, void @empty_30, void @empty_27, i32 16, i32 16, i32 16, i32 16, void @empty_27, void @empty_27, i32 4294967295, i32 0"   --->   Operation 108 'specinterface' 'specinterface_ln0' <Predicate = true> <Delay = 0.00>
ST_33 : Operation 109 [1/1] (0.00ns)   --->   "%specbitsmap_ln0 = specbitsmap void @_ssdm_op_SpecBitsMap, i32 %gmem4"   --->   Operation 109 'specbitsmap' 'specbitsmap_ln0' <Predicate = true> <Delay = 0.00>
ST_33 : Operation 110 [1/1] (0.00ns)   --->   "%specinterface_ln0 = specinterface void @_ssdm_op_SpecInterface, i32 %gmem5, void @empty_25, i32 0, i32 0, void @empty_27, i32 0, i32 2700, void @empty, void @empty_30, void @empty_27, i32 16, i32 16, i32 16, i32 16, void @empty_27, void @empty_27, i32 4294967295, i32 0"   --->   Operation 110 'specinterface' 'specinterface_ln0' <Predicate = true> <Delay = 0.00>
ST_33 : Operation 111 [1/1] (0.00ns)   --->   "%specbitsmap_ln0 = specbitsmap void @_ssdm_op_SpecBitsMap, i32 %gmem5"   --->   Operation 111 'specbitsmap' 'specbitsmap_ln0' <Predicate = true> <Delay = 0.00>
ST_33 : Operation 112 [1/1] (0.00ns)   --->   "%specinterface_ln0 = specinterface void @_ssdm_op_SpecInterface, i64 %w_c1, void @empty_0, i32 0, i32 0, void @empty_27, i32 0, i32 0, void @empty_1, void @empty_2, void @empty_27, i32 0, i32 0, i32 0, i32 0, void @empty_27, void @empty_3, i32 4294967295, i32 0"   --->   Operation 112 'specinterface' 'specinterface_ln0' <Predicate = true> <Delay = 0.00>
ST_33 : Operation 113 [1/1] (0.00ns)   --->   "%specinterface_ln0 = specinterface void @_ssdm_op_SpecInterface, i64 %w_c1, void @empty_4, i32 0, i32 0, void @empty_27, i32 0, i32 0, void @empty_27, void @empty_27, void @empty_27, i32 0, i32 0, i32 0, i32 0, void @empty_27, void @empty_3, i32 4294967295, i32 0"   --->   Operation 113 'specinterface' 'specinterface_ln0' <Predicate = true> <Delay = 0.00>
ST_33 : Operation 114 [1/1] (0.00ns)   --->   "%specinterface_ln0 = specinterface void @_ssdm_op_SpecInterface, i64 %b_c1, void @empty_0, i32 0, i32 0, void @empty_27, i32 0, i32 0, void @empty_1, void @empty_6, void @empty_27, i32 0, i32 0, i32 0, i32 0, void @empty_27, void @empty_3, i32 4294967295, i32 0"   --->   Operation 114 'specinterface' 'specinterface_ln0' <Predicate = true> <Delay = 0.00>
ST_33 : Operation 115 [1/1] (0.00ns)   --->   "%specinterface_ln0 = specinterface void @_ssdm_op_SpecInterface, i64 %b_c1, void @empty_4, i32 0, i32 0, void @empty_27, i32 0, i32 0, void @empty_27, void @empty_27, void @empty_27, i32 0, i32 0, i32 0, i32 0, void @empty_27, void @empty_3, i32 4294967295, i32 0"   --->   Operation 115 'specinterface' 'specinterface_ln0' <Predicate = true> <Delay = 0.00>
ST_33 : Operation 116 [1/1] (0.00ns)   --->   "%specinterface_ln0 = specinterface void @_ssdm_op_SpecInterface, i64 %w_c2, void @empty_0, i32 0, i32 0, void @empty_27, i32 0, i32 0, void @empty_1, void @empty_22, void @empty_27, i32 0, i32 0, i32 0, i32 0, void @empty_27, void @empty_3, i32 4294967295, i32 0"   --->   Operation 116 'specinterface' 'specinterface_ln0' <Predicate = true> <Delay = 0.00>
ST_33 : Operation 117 [1/1] (0.00ns)   --->   "%specinterface_ln0 = specinterface void @_ssdm_op_SpecInterface, i64 %w_c2, void @empty_4, i32 0, i32 0, void @empty_27, i32 0, i32 0, void @empty_27, void @empty_27, void @empty_27, i32 0, i32 0, i32 0, i32 0, void @empty_27, void @empty_3, i32 4294967295, i32 0"   --->   Operation 117 'specinterface' 'specinterface_ln0' <Predicate = true> <Delay = 0.00>
ST_33 : Operation 118 [1/1] (0.00ns)   --->   "%specinterface_ln0 = specinterface void @_ssdm_op_SpecInterface, i64 %b_c2, void @empty_0, i32 0, i32 0, void @empty_27, i32 0, i32 0, void @empty_1, void @empty_7, void @empty_27, i32 0, i32 0, i32 0, i32 0, void @empty_27, void @empty_3, i32 4294967295, i32 0"   --->   Operation 118 'specinterface' 'specinterface_ln0' <Predicate = true> <Delay = 0.00>
ST_33 : Operation 119 [1/1] (0.00ns)   --->   "%specinterface_ln0 = specinterface void @_ssdm_op_SpecInterface, i64 %b_c2, void @empty_4, i32 0, i32 0, void @empty_27, i32 0, i32 0, void @empty_27, void @empty_27, void @empty_27, i32 0, i32 0, i32 0, i32 0, void @empty_27, void @empty_3, i32 4294967295, i32 0"   --->   Operation 119 'specinterface' 'specinterface_ln0' <Predicate = true> <Delay = 0.00>
ST_33 : Operation 120 [1/1] (0.00ns)   --->   "%specinterface_ln0 = specinterface void @_ssdm_op_SpecInterface, i64 %w_c3, void @empty_0, i32 0, i32 0, void @empty_27, i32 0, i32 0, void @empty_1, void @empty_8, void @empty_27, i32 0, i32 0, i32 0, i32 0, void @empty_27, void @empty_3, i32 4294967295, i32 0"   --->   Operation 120 'specinterface' 'specinterface_ln0' <Predicate = true> <Delay = 0.00>
ST_33 : Operation 121 [1/1] (0.00ns)   --->   "%specinterface_ln0 = specinterface void @_ssdm_op_SpecInterface, i64 %w_c3, void @empty_4, i32 0, i32 0, void @empty_27, i32 0, i32 0, void @empty_27, void @empty_27, void @empty_27, i32 0, i32 0, i32 0, i32 0, void @empty_27, void @empty_3, i32 4294967295, i32 0"   --->   Operation 121 'specinterface' 'specinterface_ln0' <Predicate = true> <Delay = 0.00>
ST_33 : Operation 122 [1/1] (0.00ns)   --->   "%specinterface_ln0 = specinterface void @_ssdm_op_SpecInterface, i64 %b_c3, void @empty_0, i32 0, i32 0, void @empty_27, i32 0, i32 0, void @empty_1, void @empty_9, void @empty_27, i32 0, i32 0, i32 0, i32 0, void @empty_27, void @empty_3, i32 4294967295, i32 0"   --->   Operation 122 'specinterface' 'specinterface_ln0' <Predicate = true> <Delay = 0.00>
ST_33 : Operation 123 [1/1] (0.00ns)   --->   "%specinterface_ln0 = specinterface void @_ssdm_op_SpecInterface, i64 %b_c3, void @empty_4, i32 0, i32 0, void @empty_27, i32 0, i32 0, void @empty_27, void @empty_27, void @empty_27, i32 0, i32 0, i32 0, i32 0, void @empty_27, void @empty_3, i32 4294967295, i32 0"   --->   Operation 123 'specinterface' 'specinterface_ln0' <Predicate = true> <Delay = 0.00>
ST_33 : Operation 124 [1/1] (0.00ns)   --->   "%specinterface_ln0 = specinterface void @_ssdm_op_SpecInterface, i64 %w_fc1, void @empty_0, i32 0, i32 0, void @empty_27, i32 0, i32 0, void @empty_1, void @empty_10, void @empty_27, i32 0, i32 0, i32 0, i32 0, void @empty_27, void @empty_3, i32 4294967295, i32 0"   --->   Operation 124 'specinterface' 'specinterface_ln0' <Predicate = true> <Delay = 0.00>
ST_33 : Operation 125 [1/1] (0.00ns)   --->   "%specinterface_ln0 = specinterface void @_ssdm_op_SpecInterface, i64 %w_fc1, void @empty_4, i32 0, i32 0, void @empty_27, i32 0, i32 0, void @empty_27, void @empty_27, void @empty_27, i32 0, i32 0, i32 0, i32 0, void @empty_27, void @empty_3, i32 4294967295, i32 0"   --->   Operation 125 'specinterface' 'specinterface_ln0' <Predicate = true> <Delay = 0.00>
ST_33 : Operation 126 [1/1] (0.00ns)   --->   "%specinterface_ln0 = specinterface void @_ssdm_op_SpecInterface, i64 %b_fc1, void @empty_0, i32 0, i32 0, void @empty_27, i32 0, i32 0, void @empty_1, void @empty_11, void @empty_27, i32 0, i32 0, i32 0, i32 0, void @empty_27, void @empty_3, i32 4294967295, i32 0"   --->   Operation 126 'specinterface' 'specinterface_ln0' <Predicate = true> <Delay = 0.00>
ST_33 : Operation 127 [1/1] (0.00ns)   --->   "%specinterface_ln0 = specinterface void @_ssdm_op_SpecInterface, i64 %b_fc1, void @empty_4, i32 0, i32 0, void @empty_27, i32 0, i32 0, void @empty_27, void @empty_27, void @empty_27, i32 0, i32 0, i32 0, i32 0, void @empty_27, void @empty_3, i32 4294967295, i32 0"   --->   Operation 127 'specinterface' 'specinterface_ln0' <Predicate = true> <Delay = 0.00>
ST_33 : Operation 128 [1/1] (0.00ns)   --->   "%specinterface_ln0 = specinterface void @_ssdm_op_SpecInterface, i64 %w_fc2, void @empty_0, i32 0, i32 0, void @empty_27, i32 0, i32 0, void @empty_1, void @empty_12, void @empty_27, i32 0, i32 0, i32 0, i32 0, void @empty_27, void @empty_3, i32 4294967295, i32 0"   --->   Operation 128 'specinterface' 'specinterface_ln0' <Predicate = true> <Delay = 0.00>
ST_33 : Operation 129 [1/1] (0.00ns)   --->   "%specinterface_ln0 = specinterface void @_ssdm_op_SpecInterface, i64 %w_fc2, void @empty_4, i32 0, i32 0, void @empty_27, i32 0, i32 0, void @empty_27, void @empty_27, void @empty_27, i32 0, i32 0, i32 0, i32 0, void @empty_27, void @empty_3, i32 4294967295, i32 0"   --->   Operation 129 'specinterface' 'specinterface_ln0' <Predicate = true> <Delay = 0.00>
ST_33 : Operation 130 [1/1] (0.00ns)   --->   "%specinterface_ln0 = specinterface void @_ssdm_op_SpecInterface, i64 %b_fc2, void @empty_0, i32 0, i32 0, void @empty_27, i32 0, i32 0, void @empty_1, void @empty_13, void @empty_27, i32 0, i32 0, i32 0, i32 0, void @empty_27, void @empty_3, i32 4294967295, i32 0"   --->   Operation 130 'specinterface' 'specinterface_ln0' <Predicate = true> <Delay = 0.00>
ST_33 : Operation 131 [1/1] (0.00ns)   --->   "%specinterface_ln0 = specinterface void @_ssdm_op_SpecInterface, i64 %b_fc2, void @empty_4, i32 0, i32 0, void @empty_27, i32 0, i32 0, void @empty_27, void @empty_27, void @empty_27, i32 0, i32 0, i32 0, i32 0, void @empty_27, void @empty_3, i32 4294967295, i32 0"   --->   Operation 131 'specinterface' 'specinterface_ln0' <Predicate = true> <Delay = 0.00>
ST_33 : Operation 132 [1/1] (0.00ns)   --->   "%specinterface_ln0 = specinterface void @_ssdm_op_SpecInterface, i64 %feature_in, void @empty_0, i32 0, i32 0, void @empty_27, i32 0, i32 0, void @empty_1, void @empty_14, void @empty_27, i32 0, i32 0, i32 0, i32 0, void @empty_27, void @empty_3, i32 4294967295, i32 0"   --->   Operation 132 'specinterface' 'specinterface_ln0' <Predicate = true> <Delay = 0.00>
ST_33 : Operation 133 [1/1] (0.00ns)   --->   "%specinterface_ln0 = specinterface void @_ssdm_op_SpecInterface, i64 %feature_in, void @empty_4, i32 0, i32 0, void @empty_27, i32 0, i32 0, void @empty_27, void @empty_27, void @empty_27, i32 0, i32 0, i32 0, i32 0, void @empty_27, void @empty_3, i32 4294967295, i32 0"   --->   Operation 133 'specinterface' 'specinterface_ln0' <Predicate = true> <Delay = 0.00>
ST_33 : Operation 134 [1/1] (0.00ns)   --->   "%specinterface_ln0 = specinterface void @_ssdm_op_SpecInterface, i64 %logits_out, void @empty_0, i32 0, i32 0, void @empty_27, i32 0, i32 0, void @empty_1, void @empty_15, void @empty_27, i32 0, i32 0, i32 0, i32 0, void @empty_27, void @empty_3, i32 4294967295, i32 0"   --->   Operation 134 'specinterface' 'specinterface_ln0' <Predicate = true> <Delay = 0.00>
ST_33 : Operation 135 [1/1] (0.00ns)   --->   "%specinterface_ln0 = specinterface void @_ssdm_op_SpecInterface, i64 %logits_out, void @empty_4, i32 0, i32 0, void @empty_27, i32 0, i32 0, void @empty_27, void @empty_27, void @empty_27, i32 0, i32 0, i32 0, i32 0, void @empty_27, void @empty_3, i32 4294967295, i32 0"   --->   Operation 135 'specinterface' 'specinterface_ln0' <Predicate = true> <Delay = 0.00>
ST_33 : Operation 136 [1/1] (0.00ns)   --->   "%specinterface_ln0 = specinterface void @_ssdm_op_SpecInterface, i64 %top1, void @empty_0, i32 0, i32 0, void @empty_27, i32 0, i32 0, void @empty_1, void @empty_16, void @empty_27, i32 0, i32 0, i32 0, i32 0, void @empty_27, void @empty_3, i32 4294967295, i32 0"   --->   Operation 136 'specinterface' 'specinterface_ln0' <Predicate = true> <Delay = 0.00>
ST_33 : Operation 137 [1/1] (0.00ns)   --->   "%specinterface_ln0 = specinterface void @_ssdm_op_SpecInterface, i64 %top1, void @empty_4, i32 0, i32 0, void @empty_27, i32 0, i32 0, void @empty_27, void @empty_27, void @empty_27, i32 0, i32 0, i32 0, i32 0, void @empty_27, void @empty_3, i32 4294967295, i32 0"   --->   Operation 137 'specinterface' 'specinterface_ln0' <Predicate = true> <Delay = 0.00>
ST_33 : Operation 138 [1/1] (0.00ns)   --->   "%specinterface_ln0 = specinterface void @_ssdm_op_SpecInterface, i32 0, void @empty_0, i32 0, i32 0, void @empty_27, i32 0, i32 0, void @empty_1, void @empty_27, void @empty_27, i32 0, i32 0, i32 0, i32 0, void @empty_27, void @empty_27, i32 4294967295, i32 0"   --->   Operation 138 'specinterface' 'specinterface_ln0' <Predicate = true> <Delay = 0.00>
ST_33 : Operation 139 [1/1] (0.00ns)   --->   "%specmemcore_ln161 = specmemcore void @_ssdm_op_SpecMemCore, i32 %c1_out, i64 666, i64 22, i64 18446744073709551615" [src/gtsrb_cnn.cpp:161]   --->   Operation 139 'specmemcore' 'specmemcore_ln161' <Predicate = true> <Delay = 0.00>
ST_33 : Operation 140 [1/1] (0.00ns)   --->   "%specmemcore_ln162 = specmemcore void @_ssdm_op_SpecMemCore, i32 %p1_out, i64 666, i64 22, i64 18446744073709551615" [src/gtsrb_cnn.cpp:162]   --->   Operation 140 'specmemcore' 'specmemcore_ln162' <Predicate = true> <Delay = 0.00>
ST_33 : Operation 141 [1/1] (0.00ns)   --->   "%specmemcore_ln163 = specmemcore void @_ssdm_op_SpecMemCore, i32 %c2_out, i64 666, i64 22, i64 18446744073709551615" [src/gtsrb_cnn.cpp:163]   --->   Operation 141 'specmemcore' 'specmemcore_ln163' <Predicate = true> <Delay = 0.00>
ST_33 : Operation 142 [1/1] (0.00ns)   --->   "%specmemcore_ln164 = specmemcore void @_ssdm_op_SpecMemCore, i32 %p2_out, i64 666, i64 22, i64 18446744073709551615" [src/gtsrb_cnn.cpp:164]   --->   Operation 142 'specmemcore' 'specmemcore_ln164' <Predicate = true> <Delay = 0.00>
ST_33 : Operation 143 [1/1] (0.00ns)   --->   "%specmemcore_ln165 = specmemcore void @_ssdm_op_SpecMemCore, i32 %c3_out, i64 666, i64 22, i64 18446744073709551615" [src/gtsrb_cnn.cpp:165]   --->   Operation 143 'specmemcore' 'specmemcore_ln165' <Predicate = true> <Delay = 0.00>
ST_33 : Operation 144 [1/1] (0.00ns)   --->   "%specmemcore_ln166 = specmemcore void @_ssdm_op_SpecMemCore, i32 %p3_out, i64 666, i64 22, i64 18446744073709551615" [src/gtsrb_cnn.cpp:166]   --->   Operation 144 'specmemcore' 'specmemcore_ln166' <Predicate = true> <Delay = 0.00>
ST_33 : Operation 145 [1/1] (0.00ns)   --->   "%specmemcore_ln167 = specmemcore void @_ssdm_op_SpecMemCore, i32 %fc1_out, i64 666, i64 22, i64 18446744073709551615" [src/gtsrb_cnn.cpp:167]   --->   Operation 145 'specmemcore' 'specmemcore_ln167' <Predicate = true> <Delay = 0.00>
ST_33 : Operation 146 [1/5] (7.30ns)   --->   "%gmem5_addr_2_resp = writeresp i1 @_ssdm_op_WriteResp.m_axi.i32P1A, i32 %gmem5_addr_2" [src/gtsrb_cnn.cpp:105]   --->   Operation 146 'writeresp' 'gmem5_addr_2_resp' <Predicate = true> <Delay = 7.30> <CoreInst = "m_axi">   --->   Core 121 'm_axi' <Latency = 0> <II = 1> <Delay = 1.00> <Adapter> <Opcode : 'read' 'write' 'readreq' 'writereq' 'writeresp'>
ST_33 : Operation 147 [1/1] (0.00ns)   --->   "%ret_ln185 = ret" [src/gtsrb_cnn.cpp:185]   --->   Operation 147 'ret' 'ret_ln185' <Predicate = true> <Delay = 0.00>


============================================================
+ Verbose Summary: Timing violations
============================================================
Target clock period: 10ns, clock uncertainty: 2.7ns.

 <State 1>: 1ns
The critical path consists of the following:
	s_axi read operation ('top1') on port 'top1' [27]  (1 ns)

 <State 2>: 0ns
The critical path consists of the following:

 <State 3>: 0ns
The critical path consists of the following:

 <State 4>: 0ns
The critical path consists of the following:

 <State 5>: 0ns
The critical path consists of the following:

 <State 6>: 0ns
The critical path consists of the following:

 <State 7>: 0ns
The critical path consists of the following:

 <State 8>: 0ns
The critical path consists of the following:

 <State 9>: 0ns
The critical path consists of the following:

 <State 10>: 0ns
The critical path consists of the following:

 <State 11>: 0ns
The critical path consists of the following:

 <State 12>: 0ns
The critical path consists of the following:

 <State 13>: 0ns
The critical path consists of the following:

 <State 14>: 0ns
The critical path consists of the following:

 <State 15>: 7.3ns
The critical path consists of the following:
	'call' operation ('call_ln182', src/gtsrb_cnn.cpp:182) to 'linear.2' [95]  (7.3 ns)

 <State 16>: 0ns
The critical path consists of the following:

 <State 17>: 7.3ns
The critical path consists of the following:
	bus request operation ('gmem5_load_req', src/gtsrb_cnn.cpp:100) on port 'gmem5' (src/gtsrb_cnn.cpp:100) [99]  (7.3 ns)

 <State 18>: 7.3ns
The critical path consists of the following:
	bus request operation ('gmem5_load_req', src/gtsrb_cnn.cpp:100) on port 'gmem5' (src/gtsrb_cnn.cpp:100) [99]  (7.3 ns)

 <State 19>: 7.3ns
The critical path consists of the following:
	bus request operation ('gmem5_load_req', src/gtsrb_cnn.cpp:100) on port 'gmem5' (src/gtsrb_cnn.cpp:100) [99]  (7.3 ns)

 <State 20>: 7.3ns
The critical path consists of the following:
	bus request operation ('gmem5_load_req', src/gtsrb_cnn.cpp:100) on port 'gmem5' (src/gtsrb_cnn.cpp:100) [99]  (7.3 ns)

 <State 21>: 7.3ns
The critical path consists of the following:
	bus request operation ('gmem5_load_req', src/gtsrb_cnn.cpp:100) on port 'gmem5' (src/gtsrb_cnn.cpp:100) [99]  (7.3 ns)

 <State 22>: 7.3ns
The critical path consists of the following:
	bus request operation ('gmem5_load_req', src/gtsrb_cnn.cpp:100) on port 'gmem5' (src/gtsrb_cnn.cpp:100) [99]  (7.3 ns)

 <State 23>: 7.3ns
The critical path consists of the following:
	bus request operation ('gmem5_load_req', src/gtsrb_cnn.cpp:100) on port 'gmem5' (src/gtsrb_cnn.cpp:100) [99]  (7.3 ns)

 <State 24>: 7.3ns
The critical path consists of the following:
	bus read operation ('gmem5_addr_read', src/gtsrb_cnn.cpp:100) on port 'gmem5' (src/gtsrb_cnn.cpp:100) [100]  (7.3 ns)

 <State 25>: 0.489ns
The critical path consists of the following:
	'call' operation ('call_ln100', src/gtsrb_cnn.cpp:100) to 'gtsrb_cnn_Pipeline_VITIS_LOOP_101_1' [107]  (0.489 ns)

 <State 26>: 0ns
The critical path consists of the following:

 <State 27>: 7.3ns
The critical path consists of the following:
	bus request operation ('gmem5_addr_2_req', src/gtsrb_cnn.cpp:105) on port 'gmem5' (src/gtsrb_cnn.cpp:105) [112]  (7.3 ns)

 <State 28>: 7.3ns
The critical path consists of the following:
	'load' operation ('idx_loc_load') on local variable 'idx_loc' [108]  (0 ns)
	bus write operation ('write_ln105', src/gtsrb_cnn.cpp:105) on port 'gmem5' (src/gtsrb_cnn.cpp:105) [113]  (7.3 ns)

 <State 29>: 7.3ns
The critical path consists of the following:
	bus response operation ('gmem5_addr_2_resp', src/gtsrb_cnn.cpp:105) on port 'gmem5' (src/gtsrb_cnn.cpp:105) [114]  (7.3 ns)

 <State 30>: 7.3ns
The critical path consists of the following:
	bus response operation ('gmem5_addr_2_resp', src/gtsrb_cnn.cpp:105) on port 'gmem5' (src/gtsrb_cnn.cpp:105) [114]  (7.3 ns)

 <State 31>: 7.3ns
The critical path consists of the following:
	bus response operation ('gmem5_addr_2_resp', src/gtsrb_cnn.cpp:105) on port 'gmem5' (src/gtsrb_cnn.cpp:105) [114]  (7.3 ns)

 <State 32>: 7.3ns
The critical path consists of the following:
	bus response operation ('gmem5_addr_2_resp', src/gtsrb_cnn.cpp:105) on port 'gmem5' (src/gtsrb_cnn.cpp:105) [114]  (7.3 ns)

 <State 33>: 7.3ns
The critical path consists of the following:
	bus response operation ('gmem5_addr_2_resp', src/gtsrb_cnn.cpp:105) on port 'gmem5' (src/gtsrb_cnn.cpp:105) [114]  (7.3 ns)


============================================================
+ Verbose Summary: Binding
============================================================
N/A
* FSMD analyzer results:
  - Output states:
 - Input state : 
  - Chain level:
	State 1
	State 2
	State 3
	State 4
	State 5
	State 6
	State 7
	State 8
	State 9
	State 10
	State 11
	State 12
	State 13
	State 14
	State 15
	State 16
	State 17
	State 18
	State 19
	State 20
	State 21
	State 22
	State 23
	State 24
	State 25
	State 26
	State 27
	State 28
	State 29
	State 30
	State 31
	State 32
	State 33


============================================================
+ Verbose Summary: Datapath Resource usage 
============================================================
N/A
