

================================================================
== Vitis HLS Report for 'linear'
================================================================
* Date:           Sat Sep 13 23:17:20 2025

* Version:        2022.2 (Build 3670227 on Oct 13 2022)
* Project:        CNN_GTSRB
* Solution:       solution1 (Vivado IP Flow Target)
* Product family: zynquplus
* Target device:  xczu5eg-sfvc784-1-e


================================================================
== Performance Estimates
================================================================
+ Timing: 
    * Summary: 
    +--------+----------+----------+------------+
    |  Clock |  Target  | Estimated| Uncertainty|
    +--------+----------+----------+------------+
    |ap_clk  |  10.00 ns|  7.300 ns|     2.70 ns|
    +--------+----------+----------+------------+

+ Latency: 
    * Summary: 
    +---------+---------+----------+----------+-------+-------+---------+
    |  Latency (cycles) |  Latency (absolute) |    Interval   | Pipeline|
    |   min   |   max   |    min   |    max   |  min  |  max  |   Type  |
    +---------+---------+----------+----------+-------+-------+---------+
    |    67329|    67329|  0.673 ms|  0.673 ms|  67329|  67329|       no|
    +---------+---------+----------+----------+-------+-------+---------+

    + Detail: 
        * Instance: 
        +-------------------------------------------+---------------------------------+---------+---------+-----------+-----------+------+------+---------+
        |                                           |                                 |  Latency (cycles) |   Latency (absolute)  |   Interval  | Pipeline|
        |                  Instance                 |              Module             |   min   |   max   |    min    |    max    |  min |  max |   Type  |
        +-------------------------------------------+---------------------------------+---------+---------+-----------+-----------+------+------+---------+
        |grp_linear_Pipeline_VITIS_LOOP_86_2_fu_94  |linear_Pipeline_VITIS_LOOP_86_2  |     1041|     1041|  10.410 us|  10.410 us|  1041|  1041|       no|
        +-------------------------------------------+---------------------------------+---------+---------+-----------+-----------+------+------+---------+

        * Loop: 
        +-------------------+---------+---------+----------+-----------+-----------+------+----------+
        |                   |  Latency (cycles) | Iteration|  Initiation Interval  | Trip |          |
        |     Loop Name     |   min   |   max   |  Latency |  achieved |   target  | Count| Pipelined|
        +-------------------+---------+---------+----------+-----------+-----------+------+----------+
        |- VITIS_LOOP_83_1  |    67328|    67328|      1052|          -|          -|    64|        no|
        +-------------------+---------+---------+----------+-----------+-----------+------+----------+



================================================================
== Utilization Estimates
================================================================
* Summary: 
+-----------------+---------+------+--------+--------+-----+
|       Name      | BRAM_18K|  DSP |   FF   |   LUT  | URAM|
+-----------------+---------+------+--------+--------+-----+
|DSP              |        -|     -|       -|       -|    -|
|Expression       |        -|     -|       0|      95|    -|
|FIFO             |        -|     -|       -|       -|    -|
|Instance         |        -|     -|     368|     351|    -|
|Memory           |        -|     -|       -|       -|    -|
|Multiplexer      |        -|     -|       -|     256|    -|
|Register         |        -|     -|     217|       -|    -|
+-----------------+---------+------+--------+--------+-----+
|Total            |        0|     0|     585|     702|    0|
+-----------------+---------+------+--------+--------+-----+
|Available        |      288|  1248|  234240|  117120|   64|
+-----------------+---------+------+--------+--------+-----+
|Utilization (%)  |        0|     0|      ~0|      ~0|    0|
+-----------------+---------+------+--------+--------+-----+

+ Detail: 
    * Instance: 
    +-------------------------------------------+---------------------------------+---------+----+-----+-----+-----+
    |                  Instance                 |              Module             | BRAM_18K| DSP|  FF | LUT | URAM|
    +-------------------------------------------+---------------------------------+---------+----+-----+-----+-----+
    |grp_linear_Pipeline_VITIS_LOOP_86_2_fu_94  |linear_Pipeline_VITIS_LOOP_86_2  |        0|   0|  368|  351|    0|
    +-------------------------------------------+---------------------------------+---------+----+-----+-----+-----+
    |Total                                      |                                 |        0|   0|  368|  351|    0|
    +-------------------------------------------+---------------------------------+---------+----+-----+-----+-----+

    * DSP: 
    N/A

    * Memory: 
    N/A

    * FIFO: 
    N/A

    * Expression: 
    +---------------------+----------+----+---+----+------------+------------+
    |    Variable Name    | Operation| DSP| FF| LUT| Bitwidth P0| Bitwidth P1|
    +---------------------+----------+----+---+----+------------+------------+
    |add_ln83_fu_136_p2   |         +|   0|  0|  14|           7|           1|
    |add_ln84_fu_150_p2   |         +|   0|  0|  70|          63|          63|
    |icmp_ln83_fu_130_p2  |      icmp|   0|  0|  11|           7|           8|
    +---------------------+----------+----+---+----+------------+------------+
    |Total                |          |   0|  0|  95|          77|          72|
    +---------------------+----------+----+---+----+------------+------------+

    * Multiplexer: 
    +----------------------+----+-----------+-----+-----------+
    |         Name         | LUT| Input Size| Bits| Total Bits|
    +----------------------+----+-----------+-----+-----------+
    |ap_NS_fsm             |  65|         13|    1|         13|
    |gmem3_blk_n_AR        |   9|          2|    1|          2|
    |gmem3_blk_n_R         |   9|          2|    1|          2|
    |grp_fu_216_ce         |   9|          2|    1|          2|
    |grp_fu_220_ce         |   9|          2|    1|          2|
    |grp_fu_224_ce         |   9|          2|    1|          2|
    |m_axi_gmem3_ARADDR    |  14|          3|   64|        192|
    |m_axi_gmem3_ARBURST   |   9|          2|    2|          4|
    |m_axi_gmem3_ARCACHE   |   9|          2|    4|          8|
    |m_axi_gmem3_ARID      |   9|          2|    1|          2|
    |m_axi_gmem3_ARLEN     |  14|          3|   32|         96|
    |m_axi_gmem3_ARLOCK    |   9|          2|    2|          4|
    |m_axi_gmem3_ARPROT    |   9|          2|    3|          6|
    |m_axi_gmem3_ARQOS     |   9|          2|    4|          8|
    |m_axi_gmem3_ARREGION  |   9|          2|    4|          8|
    |m_axi_gmem3_ARSIZE    |   9|          2|    3|          6|
    |m_axi_gmem3_ARUSER    |   9|          2|    1|          2|
    |m_axi_gmem3_ARVALID   |  14|          3|    1|          3|
    |m_axi_gmem3_RREADY    |  14|          3|    1|          3|
    |wbase_fu_66           |   9|          2|    7|         14|
    +----------------------+----+-----------+-----+-----------+
    |Total                 | 256|         55|  135|        379|
    +----------------------+----+-----------+-----+-----------+

    * Register: 
    +--------------------------------------------------------+----+----+-----+-----------+
    |                          Name                          | FF | LUT| Bits| Const Bits|
    +--------------------------------------------------------+----+----+-----+-----------+
    |acc_reg_211                                             |  32|   0|   32|          0|
    |ap_CS_fsm                                               |  12|   0|   12|          0|
    |gmem3_addr_read_reg_206                                 |  32|   0|   32|          0|
    |gmem3_addr_reg_200                                      |  64|   0|   64|          0|
    |grp_linear_Pipeline_VITIS_LOOP_86_2_fu_94_ap_start_reg  |   1|   0|    1|          0|
    |sext_ln83_reg_186                                       |  63|   0|   63|          0|
    |trunc_ln83_reg_194                                      |   6|   0|    6|          0|
    |wbase_fu_66                                             |   7|   0|    7|          0|
    +--------------------------------------------------------+----+----+-----+-----------+
    |Total                                                   | 217|   0|  217|          0|
    +--------------------------------------------------------+----+----+-----+-----------+



================================================================
== Interface
================================================================
* Summary: 
+----------------------+-----+-----+------------+--------------+--------------+
|       RTL Ports      | Dir | Bits|  Protocol  | Source Object|    C Type    |
+----------------------+-----+-----+------------+--------------+--------------+
|ap_clk                |   in|    1|  ap_ctrl_hs|        linear|  return value|
|ap_rst                |   in|    1|  ap_ctrl_hs|        linear|  return value|
|ap_start              |   in|    1|  ap_ctrl_hs|        linear|  return value|
|ap_done               |  out|    1|  ap_ctrl_hs|        linear|  return value|
|ap_idle               |  out|    1|  ap_ctrl_hs|        linear|  return value|
|ap_ready              |  out|    1|  ap_ctrl_hs|        linear|  return value|
|grp_fu_574_p_din0     |  out|   32|  ap_ctrl_hs|        linear|  return value|
|grp_fu_574_p_din1     |  out|   32|  ap_ctrl_hs|        linear|  return value|
|grp_fu_574_p_opcode   |  out|    2|  ap_ctrl_hs|        linear|  return value|
|grp_fu_574_p_dout0    |   in|   32|  ap_ctrl_hs|        linear|  return value|
|grp_fu_574_p_ce       |  out|    1|  ap_ctrl_hs|        linear|  return value|
|grp_fu_578_p_din0     |  out|   32|  ap_ctrl_hs|        linear|  return value|
|grp_fu_578_p_din1     |  out|   32|  ap_ctrl_hs|        linear|  return value|
|grp_fu_578_p_dout0    |   in|   32|  ap_ctrl_hs|        linear|  return value|
|grp_fu_578_p_ce       |  out|    1|  ap_ctrl_hs|        linear|  return value|
|grp_fu_582_p_din0     |  out|   32|  ap_ctrl_hs|        linear|  return value|
|grp_fu_582_p_din1     |  out|   32|  ap_ctrl_hs|        linear|  return value|
|grp_fu_582_p_opcode   |  out|    5|  ap_ctrl_hs|        linear|  return value|
|grp_fu_582_p_dout0    |   in|    1|  ap_ctrl_hs|        linear|  return value|
|grp_fu_582_p_ce       |  out|    1|  ap_ctrl_hs|        linear|  return value|
|m_axi_gmem3_AWVALID   |  out|    1|       m_axi|         gmem3|       pointer|
|m_axi_gmem3_AWREADY   |   in|    1|       m_axi|         gmem3|       pointer|
|m_axi_gmem3_AWADDR    |  out|   64|       m_axi|         gmem3|       pointer|
|m_axi_gmem3_AWID      |  out|    1|       m_axi|         gmem3|       pointer|
|m_axi_gmem3_AWLEN     |  out|   32|       m_axi|         gmem3|       pointer|
|m_axi_gmem3_AWSIZE    |  out|    3|       m_axi|         gmem3|       pointer|
|m_axi_gmem3_AWBURST   |  out|    2|       m_axi|         gmem3|       pointer|
|m_axi_gmem3_AWLOCK    |  out|    2|       m_axi|         gmem3|       pointer|
|m_axi_gmem3_AWCACHE   |  out|    4|       m_axi|         gmem3|       pointer|
|m_axi_gmem3_AWPROT    |  out|    3|       m_axi|         gmem3|       pointer|
|m_axi_gmem3_AWQOS     |  out|    4|       m_axi|         gmem3|       pointer|
|m_axi_gmem3_AWREGION  |  out|    4|       m_axi|         gmem3|       pointer|
|m_axi_gmem3_AWUSER    |  out|    1|       m_axi|         gmem3|       pointer|
|m_axi_gmem3_WVALID    |  out|    1|       m_axi|         gmem3|       pointer|
|m_axi_gmem3_WREADY    |   in|    1|       m_axi|         gmem3|       pointer|
|m_axi_gmem3_WDATA     |  out|   32|       m_axi|         gmem3|       pointer|
|m_axi_gmem3_WSTRB     |  out|    4|       m_axi|         gmem3|       pointer|
|m_axi_gmem3_WLAST     |  out|    1|       m_axi|         gmem3|       pointer|
|m_axi_gmem3_WID       |  out|    1|       m_axi|         gmem3|       pointer|
|m_axi_gmem3_WUSER     |  out|    1|       m_axi|         gmem3|       pointer|
|m_axi_gmem3_ARVALID   |  out|    1|       m_axi|         gmem3|       pointer|
|m_axi_gmem3_ARREADY   |   in|    1|       m_axi|         gmem3|       pointer|
|m_axi_gmem3_ARADDR    |  out|   64|       m_axi|         gmem3|       pointer|
|m_axi_gmem3_ARID      |  out|    1|       m_axi|         gmem3|       pointer|
|m_axi_gmem3_ARLEN     |  out|   32|       m_axi|         gmem3|       pointer|
|m_axi_gmem3_ARSIZE    |  out|    3|       m_axi|         gmem3|       pointer|
|m_axi_gmem3_ARBURST   |  out|    2|       m_axi|         gmem3|       pointer|
|m_axi_gmem3_ARLOCK    |  out|    2|       m_axi|         gmem3|       pointer|
|m_axi_gmem3_ARCACHE   |  out|    4|       m_axi|         gmem3|       pointer|
|m_axi_gmem3_ARPROT    |  out|    3|       m_axi|         gmem3|       pointer|
|m_axi_gmem3_ARQOS     |  out|    4|       m_axi|         gmem3|       pointer|
|m_axi_gmem3_ARREGION  |  out|    4|       m_axi|         gmem3|       pointer|
|m_axi_gmem3_ARUSER    |  out|    1|       m_axi|         gmem3|       pointer|
|m_axi_gmem3_RVALID    |   in|    1|       m_axi|         gmem3|       pointer|
|m_axi_gmem3_RREADY    |  out|    1|       m_axi|         gmem3|       pointer|
|m_axi_gmem3_RDATA     |   in|   32|       m_axi|         gmem3|       pointer|
|m_axi_gmem3_RLAST     |   in|    1|       m_axi|         gmem3|       pointer|
|m_axi_gmem3_RID       |   in|    1|       m_axi|         gmem3|       pointer|
|m_axi_gmem3_RFIFONUM  |   in|    9|       m_axi|         gmem3|       pointer|
|m_axi_gmem3_RUSER     |   in|    1|       m_axi|         gmem3|       pointer|
|m_axi_gmem3_RRESP     |   in|    2|       m_axi|         gmem3|       pointer|
|m_axi_gmem3_BVALID    |   in|    1|       m_axi|         gmem3|       pointer|
|m_axi_gmem3_BREADY    |  out|    1|       m_axi|         gmem3|       pointer|
|m_axi_gmem3_BRESP     |   in|    2|       m_axi|         gmem3|       pointer|
|m_axi_gmem3_BID       |   in|    1|       m_axi|         gmem3|       pointer|
|m_axi_gmem3_BUSER     |   in|    1|       m_axi|         gmem3|       pointer|
|W                     |   in|   64|     ap_none|             W|        scalar|
|b                     |   in|   64|     ap_none|             b|        scalar|
|p3_out_address0       |  out|    8|   ap_memory|        p3_out|         array|
|p3_out_ce0            |  out|    1|   ap_memory|        p3_out|         array|
|p3_out_q0             |   in|   32|   ap_memory|        p3_out|         array|
|fc1_out_address1      |  out|    6|   ap_memory|       fc1_out|         array|
|fc1_out_ce1           |  out|    1|   ap_memory|       fc1_out|         array|
|fc1_out_we1           |  out|    1|   ap_memory|       fc1_out|         array|
|fc1_out_d1            |  out|   32|   ap_memory|       fc1_out|         array|
+----------------------+-----+-----+------------+--------------+--------------+

============================================================
+ Verbose Summary: Synthesis Manager
============================================================
InlineROM: 1
ExposeGlobal: 0
============================================================
+ Verbose Summary: CDFG Model
============================================================
IsTopModel: 0
ResetActiveHigh: 1
IsCombinational: 2
IsDatapathOnly: 2
HasWiredReturn: 1
HasMFsm: 0
HasVarLatency: 1
IsPipeline: 0
IsRtlPipelined: 0
IsInstanceOverlapped: 0
IsDontTouch: 0
HasImplIP: 0
IsGatedGlobalClock: 0


============================================================
+ Verbose Summary: Schedule
============================================================
* Number of FSM states : 12
* Pipeline : 0
* Dataflow Pipeline: 0

* FSM state transitions: 
1 --> 2 
2 --> 3 
3 --> 4 
4 --> 5 
5 --> 6 
6 --> 7 
7 --> 8 
8 --> 9 
9 --> 10 
10 --> 11 
11 --> 12 
12 --> 2 

* FSM state operations: 

State 1 <SV = 0> <Delay = 0.48>
ST_1 : Operation 13 [1/1] (0.00ns)   --->   "%wbase = alloca i32 1"   --->   Operation 13 'alloca' 'wbase' <Predicate = true> <Delay = 0.00>
ST_1 : Operation 14 [1/1] (0.00ns)   --->   "%specmemcore_ln0 = specmemcore void @_ssdm_op_SpecMemCore, i32 %fc1_out, i64 666, i64 22, i64 18446744073709551615"   --->   Operation 14 'specmemcore' 'specmemcore_ln0' <Predicate = true> <Delay = 0.00>
ST_1 : Operation 15 [1/1] (0.00ns)   --->   "%specmemcore_ln0 = specmemcore void @_ssdm_op_SpecMemCore, i32 %p3_out, i64 666, i64 22, i64 18446744073709551615"   --->   Operation 15 'specmemcore' 'specmemcore_ln0' <Predicate = true> <Delay = 0.00>
ST_1 : Operation 16 [1/1] (0.00ns)   --->   "%specinterface_ln0 = specinterface void @_ssdm_op_SpecInterface, i32 %gmem3, void @empty_25, i32 0, i32 0, void @empty_27, i32 0, i32 16384, void @empty_20, void @empty_30, void @empty_27, i32 16, i32 16, i32 16, i32 16, void @empty_27, void @empty_27, i32 4294967295, i32 0"   --->   Operation 16 'specinterface' 'specinterface_ln0' <Predicate = true> <Delay = 0.00>
ST_1 : Operation 17 [1/1] (0.00ns)   --->   "%b_read = read i64 @_ssdm_op_Read.ap_auto.i64, i64 %b" [src/gtsrb_cnn.cpp:83]   --->   Operation 17 'read' 'b_read' <Predicate = true> <Delay = 0.00>
ST_1 : Operation 18 [1/1] (0.00ns)   --->   "%W_read = read i64 @_ssdm_op_Read.ap_auto.i64, i64 %W" [src/gtsrb_cnn.cpp:83]   --->   Operation 18 'read' 'W_read' <Predicate = true> <Delay = 0.00>
ST_1 : Operation 19 [1/1] (0.00ns)   --->   "%trunc_ln = partselect i62 @_ssdm_op_PartSelect.i62.i64.i32.i32, i64 %b_read, i32 2, i32 63" [src/gtsrb_cnn.cpp:83]   --->   Operation 19 'partselect' 'trunc_ln' <Predicate = true> <Delay = 0.00>
ST_1 : Operation 20 [1/1] (0.00ns)   --->   "%sext_ln83 = sext i62 %trunc_ln" [src/gtsrb_cnn.cpp:83]   --->   Operation 20 'sext' 'sext_ln83' <Predicate = true> <Delay = 0.00>
ST_1 : Operation 21 [1/1] (0.48ns)   --->   "%store_ln83 = store i7 0, i7 %wbase" [src/gtsrb_cnn.cpp:83]   --->   Operation 21 'store' 'store_ln83' <Predicate = true> <Delay = 0.48>
ST_1 : Operation 22 [1/1] (0.00ns)   --->   "%br_ln83 = br void %VITIS_LOOP_86_2" [src/gtsrb_cnn.cpp:83]   --->   Operation 22 'br' 'br_ln83' <Predicate = true> <Delay = 0.00>

State 2 <SV = 1> <Delay = 1.44>
ST_2 : Operation 23 [1/1] (0.00ns)   --->   "%j = load i7 %wbase" [src/gtsrb_cnn.cpp:83]   --->   Operation 23 'load' 'j' <Predicate = true> <Delay = 0.00>
ST_2 : Operation 24 [1/1] (0.86ns)   --->   "%icmp_ln83 = icmp_eq  i7 %j, i7 64" [src/gtsrb_cnn.cpp:83]   --->   Operation 24 'icmp' 'icmp_ln83' <Predicate = true> <Delay = 0.86> <CoreInst = "Cmp">   --->   Core 9 'Cmp' <Latency = 0> <II = 1> <Delay = 0.85> <FuncUnit> <Opcode : 'icmp'> <InPorts = 2> <OutPorts = 1>
ST_2 : Operation 25 [1/1] (0.00ns)   --->   "%empty = speclooptripcount i32 @_ssdm_op_SpecLoopTripCount, i64 64, i64 64, i64 64"   --->   Operation 25 'speclooptripcount' 'empty' <Predicate = true> <Delay = 0.00>
ST_2 : Operation 26 [1/1] (0.89ns)   --->   "%add_ln83 = add i7 %j, i7 1" [src/gtsrb_cnn.cpp:83]   --->   Operation 26 'add' 'add_ln83' <Predicate = true> <Delay = 0.89> <CoreInst = "Adder">   --->   Core 1 'Adder' <Latency = 0> <II = 1> <Delay = 0.89> <FuncUnit> <Opcode : 'add' 'sub'> <InPorts = 2> <OutPorts = 1>
ST_2 : Operation 27 [1/1] (0.00ns)   --->   "%br_ln83 = br i1 %icmp_ln83, void %VITIS_LOOP_86_2.split, void %for.end16" [src/gtsrb_cnn.cpp:83]   --->   Operation 27 'br' 'br_ln83' <Predicate = true> <Delay = 0.00>
ST_2 : Operation 28 [1/1] (0.00ns)   --->   "%trunc_ln83 = trunc i7 %j" [src/gtsrb_cnn.cpp:83]   --->   Operation 28 'trunc' 'trunc_ln83' <Predicate = (!icmp_ln83)> <Delay = 0.00>
ST_2 : Operation 29 [1/1] (0.00ns)   --->   "%zext_ln83 = zext i7 %j" [src/gtsrb_cnn.cpp:83]   --->   Operation 29 'zext' 'zext_ln83' <Predicate = (!icmp_ln83)> <Delay = 0.00>
ST_2 : Operation 30 [1/1] (1.44ns)   --->   "%add_ln84 = add i63 %zext_ln83, i63 %sext_ln83" [src/gtsrb_cnn.cpp:84]   --->   Operation 30 'add' 'add_ln84' <Predicate = (!icmp_ln83)> <Delay = 1.44> <CoreInst = "Adder">   --->   Core 1 'Adder' <Latency = 0> <II = 1> <Delay = 1.45> <FuncUnit> <Opcode : 'add' 'sub'> <InPorts = 2> <OutPorts = 1>
ST_2 : Operation 31 [1/1] (0.00ns)   --->   "%sext_ln84 = sext i63 %add_ln84" [src/gtsrb_cnn.cpp:84]   --->   Operation 31 'sext' 'sext_ln84' <Predicate = (!icmp_ln83)> <Delay = 0.00>
ST_2 : Operation 32 [1/1] (0.00ns)   --->   "%gmem3_addr = getelementptr i32 %gmem3, i64 %sext_ln84" [src/gtsrb_cnn.cpp:84]   --->   Operation 32 'getelementptr' 'gmem3_addr' <Predicate = (!icmp_ln83)> <Delay = 0.00>
ST_2 : Operation 33 [1/1] (0.48ns)   --->   "%store_ln83 = store i7 %add_ln83, i7 %wbase" [src/gtsrb_cnn.cpp:83]   --->   Operation 33 'store' 'store_ln83' <Predicate = (!icmp_ln83)> <Delay = 0.48>
ST_2 : Operation 34 [1/1] (0.00ns)   --->   "%ret_ln92 = ret" [src/gtsrb_cnn.cpp:92]   --->   Operation 34 'ret' 'ret_ln92' <Predicate = (icmp_ln83)> <Delay = 0.00>

State 3 <SV = 2> <Delay = 7.30>
ST_3 : Operation 35 [7/7] (7.30ns)   --->   "%gmem3_load_req = readreq i1 @_ssdm_op_ReadReq.m_axi.i32P1A, i64 %gmem3_addr, i32 1" [src/gtsrb_cnn.cpp:84]   --->   Operation 35 'readreq' 'gmem3_load_req' <Predicate = true> <Delay = 7.30> <CoreInst = "m_axi">   --->   Core 121 'm_axi' <Latency = 0> <II = 1> <Delay = 1.00> <Adapter> <Opcode : 'read' 'write' 'readreq' 'writereq' 'writeresp'>

State 4 <SV = 3> <Delay = 7.30>
ST_4 : Operation 36 [6/7] (7.30ns)   --->   "%gmem3_load_req = readreq i1 @_ssdm_op_ReadReq.m_axi.i32P1A, i64 %gmem3_addr, i32 1" [src/gtsrb_cnn.cpp:84]   --->   Operation 36 'readreq' 'gmem3_load_req' <Predicate = true> <Delay = 7.30> <CoreInst = "m_axi">   --->   Core 121 'm_axi' <Latency = 0> <II = 1> <Delay = 1.00> <Adapter> <Opcode : 'read' 'write' 'readreq' 'writereq' 'writeresp'>

State 5 <SV = 4> <Delay = 7.30>
ST_5 : Operation 37 [5/7] (7.30ns)   --->   "%gmem3_load_req = readreq i1 @_ssdm_op_ReadReq.m_axi.i32P1A, i64 %gmem3_addr, i32 1" [src/gtsrb_cnn.cpp:84]   --->   Operation 37 'readreq' 'gmem3_load_req' <Predicate = true> <Delay = 7.30> <CoreInst = "m_axi">   --->   Core 121 'm_axi' <Latency = 0> <II = 1> <Delay = 1.00> <Adapter> <Opcode : 'read' 'write' 'readreq' 'writereq' 'writeresp'>

State 6 <SV = 5> <Delay = 7.30>
ST_6 : Operation 38 [4/7] (7.30ns)   --->   "%gmem3_load_req = readreq i1 @_ssdm_op_ReadReq.m_axi.i32P1A, i64 %gmem3_addr, i32 1" [src/gtsrb_cnn.cpp:84]   --->   Operation 38 'readreq' 'gmem3_load_req' <Predicate = true> <Delay = 7.30> <CoreInst = "m_axi">   --->   Core 121 'm_axi' <Latency = 0> <II = 1> <Delay = 1.00> <Adapter> <Opcode : 'read' 'write' 'readreq' 'writereq' 'writeresp'>

State 7 <SV = 6> <Delay = 7.30>
ST_7 : Operation 39 [3/7] (7.30ns)   --->   "%gmem3_load_req = readreq i1 @_ssdm_op_ReadReq.m_axi.i32P1A, i64 %gmem3_addr, i32 1" [src/gtsrb_cnn.cpp:84]   --->   Operation 39 'readreq' 'gmem3_load_req' <Predicate = true> <Delay = 7.30> <CoreInst = "m_axi">   --->   Core 121 'm_axi' <Latency = 0> <II = 1> <Delay = 1.00> <Adapter> <Opcode : 'read' 'write' 'readreq' 'writereq' 'writeresp'>

State 8 <SV = 7> <Delay = 7.30>
ST_8 : Operation 40 [2/7] (7.30ns)   --->   "%gmem3_load_req = readreq i1 @_ssdm_op_ReadReq.m_axi.i32P1A, i64 %gmem3_addr, i32 1" [src/gtsrb_cnn.cpp:84]   --->   Operation 40 'readreq' 'gmem3_load_req' <Predicate = true> <Delay = 7.30> <CoreInst = "m_axi">   --->   Core 121 'm_axi' <Latency = 0> <II = 1> <Delay = 1.00> <Adapter> <Opcode : 'read' 'write' 'readreq' 'writereq' 'writeresp'>

State 9 <SV = 8> <Delay = 7.30>
ST_9 : Operation 41 [1/7] (7.30ns)   --->   "%gmem3_load_req = readreq i1 @_ssdm_op_ReadReq.m_axi.i32P1A, i64 %gmem3_addr, i32 1" [src/gtsrb_cnn.cpp:84]   --->   Operation 41 'readreq' 'gmem3_load_req' <Predicate = true> <Delay = 7.30> <CoreInst = "m_axi">   --->   Core 121 'm_axi' <Latency = 0> <II = 1> <Delay = 1.00> <Adapter> <Opcode : 'read' 'write' 'readreq' 'writereq' 'writeresp'>

State 10 <SV = 9> <Delay = 7.30>
ST_10 : Operation 42 [1/1] (7.30ns)   --->   "%gmem3_addr_read = read i32 @_ssdm_op_Read.m_axi.i32P1A, i64 %gmem3_addr" [src/gtsrb_cnn.cpp:84]   --->   Operation 42 'read' 'gmem3_addr_read' <Predicate = true> <Delay = 7.30> <CoreInst = "m_axi">   --->   Core 121 'm_axi' <Latency = 0> <II = 1> <Delay = 1.00> <Adapter> <Opcode : 'read' 'write' 'readreq' 'writereq' 'writeresp'>

State 11 <SV = 10> <Delay = 1.47>
ST_11 : Operation 43 [1/1] (0.00ns)   --->   "%acc = bitcast i32 %gmem3_addr_read" [src/gtsrb_cnn.cpp:84]   --->   Operation 43 'bitcast' 'acc' <Predicate = true> <Delay = 0.00>
ST_11 : Operation 44 [2/2] (1.47ns)   --->   "%call_ln84 = call void @linear_Pipeline_VITIS_LOOP_86_2, i32 %acc, i6 %trunc_ln83, i6 %trunc_ln83, i64 %W_read, i32 %gmem3, i32 %p3_out, i32 %fc1_out" [src/gtsrb_cnn.cpp:84]   --->   Operation 44 'call' 'call_ln84' <Predicate = true> <Delay = 1.47> <CoreType = "Generic">   --->   Core 0 '' <Latency = 0> <II = 1> <Delay = 1.00> <Generic> <Opcode : >

State 12 <SV = 11> <Delay = 0.00>
ST_12 : Operation 45 [1/1] (0.00ns)   --->   "%specloopname_ln83 = specloopname void @_ssdm_op_SpecLoopName, void @empty_17" [src/gtsrb_cnn.cpp:83]   --->   Operation 45 'specloopname' 'specloopname_ln83' <Predicate = true> <Delay = 0.00>
ST_12 : Operation 46 [1/2] (0.00ns)   --->   "%call_ln84 = call void @linear_Pipeline_VITIS_LOOP_86_2, i32 %acc, i6 %trunc_ln83, i6 %trunc_ln83, i64 %W_read, i32 %gmem3, i32 %p3_out, i32 %fc1_out" [src/gtsrb_cnn.cpp:84]   --->   Operation 46 'call' 'call_ln84' <Predicate = true> <Delay = 0.00> <CoreType = "Generic">   --->   Core 0 '' <Latency = 0> <II = 1> <Delay = 1.00> <Generic> <Opcode : >
ST_12 : Operation 47 [1/1] (0.00ns)   --->   "%br_ln83 = br void %VITIS_LOOP_86_2" [src/gtsrb_cnn.cpp:83]   --->   Operation 47 'br' 'br_ln83' <Predicate = true> <Delay = 0.00>


============================================================
+ Verbose Summary: Binding
============================================================
STG Binding: 
---------------- STG Properties BEGIN ----------------
- Is combinational: 0
- Is one-state seq: 0
- Is datapath-only: 0
- Is pipelined: 0
- Is top level: 0
Port [ Return ] is wired: 1; IO mode=ap_ctrl_hs:ce=0
Port [ gmem3]:  wired=1; compound=1; hidden=0; nouse=0; global=0; static=0; extern=0; dir=0; type=4; pingpong=0; private_global=0; IO mode=m_axi:ce=0
Port [ W]:  wired=1; compound=0; hidden=0; nouse=0; global=0; static=0; extern=0; dir=0; type=0; pingpong=0; private_global=0; IO mode=ap_none:ce=0
Port [ b]:  wired=1; compound=0; hidden=0; nouse=0; global=0; static=0; extern=0; dir=0; type=0; pingpong=0; private_global=0; IO mode=ap_none:ce=0
Port [ p3_out]:  wired=1; compound=1; hidden=0; nouse=0; global=1; static=1; extern=0; dir=0; type=1; pingpong=0; private_global=0; MemPort=[13]; IO mode=ap_memory:ce=0
Port [ fc1_out]:  wired=1; compound=1; hidden=0; nouse=0; global=1; static=1; extern=0; dir=1; type=1; pingpong=0; private_global=0; MemPort=[30]; IO mode=ap_memory:ce=0
---------------- STG Properties END ------------------

---------------- Datapath Model BEGIN ----------------

<LifeTime>
<method=bitvector/>
wbase             (alloca           ) [ 0111111111111]
specmemcore_ln0   (specmemcore      ) [ 0000000000000]
specmemcore_ln0   (specmemcore      ) [ 0000000000000]
specinterface_ln0 (specinterface    ) [ 0000000000000]
b_read            (read             ) [ 0000000000000]
W_read            (read             ) [ 0011111111111]
trunc_ln          (partselect       ) [ 0000000000000]
sext_ln83         (sext             ) [ 0011111111111]
store_ln83        (store            ) [ 0000000000000]
br_ln83           (br               ) [ 0000000000000]
j                 (load             ) [ 0000000000000]
icmp_ln83         (icmp             ) [ 0011111111111]
empty             (speclooptripcount) [ 0000000000000]
add_ln83          (add              ) [ 0000000000000]
br_ln83           (br               ) [ 0000000000000]
trunc_ln83        (trunc            ) [ 0001111111111]
zext_ln83         (zext             ) [ 0000000000000]
add_ln84          (add              ) [ 0000000000000]
sext_ln84         (sext             ) [ 0000000000000]
gmem3_addr        (getelementptr    ) [ 0001111111100]
store_ln83        (store            ) [ 0000000000000]
ret_ln92          (ret              ) [ 0000000000000]
gmem3_load_req    (readreq          ) [ 0000000000000]
gmem3_addr_read   (read             ) [ 0000000000010]
acc               (bitcast          ) [ 0000000000001]
specloopname_ln83 (specloopname     ) [ 0000000000000]
call_ln84         (call             ) [ 0000000000000]
br_ln83           (br               ) [ 0000000000000]
</LifeTime>

<model>

<comp_list>
<comp id="0" class="1000" name="gmem3">
<pin_list>
<pin id="1" dir="1" index="0" bw="1" slack="0"/>
</pin_list>
<bind>
<StgValue><ssdm name="gmem3"/></StgValue>
</bind>
</comp>

<comp id="2" class="1000" name="W">
<pin_list>
<pin id="3" dir="1" index="0" bw="1" slack="0"/>
</pin_list>
<bind>
<StgValue><ssdm name="W"/></StgValue>
</bind>
</comp>

<comp id="4" class="1000" name="b">
<pin_list>
<pin id="5" dir="1" index="0" bw="1" slack="0"/>
</pin_list>
<bind>
<StgValue><ssdm name="b"/></StgValue>
</bind>
</comp>

<comp id="6" class="1000" name="p3_out">
<pin_list>
<pin id="7" dir="1" index="0" bw="1" slack="0"/>
</pin_list>
<bind>
<StgValue><ssdm name="p3_out"/><MemPortTyVec>1 3 </MemPortTyVec>
</StgValue>
</bind>
</comp>

<comp id="8" class="1000" name="fc1_out">
<pin_list>
<pin id="9" dir="1" index="0" bw="1" slack="0"/>
</pin_list>
<bind>
<StgValue><ssdm name="fc1_out"/><MemPortTyVec>3 0 </MemPortTyVec>
</StgValue>
</bind>
</comp>

<comp id="10" class="1001" name="const_10">
<pin_list>
<pin id="11" dir="1" index="0" bw="1" slack="0"/>
</pin_list>
<bind>
<StgValue><ssdm name=""/></StgValue>
</bind>
</comp>

<comp id="12" class="1001" name="const_12">
<pin_list>
<pin id="13" dir="1" index="0" bw="1" slack="2147483647"/>
</pin_list>
<bind>
<StgValue><ssdm name="_ssdm_op_SpecMemCore"/></StgValue>
</bind>
</comp>

<comp id="14" class="1001" name="const_14">
<pin_list>
<pin id="15" dir="1" index="0" bw="1" slack="2147483647"/>
</pin_list>
<bind>
<StgValue><ssdm name=""/></StgValue>
</bind>
</comp>

<comp id="16" class="1001" name="const_16">
<pin_list>
<pin id="17" dir="1" index="0" bw="1" slack="2147483647"/>
</pin_list>
<bind>
<StgValue><ssdm name=""/></StgValue>
</bind>
</comp>

<comp id="18" class="1001" name="const_18">
<pin_list>
<pin id="19" dir="1" index="0" bw="1" slack="2147483647"/>
</pin_list>
<bind>
<StgValue><ssdm name=""/></StgValue>
</bind>
</comp>

<comp id="20" class="1001" name="const_20">
<pin_list>
<pin id="21" dir="1" index="0" bw="1" slack="2147483647"/>
</pin_list>
<bind>
<StgValue><ssdm name="_ssdm_op_SpecInterface"/></StgValue>
</bind>
</comp>

<comp id="22" class="1001" name="const_22">
<pin_list>
<pin id="23" dir="1" index="0" bw="1" slack="2147483647"/>
</pin_list>
<bind>
<StgValue><ssdm name="empty_25"/></StgValue>
</bind>
</comp>

<comp id="24" class="1001" name="const_24">
<pin_list>
<pin id="25" dir="1" index="0" bw="1" slack="2147483647"/>
</pin_list>
<bind>
<StgValue><ssdm name=""/></StgValue>
</bind>
</comp>

<comp id="26" class="1001" name="const_26">
<pin_list>
<pin id="27" dir="1" index="0" bw="1" slack="2147483647"/>
</pin_list>
<bind>
<StgValue><ssdm name="empty_27"/></StgValue>
</bind>
</comp>

<comp id="28" class="1001" name="const_28">
<pin_list>
<pin id="29" dir="1" index="0" bw="1" slack="2147483647"/>
</pin_list>
<bind>
<StgValue><ssdm name=""/></StgValue>
</bind>
</comp>

<comp id="30" class="1001" name="const_30">
<pin_list>
<pin id="31" dir="1" index="0" bw="1" slack="2147483647"/>
</pin_list>
<bind>
<StgValue><ssdm name="empty_20"/></StgValue>
</bind>
</comp>

<comp id="32" class="1001" name="const_32">
<pin_list>
<pin id="33" dir="1" index="0" bw="1" slack="2147483647"/>
</pin_list>
<bind>
<StgValue><ssdm name="empty_30"/></StgValue>
</bind>
</comp>

<comp id="34" class="1001" name="const_34">
<pin_list>
<pin id="35" dir="1" index="0" bw="1" slack="2147483647"/>
</pin_list>
<bind>
<StgValue><ssdm name=""/></StgValue>
</bind>
</comp>

<comp id="36" class="1001" name="const_36">
<pin_list>
<pin id="37" dir="1" index="0" bw="1" slack="2147483647"/>
</pin_list>
<bind>
<StgValue><ssdm name=""/></StgValue>
</bind>
</comp>

<comp id="38" class="1001" name="const_38">
<pin_list>
<pin id="39" dir="1" index="0" bw="1" slack="0"/>
</pin_list>
<bind>
<StgValue><ssdm name="_ssdm_op_Read.ap_auto.i64"/></StgValue>
</bind>
</comp>

<comp id="40" class="1001" name="const_40">
<pin_list>
<pin id="41" dir="1" index="0" bw="1" slack="0"/>
</pin_list>
<bind>
<StgValue><ssdm name="_ssdm_op_PartSelect.i62.i64.i32.i32"/></StgValue>
</bind>
</comp>

<comp id="42" class="1001" name="const_42">
<pin_list>
<pin id="43" dir="1" index="0" bw="1" slack="0"/>
</pin_list>
<bind>
<StgValue><ssdm name=""/></StgValue>
</bind>
</comp>

<comp id="44" class="1001" name="const_44">
<pin_list>
<pin id="45" dir="1" index="0" bw="1" slack="0"/>
</pin_list>
<bind>
<StgValue><ssdm name=""/></StgValue>
</bind>
</comp>

<comp id="46" class="1001" name="const_46">
<pin_list>
<pin id="47" dir="1" index="0" bw="1" slack="0"/>
</pin_list>
<bind>
<StgValue><ssdm name=""/></StgValue>
</bind>
</comp>

<comp id="48" class="1001" name="const_48">
<pin_list>
<pin id="49" dir="1" index="0" bw="1" slack="0"/>
</pin_list>
<bind>
<StgValue><ssdm name=""/></StgValue>
</bind>
</comp>

<comp id="50" class="1001" name="const_50">
<pin_list>
<pin id="51" dir="1" index="0" bw="1" slack="2147483647"/>
</pin_list>
<bind>
<StgValue><ssdm name="_ssdm_op_SpecLoopTripCount"/></StgValue>
</bind>
</comp>

<comp id="52" class="1001" name="const_52">
<pin_list>
<pin id="53" dir="1" index="0" bw="1" slack="2147483647"/>
</pin_list>
<bind>
<StgValue><ssdm name=""/></StgValue>
</bind>
</comp>

<comp id="54" class="1001" name="const_54">
<pin_list>
<pin id="55" dir="1" index="0" bw="1" slack="0"/>
</pin_list>
<bind>
<StgValue><ssdm name=""/></StgValue>
</bind>
</comp>

<comp id="56" class="1001" name="const_56">
<pin_list>
<pin id="57" dir="1" index="0" bw="1" slack="0"/>
</pin_list>
<bind>
<StgValue><ssdm name="_ssdm_op_ReadReq.m_axi.i32P1A"/></StgValue>
</bind>
</comp>

<comp id="58" class="1001" name="const_58">
<pin_list>
<pin id="59" dir="1" index="0" bw="1" slack="0"/>
</pin_list>
<bind>
<StgValue><ssdm name="_ssdm_op_Read.m_axi.i32P1A"/></StgValue>
</bind>
</comp>

<comp id="60" class="1001" name="const_60">
<pin_list>
<pin id="61" dir="1" index="0" bw="1" slack="0"/>
</pin_list>
<bind>
<StgValue><ssdm name="linear_Pipeline_VITIS_LOOP_86_2"/></StgValue>
</bind>
</comp>

<comp id="62" class="1001" name="const_62">
<pin_list>
<pin id="63" dir="1" index="0" bw="1" slack="2147483647"/>
</pin_list>
<bind>
<StgValue><ssdm name="_ssdm_op_SpecLoopName"/></StgValue>
</bind>
</comp>

<comp id="64" class="1001" name="const_64">
<pin_list>
<pin id="65" dir="1" index="0" bw="1" slack="2147483647"/>
</pin_list>
<bind>
<StgValue><ssdm name="empty_17"/></StgValue>
</bind>
</comp>

<comp id="66" class="1004" name="wbase_fu_66">
<pin_list>
<pin id="67" dir="0" index="0" bw="1" slack="0"/>
<pin id="68" dir="1" index="1" bw="7" slack="0"/>
</pin_list>
<bind>
<opcode="alloca(26) " fcode="alloca"/>
<opset="wbase/1 "/>
</bind>
</comp>

<comp id="70" class="1004" name="b_read_read_fu_70">
<pin_list>
<pin id="71" dir="0" index="0" bw="64" slack="0"/>
<pin id="72" dir="0" index="1" bw="64" slack="0"/>
<pin id="73" dir="1" index="2" bw="64" slack="0"/>
</pin_list>
<bind>
<opcode="read(1150) " fcode="read"/>
<opset="b_read/1 "/>
</bind>
</comp>

<comp id="76" class="1004" name="W_read_read_fu_76">
<pin_list>
<pin id="77" dir="0" index="0" bw="64" slack="0"/>
<pin id="78" dir="0" index="1" bw="64" slack="0"/>
<pin id="79" dir="1" index="2" bw="64" slack="10"/>
</pin_list>
<bind>
<opcode="read(1150) " fcode="read"/>
<opset="W_read/1 "/>
</bind>
</comp>

<comp id="82" class="1004" name="grp_readreq_fu_82">
<pin_list>
<pin id="83" dir="0" index="0" bw="1" slack="0"/>
<pin id="84" dir="0" index="1" bw="32" slack="1"/>
<pin id="85" dir="0" index="2" bw="1" slack="0"/>
<pin id="86" dir="1" index="3" bw="1" slack="2147483647"/>
</pin_list>
<bind>
<opcode="readreq(1154) " fcode="readreq"/>
<opset="gmem3_load_req/3 "/>
</bind>
</comp>

<comp id="89" class="1004" name="gmem3_addr_read_read_fu_89">
<pin_list>
<pin id="90" dir="0" index="0" bw="32" slack="0"/>
<pin id="91" dir="0" index="1" bw="32" slack="8"/>
<pin id="92" dir="1" index="2" bw="32" slack="1"/>
</pin_list>
<bind>
<opcode="read(1150) " fcode="read"/>
<opset="gmem3_addr_read/10 "/>
</bind>
</comp>

<comp id="94" class="1004" name="grp_linear_Pipeline_VITIS_LOOP_86_2_fu_94">
<pin_list>
<pin id="95" dir="0" index="0" bw="0" slack="0"/>
<pin id="96" dir="0" index="1" bw="32" slack="0"/>
<pin id="97" dir="0" index="2" bw="6" slack="9"/>
<pin id="98" dir="0" index="3" bw="6" slack="9"/>
<pin id="99" dir="0" index="4" bw="64" slack="10"/>
<pin id="100" dir="0" index="5" bw="32" slack="0"/>
<pin id="101" dir="0" index="6" bw="32" slack="0"/>
<pin id="102" dir="0" index="7" bw="32" slack="0"/>
<pin id="103" dir="1" index="8" bw="0" slack="2147483647"/>
</pin_list>
<bind>
<opcode="call(48) " fcode="call"/>
<opset="call_ln84/11 "/>
</bind>
</comp>

<comp id="108" class="1004" name="trunc_ln_fu_108">
<pin_list>
<pin id="109" dir="0" index="0" bw="62" slack="0"/>
<pin id="110" dir="0" index="1" bw="64" slack="0"/>
<pin id="111" dir="0" index="2" bw="3" slack="0"/>
<pin id="112" dir="0" index="3" bw="7" slack="0"/>
<pin id="113" dir="1" index="4" bw="62" slack="0"/>
</pin_list>
<bind>
<opcode="partselect(1002) " fcode="partselect"/>
<opset="trunc_ln/1 "/>
</bind>
</comp>

<comp id="118" class="1004" name="sext_ln83_fu_118">
<pin_list>
<pin id="119" dir="0" index="0" bw="62" slack="0"/>
<pin id="120" dir="1" index="1" bw="63" slack="1"/>
</pin_list>
<bind>
<opcode="sext(35) " fcode="sext"/>
<opset="sext_ln83/1 "/>
</bind>
</comp>

<comp id="122" class="1004" name="store_ln83_store_fu_122">
<pin_list>
<pin id="123" dir="0" index="0" bw="1" slack="0"/>
<pin id="124" dir="0" index="1" bw="7" slack="0"/>
<pin id="125" dir="1" index="2" bw="0" slack="2147483647"/>
</pin_list>
<bind>
<opcode="store(28) " fcode="store"/>
<opset="store_ln83/1 "/>
</bind>
</comp>

<comp id="127" class="1004" name="j_load_fu_127">
<pin_list>
<pin id="128" dir="0" index="0" bw="7" slack="1"/>
<pin id="129" dir="1" index="1" bw="7" slack="0"/>
</pin_list>
<bind>
<opcode="load(27) " fcode="load"/>
<opset="j/2 "/>
</bind>
</comp>

<comp id="130" class="1004" name="icmp_ln83_fu_130">
<pin_list>
<pin id="131" dir="0" index="0" bw="7" slack="0"/>
<pin id="132" dir="0" index="1" bw="7" slack="0"/>
<pin id="133" dir="1" index="2" bw="1" slack="2147483647"/>
</pin_list>
<bind>
<opcode="icmp(45) " fcode="icmp"/>
<opset="icmp_ln83/2 "/>
</bind>
</comp>

<comp id="136" class="1004" name="add_ln83_fu_136">
<pin_list>
<pin id="137" dir="0" index="0" bw="7" slack="0"/>
<pin id="138" dir="0" index="1" bw="1" slack="0"/>
<pin id="139" dir="1" index="2" bw="7" slack="0"/>
</pin_list>
<bind>
<opcode="add(8) " fcode="add"/>
<opset="add_ln83/2 "/>
</bind>
</comp>

<comp id="142" class="1004" name="trunc_ln83_fu_142">
<pin_list>
<pin id="143" dir="0" index="0" bw="7" slack="0"/>
<pin id="144" dir="1" index="1" bw="6" slack="9"/>
</pin_list>
<bind>
<opcode="trunc(33) " fcode="trunc"/>
<opset="trunc_ln83/2 "/>
</bind>
</comp>

<comp id="146" class="1004" name="zext_ln83_fu_146">
<pin_list>
<pin id="147" dir="0" index="0" bw="7" slack="0"/>
<pin id="148" dir="1" index="1" bw="63" slack="0"/>
</pin_list>
<bind>
<opcode="zext(34) " fcode="zext"/>
<opset="zext_ln83/2 "/>
</bind>
</comp>

<comp id="150" class="1004" name="add_ln84_fu_150">
<pin_list>
<pin id="151" dir="0" index="0" bw="7" slack="0"/>
<pin id="152" dir="0" index="1" bw="62" slack="1"/>
<pin id="153" dir="1" index="2" bw="63" slack="0"/>
</pin_list>
<bind>
<opcode="add(8) " fcode="add"/>
<opset="add_ln84/2 "/>
</bind>
</comp>

<comp id="155" class="1004" name="sext_ln84_fu_155">
<pin_list>
<pin id="156" dir="0" index="0" bw="63" slack="0"/>
<pin id="157" dir="1" index="1" bw="64" slack="0"/>
</pin_list>
<bind>
<opcode="sext(35) " fcode="sext"/>
<opset="sext_ln84/2 "/>
</bind>
</comp>

<comp id="159" class="1004" name="gmem3_addr_fu_159">
<pin_list>
<pin id="160" dir="0" index="0" bw="64" slack="0"/>
<pin id="161" dir="0" index="1" bw="64" slack="0"/>
<pin id="162" dir="1" index="2" bw="64" slack="1"/>
</pin_list>
<bind>
<opcode="getelementptr(29) " fcode="getelementptr"/>
<opset="gmem3_addr/2 "/>
</bind>
</comp>

<comp id="165" class="1004" name="store_ln83_store_fu_165">
<pin_list>
<pin id="166" dir="0" index="0" bw="7" slack="0"/>
<pin id="167" dir="0" index="1" bw="7" slack="1"/>
<pin id="168" dir="1" index="2" bw="0" slack="2147483647"/>
</pin_list>
<bind>
<opcode="store(28) " fcode="store"/>
<opset="store_ln83/2 "/>
</bind>
</comp>

<comp id="170" class="1004" name="acc_fu_170">
<pin_list>
<pin id="171" dir="0" index="0" bw="32" slack="1"/>
<pin id="172" dir="1" index="1" bw="32" slack="0"/>
</pin_list>
<bind>
<opcode="bitcast(44) " fcode="bitcast"/>
<opset="acc/11 "/>
</bind>
</comp>

<comp id="174" class="1005" name="wbase_reg_174">
<pin_list>
<pin id="175" dir="0" index="0" bw="7" slack="0"/>
<pin id="176" dir="1" index="1" bw="7" slack="0"/>
</pin_list>
<bind>
<opset="wbase "/>
</bind>
</comp>

<comp id="181" class="1005" name="W_read_reg_181">
<pin_list>
<pin id="182" dir="0" index="0" bw="64" slack="10"/>
<pin id="183" dir="1" index="1" bw="64" slack="10"/>
</pin_list>
<bind>
<opset="W_read "/>
</bind>
</comp>

<comp id="186" class="1005" name="sext_ln83_reg_186">
<pin_list>
<pin id="187" dir="0" index="0" bw="63" slack="1"/>
<pin id="188" dir="1" index="1" bw="63" slack="1"/>
</pin_list>
<bind>
<opset="sext_ln83 "/>
</bind>
</comp>

<comp id="194" class="1005" name="trunc_ln83_reg_194">
<pin_list>
<pin id="195" dir="0" index="0" bw="6" slack="9"/>
<pin id="196" dir="1" index="1" bw="6" slack="9"/>
</pin_list>
<bind>
<opset="trunc_ln83 "/>
</bind>
</comp>

<comp id="200" class="1005" name="gmem3_addr_reg_200">
<pin_list>
<pin id="201" dir="0" index="0" bw="32" slack="1"/>
<pin id="202" dir="1" index="1" bw="32" slack="1"/>
</pin_list>
<bind>
<opset="gmem3_addr "/>
</bind>
</comp>

<comp id="206" class="1005" name="gmem3_addr_read_reg_206">
<pin_list>
<pin id="207" dir="0" index="0" bw="32" slack="1"/>
<pin id="208" dir="1" index="1" bw="32" slack="1"/>
</pin_list>
<bind>
<opset="gmem3_addr_read "/>
</bind>
</comp>

<comp id="211" class="1005" name="acc_reg_211">
<pin_list>
<pin id="212" dir="0" index="0" bw="32" slack="1"/>
<pin id="213" dir="1" index="1" bw="32" slack="1"/>
</pin_list>
<bind>
<opset="acc "/>
</bind>
</comp>

<comp id="216" class="1004" name="grp_fu_216">
<pin_list>
<pin id="217" dir="0" index="0" bw="32" slack="2147483647"/>
<pin id="218" dir="0" index="1" bw="32" slack="2147483647"/>
<pin id="219" dir="1" index="2" bw="32" slack="2147483647"/>
</pin_list>
<bind>
<opcode="fadd(9) " fcode="fadd"/>
<opset="acc_2/14 "/>
</bind>
</comp>

<comp id="220" class="1004" name="grp_fu_220">
<pin_list>
<pin id="221" dir="0" index="0" bw="32" slack="2147483647"/>
<pin id="222" dir="0" index="1" bw="32" slack="2147483647"/>
<pin id="223" dir="1" index="2" bw="32" slack="2147483647"/>
</pin_list>
<bind>
<opcode="fmul(13) " fcode="fmul"/>
<opset="mul9/10 "/>
</bind>
</comp>

<comp id="224" class="1004" name="grp_fu_224">
<pin_list>
<pin id="225" dir="0" index="0" bw="32" slack="2147483647"/>
<pin id="226" dir="0" index="1" bw="32" slack="2147483647"/>
<pin id="227" dir="1" index="2" bw="1" slack="2147483647"/>
</pin_list>
<bind>
<opcode="fcmp(46) " fcode="fcmp"/>
<opset="tmp_s/19 "/>
</bind>
</comp>

</comp_list>

<net_list>
<net id="69"><net_src comp="10" pin="0"/><net_sink comp="66" pin=0"/></net>

<net id="74"><net_src comp="38" pin="0"/><net_sink comp="70" pin=0"/></net>

<net id="75"><net_src comp="4" pin="0"/><net_sink comp="70" pin=1"/></net>

<net id="80"><net_src comp="38" pin="0"/><net_sink comp="76" pin=0"/></net>

<net id="81"><net_src comp="2" pin="0"/><net_sink comp="76" pin=1"/></net>

<net id="87"><net_src comp="56" pin="0"/><net_sink comp="82" pin=0"/></net>

<net id="88"><net_src comp="10" pin="0"/><net_sink comp="82" pin=2"/></net>

<net id="93"><net_src comp="58" pin="0"/><net_sink comp="89" pin=0"/></net>

<net id="104"><net_src comp="60" pin="0"/><net_sink comp="94" pin=0"/></net>

<net id="105"><net_src comp="0" pin="0"/><net_sink comp="94" pin=5"/></net>

<net id="106"><net_src comp="6" pin="0"/><net_sink comp="94" pin=6"/></net>

<net id="107"><net_src comp="8" pin="0"/><net_sink comp="94" pin=7"/></net>

<net id="114"><net_src comp="40" pin="0"/><net_sink comp="108" pin=0"/></net>

<net id="115"><net_src comp="70" pin="2"/><net_sink comp="108" pin=1"/></net>

<net id="116"><net_src comp="42" pin="0"/><net_sink comp="108" pin=2"/></net>

<net id="117"><net_src comp="44" pin="0"/><net_sink comp="108" pin=3"/></net>

<net id="121"><net_src comp="108" pin="4"/><net_sink comp="118" pin=0"/></net>

<net id="126"><net_src comp="46" pin="0"/><net_sink comp="122" pin=0"/></net>

<net id="134"><net_src comp="127" pin="1"/><net_sink comp="130" pin=0"/></net>

<net id="135"><net_src comp="48" pin="0"/><net_sink comp="130" pin=1"/></net>

<net id="140"><net_src comp="127" pin="1"/><net_sink comp="136" pin=0"/></net>

<net id="141"><net_src comp="54" pin="0"/><net_sink comp="136" pin=1"/></net>

<net id="145"><net_src comp="127" pin="1"/><net_sink comp="142" pin=0"/></net>

<net id="149"><net_src comp="127" pin="1"/><net_sink comp="146" pin=0"/></net>

<net id="154"><net_src comp="146" pin="1"/><net_sink comp="150" pin=0"/></net>

<net id="158"><net_src comp="150" pin="2"/><net_sink comp="155" pin=0"/></net>

<net id="163"><net_src comp="0" pin="0"/><net_sink comp="159" pin=0"/></net>

<net id="164"><net_src comp="155" pin="1"/><net_sink comp="159" pin=1"/></net>

<net id="169"><net_src comp="136" pin="2"/><net_sink comp="165" pin=0"/></net>

<net id="173"><net_src comp="170" pin="1"/><net_sink comp="94" pin=1"/></net>

<net id="177"><net_src comp="66" pin="1"/><net_sink comp="174" pin=0"/></net>

<net id="178"><net_src comp="174" pin="1"/><net_sink comp="122" pin=1"/></net>

<net id="179"><net_src comp="174" pin="1"/><net_sink comp="127" pin=0"/></net>

<net id="180"><net_src comp="174" pin="1"/><net_sink comp="165" pin=1"/></net>

<net id="184"><net_src comp="76" pin="2"/><net_sink comp="181" pin=0"/></net>

<net id="185"><net_src comp="181" pin="1"/><net_sink comp="94" pin=4"/></net>

<net id="189"><net_src comp="118" pin="1"/><net_sink comp="186" pin=0"/></net>

<net id="190"><net_src comp="186" pin="1"/><net_sink comp="150" pin=1"/></net>

<net id="197"><net_src comp="142" pin="1"/><net_sink comp="194" pin=0"/></net>

<net id="198"><net_src comp="194" pin="1"/><net_sink comp="94" pin=2"/></net>

<net id="199"><net_src comp="194" pin="1"/><net_sink comp="94" pin=3"/></net>

<net id="203"><net_src comp="159" pin="2"/><net_sink comp="200" pin=0"/></net>

<net id="204"><net_src comp="200" pin="1"/><net_sink comp="82" pin=1"/></net>

<net id="205"><net_src comp="200" pin="1"/><net_sink comp="89" pin=1"/></net>

<net id="209"><net_src comp="89" pin="2"/><net_sink comp="206" pin=0"/></net>

<net id="210"><net_src comp="206" pin="1"/><net_sink comp="170" pin=0"/></net>

<net id="214"><net_src comp="170" pin="1"/><net_sink comp="211" pin=0"/></net>

<net id="215"><net_src comp="211" pin="1"/><net_sink comp="94" pin=1"/></net>

</net_list>

</model> 
---------------- Datapath Model END ------------------

* FSMD analyzer results:
  - Output states:
	Port: gmem3 | {}
	Port: p3_out | {}
	Port: fc1_out | {11 12 }
 - Input state : 
	Port: linear : gmem3 | {3 4 5 6 7 8 9 10 11 12 }
	Port: linear : W | {1 }
	Port: linear : b | {1 }
	Port: linear : p3_out | {11 12 }
	Port: linear : fc1_out | {}
  - Chain level:
	State 1
		sext_ln83 : 1
		store_ln83 : 1
	State 2
		icmp_ln83 : 1
		add_ln83 : 1
		br_ln83 : 2
		trunc_ln83 : 1
		zext_ln83 : 1
		add_ln84 : 2
		sext_ln84 : 3
		gmem3_addr : 4
		store_ln83 : 2
	State 3
	State 4
	State 5
	State 6
	State 7
	State 8
	State 9
	State 10
	State 11
		call_ln84 : 1
	State 12


============================================================
+ Verbose Summary: Datapath Resource usage 
============================================================

* Functional unit list:
|----------|-------------------------------------------|---------|---------|---------|---------|
| Operation|              Functional Unit              |   DSP   |  Delay  |    FF   |   LUT   |
|----------|-------------------------------------------|---------|---------|---------|---------|
|   call   | grp_linear_Pipeline_VITIS_LOOP_86_2_fu_94 |    5    |  1.956  |   638   |   554   |
|----------|-------------------------------------------|---------|---------|---------|---------|
|   fadd   |                 grp_fu_216                |    2    |    0    |   205   |   206   |
|----------|-------------------------------------------|---------|---------|---------|---------|
|   fmul   |                 grp_fu_220                |    3    |    0    |   143   |   140   |
|----------|-------------------------------------------|---------|---------|---------|---------|
|    add   |              add_ln83_fu_136              |    0    |    0    |    0    |    14   |
|          |              add_ln84_fu_150              |    0    |    0    |    0    |    69   |
|----------|-------------------------------------------|---------|---------|---------|---------|
|   icmp   |              icmp_ln83_fu_130             |    0    |    0    |    0    |    10   |
|----------|-------------------------------------------|---------|---------|---------|---------|
|          |             b_read_read_fu_70             |    0    |    0    |    0    |    0    |
|   read   |             W_read_read_fu_76             |    0    |    0    |    0    |    0    |
|          |         gmem3_addr_read_read_fu_89        |    0    |    0    |    0    |    0    |
|----------|-------------------------------------------|---------|---------|---------|---------|
|  readreq |             grp_readreq_fu_82             |    0    |    0    |    0    |    0    |
|----------|-------------------------------------------|---------|---------|---------|---------|
|partselect|              trunc_ln_fu_108              |    0    |    0    |    0    |    0    |
|----------|-------------------------------------------|---------|---------|---------|---------|
|   sext   |              sext_ln83_fu_118             |    0    |    0    |    0    |    0    |
|          |              sext_ln84_fu_155             |    0    |    0    |    0    |    0    |
|----------|-------------------------------------------|---------|---------|---------|---------|
|   trunc  |             trunc_ln83_fu_142             |    0    |    0    |    0    |    0    |
|----------|-------------------------------------------|---------|---------|---------|---------|
|   zext   |              zext_ln83_fu_146             |    0    |    0    |    0    |    0    |
|----------|-------------------------------------------|---------|---------|---------|---------|
|   fcmp   |                 grp_fu_224                |    0    |    0    |    0    |    0    |
|----------|-------------------------------------------|---------|---------|---------|---------|
|   Total  |                                           |    10   |  1.956  |   986   |   993   |
|----------|-------------------------------------------|---------|---------|---------|---------|

Memories:
N/A

* Register list:
+-----------------------+--------+
|                       |   FF   |
+-----------------------+--------+
|     W_read_reg_181    |   64   |
|      acc_reg_211      |   32   |
|gmem3_addr_read_reg_206|   32   |
|   gmem3_addr_reg_200  |   32   |
|   sext_ln83_reg_186   |   63   |
|   trunc_ln83_reg_194  |    6   |
|     wbase_reg_174     |    7   |
+-----------------------+--------+
|         Total         |   236  |
+-----------------------+--------+

* Multiplexer (MUX) list: 
|-------------------------------------------|------|------|------|--------||---------||---------|
|                    Comp                   |  Pin | Size |  BW  | S x BW ||  Delay  ||   LUT   |
|-------------------------------------------|------|------|------|--------||---------||---------|
| grp_linear_Pipeline_VITIS_LOOP_86_2_fu_94 |  p1  |   2  |  32  |   64   ||    9    |
|-------------------------------------------|------|------|------|--------||---------||---------|
|                   Total                   |      |      |      |   64   ||  0.489  ||    9    |
|-------------------------------------------|------|------|------|--------||---------||---------|



* Summary:
+-----------+--------+--------+--------+--------+
|           |   DSP  |  Delay |   FF   |   LUT  |
+-----------+--------+--------+--------+--------+
|  Function |   10   |    1   |   986  |   993  |
|   Memory  |    -   |    -   |    -   |    -   |
|Multiplexer|    -   |    0   |    -   |    9   |
|  Register |    -   |    -   |   236  |    -   |
+-----------+--------+--------+--------+--------+
|   Total   |   10   |    2   |  1222  |  1002  |
+-----------+--------+--------+--------+--------+
