

================================================================
== Vitis HLS Report for 'linear_Pipeline_VITIS_LOOP_86_2'
================================================================
* Date:           Sat Sep 13 23:17:08 2025

* Version:        2022.2 (Build 3670227 on Oct 13 2022)
* Project:        CNN_GTSRB
* Solution:       solution1 (Vivado IP Flow Target)
* Product family: zynquplus
* Target device:  xczu5eg-sfvc784-1-e


================================================================
== Performance Estimates
================================================================
+ Timing: 
    * Summary: 
    +--------+----------+----------+------------+
    |  Clock |  Target  | Estimated| Uncertainty|
    +--------+----------+----------+------------+
    |ap_clk  |  10.00 ns|  7.300 ns|     2.70 ns|
    +--------+----------+----------+------------+

+ Latency: 
    * Summary: 
    +---------+---------+-----------+-----------+------+------+---------+
    |  Latency (cycles) |   Latency (absolute)  |   Interval  | Pipeline|
    |   min   |   max   |    min    |    max    |  min |  max |   Type  |
    +---------+---------+-----------+-----------+------+------+---------+
    |     1041|     1041|  10.410 us|  10.410 us|  1041|  1041|       no|
    +---------+---------+-----------+-----------+------+------+---------+

    + Detail: 
        * Instance: 
        N/A

        * Loop: 
        +-------------------+---------+---------+----------+-----------+-----------+------+----------+
        |                   |  Latency (cycles) | Iteration|  Initiation Interval  | Trip |          |
        |     Loop Name     |   min   |   max   |  Latency |  achieved |   target  | Count| Pipelined|
        +-------------------+---------+---------+----------+-----------+-----------+------+----------+
        |- VITIS_LOOP_86_2  |     1039|     1039|        20|          4|          1|   256|       yes|
        +-------------------+---------+---------+----------+-----------+-----------+------+----------+

============================================================
+ Verbose Summary: Synthesis Manager
============================================================
InlineROM: 1
ExposeGlobal: 0
============================================================
+ Verbose Summary: CDFG Model
============================================================
IsTopModel: 0
ResetActiveHigh: 1
IsCombinational: 0
IsDatapathOnly: 0
HasWiredReturn: 1
HasMFsm: 2
HasVarLatency: 1
IsPipeline: 0
IsRtlPipelined: 0
IsInstanceOverlapped: 0
IsDontTouch: 0
HasImplIP: 0
IsGatedGlobalClock: 0

+ Individual pipeline summary: 
  * Pipeline-0: initiation interval (II) = 4, depth = 20


============================================================
+ Verbose Summary: Schedule
============================================================
* Number of FSM states : 20
* Pipeline : 1
  Pipeline-0 : II = 4, D = 20, States = { 1 2 3 4 5 6 7 8 9 10 11 12 13 14 15 16 17 18 19 20 }
* Dataflow Pipeline: 0

* FSM state transitions: 
1 --> 2 
2 --> 3 
3 --> 4 
4 --> 5 
5 --> 6 
6 --> 7 
7 --> 8 
8 --> 9 
9 --> 10 
10 --> 11 
11 --> 12 
12 --> 13 
13 --> 14 
14 --> 15 
15 --> 16 
16 --> 17 
17 --> 18 
18 --> 19 
19 --> 20 
20 --> 

* FSM state operations: 

State 1 <SV = 0> <Delay = 1.77>
ST_1 : Operation 23 [1/1] (0.00ns)   --->   "%acc_1 = alloca i32 1"   --->   Operation 23 'alloca' 'acc_1' <Predicate = true> <Delay = 0.00>
ST_1 : Operation 24 [1/1] (0.00ns)   --->   "%i = alloca i32 1"   --->   Operation 24 'alloca' 'i' <Predicate = true> <Delay = 0.00>
ST_1 : Operation 25 [1/1] (0.00ns)   --->   "%W_read = read i64 @_ssdm_op_Read.ap_auto.i64, i64 %W"   --->   Operation 25 'read' 'W_read' <Predicate = true> <Delay = 0.00>
ST_1 : Operation 26 [1/1] (0.00ns)   --->   "%trunc_ln87_read = read i6 @_ssdm_op_Read.ap_auto.i6, i6 %trunc_ln87_s"   --->   Operation 26 'read' 'trunc_ln87_read' <Predicate = true> <Delay = 0.00>
ST_1 : Operation 27 [1/1] (0.00ns)   --->   "%zext_ln83_read = read i6 @_ssdm_op_Read.ap_auto.i6, i6 %zext_ln83"   --->   Operation 27 'read' 'zext_ln83_read' <Predicate = true> <Delay = 0.00>
ST_1 : Operation 28 [1/1] (0.00ns)   --->   "%acc_read = read i32 @_ssdm_op_Read.ap_auto.float, i32 %acc"   --->   Operation 28 'read' 'acc_read' <Predicate = true> <Delay = 0.00>
ST_1 : Operation 29 [1/1] (0.00ns)   --->   "%zext_ln83_cast = zext i6 %zext_ln83_read"   --->   Operation 29 'zext' 'zext_ln83_cast' <Predicate = true> <Delay = 0.00>
ST_1 : Operation 30 [1/1] (0.00ns)   --->   "%specmemcore_ln0 = specmemcore void @_ssdm_op_SpecMemCore, i32 %fc1_out, i64 666, i64 22, i64 18446744073709551615"   --->   Operation 30 'specmemcore' 'specmemcore_ln0' <Predicate = true> <Delay = 0.00>
ST_1 : Operation 31 [1/1] (0.00ns)   --->   "%specmemcore_ln0 = specmemcore void @_ssdm_op_SpecMemCore, i32 %p3_out, i64 666, i64 22, i64 18446744073709551615"   --->   Operation 31 'specmemcore' 'specmemcore_ln0' <Predicate = true> <Delay = 0.00>
ST_1 : Operation 32 [1/1] (0.00ns)   --->   "%specinterface_ln0 = specinterface void @_ssdm_op_SpecInterface, i32 %gmem3, void @empty_25, i32 0, i32 0, void @empty_27, i32 0, i32 16384, void @empty_20, void @empty_30, void @empty_27, i32 16, i32 16, i32 16, i32 16, void @empty_27, void @empty_27, i32 4294967295, i32 0"   --->   Operation 32 'specinterface' 'specinterface_ln0' <Predicate = true> <Delay = 0.00>
ST_1 : Operation 33 [1/1] (0.48ns)   --->   "%store_ln0 = store i9 0, i9 %i"   --->   Operation 33 'store' 'store_ln0' <Predicate = true> <Delay = 0.48>
ST_1 : Operation 34 [1/1] (0.48ns)   --->   "%store_ln0 = store i32 %acc_read, i32 %acc_1"   --->   Operation 34 'store' 'store_ln0' <Predicate = true> <Delay = 0.48>
ST_1 : Operation 35 [1/1] (0.00ns)   --->   "%br_ln0 = br void %for.inc"   --->   Operation 35 'br' 'br_ln0' <Predicate = true> <Delay = 0.00>
ST_1 : Operation 36 [1/1] (0.00ns)   --->   "%i_1 = load i9 %i" [src/gtsrb_cnn.cpp:87]   --->   Operation 36 'load' 'i_1' <Predicate = true> <Delay = 0.00>
ST_1 : Operation 37 [1/1] (0.00ns)   --->   "%fc1_out_addr = getelementptr i32 %fc1_out, i64 0, i64 %zext_ln83_cast" [src/gtsrb_cnn.cpp:90]   --->   Operation 37 'getelementptr' 'fc1_out_addr' <Predicate = true> <Delay = 0.00>
ST_1 : Operation 38 [1/1] (0.00ns)   --->   "%specpipeline_ln0 = specpipeline void @_ssdm_op_SpecPipeline, i32 4294967295, i32 0, i32 1, i32 0, void @p_str"   --->   Operation 38 'specpipeline' 'specpipeline_ln0' <Predicate = true> <Delay = 0.00>
ST_1 : Operation 39 [1/1] (0.85ns)   --->   "%icmp_ln86 = icmp_eq  i9 %i_1, i9 256" [src/gtsrb_cnn.cpp:86]   --->   Operation 39 'icmp' 'icmp_ln86' <Predicate = true> <Delay = 0.85> <CoreInst = "Cmp">   --->   Core 9 'Cmp' <Latency = 0> <II = 1> <Delay = 0.85> <FuncUnit> <Opcode : 'icmp'> <InPorts = 2> <OutPorts = 1>
ST_1 : Operation 40 [1/1] (0.00ns)   --->   "%empty = speclooptripcount i32 @_ssdm_op_SpecLoopTripCount, i64 256, i64 256, i64 256"   --->   Operation 40 'speclooptripcount' 'empty' <Predicate = true> <Delay = 0.00>
ST_1 : Operation 41 [1/1] (0.92ns)   --->   "%add_ln86 = add i9 %i_1, i9 1" [src/gtsrb_cnn.cpp:86]   --->   Operation 41 'add' 'add_ln86' <Predicate = true> <Delay = 0.92> <CoreInst = "Adder">   --->   Core 1 'Adder' <Latency = 0> <II = 1> <Delay = 0.92> <FuncUnit> <Opcode : 'add' 'sub'> <InPorts = 2> <OutPorts = 1>
ST_1 : Operation 42 [1/1] (0.00ns)   --->   "%br_ln86 = br i1 %icmp_ln86, void %for.inc.split, void %for.end.exitStub" [src/gtsrb_cnn.cpp:86]   --->   Operation 42 'br' 'br_ln86' <Predicate = true> <Delay = 0.00>
ST_1 : Operation 43 [1/1] (0.00ns)   --->   "%trunc_ln87 = trunc i9 %i_1" [src/gtsrb_cnn.cpp:87]   --->   Operation 43 'trunc' 'trunc_ln87' <Predicate = (!icmp_ln86)> <Delay = 0.00>
ST_1 : Operation 44 [1/1] (0.00ns)   --->   "%shl_ln = bitconcatenate i16 @_ssdm_op_BitConcatenate.i16.i8.i6.i2, i8 %trunc_ln87, i6 %trunc_ln87_read, i2 0" [src/gtsrb_cnn.cpp:87]   --->   Operation 44 'bitconcatenate' 'shl_ln' <Predicate = (!icmp_ln86)> <Delay = 0.00>
ST_1 : Operation 45 [1/1] (0.00ns)   --->   "%zext_ln87 = zext i16 %shl_ln" [src/gtsrb_cnn.cpp:87]   --->   Operation 45 'zext' 'zext_ln87' <Predicate = (!icmp_ln86)> <Delay = 0.00>
ST_1 : Operation 46 [1/1] (1.47ns)   --->   "%add_ln87 = add i64 %zext_ln87, i64 %W_read" [src/gtsrb_cnn.cpp:87]   --->   Operation 46 'add' 'add_ln87' <Predicate = (!icmp_ln86)> <Delay = 1.47> <CoreInst = "Adder">   --->   Core 1 'Adder' <Latency = 0> <II = 1> <Delay = 1.47> <FuncUnit> <Opcode : 'add' 'sub'> <InPorts = 2> <OutPorts = 1>
ST_1 : Operation 47 [1/1] (0.00ns)   --->   "%trunc_ln87_1 = partselect i62 @_ssdm_op_PartSelect.i62.i64.i32.i32, i64 %add_ln87, i32 2, i32 63" [src/gtsrb_cnn.cpp:87]   --->   Operation 47 'partselect' 'trunc_ln87_1' <Predicate = (!icmp_ln86)> <Delay = 0.00>
ST_1 : Operation 48 [1/1] (0.00ns)   --->   "%sext_ln87 = sext i62 %trunc_ln87_1" [src/gtsrb_cnn.cpp:87]   --->   Operation 48 'sext' 'sext_ln87' <Predicate = (!icmp_ln86)> <Delay = 0.00>
ST_1 : Operation 49 [1/1] (0.00ns)   --->   "%gmem3_addr = getelementptr i32 %gmem3, i64 %sext_ln87" [src/gtsrb_cnn.cpp:87]   --->   Operation 49 'getelementptr' 'gmem3_addr' <Predicate = (!icmp_ln86)> <Delay = 0.00>
ST_1 : Operation 50 [1/1] (0.85ns)   --->   "%ifzero = icmp_eq  i9 %add_ln86, i9 256" [src/gtsrb_cnn.cpp:86]   --->   Operation 50 'icmp' 'ifzero' <Predicate = (!icmp_ln86)> <Delay = 0.85> <CoreInst = "Cmp">   --->   Core 9 'Cmp' <Latency = 0> <II = 1> <Delay = 0.85> <FuncUnit> <Opcode : 'icmp'> <InPorts = 2> <OutPorts = 1>
ST_1 : Operation 51 [1/1] (0.00ns)   --->   "%br_ln86 = br i1 %ifzero, void %ifFalse, void %ifTrue" [src/gtsrb_cnn.cpp:86]   --->   Operation 51 'br' 'br_ln86' <Predicate = (!icmp_ln86)> <Delay = 0.00>
ST_1 : Operation 52 [1/1] (0.48ns)   --->   "%store_ln86 = store i9 %add_ln86, i9 %i" [src/gtsrb_cnn.cpp:86]   --->   Operation 52 'store' 'store_ln86' <Predicate = (!icmp_ln86)> <Delay = 0.48>

State 2 <SV = 1> <Delay = 7.30>
ST_2 : Operation 53 [7/7] (7.30ns)   --->   "%gmem3_load_1_req = readreq i1 @_ssdm_op_ReadReq.m_axi.i32P1A, i32 %gmem3_addr, i32 1" [src/gtsrb_cnn.cpp:87]   --->   Operation 53 'readreq' 'gmem3_load_1_req' <Predicate = (!icmp_ln86)> <Delay = 7.30> <CoreInst = "m_axi">   --->   Core 121 'm_axi' <Latency = 0> <II = 1> <Delay = 1.00> <Adapter> <Opcode : 'read' 'write' 'readreq' 'writereq' 'writeresp'>

State 3 <SV = 2> <Delay = 7.30>
ST_3 : Operation 54 [6/7] (7.30ns)   --->   "%gmem3_load_1_req = readreq i1 @_ssdm_op_ReadReq.m_axi.i32P1A, i32 %gmem3_addr, i32 1" [src/gtsrb_cnn.cpp:87]   --->   Operation 54 'readreq' 'gmem3_load_1_req' <Predicate = (!icmp_ln86)> <Delay = 7.30> <CoreInst = "m_axi">   --->   Core 121 'm_axi' <Latency = 0> <II = 1> <Delay = 1.00> <Adapter> <Opcode : 'read' 'write' 'readreq' 'writereq' 'writeresp'>

State 4 <SV = 3> <Delay = 7.30>
ST_4 : Operation 55 [5/7] (7.30ns)   --->   "%gmem3_load_1_req = readreq i1 @_ssdm_op_ReadReq.m_axi.i32P1A, i32 %gmem3_addr, i32 1" [src/gtsrb_cnn.cpp:87]   --->   Operation 55 'readreq' 'gmem3_load_1_req' <Predicate = (!icmp_ln86)> <Delay = 7.30> <CoreInst = "m_axi">   --->   Core 121 'm_axi' <Latency = 0> <II = 1> <Delay = 1.00> <Adapter> <Opcode : 'read' 'write' 'readreq' 'writereq' 'writeresp'>

State 5 <SV = 4> <Delay = 7.30>
ST_5 : Operation 56 [4/7] (7.30ns)   --->   "%gmem3_load_1_req = readreq i1 @_ssdm_op_ReadReq.m_axi.i32P1A, i32 %gmem3_addr, i32 1" [src/gtsrb_cnn.cpp:87]   --->   Operation 56 'readreq' 'gmem3_load_1_req' <Predicate = true> <Delay = 7.30> <CoreInst = "m_axi">   --->   Core 121 'm_axi' <Latency = 0> <II = 1> <Delay = 1.00> <Adapter> <Opcode : 'read' 'write' 'readreq' 'writereq' 'writeresp'>

State 6 <SV = 5> <Delay = 7.30>
ST_6 : Operation 57 [3/7] (7.30ns)   --->   "%gmem3_load_1_req = readreq i1 @_ssdm_op_ReadReq.m_axi.i32P1A, i32 %gmem3_addr, i32 1" [src/gtsrb_cnn.cpp:87]   --->   Operation 57 'readreq' 'gmem3_load_1_req' <Predicate = true> <Delay = 7.30> <CoreInst = "m_axi">   --->   Core 121 'm_axi' <Latency = 0> <II = 1> <Delay = 1.00> <Adapter> <Opcode : 'read' 'write' 'readreq' 'writereq' 'writeresp'>

State 7 <SV = 6> <Delay = 7.30>
ST_7 : Operation 58 [2/7] (7.30ns)   --->   "%gmem3_load_1_req = readreq i1 @_ssdm_op_ReadReq.m_axi.i32P1A, i32 %gmem3_addr, i32 1" [src/gtsrb_cnn.cpp:87]   --->   Operation 58 'readreq' 'gmem3_load_1_req' <Predicate = true> <Delay = 7.30> <CoreInst = "m_axi">   --->   Core 121 'm_axi' <Latency = 0> <II = 1> <Delay = 1.00> <Adapter> <Opcode : 'read' 'write' 'readreq' 'writereq' 'writeresp'>

State 8 <SV = 7> <Delay = 7.30>
ST_8 : Operation 59 [1/7] (7.30ns)   --->   "%gmem3_load_1_req = readreq i1 @_ssdm_op_ReadReq.m_axi.i32P1A, i32 %gmem3_addr, i32 1" [src/gtsrb_cnn.cpp:87]   --->   Operation 59 'readreq' 'gmem3_load_1_req' <Predicate = true> <Delay = 7.30> <CoreInst = "m_axi">   --->   Core 121 'm_axi' <Latency = 0> <II = 1> <Delay = 1.00> <Adapter> <Opcode : 'read' 'write' 'readreq' 'writereq' 'writeresp'>

State 9 <SV = 8> <Delay = 7.30>
ST_9 : Operation 60 [1/1] (0.00ns)   --->   "%i_cast = zext i9 %i_1" [src/gtsrb_cnn.cpp:87]   --->   Operation 60 'zext' 'i_cast' <Predicate = true> <Delay = 0.00>
ST_9 : Operation 61 [1/1] (0.00ns)   --->   "%p3_out_addr = getelementptr i32 %p3_out, i64 0, i64 %i_cast" [src/gtsrb_cnn.cpp:87]   --->   Operation 61 'getelementptr' 'p3_out_addr' <Predicate = true> <Delay = 0.00>
ST_9 : Operation 62 [2/2] (1.35ns)   --->   "%p3_out_load = load i8 %p3_out_addr" [src/gtsrb_cnn.cpp:87]   --->   Operation 62 'load' 'p3_out_load' <Predicate = true> <Delay = 1.35> <CoreInst = "RAM_2P_BRAM">   --->   Core 94 'RAM_2P_BRAM' <Latency = 1> <II = 1> <Delay = 1.35> <Storage> <Opcode : 'load' 'store'> <Ports = 2> <Width = 32> <Depth = 256> <RAM>
ST_9 : Operation 63 [1/1] (7.30ns)   --->   "%gmem3_addr_read = read i32 @_ssdm_op_Read.m_axi.i32P1A, i32 %gmem3_addr" [src/gtsrb_cnn.cpp:87]   --->   Operation 63 'read' 'gmem3_addr_read' <Predicate = true> <Delay = 7.30> <CoreInst = "m_axi">   --->   Core 121 'm_axi' <Latency = 0> <II = 1> <Delay = 1.00> <Adapter> <Opcode : 'read' 'write' 'readreq' 'writereq' 'writeresp'>

State 10 <SV = 9> <Delay = 6.02>
ST_10 : Operation 64 [1/2] (1.35ns)   --->   "%p3_out_load = load i8 %p3_out_addr" [src/gtsrb_cnn.cpp:87]   --->   Operation 64 'load' 'p3_out_load' <Predicate = true> <Delay = 1.35> <CoreInst = "RAM_2P_BRAM">   --->   Core 94 'RAM_2P_BRAM' <Latency = 1> <II = 1> <Delay = 1.35> <Storage> <Opcode : 'load' 'store'> <Ports = 2> <Width = 32> <Depth = 256> <RAM>
ST_10 : Operation 65 [1/1] (0.00ns)   --->   "%bitcast_ln87 = bitcast i32 %gmem3_addr_read" [src/gtsrb_cnn.cpp:87]   --->   Operation 65 'bitcast' 'bitcast_ln87' <Predicate = true> <Delay = 0.00>
ST_10 : Operation 66 [4/4] (4.67ns)   --->   "%mul9 = fmul i32 %p3_out_load, i32 %bitcast_ln87" [src/gtsrb_cnn.cpp:87]   --->   Operation 66 'fmul' 'mul9' <Predicate = true> <Delay = 4.67> <CoreInst = "FMul_maxdsp">   --->   Core 30 'FMul_maxdsp' <Latency = 3> <II = 1> <Delay = 4.67> <FuncUnit> <Opcode : 'fmul'> <InPorts = 2> <OutPorts = 1>

State 11 <SV = 10> <Delay = 4.67>
ST_11 : Operation 67 [3/4] (4.67ns)   --->   "%mul9 = fmul i32 %p3_out_load, i32 %bitcast_ln87" [src/gtsrb_cnn.cpp:87]   --->   Operation 67 'fmul' 'mul9' <Predicate = true> <Delay = 4.67> <CoreInst = "FMul_maxdsp">   --->   Core 30 'FMul_maxdsp' <Latency = 3> <II = 1> <Delay = 4.67> <FuncUnit> <Opcode : 'fmul'> <InPorts = 2> <OutPorts = 1>

State 12 <SV = 11> <Delay = 4.67>
ST_12 : Operation 68 [2/4] (4.67ns)   --->   "%mul9 = fmul i32 %p3_out_load, i32 %bitcast_ln87" [src/gtsrb_cnn.cpp:87]   --->   Operation 68 'fmul' 'mul9' <Predicate = true> <Delay = 4.67> <CoreInst = "FMul_maxdsp">   --->   Core 30 'FMul_maxdsp' <Latency = 3> <II = 1> <Delay = 4.67> <FuncUnit> <Opcode : 'fmul'> <InPorts = 2> <OutPorts = 1>

State 13 <SV = 12> <Delay = 4.67>
ST_13 : Operation 69 [1/4] (4.67ns)   --->   "%mul9 = fmul i32 %p3_out_load, i32 %bitcast_ln87" [src/gtsrb_cnn.cpp:87]   --->   Operation 69 'fmul' 'mul9' <Predicate = true> <Delay = 4.67> <CoreInst = "FMul_maxdsp">   --->   Core 30 'FMul_maxdsp' <Latency = 3> <II = 1> <Delay = 4.67> <FuncUnit> <Opcode : 'fmul'> <InPorts = 2> <OutPorts = 1>

State 14 <SV = 13> <Delay = 6.01>
ST_14 : Operation 70 [1/1] (0.00ns)   --->   "%acc_1_load = load i32 %acc_1" [src/gtsrb_cnn.cpp:87]   --->   Operation 70 'load' 'acc_1_load' <Predicate = true> <Delay = 0.00>
ST_14 : Operation 71 [5/5] (6.01ns)   --->   "%acc_2 = fadd i32 %acc_1_load, i32 %mul9" [src/gtsrb_cnn.cpp:87]   --->   Operation 71 'fadd' 'acc_2' <Predicate = true> <Delay = 6.01> <CoreInst = "FAddSub_fulldsp">   --->   Core 18 'FAddSub_fulldsp' <Latency = 4> <II = 1> <Delay = 6.01> <FuncUnit> <Opcode : 'fadd' 'fsub'> <InPorts = 2> <OutPorts = 1>

State 15 <SV = 14> <Delay = 6.01>
ST_15 : Operation 72 [4/5] (6.01ns)   --->   "%acc_2 = fadd i32 %acc_1_load, i32 %mul9" [src/gtsrb_cnn.cpp:87]   --->   Operation 72 'fadd' 'acc_2' <Predicate = true> <Delay = 6.01> <CoreInst = "FAddSub_fulldsp">   --->   Core 18 'FAddSub_fulldsp' <Latency = 4> <II = 1> <Delay = 6.01> <FuncUnit> <Opcode : 'fadd' 'fsub'> <InPorts = 2> <OutPorts = 1>

State 16 <SV = 15> <Delay = 6.01>
ST_16 : Operation 73 [3/5] (6.01ns)   --->   "%acc_2 = fadd i32 %acc_1_load, i32 %mul9" [src/gtsrb_cnn.cpp:87]   --->   Operation 73 'fadd' 'acc_2' <Predicate = true> <Delay = 6.01> <CoreInst = "FAddSub_fulldsp">   --->   Core 18 'FAddSub_fulldsp' <Latency = 4> <II = 1> <Delay = 6.01> <FuncUnit> <Opcode : 'fadd' 'fsub'> <InPorts = 2> <OutPorts = 1>
ST_16 : Operation 91 [1/1] (0.00ns)   --->   "%ret_ln0 = ret"   --->   Operation 91 'ret' 'ret_ln0' <Predicate = (icmp_ln86)> <Delay = 0.00>

State 17 <SV = 16> <Delay = 6.01>
ST_17 : Operation 74 [2/5] (6.01ns)   --->   "%acc_2 = fadd i32 %acc_1_load, i32 %mul9" [src/gtsrb_cnn.cpp:87]   --->   Operation 74 'fadd' 'acc_2' <Predicate = true> <Delay = 6.01> <CoreInst = "FAddSub_fulldsp">   --->   Core 18 'FAddSub_fulldsp' <Latency = 4> <II = 1> <Delay = 6.01> <FuncUnit> <Opcode : 'fadd' 'fsub'> <InPorts = 2> <OutPorts = 1>

State 18 <SV = 17> <Delay = 6.50>
ST_18 : Operation 75 [1/1] (0.00ns)   --->   "%specloopname_ln84 = specloopname void @_ssdm_op_SpecLoopName, void @empty_24" [src/gtsrb_cnn.cpp:84]   --->   Operation 75 'specloopname' 'specloopname_ln84' <Predicate = true> <Delay = 0.00>
ST_18 : Operation 76 [1/5] (6.01ns)   --->   "%acc_2 = fadd i32 %acc_1_load, i32 %mul9" [src/gtsrb_cnn.cpp:87]   --->   Operation 76 'fadd' 'acc_2' <Predicate = true> <Delay = 6.01> <CoreInst = "FAddSub_fulldsp">   --->   Core 18 'FAddSub_fulldsp' <Latency = 4> <II = 1> <Delay = 6.01> <FuncUnit> <Opcode : 'fadd' 'fsub'> <InPorts = 2> <OutPorts = 1>
ST_18 : Operation 77 [1/1] (0.48ns)   --->   "%store_ln87 = store i32 %acc_2, i32 %acc_1" [src/gtsrb_cnn.cpp:87]   --->   Operation 77 'store' 'store_ln87' <Predicate = true> <Delay = 0.48>
ST_18 : Operation 78 [1/1] (0.00ns)   --->   "%br_ln0 = br void %for.inc"   --->   Operation 78 'br' 'br_ln0' <Predicate = true> <Delay = 0.00>

State 19 <SV = 18> <Delay = 3.34>
ST_19 : Operation 79 [2/2] (3.34ns)   --->   "%tmp_s = fcmp_olt  i32 %acc_2, i32 0" [src/gtsrb_cnn.cpp:89]   --->   Operation 79 'fcmp' 'tmp_s' <Predicate = (ifzero)> <Delay = 3.34> <CoreInst = "FCompare">   --->   Core 19 'FCompare' <Latency = 1> <II = 1> <Delay = 3.34> <FuncUnit> <Opcode : 'fcmp'> <InPorts = 2> <OutPorts = 1>

State 20 <SV = 19> <Delay = 5.22>
ST_20 : Operation 80 [1/1] (0.00ns)   --->   "%bitcast_ln89 = bitcast i32 %acc_2" [src/gtsrb_cnn.cpp:89]   --->   Operation 80 'bitcast' 'bitcast_ln89' <Predicate = (ifzero)> <Delay = 0.00>
ST_20 : Operation 81 [1/1] (0.00ns)   --->   "%tmp = partselect i8 @_ssdm_op_PartSelect.i8.i32.i32.i32, i32 %bitcast_ln89, i32 23, i32 30" [src/gtsrb_cnn.cpp:89]   --->   Operation 81 'partselect' 'tmp' <Predicate = (ifzero)> <Delay = 0.00>
ST_20 : Operation 82 [1/1] (0.00ns)   --->   "%trunc_ln89 = trunc i32 %bitcast_ln89" [src/gtsrb_cnn.cpp:89]   --->   Operation 82 'trunc' 'trunc_ln89' <Predicate = (ifzero)> <Delay = 0.00>
ST_20 : Operation 83 [1/1] (0.85ns)   --->   "%icmp_ln89 = icmp_ne  i8 %tmp, i8 255" [src/gtsrb_cnn.cpp:89]   --->   Operation 83 'icmp' 'icmp_ln89' <Predicate = (ifzero)> <Delay = 0.85> <CoreInst = "Cmp">   --->   Core 9 'Cmp' <Latency = 0> <II = 1> <Delay = 0.85> <FuncUnit> <Opcode : 'icmp'> <InPorts = 2> <OutPorts = 1>
ST_20 : Operation 84 [1/1] (0.97ns)   --->   "%icmp_ln89_1 = icmp_eq  i23 %trunc_ln89, i23 0" [src/gtsrb_cnn.cpp:89]   --->   Operation 84 'icmp' 'icmp_ln89_1' <Predicate = (ifzero)> <Delay = 0.97> <CoreInst = "Cmp">   --->   Core 9 'Cmp' <Latency = 0> <II = 1> <Delay = 0.97> <FuncUnit> <Opcode : 'icmp'> <InPorts = 2> <OutPorts = 1>
ST_20 : Operation 85 [1/1] (0.00ns) (grouped into LUT with out node acc_3)   --->   "%or_ln89 = or i1 %icmp_ln89_1, i1 %icmp_ln89" [src/gtsrb_cnn.cpp:89]   --->   Operation 85 'or' 'or_ln89' <Predicate = (ifzero)> <Delay = 0.00> <CoreInst = "LogicGate">   --->   Core 74 'LogicGate' <Latency = 0> <II = 1> <Delay = 0.33> <FuncUnit> <Opcode : 'and' 'or' 'xor'> <InPorts = 2> <OutPorts = 1>
ST_20 : Operation 86 [1/2] (3.34ns)   --->   "%tmp_s = fcmp_olt  i32 %acc_2, i32 0" [src/gtsrb_cnn.cpp:89]   --->   Operation 86 'fcmp' 'tmp_s' <Predicate = (ifzero)> <Delay = 3.34> <CoreInst = "FCompare">   --->   Core 19 'FCompare' <Latency = 1> <II = 1> <Delay = 3.34> <FuncUnit> <Opcode : 'fcmp'> <InPorts = 2> <OutPorts = 1>
ST_20 : Operation 87 [1/1] (0.00ns) (grouped into LUT with out node acc_3)   --->   "%and_ln89 = and i1 %or_ln89, i1 %tmp_s" [src/gtsrb_cnn.cpp:89]   --->   Operation 87 'and' 'and_ln89' <Predicate = (ifzero)> <Delay = 0.00> <CoreInst = "LogicGate">   --->   Core 74 'LogicGate' <Latency = 0> <II = 1> <Delay = 0.33> <FuncUnit> <Opcode : 'and' 'or' 'xor'> <InPorts = 2> <OutPorts = 1>
ST_20 : Operation 88 [1/1] (0.52ns) (out node of the LUT)   --->   "%acc_3 = select i1 %and_ln89, i32 0, i32 %acc_2" [src/gtsrb_cnn.cpp:89]   --->   Operation 88 'select' 'acc_3' <Predicate = (ifzero)> <Delay = 0.52> <CoreInst = "Sel">   --->   Core 73 'Sel' <Latency = 0> <II = 1> <Delay = 0.52> <FuncUnit> <Opcode : 'select'> <InPorts = 3> <OutPorts = 1>
ST_20 : Operation 89 [1/1] (1.35ns)   --->   "%store_ln90 = store i32 %acc_3, i6 %fc1_out_addr" [src/gtsrb_cnn.cpp:90]   --->   Operation 89 'store' 'store_ln90' <Predicate = (ifzero)> <Delay = 1.35> <CoreInst = "RAM_2P_BRAM">   --->   Core 94 'RAM_2P_BRAM' <Latency = 1> <II = 1> <Delay = 1.35> <Storage> <Opcode : 'load' 'store'> <Ports = 2> <Width = 32> <Depth = 64> <RAM>
ST_20 : Operation 90 [1/1] (0.00ns)   --->   "%br_ln0 = br void %ifFalse"   --->   Operation 90 'br' 'br_ln0' <Predicate = (ifzero)> <Delay = 0.00>


============================================================
+ Verbose Summary: Binding
============================================================
STG Binding: 
---------------- STG Properties BEGIN ----------------
- Is combinational: 0
- Is one-state seq: 0
- Is datapath-only: 0
- Is pipelined: 0
- Is top level: 0
Port [ Return ] is wired: 1; IO mode=ap_ctrl_hs:ce=0
Port [ acc]:  wired=1; compound=0; hidden=0; nouse=0; global=0; static=0; extern=0; dir=0; type=0; pingpong=0; private_global=0; IO mode=ap_none:ce=0
Port [ zext_ln83]:  wired=1; compound=0; hidden=0; nouse=0; global=0; static=0; extern=0; dir=0; type=0; pingpong=0; private_global=0; IO mode=ap_none:ce=0
Port [ trunc_ln87_s]:  wired=1; compound=0; hidden=0; nouse=0; global=0; static=0; extern=0; dir=0; type=0; pingpong=0; private_global=0; IO mode=ap_none:ce=0
Port [ W]:  wired=1; compound=0; hidden=0; nouse=0; global=0; static=0; extern=0; dir=0; type=0; pingpong=0; private_global=0; IO mode=ap_none:ce=0
Port [ gmem3]:  wired=1; compound=1; hidden=0; nouse=0; global=0; static=0; extern=0; dir=0; type=4; pingpong=0; private_global=0; IO mode=m_axi:ce=0
Port [ p3_out]:  wired=1; compound=1; hidden=0; nouse=0; global=1; static=1; extern=0; dir=0; type=1; pingpong=0; private_global=0; MemPort=[13]; IO mode=ap_memory:ce=0
Port [ fc1_out]:  wired=1; compound=1; hidden=0; nouse=0; global=1; static=1; extern=0; dir=1; type=1; pingpong=0; private_global=0; MemPort=[30]; IO mode=ap_memory:ce=0
---------------- STG Properties END ------------------

---------------- Datapath Model BEGIN ----------------

<LifeTime>
<method=bitvector/>
acc_1             (alloca           ) [ 011111111111111111100]
i                 (alloca           ) [ 010000000000000000000]
W_read            (read             ) [ 000000000000000000000]
trunc_ln87_read   (read             ) [ 000000000000000000000]
zext_ln83_read    (read             ) [ 000000000000000000000]
acc_read          (read             ) [ 000000000000000000000]
zext_ln83_cast    (zext             ) [ 000000000000000000000]
specmemcore_ln0   (specmemcore      ) [ 000000000000000000000]
specmemcore_ln0   (specmemcore      ) [ 000000000000000000000]
specinterface_ln0 (specinterface    ) [ 000000000000000000000]
store_ln0         (store            ) [ 000000000000000000000]
store_ln0         (store            ) [ 000000000000000000000]
br_ln0            (br               ) [ 000000000000000000000]
i_1               (load             ) [ 011111111100000000000]
fc1_out_addr      (getelementptr    ) [ 011111111111111111111]
specpipeline_ln0  (specpipeline     ) [ 000000000000000000000]
icmp_ln86         (icmp             ) [ 011111111111111110000]
empty             (speclooptripcount) [ 000000000000000000000]
add_ln86          (add              ) [ 000000000000000000000]
br_ln86           (br               ) [ 000000000000000000000]
trunc_ln87        (trunc            ) [ 000000000000000000000]
shl_ln            (bitconcatenate   ) [ 000000000000000000000]
zext_ln87         (zext             ) [ 000000000000000000000]
add_ln87          (add              ) [ 000000000000000000000]
trunc_ln87_1      (partselect       ) [ 000000000000000000000]
sext_ln87         (sext             ) [ 000000000000000000000]
gmem3_addr        (getelementptr    ) [ 011111111100000000000]
ifzero            (icmp             ) [ 011111111111111111111]
br_ln86           (br               ) [ 000000000000000000000]
store_ln86        (store            ) [ 000000000000000000000]
gmem3_load_1_req  (readreq          ) [ 000000000000000000000]
i_cast            (zext             ) [ 000000000000000000000]
p3_out_addr       (getelementptr    ) [ 001000000010000000000]
gmem3_addr_read   (read             ) [ 001000000010000000000]
p3_out_load       (load             ) [ 010110000001110000000]
bitcast_ln87      (bitcast          ) [ 010110000001110000000]
mul9              (fmul             ) [ 011110000000001111100]
acc_1_load        (load             ) [ 011110000000000111100]
specloopname_ln84 (specloopname     ) [ 000000000000000000000]
acc_2             (fadd             ) [ 000110000000000000011]
store_ln87        (store            ) [ 000000000000000000000]
br_ln0            (br               ) [ 000000000000000000000]
bitcast_ln89      (bitcast          ) [ 000000000000000000000]
tmp               (partselect       ) [ 000000000000000000000]
trunc_ln89        (trunc            ) [ 000000000000000000000]
icmp_ln89         (icmp             ) [ 000000000000000000000]
icmp_ln89_1       (icmp             ) [ 000000000000000000000]
or_ln89           (or               ) [ 000000000000000000000]
tmp_s             (fcmp             ) [ 000000000000000000000]
and_ln89          (and              ) [ 000000000000000000000]
acc_3             (select           ) [ 000000000000000000000]
store_ln90        (store            ) [ 000000000000000000000]
br_ln0            (br               ) [ 000000000000000000000]
ret_ln0           (ret              ) [ 000000000000000000000]
</LifeTime>

<model>

<comp_list>
<comp id="0" class="1000" name="acc">
<pin_list>
<pin id="1" dir="1" index="0" bw="1" slack="0"/>
</pin_list>
<bind>
<StgValue><ssdm name="acc"/></StgValue>
</bind>
</comp>

<comp id="2" class="1000" name="zext_ln83">
<pin_list>
<pin id="3" dir="1" index="0" bw="1" slack="0"/>
</pin_list>
<bind>
<StgValue><ssdm name="zext_ln83"/></StgValue>
</bind>
</comp>

<comp id="4" class="1000" name="trunc_ln87_s">
<pin_list>
<pin id="5" dir="1" index="0" bw="1" slack="0"/>
</pin_list>
<bind>
<StgValue><ssdm name="trunc_ln87_s"/></StgValue>
</bind>
</comp>

<comp id="6" class="1000" name="W">
<pin_list>
<pin id="7" dir="1" index="0" bw="1" slack="0"/>
</pin_list>
<bind>
<StgValue><ssdm name="W"/></StgValue>
</bind>
</comp>

<comp id="8" class="1000" name="gmem3">
<pin_list>
<pin id="9" dir="1" index="0" bw="1" slack="0"/>
</pin_list>
<bind>
<StgValue><ssdm name="gmem3"/></StgValue>
</bind>
</comp>

<comp id="10" class="1000" name="p3_out">
<pin_list>
<pin id="11" dir="1" index="0" bw="1" slack="0"/>
</pin_list>
<bind>
<StgValue><ssdm name="p3_out"/><MemPortTyVec>1 3 </MemPortTyVec>
</StgValue>
</bind>
</comp>

<comp id="12" class="1000" name="fc1_out">
<pin_list>
<pin id="13" dir="1" index="0" bw="1" slack="0"/>
</pin_list>
<bind>
<StgValue><ssdm name="fc1_out"/><MemPortTyVec>3 0 </MemPortTyVec>
</StgValue>
</bind>
</comp>

<comp id="14" class="1001" name="const_14">
<pin_list>
<pin id="15" dir="1" index="0" bw="1" slack="0"/>
</pin_list>
<bind>
<StgValue><ssdm name=""/></StgValue>
</bind>
</comp>

<comp id="16" class="1001" name="const_16">
<pin_list>
<pin id="17" dir="1" index="0" bw="1" slack="0"/>
</pin_list>
<bind>
<StgValue><ssdm name="_ssdm_op_Read.ap_auto.i64"/></StgValue>
</bind>
</comp>

<comp id="18" class="1001" name="const_18">
<pin_list>
<pin id="19" dir="1" index="0" bw="1" slack="0"/>
</pin_list>
<bind>
<StgValue><ssdm name="_ssdm_op_Read.ap_auto.i6"/></StgValue>
</bind>
</comp>

<comp id="20" class="1001" name="const_20">
<pin_list>
<pin id="21" dir="1" index="0" bw="1" slack="0"/>
</pin_list>
<bind>
<StgValue><ssdm name="_ssdm_op_Read.ap_auto.float"/></StgValue>
</bind>
</comp>

<comp id="22" class="1001" name="const_22">
<pin_list>
<pin id="23" dir="1" index="0" bw="1" slack="2147483647"/>
</pin_list>
<bind>
<StgValue><ssdm name="_ssdm_op_SpecMemCore"/></StgValue>
</bind>
</comp>

<comp id="24" class="1001" name="const_24">
<pin_list>
<pin id="25" dir="1" index="0" bw="1" slack="2147483647"/>
</pin_list>
<bind>
<StgValue><ssdm name=""/></StgValue>
</bind>
</comp>

<comp id="26" class="1001" name="const_26">
<pin_list>
<pin id="27" dir="1" index="0" bw="1" slack="2147483647"/>
</pin_list>
<bind>
<StgValue><ssdm name=""/></StgValue>
</bind>
</comp>

<comp id="28" class="1001" name="const_28">
<pin_list>
<pin id="29" dir="1" index="0" bw="1" slack="2147483647"/>
</pin_list>
<bind>
<StgValue><ssdm name=""/></StgValue>
</bind>
</comp>

<comp id="30" class="1001" name="const_30">
<pin_list>
<pin id="31" dir="1" index="0" bw="1" slack="2147483647"/>
</pin_list>
<bind>
<StgValue><ssdm name="_ssdm_op_SpecInterface"/></StgValue>
</bind>
</comp>

<comp id="32" class="1001" name="const_32">
<pin_list>
<pin id="33" dir="1" index="0" bw="1" slack="2147483647"/>
</pin_list>
<bind>
<StgValue><ssdm name="empty_25"/></StgValue>
</bind>
</comp>

<comp id="34" class="1001" name="const_34">
<pin_list>
<pin id="35" dir="1" index="0" bw="1" slack="2147483647"/>
</pin_list>
<bind>
<StgValue><ssdm name=""/></StgValue>
</bind>
</comp>

<comp id="36" class="1001" name="const_36">
<pin_list>
<pin id="37" dir="1" index="0" bw="1" slack="2147483647"/>
</pin_list>
<bind>
<StgValue><ssdm name="empty_27"/></StgValue>
</bind>
</comp>

<comp id="38" class="1001" name="const_38">
<pin_list>
<pin id="39" dir="1" index="0" bw="1" slack="2147483647"/>
</pin_list>
<bind>
<StgValue><ssdm name=""/></StgValue>
</bind>
</comp>

<comp id="40" class="1001" name="const_40">
<pin_list>
<pin id="41" dir="1" index="0" bw="1" slack="2147483647"/>
</pin_list>
<bind>
<StgValue><ssdm name="empty_20"/></StgValue>
</bind>
</comp>

<comp id="42" class="1001" name="const_42">
<pin_list>
<pin id="43" dir="1" index="0" bw="1" slack="2147483647"/>
</pin_list>
<bind>
<StgValue><ssdm name="empty_30"/></StgValue>
</bind>
</comp>

<comp id="44" class="1001" name="const_44">
<pin_list>
<pin id="45" dir="1" index="0" bw="1" slack="2147483647"/>
</pin_list>
<bind>
<StgValue><ssdm name=""/></StgValue>
</bind>
</comp>

<comp id="46" class="1001" name="const_46">
<pin_list>
<pin id="47" dir="1" index="0" bw="1" slack="2147483647"/>
</pin_list>
<bind>
<StgValue><ssdm name=""/></StgValue>
</bind>
</comp>

<comp id="48" class="1001" name="const_48">
<pin_list>
<pin id="49" dir="1" index="0" bw="1" slack="0"/>
</pin_list>
<bind>
<StgValue><ssdm name=""/></StgValue>
</bind>
</comp>

<comp id="50" class="1001" name="const_50">
<pin_list>
<pin id="51" dir="1" index="0" bw="1" slack="0"/>
</pin_list>
<bind>
<StgValue><ssdm name=""/></StgValue>
</bind>
</comp>

<comp id="52" class="1001" name="const_52">
<pin_list>
<pin id="53" dir="1" index="0" bw="1" slack="2147483647"/>
</pin_list>
<bind>
<StgValue><ssdm name="_ssdm_op_SpecPipeline"/></StgValue>
</bind>
</comp>

<comp id="54" class="1001" name="const_54">
<pin_list>
<pin id="55" dir="1" index="0" bw="1" slack="2147483647"/>
</pin_list>
<bind>
<StgValue><ssdm name="p_str"/></StgValue>
</bind>
</comp>

<comp id="56" class="1001" name="const_56">
<pin_list>
<pin id="57" dir="1" index="0" bw="1" slack="0"/>
</pin_list>
<bind>
<StgValue><ssdm name=""/></StgValue>
</bind>
</comp>

<comp id="58" class="1001" name="const_58">
<pin_list>
<pin id="59" dir="1" index="0" bw="1" slack="2147483647"/>
</pin_list>
<bind>
<StgValue><ssdm name="_ssdm_op_SpecLoopTripCount"/></StgValue>
</bind>
</comp>

<comp id="60" class="1001" name="const_60">
<pin_list>
<pin id="61" dir="1" index="0" bw="1" slack="2147483647"/>
</pin_list>
<bind>
<StgValue><ssdm name=""/></StgValue>
</bind>
</comp>

<comp id="62" class="1001" name="const_62">
<pin_list>
<pin id="63" dir="1" index="0" bw="1" slack="0"/>
</pin_list>
<bind>
<StgValue><ssdm name=""/></StgValue>
</bind>
</comp>

<comp id="64" class="1001" name="const_64">
<pin_list>
<pin id="65" dir="1" index="0" bw="1" slack="0"/>
</pin_list>
<bind>
<StgValue><ssdm name="_ssdm_op_BitConcatenate.i16.i8.i6.i2"/></StgValue>
</bind>
</comp>

<comp id="66" class="1001" name="const_66">
<pin_list>
<pin id="67" dir="1" index="0" bw="1" slack="0"/>
</pin_list>
<bind>
<StgValue><ssdm name=""/></StgValue>
</bind>
</comp>

<comp id="68" class="1001" name="const_68">
<pin_list>
<pin id="69" dir="1" index="0" bw="1" slack="0"/>
</pin_list>
<bind>
<StgValue><ssdm name="_ssdm_op_PartSelect.i62.i64.i32.i32"/></StgValue>
</bind>
</comp>

<comp id="70" class="1001" name="const_70">
<pin_list>
<pin id="71" dir="1" index="0" bw="1" slack="0"/>
</pin_list>
<bind>
<StgValue><ssdm name=""/></StgValue>
</bind>
</comp>

<comp id="72" class="1001" name="const_72">
<pin_list>
<pin id="73" dir="1" index="0" bw="1" slack="0"/>
</pin_list>
<bind>
<StgValue><ssdm name=""/></StgValue>
</bind>
</comp>

<comp id="74" class="1001" name="const_74">
<pin_list>
<pin id="75" dir="1" index="0" bw="1" slack="0"/>
</pin_list>
<bind>
<StgValue><ssdm name="_ssdm_op_ReadReq.m_axi.i32P1A"/></StgValue>
</bind>
</comp>

<comp id="76" class="1001" name="const_76">
<pin_list>
<pin id="77" dir="1" index="0" bw="1" slack="0"/>
</pin_list>
<bind>
<StgValue><ssdm name="_ssdm_op_Read.m_axi.i32P1A"/></StgValue>
</bind>
</comp>

<comp id="78" class="1001" name="const_78">
<pin_list>
<pin id="79" dir="1" index="0" bw="1" slack="2147483647"/>
</pin_list>
<bind>
<StgValue><ssdm name="_ssdm_op_SpecLoopName"/></StgValue>
</bind>
</comp>

<comp id="80" class="1001" name="const_80">
<pin_list>
<pin id="81" dir="1" index="0" bw="1" slack="2147483647"/>
</pin_list>
<bind>
<StgValue><ssdm name="empty_24"/></StgValue>
</bind>
</comp>

<comp id="82" class="1001" name="const_82">
<pin_list>
<pin id="83" dir="1" index="0" bw="1" slack="0"/>
</pin_list>
<bind>
<StgValue><ssdm name=""/></StgValue>
</bind>
</comp>

<comp id="84" class="1001" name="const_84">
<pin_list>
<pin id="85" dir="1" index="0" bw="1" slack="0"/>
</pin_list>
<bind>
<StgValue><ssdm name="_ssdm_op_PartSelect.i8.i32.i32.i32"/></StgValue>
</bind>
</comp>

<comp id="86" class="1001" name="const_86">
<pin_list>
<pin id="87" dir="1" index="0" bw="1" slack="0"/>
</pin_list>
<bind>
<StgValue><ssdm name=""/></StgValue>
</bind>
</comp>

<comp id="88" class="1001" name="const_88">
<pin_list>
<pin id="89" dir="1" index="0" bw="1" slack="0"/>
</pin_list>
<bind>
<StgValue><ssdm name=""/></StgValue>
</bind>
</comp>

<comp id="90" class="1001" name="const_90">
<pin_list>
<pin id="91" dir="1" index="0" bw="1" slack="0"/>
</pin_list>
<bind>
<StgValue><ssdm name=""/></StgValue>
</bind>
</comp>

<comp id="92" class="1001" name="const_92">
<pin_list>
<pin id="93" dir="1" index="0" bw="1" slack="0"/>
</pin_list>
<bind>
<StgValue><ssdm name=""/></StgValue>
</bind>
</comp>

<comp id="94" class="1004" name="acc_1_fu_94">
<pin_list>
<pin id="95" dir="0" index="0" bw="1" slack="0"/>
<pin id="96" dir="1" index="1" bw="32" slack="0"/>
</pin_list>
<bind>
<opcode="alloca(26) " fcode="alloca"/>
<opset="acc_1/1 "/>
</bind>
</comp>

<comp id="98" class="1004" name="i_fu_98">
<pin_list>
<pin id="99" dir="0" index="0" bw="1" slack="0"/>
<pin id="100" dir="1" index="1" bw="9" slack="0"/>
</pin_list>
<bind>
<opcode="alloca(26) " fcode="alloca"/>
<opset="i/1 "/>
</bind>
</comp>

<comp id="102" class="1004" name="W_read_read_fu_102">
<pin_list>
<pin id="103" dir="0" index="0" bw="64" slack="0"/>
<pin id="104" dir="0" index="1" bw="64" slack="0"/>
<pin id="105" dir="1" index="2" bw="64" slack="0"/>
</pin_list>
<bind>
<opcode="read(1150) " fcode="read"/>
<opset="W_read/1 "/>
</bind>
</comp>

<comp id="108" class="1004" name="trunc_ln87_read_read_fu_108">
<pin_list>
<pin id="109" dir="0" index="0" bw="6" slack="0"/>
<pin id="110" dir="0" index="1" bw="6" slack="0"/>
<pin id="111" dir="1" index="2" bw="6" slack="0"/>
</pin_list>
<bind>
<opcode="read(1150) " fcode="read"/>
<opset="trunc_ln87_read/1 "/>
</bind>
</comp>

<comp id="114" class="1004" name="zext_ln83_read_read_fu_114">
<pin_list>
<pin id="115" dir="0" index="0" bw="6" slack="0"/>
<pin id="116" dir="0" index="1" bw="6" slack="0"/>
<pin id="117" dir="1" index="2" bw="6" slack="0"/>
</pin_list>
<bind>
<opcode="read(1150) " fcode="read"/>
<opset="zext_ln83_read/1 "/>
</bind>
</comp>

<comp id="120" class="1004" name="acc_read_read_fu_120">
<pin_list>
<pin id="121" dir="0" index="0" bw="32" slack="0"/>
<pin id="122" dir="0" index="1" bw="32" slack="0"/>
<pin id="123" dir="1" index="2" bw="32" slack="0"/>
</pin_list>
<bind>
<opcode="read(1150) " fcode="read"/>
<opset="acc_read/1 "/>
</bind>
</comp>

<comp id="126" class="1004" name="grp_readreq_fu_126">
<pin_list>
<pin id="127" dir="0" index="0" bw="1" slack="0"/>
<pin id="128" dir="0" index="1" bw="32" slack="1"/>
<pin id="129" dir="0" index="2" bw="1" slack="0"/>
<pin id="130" dir="1" index="3" bw="1" slack="2147483647"/>
</pin_list>
<bind>
<opcode="readreq(1154) " fcode="readreq"/>
<opset="gmem3_load_1_req/2 "/>
</bind>
</comp>

<comp id="133" class="1004" name="gmem3_addr_read_read_fu_133">
<pin_list>
<pin id="134" dir="0" index="0" bw="32" slack="0"/>
<pin id="135" dir="0" index="1" bw="32" slack="8"/>
<pin id="136" dir="1" index="2" bw="32" slack="1"/>
</pin_list>
<bind>
<opcode="read(1150) " fcode="read"/>
<opset="gmem3_addr_read/9 "/>
</bind>
</comp>

<comp id="138" class="1004" name="fc1_out_addr_gep_fu_138">
<pin_list>
<pin id="139" dir="0" index="0" bw="32" slack="0"/>
<pin id="140" dir="0" index="1" bw="1" slack="0"/>
<pin id="141" dir="0" index="2" bw="6" slack="0"/>
<pin id="142" dir="1" index="3" bw="6" slack="19"/>
</pin_list>
<bind>
<opcode="getelementptr(29) " fcode="getelementptr"/>
<opset="fc1_out_addr/1 "/>
</bind>
</comp>

<comp id="145" class="1004" name="p3_out_addr_gep_fu_145">
<pin_list>
<pin id="146" dir="0" index="0" bw="32" slack="0"/>
<pin id="147" dir="0" index="1" bw="1" slack="0"/>
<pin id="148" dir="0" index="2" bw="9" slack="0"/>
<pin id="149" dir="1" index="3" bw="8" slack="0"/>
</pin_list>
<bind>
<opcode="getelementptr(29) " fcode="getelementptr"/>
<opset="p3_out_addr/9 "/>
</bind>
</comp>

<comp id="152" class="1004" name="grp_access_fu_152">
<pin_list>
<pin id="153" dir="0" index="0" bw="8" slack="0"/>
<pin id="154" dir="0" index="1" bw="32" slack="2147483647"/>
<pin id="155" dir="0" index="2" bw="0" slack="2147483647"/>
<pin id="156" dir="1" index="3" bw="32" slack="0"/>
</pin_list>
<bind>
<opcode="load(27) " fcode="load"/>
<opset="p3_out_load/9 "/>
</bind>
</comp>

<comp id="158" class="1004" name="store_ln90_access_fu_158">
<pin_list>
<pin id="159" dir="0" index="0" bw="6" slack="2147483647"/>
<pin id="160" dir="0" index="1" bw="32" slack="2147483647"/>
<pin id="161" dir="0" index="2" bw="0" slack="19"/>
<pin id="163" dir="0" index="4" bw="6" slack="0"/>
<pin id="164" dir="0" index="5" bw="32" slack="2147483647"/>
<pin id="165" dir="0" index="6" bw="0" slack="2147483647"/>
<pin id="162" dir="1" index="3" bw="32" slack="2147483647"/>
<pin id="166" dir="1" index="7" bw="32" slack="2147483647"/>
</pin_list>
<bind>
<opcode="store(28) " fcode="store"/>
<opset="store_ln90/20 "/>
</bind>
</comp>

<comp id="167" class="1004" name="grp_fu_167">
<pin_list>
<pin id="168" dir="0" index="0" bw="32" slack="0"/>
<pin id="169" dir="0" index="1" bw="32" slack="1"/>
<pin id="170" dir="1" index="2" bw="32" slack="0"/>
</pin_list>
<bind>
<opcode="fadd(9) " fcode="fadd"/>
<opset="acc_2/14 "/>
</bind>
</comp>

<comp id="171" class="1004" name="grp_fu_171">
<pin_list>
<pin id="172" dir="0" index="0" bw="32" slack="0"/>
<pin id="173" dir="0" index="1" bw="32" slack="0"/>
<pin id="174" dir="1" index="2" bw="32" slack="1"/>
</pin_list>
<bind>
<opcode="fmul(13) " fcode="fmul"/>
<opset="mul9/10 "/>
</bind>
</comp>

<comp id="176" class="1004" name="grp_fu_176">
<pin_list>
<pin id="177" dir="0" index="0" bw="32" slack="1"/>
<pin id="178" dir="0" index="1" bw="32" slack="0"/>
<pin id="179" dir="1" index="2" bw="1" slack="0"/>
</pin_list>
<bind>
<opcode="fcmp(46) " fcode="fcmp"/>
<opset="tmp_s/19 "/>
</bind>
</comp>

<comp id="181" class="1004" name="zext_ln83_cast_fu_181">
<pin_list>
<pin id="182" dir="0" index="0" bw="6" slack="0"/>
<pin id="183" dir="1" index="1" bw="64" slack="0"/>
</pin_list>
<bind>
<opcode="zext(34) " fcode="zext"/>
<opset="zext_ln83_cast/1 "/>
</bind>
</comp>

<comp id="186" class="1004" name="store_ln0_store_fu_186">
<pin_list>
<pin id="187" dir="0" index="0" bw="1" slack="0"/>
<pin id="188" dir="0" index="1" bw="9" slack="0"/>
<pin id="189" dir="1" index="2" bw="0" slack="2147483647"/>
</pin_list>
<bind>
<opcode="store(28) " fcode="store"/>
<opset="store_ln0/1 "/>
</bind>
</comp>

<comp id="191" class="1004" name="store_ln0_store_fu_191">
<pin_list>
<pin id="192" dir="0" index="0" bw="32" slack="0"/>
<pin id="193" dir="0" index="1" bw="32" slack="0"/>
<pin id="194" dir="1" index="2" bw="0" slack="2147483647"/>
</pin_list>
<bind>
<opcode="store(28) " fcode="store"/>
<opset="store_ln0/1 "/>
</bind>
</comp>

<comp id="196" class="1004" name="i_1_load_fu_196">
<pin_list>
<pin id="197" dir="0" index="0" bw="9" slack="0"/>
<pin id="198" dir="1" index="1" bw="9" slack="0"/>
</pin_list>
<bind>
<opcode="load(27) " fcode="load"/>
<opset="i_1/1 "/>
</bind>
</comp>

<comp id="199" class="1004" name="icmp_ln86_fu_199">
<pin_list>
<pin id="200" dir="0" index="0" bw="9" slack="0"/>
<pin id="201" dir="0" index="1" bw="9" slack="0"/>
<pin id="202" dir="1" index="2" bw="1" slack="1"/>
</pin_list>
<bind>
<opcode="icmp(45) " fcode="icmp"/>
<opset="icmp_ln86/1 "/>
</bind>
</comp>

<comp id="205" class="1004" name="add_ln86_fu_205">
<pin_list>
<pin id="206" dir="0" index="0" bw="9" slack="0"/>
<pin id="207" dir="0" index="1" bw="1" slack="0"/>
<pin id="208" dir="1" index="2" bw="9" slack="0"/>
</pin_list>
<bind>
<opcode="add(8) " fcode="add"/>
<opset="add_ln86/1 "/>
</bind>
</comp>

<comp id="211" class="1004" name="trunc_ln87_fu_211">
<pin_list>
<pin id="212" dir="0" index="0" bw="9" slack="0"/>
<pin id="213" dir="1" index="1" bw="8" slack="0"/>
</pin_list>
<bind>
<opcode="trunc(33) " fcode="trunc"/>
<opset="trunc_ln87/1 "/>
</bind>
</comp>

<comp id="215" class="1004" name="shl_ln_fu_215">
<pin_list>
<pin id="216" dir="0" index="0" bw="16" slack="0"/>
<pin id="217" dir="0" index="1" bw="8" slack="0"/>
<pin id="218" dir="0" index="2" bw="6" slack="0"/>
<pin id="219" dir="0" index="3" bw="1" slack="0"/>
<pin id="220" dir="1" index="4" bw="16" slack="0"/>
</pin_list>
<bind>
<opcode="bitconcatenate(1004) " fcode="bitconcatenate"/>
<opset="shl_ln/1 "/>
</bind>
</comp>

<comp id="225" class="1004" name="zext_ln87_fu_225">
<pin_list>
<pin id="226" dir="0" index="0" bw="16" slack="0"/>
<pin id="227" dir="1" index="1" bw="64" slack="0"/>
</pin_list>
<bind>
<opcode="zext(34) " fcode="zext"/>
<opset="zext_ln87/1 "/>
</bind>
</comp>

<comp id="229" class="1004" name="add_ln87_fu_229">
<pin_list>
<pin id="230" dir="0" index="0" bw="16" slack="0"/>
<pin id="231" dir="0" index="1" bw="64" slack="0"/>
<pin id="232" dir="1" index="2" bw="64" slack="0"/>
</pin_list>
<bind>
<opcode="add(8) " fcode="add"/>
<opset="add_ln87/1 "/>
</bind>
</comp>

<comp id="235" class="1004" name="trunc_ln87_1_fu_235">
<pin_list>
<pin id="236" dir="0" index="0" bw="62" slack="0"/>
<pin id="237" dir="0" index="1" bw="64" slack="0"/>
<pin id="238" dir="0" index="2" bw="3" slack="0"/>
<pin id="239" dir="0" index="3" bw="7" slack="0"/>
<pin id="240" dir="1" index="4" bw="62" slack="0"/>
</pin_list>
<bind>
<opcode="partselect(1002) " fcode="partselect"/>
<opset="trunc_ln87_1/1 "/>
</bind>
</comp>

<comp id="245" class="1004" name="sext_ln87_fu_245">
<pin_list>
<pin id="246" dir="0" index="0" bw="62" slack="0"/>
<pin id="247" dir="1" index="1" bw="64" slack="0"/>
</pin_list>
<bind>
<opcode="sext(35) " fcode="sext"/>
<opset="sext_ln87/1 "/>
</bind>
</comp>

<comp id="249" class="1004" name="gmem3_addr_fu_249">
<pin_list>
<pin id="250" dir="0" index="0" bw="32" slack="0"/>
<pin id="251" dir="0" index="1" bw="62" slack="0"/>
<pin id="252" dir="1" index="2" bw="32" slack="1"/>
</pin_list>
<bind>
<opcode="getelementptr(29) " fcode="getelementptr"/>
<opset="gmem3_addr/1 "/>
</bind>
</comp>

<comp id="255" class="1004" name="ifzero_fu_255">
<pin_list>
<pin id="256" dir="0" index="0" bw="9" slack="0"/>
<pin id="257" dir="0" index="1" bw="9" slack="0"/>
<pin id="258" dir="1" index="2" bw="1" slack="18"/>
</pin_list>
<bind>
<opcode="icmp(45) " fcode="icmp"/>
<opset="ifzero/1 "/>
</bind>
</comp>

<comp id="261" class="1004" name="store_ln86_store_fu_261">
<pin_list>
<pin id="262" dir="0" index="0" bw="9" slack="0"/>
<pin id="263" dir="0" index="1" bw="9" slack="0"/>
<pin id="264" dir="1" index="2" bw="0" slack="2147483647"/>
</pin_list>
<bind>
<opcode="store(28) " fcode="store"/>
<opset="store_ln86/1 "/>
</bind>
</comp>

<comp id="266" class="1004" name="i_cast_fu_266">
<pin_list>
<pin id="267" dir="0" index="0" bw="9" slack="8"/>
<pin id="268" dir="1" index="1" bw="64" slack="0"/>
</pin_list>
<bind>
<opcode="zext(34) " fcode="zext"/>
<opset="i_cast/9 "/>
</bind>
</comp>

<comp id="270" class="1004" name="bitcast_ln87_fu_270">
<pin_list>
<pin id="271" dir="0" index="0" bw="32" slack="1"/>
<pin id="272" dir="1" index="1" bw="32" slack="0"/>
</pin_list>
<bind>
<opcode="bitcast(44) " fcode="bitcast"/>
<opset="bitcast_ln87/10 "/>
</bind>
</comp>

<comp id="274" class="1004" name="acc_1_load_load_fu_274">
<pin_list>
<pin id="275" dir="0" index="0" bw="32" slack="13"/>
<pin id="276" dir="1" index="1" bw="32" slack="0"/>
</pin_list>
<bind>
<opcode="load(27) " fcode="load"/>
<opset="acc_1_load/14 "/>
</bind>
</comp>

<comp id="278" class="1004" name="store_ln87_store_fu_278">
<pin_list>
<pin id="279" dir="0" index="0" bw="32" slack="0"/>
<pin id="280" dir="0" index="1" bw="32" slack="17"/>
<pin id="281" dir="1" index="2" bw="0" slack="2147483647"/>
</pin_list>
<bind>
<opcode="store(28) " fcode="store"/>
<opset="store_ln87/18 "/>
</bind>
</comp>

<comp id="283" class="1004" name="bitcast_ln89_fu_283">
<pin_list>
<pin id="284" dir="0" index="0" bw="32" slack="2"/>
<pin id="285" dir="1" index="1" bw="32" slack="0"/>
</pin_list>
<bind>
<opcode="bitcast(44) " fcode="bitcast"/>
<opset="bitcast_ln89/20 "/>
</bind>
</comp>

<comp id="286" class="1004" name="tmp_fu_286">
<pin_list>
<pin id="287" dir="0" index="0" bw="8" slack="0"/>
<pin id="288" dir="0" index="1" bw="32" slack="0"/>
<pin id="289" dir="0" index="2" bw="6" slack="0"/>
<pin id="290" dir="0" index="3" bw="6" slack="0"/>
<pin id="291" dir="1" index="4" bw="8" slack="0"/>
</pin_list>
<bind>
<opcode="partselect(1002) " fcode="partselect"/>
<opset="tmp/20 "/>
</bind>
</comp>

<comp id="296" class="1004" name="trunc_ln89_fu_296">
<pin_list>
<pin id="297" dir="0" index="0" bw="32" slack="0"/>
<pin id="298" dir="1" index="1" bw="23" slack="0"/>
</pin_list>
<bind>
<opcode="trunc(33) " fcode="trunc"/>
<opset="trunc_ln89/20 "/>
</bind>
</comp>

<comp id="300" class="1004" name="icmp_ln89_fu_300">
<pin_list>
<pin id="301" dir="0" index="0" bw="8" slack="0"/>
<pin id="302" dir="0" index="1" bw="1" slack="0"/>
<pin id="303" dir="1" index="2" bw="1" slack="0"/>
</pin_list>
<bind>
<opcode="icmp(45) " fcode="icmp"/>
<opset="icmp_ln89/20 "/>
</bind>
</comp>

<comp id="306" class="1004" name="icmp_ln89_1_fu_306">
<pin_list>
<pin id="307" dir="0" index="0" bw="23" slack="0"/>
<pin id="308" dir="0" index="1" bw="1" slack="0"/>
<pin id="309" dir="1" index="2" bw="1" slack="0"/>
</pin_list>
<bind>
<opcode="icmp(45) " fcode="icmp"/>
<opset="icmp_ln89_1/20 "/>
</bind>
</comp>

<comp id="312" class="1004" name="or_ln89_fu_312">
<pin_list>
<pin id="313" dir="0" index="0" bw="1" slack="0"/>
<pin id="314" dir="0" index="1" bw="1" slack="0"/>
<pin id="315" dir="1" index="2" bw="1" slack="0"/>
</pin_list>
<bind>
<opcode="or(24) " fcode="or"/>
<opset="or_ln89/20 "/>
</bind>
</comp>

<comp id="318" class="1004" name="and_ln89_fu_318">
<pin_list>
<pin id="319" dir="0" index="0" bw="1" slack="0"/>
<pin id="320" dir="0" index="1" bw="1" slack="0"/>
<pin id="321" dir="1" index="2" bw="1" slack="0"/>
</pin_list>
<bind>
<opcode="and(23) " fcode="and"/>
<opset="and_ln89/20 "/>
</bind>
</comp>

<comp id="324" class="1004" name="acc_3_fu_324">
<pin_list>
<pin id="325" dir="0" index="0" bw="1" slack="0"/>
<pin id="326" dir="0" index="1" bw="32" slack="0"/>
<pin id="327" dir="0" index="2" bw="32" slack="2"/>
<pin id="328" dir="1" index="3" bw="32" slack="0"/>
</pin_list>
<bind>
<opcode="select(49) " fcode="select"/>
<opset="acc_3/20 "/>
</bind>
</comp>

<comp id="332" class="1005" name="acc_1_reg_332">
<pin_list>
<pin id="333" dir="0" index="0" bw="32" slack="0"/>
<pin id="334" dir="1" index="1" bw="32" slack="0"/>
</pin_list>
<bind>
<opset="acc_1 "/>
</bind>
</comp>

<comp id="339" class="1005" name="i_reg_339">
<pin_list>
<pin id="340" dir="0" index="0" bw="9" slack="0"/>
<pin id="341" dir="1" index="1" bw="9" slack="0"/>
</pin_list>
<bind>
<opset="i "/>
</bind>
</comp>

<comp id="346" class="1005" name="i_1_reg_346">
<pin_list>
<pin id="347" dir="0" index="0" bw="9" slack="8"/>
<pin id="348" dir="1" index="1" bw="9" slack="8"/>
</pin_list>
<bind>
<opset="i_1 "/>
</bind>
</comp>

<comp id="351" class="1005" name="fc1_out_addr_reg_351">
<pin_list>
<pin id="352" dir="0" index="0" bw="6" slack="19"/>
<pin id="353" dir="1" index="1" bw="6" slack="19"/>
</pin_list>
<bind>
<opset="fc1_out_addr "/>
</bind>
</comp>

<comp id="356" class="1005" name="icmp_ln86_reg_356">
<pin_list>
<pin id="357" dir="0" index="0" bw="1" slack="1"/>
<pin id="358" dir="1" index="1" bw="1" slack="2147483647"/>
</pin_list>
<bind>
<opset="icmp_ln86 "/>
</bind>
</comp>

<comp id="360" class="1005" name="gmem3_addr_reg_360">
<pin_list>
<pin id="361" dir="0" index="0" bw="32" slack="1"/>
<pin id="362" dir="1" index="1" bw="32" slack="1"/>
</pin_list>
<bind>
<opset="gmem3_addr "/>
</bind>
</comp>

<comp id="366" class="1005" name="ifzero_reg_366">
<pin_list>
<pin id="367" dir="0" index="0" bw="1" slack="18"/>
<pin id="368" dir="1" index="1" bw="1" slack="2147483647"/>
</pin_list>
<bind>
<opset="ifzero "/>
</bind>
</comp>

<comp id="370" class="1005" name="p3_out_addr_reg_370">
<pin_list>
<pin id="371" dir="0" index="0" bw="8" slack="1"/>
<pin id="372" dir="1" index="1" bw="8" slack="1"/>
</pin_list>
<bind>
<opset="p3_out_addr "/>
</bind>
</comp>

<comp id="375" class="1005" name="gmem3_addr_read_reg_375">
<pin_list>
<pin id="376" dir="0" index="0" bw="32" slack="1"/>
<pin id="377" dir="1" index="1" bw="32" slack="1"/>
</pin_list>
<bind>
<opset="gmem3_addr_read "/>
</bind>
</comp>

<comp id="380" class="1005" name="p3_out_load_reg_380">
<pin_list>
<pin id="381" dir="0" index="0" bw="32" slack="1"/>
<pin id="382" dir="1" index="1" bw="32" slack="1"/>
</pin_list>
<bind>
<opset="p3_out_load "/>
</bind>
</comp>

<comp id="385" class="1005" name="bitcast_ln87_reg_385">
<pin_list>
<pin id="386" dir="0" index="0" bw="32" slack="1"/>
<pin id="387" dir="1" index="1" bw="32" slack="1"/>
</pin_list>
<bind>
<opset="bitcast_ln87 "/>
</bind>
</comp>

<comp id="390" class="1005" name="mul9_reg_390">
<pin_list>
<pin id="391" dir="0" index="0" bw="32" slack="1"/>
<pin id="392" dir="1" index="1" bw="32" slack="1"/>
</pin_list>
<bind>
<opset="mul9 "/>
</bind>
</comp>

<comp id="395" class="1005" name="acc_1_load_reg_395">
<pin_list>
<pin id="396" dir="0" index="0" bw="32" slack="1"/>
<pin id="397" dir="1" index="1" bw="32" slack="1"/>
</pin_list>
<bind>
<opset="acc_1_load "/>
</bind>
</comp>

<comp id="400" class="1005" name="acc_2_reg_400">
<pin_list>
<pin id="401" dir="0" index="0" bw="32" slack="1"/>
<pin id="402" dir="1" index="1" bw="32" slack="1"/>
</pin_list>
<bind>
<opset="acc_2 "/>
</bind>
</comp>

</comp_list>

<net_list>
<net id="97"><net_src comp="14" pin="0"/><net_sink comp="94" pin=0"/></net>

<net id="101"><net_src comp="14" pin="0"/><net_sink comp="98" pin=0"/></net>

<net id="106"><net_src comp="16" pin="0"/><net_sink comp="102" pin=0"/></net>

<net id="107"><net_src comp="6" pin="0"/><net_sink comp="102" pin=1"/></net>

<net id="112"><net_src comp="18" pin="0"/><net_sink comp="108" pin=0"/></net>

<net id="113"><net_src comp="4" pin="0"/><net_sink comp="108" pin=1"/></net>

<net id="118"><net_src comp="18" pin="0"/><net_sink comp="114" pin=0"/></net>

<net id="119"><net_src comp="2" pin="0"/><net_sink comp="114" pin=1"/></net>

<net id="124"><net_src comp="20" pin="0"/><net_sink comp="120" pin=0"/></net>

<net id="125"><net_src comp="0" pin="0"/><net_sink comp="120" pin=1"/></net>

<net id="131"><net_src comp="74" pin="0"/><net_sink comp="126" pin=0"/></net>

<net id="132"><net_src comp="14" pin="0"/><net_sink comp="126" pin=2"/></net>

<net id="137"><net_src comp="76" pin="0"/><net_sink comp="133" pin=0"/></net>

<net id="143"><net_src comp="12" pin="0"/><net_sink comp="138" pin=0"/></net>

<net id="144"><net_src comp="50" pin="0"/><net_sink comp="138" pin=1"/></net>

<net id="150"><net_src comp="10" pin="0"/><net_sink comp="145" pin=0"/></net>

<net id="151"><net_src comp="50" pin="0"/><net_sink comp="145" pin=1"/></net>

<net id="157"><net_src comp="145" pin="3"/><net_sink comp="152" pin=0"/></net>

<net id="175"><net_src comp="152" pin="3"/><net_sink comp="171" pin=0"/></net>

<net id="180"><net_src comp="82" pin="0"/><net_sink comp="176" pin=1"/></net>

<net id="184"><net_src comp="114" pin="2"/><net_sink comp="181" pin=0"/></net>

<net id="185"><net_src comp="181" pin="1"/><net_sink comp="138" pin=2"/></net>

<net id="190"><net_src comp="48" pin="0"/><net_sink comp="186" pin=0"/></net>

<net id="195"><net_src comp="120" pin="2"/><net_sink comp="191" pin=0"/></net>

<net id="203"><net_src comp="196" pin="1"/><net_sink comp="199" pin=0"/></net>

<net id="204"><net_src comp="56" pin="0"/><net_sink comp="199" pin=1"/></net>

<net id="209"><net_src comp="196" pin="1"/><net_sink comp="205" pin=0"/></net>

<net id="210"><net_src comp="62" pin="0"/><net_sink comp="205" pin=1"/></net>

<net id="214"><net_src comp="196" pin="1"/><net_sink comp="211" pin=0"/></net>

<net id="221"><net_src comp="64" pin="0"/><net_sink comp="215" pin=0"/></net>

<net id="222"><net_src comp="211" pin="1"/><net_sink comp="215" pin=1"/></net>

<net id="223"><net_src comp="108" pin="2"/><net_sink comp="215" pin=2"/></net>

<net id="224"><net_src comp="66" pin="0"/><net_sink comp="215" pin=3"/></net>

<net id="228"><net_src comp="215" pin="4"/><net_sink comp="225" pin=0"/></net>

<net id="233"><net_src comp="225" pin="1"/><net_sink comp="229" pin=0"/></net>

<net id="234"><net_src comp="102" pin="2"/><net_sink comp="229" pin=1"/></net>

<net id="241"><net_src comp="68" pin="0"/><net_sink comp="235" pin=0"/></net>

<net id="242"><net_src comp="229" pin="2"/><net_sink comp="235" pin=1"/></net>

<net id="243"><net_src comp="70" pin="0"/><net_sink comp="235" pin=2"/></net>

<net id="244"><net_src comp="72" pin="0"/><net_sink comp="235" pin=3"/></net>

<net id="248"><net_src comp="235" pin="4"/><net_sink comp="245" pin=0"/></net>

<net id="253"><net_src comp="8" pin="0"/><net_sink comp="249" pin=0"/></net>

<net id="254"><net_src comp="245" pin="1"/><net_sink comp="249" pin=1"/></net>

<net id="259"><net_src comp="205" pin="2"/><net_sink comp="255" pin=0"/></net>

<net id="260"><net_src comp="56" pin="0"/><net_sink comp="255" pin=1"/></net>

<net id="265"><net_src comp="205" pin="2"/><net_sink comp="261" pin=0"/></net>

<net id="269"><net_src comp="266" pin="1"/><net_sink comp="145" pin=2"/></net>

<net id="273"><net_src comp="270" pin="1"/><net_sink comp="171" pin=1"/></net>

<net id="277"><net_src comp="274" pin="1"/><net_sink comp="167" pin=0"/></net>

<net id="282"><net_src comp="167" pin="2"/><net_sink comp="278" pin=0"/></net>

<net id="292"><net_src comp="84" pin="0"/><net_sink comp="286" pin=0"/></net>

<net id="293"><net_src comp="283" pin="1"/><net_sink comp="286" pin=1"/></net>

<net id="294"><net_src comp="86" pin="0"/><net_sink comp="286" pin=2"/></net>

<net id="295"><net_src comp="88" pin="0"/><net_sink comp="286" pin=3"/></net>

<net id="299"><net_src comp="283" pin="1"/><net_sink comp="296" pin=0"/></net>

<net id="304"><net_src comp="286" pin="4"/><net_sink comp="300" pin=0"/></net>

<net id="305"><net_src comp="90" pin="0"/><net_sink comp="300" pin=1"/></net>

<net id="310"><net_src comp="296" pin="1"/><net_sink comp="306" pin=0"/></net>

<net id="311"><net_src comp="92" pin="0"/><net_sink comp="306" pin=1"/></net>

<net id="316"><net_src comp="306" pin="2"/><net_sink comp="312" pin=0"/></net>

<net id="317"><net_src comp="300" pin="2"/><net_sink comp="312" pin=1"/></net>

<net id="322"><net_src comp="312" pin="2"/><net_sink comp="318" pin=0"/></net>

<net id="323"><net_src comp="176" pin="2"/><net_sink comp="318" pin=1"/></net>

<net id="329"><net_src comp="318" pin="2"/><net_sink comp="324" pin=0"/></net>

<net id="330"><net_src comp="82" pin="0"/><net_sink comp="324" pin=1"/></net>

<net id="331"><net_src comp="324" pin="3"/><net_sink comp="158" pin=4"/></net>

<net id="335"><net_src comp="94" pin="1"/><net_sink comp="332" pin=0"/></net>

<net id="336"><net_src comp="332" pin="1"/><net_sink comp="191" pin=1"/></net>

<net id="337"><net_src comp="332" pin="1"/><net_sink comp="274" pin=0"/></net>

<net id="338"><net_src comp="332" pin="1"/><net_sink comp="278" pin=1"/></net>

<net id="342"><net_src comp="98" pin="1"/><net_sink comp="339" pin=0"/></net>

<net id="343"><net_src comp="339" pin="1"/><net_sink comp="186" pin=1"/></net>

<net id="344"><net_src comp="339" pin="1"/><net_sink comp="196" pin=0"/></net>

<net id="345"><net_src comp="339" pin="1"/><net_sink comp="261" pin=1"/></net>

<net id="349"><net_src comp="196" pin="1"/><net_sink comp="346" pin=0"/></net>

<net id="350"><net_src comp="346" pin="1"/><net_sink comp="266" pin=0"/></net>

<net id="354"><net_src comp="138" pin="3"/><net_sink comp="351" pin=0"/></net>

<net id="355"><net_src comp="351" pin="1"/><net_sink comp="158" pin=2"/></net>

<net id="359"><net_src comp="199" pin="2"/><net_sink comp="356" pin=0"/></net>

<net id="363"><net_src comp="249" pin="2"/><net_sink comp="360" pin=0"/></net>

<net id="364"><net_src comp="360" pin="1"/><net_sink comp="126" pin=1"/></net>

<net id="365"><net_src comp="360" pin="1"/><net_sink comp="133" pin=1"/></net>

<net id="369"><net_src comp="255" pin="2"/><net_sink comp="366" pin=0"/></net>

<net id="373"><net_src comp="145" pin="3"/><net_sink comp="370" pin=0"/></net>

<net id="374"><net_src comp="370" pin="1"/><net_sink comp="152" pin=0"/></net>

<net id="378"><net_src comp="133" pin="2"/><net_sink comp="375" pin=0"/></net>

<net id="379"><net_src comp="375" pin="1"/><net_sink comp="270" pin=0"/></net>

<net id="383"><net_src comp="152" pin="3"/><net_sink comp="380" pin=0"/></net>

<net id="384"><net_src comp="380" pin="1"/><net_sink comp="171" pin=0"/></net>

<net id="388"><net_src comp="270" pin="1"/><net_sink comp="385" pin=0"/></net>

<net id="389"><net_src comp="385" pin="1"/><net_sink comp="171" pin=1"/></net>

<net id="393"><net_src comp="171" pin="2"/><net_sink comp="390" pin=0"/></net>

<net id="394"><net_src comp="390" pin="1"/><net_sink comp="167" pin=1"/></net>

<net id="398"><net_src comp="274" pin="1"/><net_sink comp="395" pin=0"/></net>

<net id="399"><net_src comp="395" pin="1"/><net_sink comp="167" pin=0"/></net>

<net id="403"><net_src comp="167" pin="2"/><net_sink comp="400" pin=0"/></net>

<net id="404"><net_src comp="400" pin="1"/><net_sink comp="176" pin=0"/></net>

<net id="405"><net_src comp="400" pin="1"/><net_sink comp="283" pin=0"/></net>

<net id="406"><net_src comp="400" pin="1"/><net_sink comp="324" pin=2"/></net>

</net_list>

</model> 
---------------- Datapath Model END ------------------

* FSMD analyzer results:
  - Output states:
	Port: fc1_out | {20 }
 - Input state : 
	Port: linear_Pipeline_VITIS_LOOP_86_2 : acc | {1 }
	Port: linear_Pipeline_VITIS_LOOP_86_2 : zext_ln83 | {1 }
	Port: linear_Pipeline_VITIS_LOOP_86_2 : trunc_ln87_s | {1 }
	Port: linear_Pipeline_VITIS_LOOP_86_2 : W | {1 }
	Port: linear_Pipeline_VITIS_LOOP_86_2 : gmem3 | {2 3 4 5 6 7 8 9 }
	Port: linear_Pipeline_VITIS_LOOP_86_2 : p3_out | {9 10 }
  - Chain level:
	State 1
		store_ln0 : 1
		i_1 : 1
		fc1_out_addr : 1
		icmp_ln86 : 2
		add_ln86 : 2
		br_ln86 : 3
		trunc_ln87 : 2
		shl_ln : 3
		zext_ln87 : 4
		add_ln87 : 5
		trunc_ln87_1 : 6
		sext_ln87 : 7
		gmem3_addr : 8
		ifzero : 3
		br_ln86 : 4
		store_ln86 : 3
	State 2
	State 3
	State 4
	State 5
	State 6
	State 7
	State 8
	State 9
		p3_out_addr : 1
		p3_out_load : 2
	State 10
		mul9 : 1
	State 11
	State 12
	State 13
	State 14
		acc_2 : 1
	State 15
	State 16
	State 17
	State 18
		store_ln87 : 1
	State 19
	State 20
		tmp : 1
		trunc_ln89 : 1
		icmp_ln89 : 2
		icmp_ln89_1 : 2
		or_ln89 : 3
		and_ln89 : 3
		acc_3 : 3
		store_ln90 : 4


============================================================
+ Verbose Summary: Datapath Resource usage 
============================================================

* Functional unit list:
|----------|-----------------------------|---------|---------|---------|
| Operation|       Functional Unit       |   DSP   |    FF   |   LUT   |
|----------|-----------------------------|---------|---------|---------|
|   fadd   |          grp_fu_167         |    2    |   205   |   206   |
|----------|-----------------------------|---------|---------|---------|
|   fmul   |          grp_fu_171         |    3    |   143   |   140   |
|----------|-----------------------------|---------|---------|---------|
|    add   |       add_ln86_fu_205       |    0    |    0    |    16   |
|          |       add_ln87_fu_229       |    0    |    0    |    71   |
|----------|-----------------------------|---------|---------|---------|
|          |       icmp_ln86_fu_199      |    0    |    0    |    11   |
|   icmp   |        ifzero_fu_255        |    0    |    0    |    11   |
|          |       icmp_ln89_fu_300      |    0    |    0    |    11   |
|          |      icmp_ln89_1_fu_306     |    0    |    0    |    16   |
|----------|-----------------------------|---------|---------|---------|
|  select  |         acc_3_fu_324        |    0    |    0    |    32   |
|----------|-----------------------------|---------|---------|---------|
|    or    |        or_ln89_fu_312       |    0    |    0    |    2    |
|----------|-----------------------------|---------|---------|---------|
|    and   |       and_ln89_fu_318       |    0    |    0    |    2    |
|----------|-----------------------------|---------|---------|---------|
|          |      W_read_read_fu_102     |    0    |    0    |    0    |
|          | trunc_ln87_read_read_fu_108 |    0    |    0    |    0    |
|   read   |  zext_ln83_read_read_fu_114 |    0    |    0    |    0    |
|          |     acc_read_read_fu_120    |    0    |    0    |    0    |
|          | gmem3_addr_read_read_fu_133 |    0    |    0    |    0    |
|----------|-----------------------------|---------|---------|---------|
|  readreq |      grp_readreq_fu_126     |    0    |    0    |    0    |
|----------|-----------------------------|---------|---------|---------|
|   fcmp   |          grp_fu_176         |    0    |    0    |    0    |
|----------|-----------------------------|---------|---------|---------|
|          |    zext_ln83_cast_fu_181    |    0    |    0    |    0    |
|   zext   |       zext_ln87_fu_225      |    0    |    0    |    0    |
|          |        i_cast_fu_266        |    0    |    0    |    0    |
|----------|-----------------------------|---------|---------|---------|
|   trunc  |      trunc_ln87_fu_211      |    0    |    0    |    0    |
|          |      trunc_ln89_fu_296      |    0    |    0    |    0    |
|----------|-----------------------------|---------|---------|---------|
|bitconcatenate|        shl_ln_fu_215        |    0    |    0    |    0    |
|----------|-----------------------------|---------|---------|---------|
|partselect|     trunc_ln87_1_fu_235     |    0    |    0    |    0    |
|          |          tmp_fu_286         |    0    |    0    |    0    |
|----------|-----------------------------|---------|---------|---------|
|   sext   |       sext_ln87_fu_245      |    0    |    0    |    0    |
|----------|-----------------------------|---------|---------|---------|
|   Total  |                             |    5    |   348   |   518   |
|----------|-----------------------------|---------|---------|---------|

Memories:
N/A

* Register list:
+-----------------------+--------+
|                       |   FF   |
+-----------------------+--------+
|   acc_1_load_reg_395  |   32   |
|     acc_1_reg_332     |   32   |
|     acc_2_reg_400     |   32   |
|  bitcast_ln87_reg_385 |   32   |
|  fc1_out_addr_reg_351 |    6   |
|gmem3_addr_read_reg_375|   32   |
|   gmem3_addr_reg_360  |   32   |
|      i_1_reg_346      |    9   |
|       i_reg_339       |    9   |
|   icmp_ln86_reg_356   |    1   |
|     ifzero_reg_366    |    1   |
|      mul9_reg_390     |   32   |
|  p3_out_addr_reg_370  |    8   |
|  p3_out_load_reg_380  |   32   |
+-----------------------+--------+
|         Total         |   290  |
+-----------------------+--------+

* Multiplexer (MUX) list: 
|-------------------|------|------|------|--------||---------||---------|
|        Comp       |  Pin | Size |  BW  | S x BW ||  Delay  ||   LUT   |
|-------------------|------|------|------|--------||---------||---------|
| grp_access_fu_152 |  p0  |   2  |   8  |   16   ||    9    |
|     grp_fu_167    |  p0  |   2  |  32  |   64   ||    9    |
|     grp_fu_171    |  p0  |   2  |  32  |   64   ||    9    |
|     grp_fu_171    |  p1  |   2  |  32  |   64   ||    9    |
|-------------------|------|------|------|--------||---------||---------|
|       Total       |      |      |      |   208  ||  1.956  ||    36   |
|-------------------|------|------|------|--------||---------||---------|



* Summary:
+-----------+--------+--------+--------+--------+
|           |   DSP  |  Delay |   FF   |   LUT  |
+-----------+--------+--------+--------+--------+
|  Function |    5   |    -   |   348  |   518  |
|   Memory  |    -   |    -   |    -   |    -   |
|Multiplexer|    -   |    1   |    -   |   36   |
|  Register |    -   |    -   |   290  |    -   |
+-----------+--------+--------+--------+--------+
|   Total   |    5   |    1   |   638  |   554  |
+-----------+--------+--------+--------+--------+
