

================================================================
== Vitis HLS Report for 'linear_Pipeline_VITIS_LOOP_86_2'
================================================================
* Date:           Sat Sep 13 23:17:08 2025

* Version:        2022.2 (Build 3670227 on Oct 13 2022)
* Project:        CNN_GTSRB
* Solution:       solution1 (Vivado IP Flow Target)
* Product family: zynquplus
* Target device:  xczu5eg-sfvc784-1-e


================================================================
== Performance Estimates
================================================================
+ Timing: 
    * Summary: 
    +--------+----------+----------+------------+
    |  Clock |  Target  | Estimated| Uncertainty|
    +--------+----------+----------+------------+
    |ap_clk  |  10.00 ns|  7.300 ns|     2.70 ns|
    +--------+----------+----------+------------+

+ Latency: 
    * Summary: 
    +---------+---------+-----------+-----------+------+------+---------+
    |  Latency (cycles) |   Latency (absolute)  |   Interval  | Pipeline|
    |   min   |   max   |    min    |    max    |  min |  max |   Type  |
    +---------+---------+-----------+-----------+------+------+---------+
    |     1041|     1041|  10.410 us|  10.410 us|  1041|  1041|       no|
    +---------+---------+-----------+-----------+------+------+---------+

    + Detail: 
        * Instance: 
        N/A

        * Loop: 
        +-------------------+---------+---------+----------+-----------+-----------+------+----------+
        |                   |  Latency (cycles) | Iteration|  Initiation Interval  | Trip |          |
        |     Loop Name     |   min   |   max   |  Latency |  achieved |   target  | Count| Pipelined|
        +-------------------+---------+---------+----------+-----------+-----------+------+----------+
        |- VITIS_LOOP_86_2  |     1039|     1039|        20|          4|          1|   256|       yes|
        +-------------------+---------+---------+----------+-----------+-----------+------+----------+

============================================================
+ Verbose Summary: Synthesis Manager
============================================================
InlineROM: 1
ExposeGlobal: 0
============================================================
+ Verbose Summary: CDFG Model
============================================================
IsTopModel: 0
ResetActiveHigh: 1
IsCombinational: 0
IsDatapathOnly: 0
HasWiredReturn: 1
HasMFsm: 2
HasVarLatency: 1
IsPipeline: 0
IsRtlPipelined: 0
IsInstanceOverlapped: 0
IsDontTouch: 0
HasImplIP: 0
IsGatedGlobalClock: 0

+ Individual pipeline summary: 
  * Pipeline-0: initiation interval (II) = 4, depth = 20


============================================================
+ Verbose Summary: Schedule
============================================================
* Number of FSM states : 20
* Pipeline : 1
  Pipeline-0 : II = 4, D = 20, States = { 1 2 3 4 5 6 7 8 9 10 11 12 13 14 15 16 17 18 19 20 }
* Dataflow Pipeline: 0

* FSM state transitions: 
1 --> 2 
2 --> 3 
3 --> 4 
4 --> 5 
5 --> 6 
6 --> 7 
7 --> 8 
8 --> 9 
9 --> 10 
10 --> 11 
11 --> 12 
12 --> 13 
13 --> 14 
14 --> 15 
15 --> 16 
16 --> 17 
17 --> 18 
18 --> 19 
19 --> 20 
20 --> 

* FSM state operations: 

State 1 <SV = 0> <Delay = 1.77>
ST_1 : Operation 23 [1/1] (0.00ns)   --->   "%acc_1 = alloca i32 1"   --->   Operation 23 'alloca' 'acc_1' <Predicate = true> <Delay = 0.00>
ST_1 : Operation 24 [1/1] (0.00ns)   --->   "%i = alloca i32 1"   --->   Operation 24 'alloca' 'i' <Predicate = true> <Delay = 0.00>
ST_1 : Operation 25 [1/1] (0.00ns)   --->   "%W_read = read i64 @_ssdm_op_Read.ap_auto.i64, i64 %W"   --->   Operation 25 'read' 'W_read' <Predicate = true> <Delay = 0.00>
ST_1 : Operation 26 [1/1] (0.00ns)   --->   "%trunc_ln87_read = read i6 @_ssdm_op_Read.ap_auto.i6, i6 %trunc_ln87_s"   --->   Operation 26 'read' 'trunc_ln87_read' <Predicate = true> <Delay = 0.00>
ST_1 : Operation 27 [1/1] (0.00ns)   --->   "%zext_ln83_read = read i6 @_ssdm_op_Read.ap_auto.i6, i6 %zext_ln83"   --->   Operation 27 'read' 'zext_ln83_read' <Predicate = true> <Delay = 0.00>
ST_1 : Operation 28 [1/1] (0.00ns)   --->   "%acc_read = read i32 @_ssdm_op_Read.ap_auto.float, i32 %acc"   --->   Operation 28 'read' 'acc_read' <Predicate = true> <Delay = 0.00>
ST_1 : Operation 29 [1/1] (0.00ns)   --->   "%zext_ln83_cast = zext i6 %zext_ln83_read"   --->   Operation 29 'zext' 'zext_ln83_cast' <Predicate = true> <Delay = 0.00>
ST_1 : Operation 30 [1/1] (0.00ns)   --->   "%specmemcore_ln0 = specmemcore void @_ssdm_op_SpecMemCore, i32 %fc1_out, i64 666, i64 22, i64 18446744073709551615"   --->   Operation 30 'specmemcore' 'specmemcore_ln0' <Predicate = true> <Delay = 0.00>
ST_1 : Operation 31 [1/1] (0.00ns)   --->   "%specmemcore_ln0 = specmemcore void @_ssdm_op_SpecMemCore, i32 %p3_out, i64 666, i64 22, i64 18446744073709551615"   --->   Operation 31 'specmemcore' 'specmemcore_ln0' <Predicate = true> <Delay = 0.00>
ST_1 : Operation 32 [1/1] (0.00ns)   --->   "%specinterface_ln0 = specinterface void @_ssdm_op_SpecInterface, i32 %gmem3, void @empty_25, i32 0, i32 0, void @empty_27, i32 0, i32 16384, void @empty_20, void @empty_30, void @empty_27, i32 16, i32 16, i32 16, i32 16, void @empty_27, void @empty_27, i32 4294967295, i32 0"   --->   Operation 32 'specinterface' 'specinterface_ln0' <Predicate = true> <Delay = 0.00>
ST_1 : Operation 33 [1/1] (0.48ns)   --->   "%store_ln0 = store i9 0, i9 %i"   --->   Operation 33 'store' 'store_ln0' <Predicate = true> <Delay = 0.48>
ST_1 : Operation 34 [1/1] (0.48ns)   --->   "%store_ln0 = store i32 %acc_read, i32 %acc_1"   --->   Operation 34 'store' 'store_ln0' <Predicate = true> <Delay = 0.48>
ST_1 : Operation 35 [1/1] (0.00ns)   --->   "%br_ln0 = br void %for.inc"   --->   Operation 35 'br' 'br_ln0' <Predicate = true> <Delay = 0.00>
ST_1 : Operation 36 [1/1] (0.00ns)   --->   "%i_1 = load i9 %i" [src/gtsrb_cnn.cpp:87]   --->   Operation 36 'load' 'i_1' <Predicate = true> <Delay = 0.00>
ST_1 : Operation 37 [1/1] (0.00ns)   --->   "%fc1_out_addr = getelementptr i32 %fc1_out, i64 0, i64 %zext_ln83_cast" [src/gtsrb_cnn.cpp:90]   --->   Operation 37 'getelementptr' 'fc1_out_addr' <Predicate = true> <Delay = 0.00>
ST_1 : Operation 38 [1/1] (0.00ns)   --->   "%specpipeline_ln0 = specpipeline void @_ssdm_op_SpecPipeline, i32 4294967295, i32 0, i32 1, i32 0, void @p_str"   --->   Operation 38 'specpipeline' 'specpipeline_ln0' <Predicate = true> <Delay = 0.00>
ST_1 : Operation 39 [1/1] (0.85ns)   --->   "%icmp_ln86 = icmp_eq  i9 %i_1, i9 256" [src/gtsrb_cnn.cpp:86]   --->   Operation 39 'icmp' 'icmp_ln86' <Predicate = true> <Delay = 0.85> <CoreInst = "Cmp">   --->   Core 9 'Cmp' <Latency = 0> <II = 1> <Delay = 0.85> <FuncUnit> <Opcode : 'icmp'> <InPorts = 2> <OutPorts = 1>
ST_1 : Operation 40 [1/1] (0.00ns)   --->   "%empty = speclooptripcount i32 @_ssdm_op_SpecLoopTripCount, i64 256, i64 256, i64 256"   --->   Operation 40 'speclooptripcount' 'empty' <Predicate = true> <Delay = 0.00>
ST_1 : Operation 41 [1/1] (0.92ns)   --->   "%add_ln86 = add i9 %i_1, i9 1" [src/gtsrb_cnn.cpp:86]   --->   Operation 41 'add' 'add_ln86' <Predicate = true> <Delay = 0.92> <CoreInst = "Adder">   --->   Core 1 'Adder' <Latency = 0> <II = 1> <Delay = 0.92> <FuncUnit> <Opcode : 'add' 'sub'> <InPorts = 2> <OutPorts = 1>
ST_1 : Operation 42 [1/1] (0.00ns)   --->   "%br_ln86 = br i1 %icmp_ln86, void %for.inc.split, void %for.end.exitStub" [src/gtsrb_cnn.cpp:86]   --->   Operation 42 'br' 'br_ln86' <Predicate = true> <Delay = 0.00>
ST_1 : Operation 43 [1/1] (0.00ns)   --->   "%trunc_ln87 = trunc i9 %i_1" [src/gtsrb_cnn.cpp:87]   --->   Operation 43 'trunc' 'trunc_ln87' <Predicate = (!icmp_ln86)> <Delay = 0.00>
ST_1 : Operation 44 [1/1] (0.00ns)   --->   "%shl_ln = bitconcatenate i16 @_ssdm_op_BitConcatenate.i16.i8.i6.i2, i8 %trunc_ln87, i6 %trunc_ln87_read, i2 0" [src/gtsrb_cnn.cpp:87]   --->   Operation 44 'bitconcatenate' 'shl_ln' <Predicate = (!icmp_ln86)> <Delay = 0.00>
ST_1 : Operation 45 [1/1] (0.00ns)   --->   "%zext_ln87 = zext i16 %shl_ln" [src/gtsrb_cnn.cpp:87]   --->   Operation 45 'zext' 'zext_ln87' <Predicate = (!icmp_ln86)> <Delay = 0.00>
ST_1 : Operation 46 [1/1] (1.47ns)   --->   "%add_ln87 = add i64 %zext_ln87, i64 %W_read" [src/gtsrb_cnn.cpp:87]   --->   Operation 46 'add' 'add_ln87' <Predicate = (!icmp_ln86)> <Delay = 1.47> <CoreInst = "Adder">   --->   Core 1 'Adder' <Latency = 0> <II = 1> <Delay = 1.47> <FuncUnit> <Opcode : 'add' 'sub'> <InPorts = 2> <OutPorts = 1>
ST_1 : Operation 47 [1/1] (0.00ns)   --->   "%trunc_ln87_1 = partselect i62 @_ssdm_op_PartSelect.i62.i64.i32.i32, i64 %add_ln87, i32 2, i32 63" [src/gtsrb_cnn.cpp:87]   --->   Operation 47 'partselect' 'trunc_ln87_1' <Predicate = (!icmp_ln86)> <Delay = 0.00>
ST_1 : Operation 48 [1/1] (0.00ns)   --->   "%sext_ln87 = sext i62 %trunc_ln87_1" [src/gtsrb_cnn.cpp:87]   --->   Operation 48 'sext' 'sext_ln87' <Predicate = (!icmp_ln86)> <Delay = 0.00>
ST_1 : Operation 49 [1/1] (0.00ns)   --->   "%gmem3_addr = getelementptr i32 %gmem3, i64 %sext_ln87" [src/gtsrb_cnn.cpp:87]   --->   Operation 49 'getelementptr' 'gmem3_addr' <Predicate = (!icmp_ln86)> <Delay = 0.00>
ST_1 : Operation 50 [1/1] (0.85ns)   --->   "%ifzero = icmp_eq  i9 %add_ln86, i9 256" [src/gtsrb_cnn.cpp:86]   --->   Operation 50 'icmp' 'ifzero' <Predicate = (!icmp_ln86)> <Delay = 0.85> <CoreInst = "Cmp">   --->   Core 9 'Cmp' <Latency = 0> <II = 1> <Delay = 0.85> <FuncUnit> <Opcode : 'icmp'> <InPorts = 2> <OutPorts = 1>
ST_1 : Operation 51 [1/1] (0.00ns)   --->   "%br_ln86 = br i1 %ifzero, void %ifFalse, void %ifTrue" [src/gtsrb_cnn.cpp:86]   --->   Operation 51 'br' 'br_ln86' <Predicate = (!icmp_ln86)> <Delay = 0.00>
ST_1 : Operation 52 [1/1] (0.48ns)   --->   "%store_ln86 = store i9 %add_ln86, i9 %i" [src/gtsrb_cnn.cpp:86]   --->   Operation 52 'store' 'store_ln86' <Predicate = (!icmp_ln86)> <Delay = 0.48>

State 2 <SV = 1> <Delay = 7.30>
ST_2 : Operation 53 [7/7] (7.30ns)   --->   "%gmem3_load_1_req = readreq i1 @_ssdm_op_ReadReq.m_axi.i32P1A, i32 %gmem3_addr, i32 1" [src/gtsrb_cnn.cpp:87]   --->   Operation 53 'readreq' 'gmem3_load_1_req' <Predicate = (!icmp_ln86)> <Delay = 7.30> <CoreInst = "m_axi">   --->   Core 121 'm_axi' <Latency = 0> <II = 1> <Delay = 1.00> <Adapter> <Opcode : 'read' 'write' 'readreq' 'writereq' 'writeresp'>

State 3 <SV = 2> <Delay = 7.30>
ST_3 : Operation 54 [6/7] (7.30ns)   --->   "%gmem3_load_1_req = readreq i1 @_ssdm_op_ReadReq.m_axi.i32P1A, i32 %gmem3_addr, i32 1" [src/gtsrb_cnn.cpp:87]   --->   Operation 54 'readreq' 'gmem3_load_1_req' <Predicate = (!icmp_ln86)> <Delay = 7.30> <CoreInst = "m_axi">   --->   Core 121 'm_axi' <Latency = 0> <II = 1> <Delay = 1.00> <Adapter> <Opcode : 'read' 'write' 'readreq' 'writereq' 'writeresp'>

State 4 <SV = 3> <Delay = 7.30>
ST_4 : Operation 55 [5/7] (7.30ns)   --->   "%gmem3_load_1_req = readreq i1 @_ssdm_op_ReadReq.m_axi.i32P1A, i32 %gmem3_addr, i32 1" [src/gtsrb_cnn.cpp:87]   --->   Operation 55 'readreq' 'gmem3_load_1_req' <Predicate = (!icmp_ln86)> <Delay = 7.30> <CoreInst = "m_axi">   --->   Core 121 'm_axi' <Latency = 0> <II = 1> <Delay = 1.00> <Adapter> <Opcode : 'read' 'write' 'readreq' 'writereq' 'writeresp'>

State 5 <SV = 4> <Delay = 7.30>
ST_5 : Operation 56 [4/7] (7.30ns)   --->   "%gmem3_load_1_req = readreq i1 @_ssdm_op_ReadReq.m_axi.i32P1A, i32 %gmem3_addr, i32 1" [src/gtsrb_cnn.cpp:87]   --->   Operation 56 'readreq' 'gmem3_load_1_req' <Predicate = true> <Delay = 7.30> <CoreInst = "m_axi">   --->   Core 121 'm_axi' <Latency = 0> <II = 1> <Delay = 1.00> <Adapter> <Opcode : 'read' 'write' 'readreq' 'writereq' 'writeresp'>

State 6 <SV = 5> <Delay = 7.30>
ST_6 : Operation 57 [3/7] (7.30ns)   --->   "%gmem3_load_1_req = readreq i1 @_ssdm_op_ReadReq.m_axi.i32P1A, i32 %gmem3_addr, i32 1" [src/gtsrb_cnn.cpp:87]   --->   Operation 57 'readreq' 'gmem3_load_1_req' <Predicate = true> <Delay = 7.30> <CoreInst = "m_axi">   --->   Core 121 'm_axi' <Latency = 0> <II = 1> <Delay = 1.00> <Adapter> <Opcode : 'read' 'write' 'readreq' 'writereq' 'writeresp'>

State 7 <SV = 6> <Delay = 7.30>
ST_7 : Operation 58 [2/7] (7.30ns)   --->   "%gmem3_load_1_req = readreq i1 @_ssdm_op_ReadReq.m_axi.i32P1A, i32 %gmem3_addr, i32 1" [src/gtsrb_cnn.cpp:87]   --->   Operation 58 'readreq' 'gmem3_load_1_req' <Predicate = true> <Delay = 7.30> <CoreInst = "m_axi">   --->   Core 121 'm_axi' <Latency = 0> <II = 1> <Delay = 1.00> <Adapter> <Opcode : 'read' 'write' 'readreq' 'writereq' 'writeresp'>

State 8 <SV = 7> <Delay = 7.30>
ST_8 : Operation 59 [1/7] (7.30ns)   --->   "%gmem3_load_1_req = readreq i1 @_ssdm_op_ReadReq.m_axi.i32P1A, i32 %gmem3_addr, i32 1" [src/gtsrb_cnn.cpp:87]   --->   Operation 59 'readreq' 'gmem3_load_1_req' <Predicate = true> <Delay = 7.30> <CoreInst = "m_axi">   --->   Core 121 'm_axi' <Latency = 0> <II = 1> <Delay = 1.00> <Adapter> <Opcode : 'read' 'write' 'readreq' 'writereq' 'writeresp'>

State 9 <SV = 8> <Delay = 7.30>
ST_9 : Operation 60 [1/1] (0.00ns)   --->   "%i_cast = zext i9 %i_1" [src/gtsrb_cnn.cpp:87]   --->   Operation 60 'zext' 'i_cast' <Predicate = true> <Delay = 0.00>
ST_9 : Operation 61 [1/1] (0.00ns)   --->   "%p3_out_addr = getelementptr i32 %p3_out, i64 0, i64 %i_cast" [src/gtsrb_cnn.cpp:87]   --->   Operation 61 'getelementptr' 'p3_out_addr' <Predicate = true> <Delay = 0.00>
ST_9 : Operation 62 [2/2] (1.35ns)   --->   "%p3_out_load = load i8 %p3_out_addr" [src/gtsrb_cnn.cpp:87]   --->   Operation 62 'load' 'p3_out_load' <Predicate = true> <Delay = 1.35> <CoreInst = "RAM_2P_BRAM">   --->   Core 94 'RAM_2P_BRAM' <Latency = 1> <II = 1> <Delay = 1.35> <Storage> <Opcode : 'load' 'store'> <Ports = 2> <Width = 32> <Depth = 256> <RAM>
ST_9 : Operation 63 [1/1] (7.30ns)   --->   "%gmem3_addr_read = read i32 @_ssdm_op_Read.m_axi.i32P1A, i32 %gmem3_addr" [src/gtsrb_cnn.cpp:87]   --->   Operation 63 'read' 'gmem3_addr_read' <Predicate = true> <Delay = 7.30> <CoreInst = "m_axi">   --->   Core 121 'm_axi' <Latency = 0> <II = 1> <Delay = 1.00> <Adapter> <Opcode : 'read' 'write' 'readreq' 'writereq' 'writeresp'>

State 10 <SV = 9> <Delay = 6.02>
ST_10 : Operation 64 [1/2] (1.35ns)   --->   "%p3_out_load = load i8 %p3_out_addr" [src/gtsrb_cnn.cpp:87]   --->   Operation 64 'load' 'p3_out_load' <Predicate = true> <Delay = 1.35> <CoreInst = "RAM_2P_BRAM">   --->   Core 94 'RAM_2P_BRAM' <Latency = 1> <II = 1> <Delay = 1.35> <Storage> <Opcode : 'load' 'store'> <Ports = 2> <Width = 32> <Depth = 256> <RAM>
ST_10 : Operation 65 [1/1] (0.00ns)   --->   "%bitcast_ln87 = bitcast i32 %gmem3_addr_read" [src/gtsrb_cnn.cpp:87]   --->   Operation 65 'bitcast' 'bitcast_ln87' <Predicate = true> <Delay = 0.00>
ST_10 : Operation 66 [4/4] (4.67ns)   --->   "%mul9 = fmul i32 %p3_out_load, i32 %bitcast_ln87" [src/gtsrb_cnn.cpp:87]   --->   Operation 66 'fmul' 'mul9' <Predicate = true> <Delay = 4.67> <CoreInst = "FMul_maxdsp">   --->   Core 30 'FMul_maxdsp' <Latency = 3> <II = 1> <Delay = 4.67> <FuncUnit> <Opcode : 'fmul'> <InPorts = 2> <OutPorts = 1>

State 11 <SV = 10> <Delay = 4.67>
ST_11 : Operation 67 [3/4] (4.67ns)   --->   "%mul9 = fmul i32 %p3_out_load, i32 %bitcast_ln87" [src/gtsrb_cnn.cpp:87]   --->   Operation 67 'fmul' 'mul9' <Predicate = true> <Delay = 4.67> <CoreInst = "FMul_maxdsp">   --->   Core 30 'FMul_maxdsp' <Latency = 3> <II = 1> <Delay = 4.67> <FuncUnit> <Opcode : 'fmul'> <InPorts = 2> <OutPorts = 1>

State 12 <SV = 11> <Delay = 4.67>
ST_12 : Operation 68 [2/4] (4.67ns)   --->   "%mul9 = fmul i32 %p3_out_load, i32 %bitcast_ln87" [src/gtsrb_cnn.cpp:87]   --->   Operation 68 'fmul' 'mul9' <Predicate = true> <Delay = 4.67> <CoreInst = "FMul_maxdsp">   --->   Core 30 'FMul_maxdsp' <Latency = 3> <II = 1> <Delay = 4.67> <FuncUnit> <Opcode : 'fmul'> <InPorts = 2> <OutPorts = 1>

State 13 <SV = 12> <Delay = 4.67>
ST_13 : Operation 69 [1/4] (4.67ns)   --->   "%mul9 = fmul i32 %p3_out_load, i32 %bitcast_ln87" [src/gtsrb_cnn.cpp:87]   --->   Operation 69 'fmul' 'mul9' <Predicate = true> <Delay = 4.67> <CoreInst = "FMul_maxdsp">   --->   Core 30 'FMul_maxdsp' <Latency = 3> <II = 1> <Delay = 4.67> <FuncUnit> <Opcode : 'fmul'> <InPorts = 2> <OutPorts = 1>

State 14 <SV = 13> <Delay = 6.01>
ST_14 : Operation 70 [1/1] (0.00ns)   --->   "%acc_1_load = load i32 %acc_1" [src/gtsrb_cnn.cpp:87]   --->   Operation 70 'load' 'acc_1_load' <Predicate = true> <Delay = 0.00>
ST_14 : Operation 71 [5/5] (6.01ns)   --->   "%acc_2 = fadd i32 %acc_1_load, i32 %mul9" [src/gtsrb_cnn.cpp:87]   --->   Operation 71 'fadd' 'acc_2' <Predicate = true> <Delay = 6.01> <CoreInst = "FAddSub_fulldsp">   --->   Core 18 'FAddSub_fulldsp' <Latency = 4> <II = 1> <Delay = 6.01> <FuncUnit> <Opcode : 'fadd' 'fsub'> <InPorts = 2> <OutPorts = 1>

State 15 <SV = 14> <Delay = 6.01>
ST_15 : Operation 72 [4/5] (6.01ns)   --->   "%acc_2 = fadd i32 %acc_1_load, i32 %mul9" [src/gtsrb_cnn.cpp:87]   --->   Operation 72 'fadd' 'acc_2' <Predicate = true> <Delay = 6.01> <CoreInst = "FAddSub_fulldsp">   --->   Core 18 'FAddSub_fulldsp' <Latency = 4> <II = 1> <Delay = 6.01> <FuncUnit> <Opcode : 'fadd' 'fsub'> <InPorts = 2> <OutPorts = 1>

State 16 <SV = 15> <Delay = 6.01>
ST_16 : Operation 73 [3/5] (6.01ns)   --->   "%acc_2 = fadd i32 %acc_1_load, i32 %mul9" [src/gtsrb_cnn.cpp:87]   --->   Operation 73 'fadd' 'acc_2' <Predicate = true> <Delay = 6.01> <CoreInst = "FAddSub_fulldsp">   --->   Core 18 'FAddSub_fulldsp' <Latency = 4> <II = 1> <Delay = 6.01> <FuncUnit> <Opcode : 'fadd' 'fsub'> <InPorts = 2> <OutPorts = 1>
ST_16 : Operation 91 [1/1] (0.00ns)   --->   "%ret_ln0 = ret"   --->   Operation 91 'ret' 'ret_ln0' <Predicate = (icmp_ln86)> <Delay = 0.00>

State 17 <SV = 16> <Delay = 6.01>
ST_17 : Operation 74 [2/5] (6.01ns)   --->   "%acc_2 = fadd i32 %acc_1_load, i32 %mul9" [src/gtsrb_cnn.cpp:87]   --->   Operation 74 'fadd' 'acc_2' <Predicate = true> <Delay = 6.01> <CoreInst = "FAddSub_fulldsp">   --->   Core 18 'FAddSub_fulldsp' <Latency = 4> <II = 1> <Delay = 6.01> <FuncUnit> <Opcode : 'fadd' 'fsub'> <InPorts = 2> <OutPorts = 1>

State 18 <SV = 17> <Delay = 6.50>
ST_18 : Operation 75 [1/1] (0.00ns)   --->   "%specloopname_ln84 = specloopname void @_ssdm_op_SpecLoopName, void @empty_24" [src/gtsrb_cnn.cpp:84]   --->   Operation 75 'specloopname' 'specloopname_ln84' <Predicate = true> <Delay = 0.00>
ST_18 : Operation 76 [1/5] (6.01ns)   --->   "%acc_2 = fadd i32 %acc_1_load, i32 %mul9" [src/gtsrb_cnn.cpp:87]   --->   Operation 76 'fadd' 'acc_2' <Predicate = true> <Delay = 6.01> <CoreInst = "FAddSub_fulldsp">   --->   Core 18 'FAddSub_fulldsp' <Latency = 4> <II = 1> <Delay = 6.01> <FuncUnit> <Opcode : 'fadd' 'fsub'> <InPorts = 2> <OutPorts = 1>
ST_18 : Operation 77 [1/1] (0.48ns)   --->   "%store_ln87 = store i32 %acc_2, i32 %acc_1" [src/gtsrb_cnn.cpp:87]   --->   Operation 77 'store' 'store_ln87' <Predicate = true> <Delay = 0.48>
ST_18 : Operation 78 [1/1] (0.00ns)   --->   "%br_ln0 = br void %for.inc"   --->   Operation 78 'br' 'br_ln0' <Predicate = true> <Delay = 0.00>

State 19 <SV = 18> <Delay = 3.34>
ST_19 : Operation 79 [2/2] (3.34ns)   --->   "%tmp_s = fcmp_olt  i32 %acc_2, i32 0" [src/gtsrb_cnn.cpp:89]   --->   Operation 79 'fcmp' 'tmp_s' <Predicate = (ifzero)> <Delay = 3.34> <CoreInst = "FCompare">   --->   Core 19 'FCompare' <Latency = 1> <II = 1> <Delay = 3.34> <FuncUnit> <Opcode : 'fcmp'> <InPorts = 2> <OutPorts = 1>

State 20 <SV = 19> <Delay = 5.22>
ST_20 : Operation 80 [1/1] (0.00ns)   --->   "%bitcast_ln89 = bitcast i32 %acc_2" [src/gtsrb_cnn.cpp:89]   --->   Operation 80 'bitcast' 'bitcast_ln89' <Predicate = (ifzero)> <Delay = 0.00>
ST_20 : Operation 81 [1/1] (0.00ns)   --->   "%tmp = partselect i8 @_ssdm_op_PartSelect.i8.i32.i32.i32, i32 %bitcast_ln89, i32 23, i32 30" [src/gtsrb_cnn.cpp:89]   --->   Operation 81 'partselect' 'tmp' <Predicate = (ifzero)> <Delay = 0.00>
ST_20 : Operation 82 [1/1] (0.00ns)   --->   "%trunc_ln89 = trunc i32 %bitcast_ln89" [src/gtsrb_cnn.cpp:89]   --->   Operation 82 'trunc' 'trunc_ln89' <Predicate = (ifzero)> <Delay = 0.00>
ST_20 : Operation 83 [1/1] (0.85ns)   --->   "%icmp_ln89 = icmp_ne  i8 %tmp, i8 255" [src/gtsrb_cnn.cpp:89]   --->   Operation 83 'icmp' 'icmp_ln89' <Predicate = (ifzero)> <Delay = 0.85> <CoreInst = "Cmp">   --->   Core 9 'Cmp' <Latency = 0> <II = 1> <Delay = 0.85> <FuncUnit> <Opcode : 'icmp'> <InPorts = 2> <OutPorts = 1>
ST_20 : Operation 84 [1/1] (0.97ns)   --->   "%icmp_ln89_1 = icmp_eq  i23 %trunc_ln89, i23 0" [src/gtsrb_cnn.cpp:89]   --->   Operation 84 'icmp' 'icmp_ln89_1' <Predicate = (ifzero)> <Delay = 0.97> <CoreInst = "Cmp">   --->   Core 9 'Cmp' <Latency = 0> <II = 1> <Delay = 0.97> <FuncUnit> <Opcode : 'icmp'> <InPorts = 2> <OutPorts = 1>
ST_20 : Operation 85 [1/1] (0.00ns) (grouped into LUT with out node acc_3)   --->   "%or_ln89 = or i1 %icmp_ln89_1, i1 %icmp_ln89" [src/gtsrb_cnn.cpp:89]   --->   Operation 85 'or' 'or_ln89' <Predicate = (ifzero)> <Delay = 0.00> <CoreInst = "LogicGate">   --->   Core 74 'LogicGate' <Latency = 0> <II = 1> <Delay = 0.33> <FuncUnit> <Opcode : 'and' 'or' 'xor'> <InPorts = 2> <OutPorts = 1>
ST_20 : Operation 86 [1/2] (3.34ns)   --->   "%tmp_s = fcmp_olt  i32 %acc_2, i32 0" [src/gtsrb_cnn.cpp:89]   --->   Operation 86 'fcmp' 'tmp_s' <Predicate = (ifzero)> <Delay = 3.34> <CoreInst = "FCompare">   --->   Core 19 'FCompare' <Latency = 1> <II = 1> <Delay = 3.34> <FuncUnit> <Opcode : 'fcmp'> <InPorts = 2> <OutPorts = 1>
ST_20 : Operation 87 [1/1] (0.00ns) (grouped into LUT with out node acc_3)   --->   "%and_ln89 = and i1 %or_ln89, i1 %tmp_s" [src/gtsrb_cnn.cpp:89]   --->   Operation 87 'and' 'and_ln89' <Predicate = (ifzero)> <Delay = 0.00> <CoreInst = "LogicGate">   --->   Core 74 'LogicGate' <Latency = 0> <II = 1> <Delay = 0.33> <FuncUnit> <Opcode : 'and' 'or' 'xor'> <InPorts = 2> <OutPorts = 1>
ST_20 : Operation 88 [1/1] (0.52ns) (out node of the LUT)   --->   "%acc_3 = select i1 %and_ln89, i32 0, i32 %acc_2" [src/gtsrb_cnn.cpp:89]   --->   Operation 88 'select' 'acc_3' <Predicate = (ifzero)> <Delay = 0.52> <CoreInst = "Sel">   --->   Core 73 'Sel' <Latency = 0> <II = 1> <Delay = 0.52> <FuncUnit> <Opcode : 'select'> <InPorts = 3> <OutPorts = 1>
ST_20 : Operation 89 [1/1] (1.35ns)   --->   "%store_ln90 = store i32 %acc_3, i6 %fc1_out_addr" [src/gtsrb_cnn.cpp:90]   --->   Operation 89 'store' 'store_ln90' <Predicate = (ifzero)> <Delay = 1.35> <CoreInst = "RAM_2P_BRAM">   --->   Core 94 'RAM_2P_BRAM' <Latency = 1> <II = 1> <Delay = 1.35> <Storage> <Opcode : 'load' 'store'> <Ports = 2> <Width = 32> <Depth = 64> <RAM>
ST_20 : Operation 90 [1/1] (0.00ns)   --->   "%br_ln0 = br void %ifFalse"   --->   Operation 90 'br' 'br_ln0' <Predicate = (ifzero)> <Delay = 0.00>


============================================================
+ Verbose Summary: Timing violations
============================================================
Target clock period: 10ns, clock uncertainty: 2.7ns.

 <State 1>: 1.78ns
The critical path consists of the following:
	'alloca' operation ('i') [9]  (0 ns)
	'load' operation ('i', src/gtsrb_cnn.cpp:87) on local variable 'i' [22]  (0 ns)
	'add' operation ('add_ln86', src/gtsrb_cnn.cpp:86) [27]  (0.921 ns)
	'icmp' operation ('ifzero', src/gtsrb_cnn.cpp:86) [47]  (0.857 ns)

 <State 2>: 7.3ns
The critical path consists of the following:
	bus request operation ('gmem3_load_1_req', src/gtsrb_cnn.cpp:87) on port 'gmem3' (src/gtsrb_cnn.cpp:87) [42]  (7.3 ns)

 <State 3>: 7.3ns
The critical path consists of the following:
	bus request operation ('gmem3_load_1_req', src/gtsrb_cnn.cpp:87) on port 'gmem3' (src/gtsrb_cnn.cpp:87) [42]  (7.3 ns)

 <State 4>: 7.3ns
The critical path consists of the following:
	bus request operation ('gmem3_load_1_req', src/gtsrb_cnn.cpp:87) on port 'gmem3' (src/gtsrb_cnn.cpp:87) [42]  (7.3 ns)

 <State 5>: 7.3ns
The critical path consists of the following:
	bus request operation ('gmem3_load_1_req', src/gtsrb_cnn.cpp:87) on port 'gmem3' (src/gtsrb_cnn.cpp:87) [42]  (7.3 ns)

 <State 6>: 7.3ns
The critical path consists of the following:
	bus request operation ('gmem3_load_1_req', src/gtsrb_cnn.cpp:87) on port 'gmem3' (src/gtsrb_cnn.cpp:87) [42]  (7.3 ns)

 <State 7>: 7.3ns
The critical path consists of the following:
	bus request operation ('gmem3_load_1_req', src/gtsrb_cnn.cpp:87) on port 'gmem3' (src/gtsrb_cnn.cpp:87) [42]  (7.3 ns)

 <State 8>: 7.3ns
The critical path consists of the following:
	bus request operation ('gmem3_load_1_req', src/gtsrb_cnn.cpp:87) on port 'gmem3' (src/gtsrb_cnn.cpp:87) [42]  (7.3 ns)

 <State 9>: 7.3ns
The critical path consists of the following:
	bus read operation ('gmem3_addr_read', src/gtsrb_cnn.cpp:87) on port 'gmem3' (src/gtsrb_cnn.cpp:87) [43]  (7.3 ns)

 <State 10>: 6.02ns
The critical path consists of the following:
	'load' operation ('p3_out_load', src/gtsrb_cnn.cpp:87) on array 'p3_out' [34]  (1.35 ns)
	'fmul' operation ('mul9', src/gtsrb_cnn.cpp:87) [45]  (4.67 ns)

 <State 11>: 4.67ns
The critical path consists of the following:
	'fmul' operation ('mul9', src/gtsrb_cnn.cpp:87) [45]  (4.67 ns)

 <State 12>: 4.67ns
The critical path consists of the following:
	'fmul' operation ('mul9', src/gtsrb_cnn.cpp:87) [45]  (4.67 ns)

 <State 13>: 4.67ns
The critical path consists of the following:
	'fmul' operation ('mul9', src/gtsrb_cnn.cpp:87) [45]  (4.67 ns)

 <State 14>: 6.02ns
The critical path consists of the following:
	'load' operation ('acc_1_load', src/gtsrb_cnn.cpp:87) on local variable 'acc' [30]  (0 ns)
	'fadd' operation ('acc', src/gtsrb_cnn.cpp:87) [46]  (6.02 ns)

 <State 15>: 6.02ns
The critical path consists of the following:
	'fadd' operation ('acc', src/gtsrb_cnn.cpp:87) [46]  (6.02 ns)

 <State 16>: 6.02ns
The critical path consists of the following:
	'fadd' operation ('acc', src/gtsrb_cnn.cpp:87) [46]  (6.02 ns)

 <State 17>: 6.02ns
The critical path consists of the following:
	'fadd' operation ('acc', src/gtsrb_cnn.cpp:87) [46]  (6.02 ns)

 <State 18>: 6.51ns
The critical path consists of the following:
	'fadd' operation ('acc', src/gtsrb_cnn.cpp:87) [46]  (6.02 ns)
	'store' operation ('store_ln87', src/gtsrb_cnn.cpp:87) of variable 'acc', src/gtsrb_cnn.cpp:87 on local variable 'acc' [63]  (0.489 ns)

 <State 19>: 3.35ns
The critical path consists of the following:
	'fcmp' operation ('tmp_s', src/gtsrb_cnn.cpp:89) [56]  (3.35 ns)

 <State 20>: 5.22ns
The critical path consists of the following:
	'fcmp' operation ('tmp_s', src/gtsrb_cnn.cpp:89) [56]  (3.35 ns)
	'and' operation ('and_ln89', src/gtsrb_cnn.cpp:89) [57]  (0 ns)
	'select' operation ('acc', src/gtsrb_cnn.cpp:89) [58]  (0.525 ns)
	'store' operation ('store_ln90', src/gtsrb_cnn.cpp:90) of variable 'acc', src/gtsrb_cnn.cpp:89 on array 'fc1_out' [59]  (1.35 ns)


============================================================
+ Verbose Summary: Binding
============================================================
N/A
* FSMD analyzer results:
  - Output states:
 - Input state : 
  - Chain level:
	State 1
	State 2
	State 3
	State 4
	State 5
	State 6
	State 7
	State 8
	State 9
	State 10
	State 11
	State 12
	State 13
	State 14
	State 15
	State 16
	State 17
	State 18
	State 19
	State 20


============================================================
+ Verbose Summary: Datapath Resource usage 
============================================================
N/A
