

================================================================
== Vitis HLS Report for 'gtsrb_cnn'
================================================================
* Date:           Sat Sep 13 23:17:23 2025

* Version:        2022.2 (Build 3670227 on Oct 13 2022)
* Project:        CNN_GTSRB
* Solution:       solution1 (Vivado IP Flow Target)
* Product family: zynquplus
* Target device:  xczu5eg-sfvc784-1-e


================================================================
== Performance Estimates
================================================================
+ Timing: 
    * Summary: 
    +--------+----------+----------+------------+
    |  Clock |  Target  | Estimated| Uncertainty|
    +--------+----------+----------+------------+
    |ap_clk  |  10.00 ns|  7.300 ns|     2.70 ns|
    +--------+----------+----------+------------+

+ Latency: 
    * Summary: 
    +----------+----------+-----------+-----------+----------+----------+---------+
    |   Latency (cycles)  |   Latency (absolute)  |       Interval      | Pipeline|
    |    min   |    max   |    min    |    max    |    min   |    max   |   Type  |
    +----------+----------+-----------+-----------+----------+----------+---------+
    |  17796010|  17796010|  0.178 sec|  0.178 sec|  17796011|  17796011|       no|
    +----------+----------+-----------+-----------+----------+----------+---------+

    + Detail: 
        * Instance: 
        +------------------------------------------------+-------------------------------------+----------+----------+-----------+-----------+----------+----------+---------+
        |                                                |                                     |   Latency (cycles)  |   Latency (absolute)  |       Interval      | Pipeline|
        |                    Instance                    |                Module               |    min   |    max   |    min    |    max    |    min   |    max   |   Type  |
        +------------------------------------------------+-------------------------------------+----------+----------+-----------+-----------+----------+----------+---------+
        |grp_conv_valid_relu_fu_303                      |conv_valid_relu                      |    351356|    351356|   3.514 ms|   3.514 ms|    351356|    351356|       no|
        |grp_maxpool2x2_valid_2_fu_319                   |maxpool2x2_valid_2                   |      6280|      6280|  62.800 us|  62.800 us|      6280|      6280|       no|
        |grp_conv_valid_relu_2_fu_327                    |conv_valid_relu_2                    |  12036097|  12036097|  0.120 sec|  0.120 sec|  12036097|  12036097|       no|
        |grp_maxpool2x2_valid_1_fu_339                   |maxpool2x2_valid_1                   |      2312|      2312|  23.120 us|  23.120 us|      2312|      2312|       no|
        |grp_conv_valid_relu_1_fu_347                    |conv_valid_relu_1                    |   5328897|   5328897|  53.289 ms|  53.289 ms|   5328897|   5328897|       no|
        |grp_maxpool2x2_valid_fu_359                     |maxpool2x2_valid                     |       520|       520|   5.200 us|   5.200 us|       520|       520|       no|
        |grp_linear_fu_367                               |linear                               |     67329|     67329|   0.673 ms|   0.673 ms|     67329|     67329|       no|
        |grp_linear_2_fu_379                             |linear_2                             |      3141|      3141|  31.410 us|  31.410 us|      3141|      3141|       no|
        |grp_gtsrb_cnn_Pipeline_VITIS_LOOP_101_1_fu_392  |gtsrb_cnn_Pipeline_VITIS_LOOP_101_1  |        46|        46|   0.460 us|   0.460 us|        46|        46|       no|
        +------------------------------------------------+-------------------------------------+----------+----------+-----------+-----------+----------+----------+---------+

        * Loop: 
        N/A



================================================================
== Utilization Estimates
================================================================
* Summary: 
+-----------------+---------+------+--------+--------+-----+
|       Name      | BRAM_18K|  DSP |   FF   |   LUT  | URAM|
+-----------------+---------+------+--------+--------+-----+
|DSP              |        -|     -|       -|       -|    -|
|Expression       |        -|     -|       0|      71|    -|
|FIFO             |        -|     -|       -|       -|    -|
|Instance         |        0|     5|   30402|   34020|    0|
|Memory           |       59|     -|       0|       0|    -|
|Multiplexer      |        -|     -|       -|    1207|    -|
|Register         |        -|     -|    1064|       -|    -|
+-----------------+---------+------+--------+--------+-----+
|Total            |       59|     5|   31466|   35298|    0|
+-----------------+---------+------+--------+--------+-----+
|Available        |      288|  1248|  234240|  117120|   64|
+-----------------+---------+------+--------+--------+-----+
|Utilization (%)  |       20|    ~0|      13|      30|    0|
+-----------------+---------+------+--------+--------+-----+

+ Detail: 
    * Instance: 
    +------------------------------------------------+-------------------------------------+---------+----+-------+------+-----+
    |                    Instance                    |                Module               | BRAM_18K| DSP|   FF  |  LUT | URAM|
    +------------------------------------------------+-------------------------------------+---------+----+-------+------+-----+
    |control_s_axi_U                                 |control_s_axi                        |        0|   0|    946|  1704|    0|
    |grp_conv_valid_relu_fu_303                      |conv_valid_relu                      |        0|   0|   6031|  4983|    0|
    |grp_conv_valid_relu_1_fu_347                    |conv_valid_relu_1                    |        0|   0|   1848|  3013|    0|
    |grp_conv_valid_relu_2_fu_327                    |conv_valid_relu_2                    |        0|   0|   1897|  3140|    0|
    |fadd_32ns_32ns_32_5_full_dsp_1_U80              |fadd_32ns_32ns_32_5_full_dsp_1       |        0|   2|    205|   206|    0|
    |fcmp_32ns_32ns_1_2_no_dsp_1_U82                 |fcmp_32ns_32ns_1_2_no_dsp_1          |        0|   0|      0|     0|    0|
    |fcmp_32ns_32ns_1_2_no_dsp_1_U83                 |fcmp_32ns_32ns_1_2_no_dsp_1          |        0|   0|      0|     0|    0|
    |fmul_32ns_32ns_32_4_max_dsp_1_U81               |fmul_32ns_32ns_32_4_max_dsp_1        |        0|   3|    143|   140|    0|
    |gmem0_m_axi_U                                   |gmem0_m_axi                          |        0|   0|    710|  1278|    0|
    |gmem1_m_axi_U                                   |gmem1_m_axi                          |        0|   0|    710|  1278|    0|
    |gmem2_m_axi_U                                   |gmem2_m_axi                          |        0|   0|    710|  1278|    0|
    |gmem3_m_axi_U                                   |gmem3_m_axi                          |        0|   0|    710|  1278|    0|
    |gmem4_m_axi_U                                   |gmem4_m_axi                          |        0|   0|    710|  1278|    0|
    |gmem5_m_axi_U                                   |gmem5_m_axi                          |        0|   0|    710|  1278|    0|
    |grp_gtsrb_cnn_Pipeline_VITIS_LOOP_101_1_fu_392  |gtsrb_cnn_Pipeline_VITIS_LOOP_101_1  |        0|   0|    278|   259|    0|
    |grp_linear_fu_367                               |linear                               |        0|   0|    585|   702|    0|
    |grp_linear_2_fu_379                             |linear_2                             |        0|   0|  12733|  9245|    0|
    |grp_maxpool2x2_valid_fu_359                     |maxpool2x2_valid                     |        0|   0|    490|   872|    0|
    |grp_maxpool2x2_valid_1_fu_339                   |maxpool2x2_valid_1                   |        0|   0|    519|  1077|    0|
    |grp_maxpool2x2_valid_2_fu_319                   |maxpool2x2_valid_2                   |        0|   0|    467|  1011|    0|
    +------------------------------------------------+-------------------------------------+---------+----+-------+------+-----+
    |Total                                           |                                     |        0|   5|  30402| 34020|    0|
    +------------------------------------------------+-------------------------------------+---------+----+-------+------+-----+

    * DSP: 
    N/A

    * Memory: 
    +-----------+--------------------------+---------+---+----+-----+-------+-----+------+-------------+
    |   Memory  |          Module          | BRAM_18K| FF| LUT| URAM| Words | Bits| Banks| W*Bits*Banks|
    +-----------+--------------------------+---------+---+----+-----+-------+-----+------+-------------+
    |c1_out_U   |c1_out_RAM_2P_BRAM_1R1W   |       28|  0|   0|    0|  12544|   32|     1|       401408|
    |c2_out_U   |c2_out_RAM_2P_BRAM_1R1W   |       14|  0|   0|    0|   4608|   32|     1|       147456|
    |c3_out_U   |c3_out_RAM_2P_BRAM_1R1W   |        2|  0|   0|    0|   1024|   32|     1|        32768|
    |fc1_out_U  |fc1_out_RAM_2P_BRAM_1R1W  |        2|  0|   0|    0|     64|   32|     1|         2048|
    |p1_out_U   |p1_out_RAM_2P_BRAM_1R1W   |        8|  0|   0|    0|   3136|   32|     1|       100352|
    |p2_out_U   |p2_out_RAM_2P_BRAM_1R1W   |        4|  0|   0|    0|   1152|   32|     1|        36864|
    |p3_out_U   |p3_out_RAM_2P_BRAM_1R1W   |        1|  0|   0|    0|    256|   32|     1|         8192|
    +-----------+--------------------------+---------+---+----+-----+-------+-----+------+-------------+
    |Total      |                          |       59|  0|   0|    0|  22784|  224|     7|       729088|
    +-----------+--------------------------+---------+---+----+-----+-------+-----+------+-------------+

    * FIFO: 
    N/A

    * Expression: 
    +---------------------+----------+----+---+----+------------+------------+
    |    Variable Name    | Operation| DSP| FF| LUT| Bitwidth P0| Bitwidth P1|
    +---------------------+----------+----+---+----+------------+------------+
    |add_ln101_fu_441_p2  |         +|   0|  0|  71|          64|           3|
    +---------------------+----------+----+---+----+------------+------------+
    |Total                |          |   0|  0|  71|          64|           3|
    +---------------------+----------+----+---+----+------------+------------+

    * Multiplexer: 
    +-------------------+-----+-----------+-----+-----------+
    |        Name       | LUT | Input Size| Bits| Total Bits|
    +-------------------+-----+-----------+-----+-----------+
    |ap_NS_fsm          |  155|         34|    1|         34|
    |c1_out_address1    |   14|          3|   14|         42|
    |c1_out_ce0         |    9|          2|    1|          2|
    |c1_out_ce1         |   14|          3|    1|          3|
    |c1_out_we1         |    9|          2|    1|          2|
    |c2_out_address1    |   14|          3|   13|         39|
    |c2_out_ce0         |    9|          2|    1|          2|
    |c2_out_ce1         |   14|          3|    1|          3|
    |c2_out_we1         |    9|          2|    1|          2|
    |c3_out_address1    |   14|          3|   10|         30|
    |c3_out_ce0         |    9|          2|    1|          2|
    |c3_out_ce1         |   14|          3|    1|          3|
    |c3_out_we1         |    9|          2|    1|          2|
    |fc1_out_address1   |   14|          3|    6|         18|
    |fc1_out_ce0        |    9|          2|    1|          2|
    |fc1_out_ce1        |   14|          3|    1|          3|
    |fc1_out_we1        |    9|          2|    1|          2|
    |gmem0_ARVALID      |    9|          2|    1|          2|
    |gmem0_RREADY       |    9|          2|    1|          2|
    |gmem1_ARVALID      |    9|          2|    1|          2|
    |gmem1_RREADY       |    9|          2|    1|          2|
    |gmem2_ARVALID      |    9|          2|    1|          2|
    |gmem2_RREADY       |    9|          2|    1|          2|
    |gmem3_ARVALID      |    9|          2|    1|          2|
    |gmem3_RREADY       |    9|          2|    1|          2|
    |gmem4_ARVALID      |    9|          2|    1|          2|
    |gmem4_RREADY       |    9|          2|    1|          2|
    |gmem5_ARADDR       |   26|          5|   64|        320|
    |gmem5_ARLEN        |   26|          5|   32|        160|
    |gmem5_ARVALID      |   20|          4|    1|          4|
    |gmem5_AWADDR       |   14|          3|   64|        192|
    |gmem5_AWLEN        |   14|          3|   32|         96|
    |gmem5_AWVALID      |   14|          3|    1|          3|
    |gmem5_BREADY       |   14|          3|    1|          3|
    |gmem5_RREADY       |   20|          4|    1|          4|
    |gmem5_WDATA        |   14|          3|   32|         96|
    |gmem5_WSTRB        |   14|          3|    4|         12|
    |gmem5_WVALID       |   14|          3|    1|          3|
    |gmem5_blk_n_AR     |    9|          2|    1|          2|
    |gmem5_blk_n_AW     |    9|          2|    1|          2|
    |gmem5_blk_n_B      |    9|          2|    1|          2|
    |gmem5_blk_n_R      |    9|          2|    1|          2|
    |gmem5_blk_n_W      |    9|          2|    1|          2|
    |grp_fu_574_ce      |   31|          6|    1|          6|
    |grp_fu_574_p0      |   31|          6|   32|        192|
    |grp_fu_574_p1      |   31|          6|   32|        192|
    |grp_fu_578_ce      |   31|          6|    1|          6|
    |grp_fu_578_p0      |   31|          6|   32|        192|
    |grp_fu_578_p1      |   31|          6|   32|        192|
    |grp_fu_582_ce      |   49|          9|    1|          9|
    |grp_fu_582_opcode  |   49|          9|    5|         45|
    |grp_fu_582_p0      |   49|          9|   32|        288|
    |grp_fu_582_p1      |   49|          9|   32|        288|
    |grp_fu_586_ce      |   20|          4|    1|          4|
    |grp_fu_586_opcode  |   20|          4|    5|         20|
    |grp_fu_586_p0      |   20|          4|   32|        128|
    |grp_fu_586_p1      |   20|          4|   32|        128|
    |p1_out_ce0         |    9|          2|    1|          2|
    |p1_out_ce1         |    9|          2|    1|          2|
    |p1_out_we1         |    9|          2|    1|          2|
    |p2_out_ce0         |    9|          2|    1|          2|
    |p2_out_ce1         |    9|          2|    1|          2|
    |p2_out_we1         |    9|          2|    1|          2|
    |p3_out_ce0         |    9|          2|    1|          2|
    |p3_out_ce1         |    9|          2|    1|          2|
    |p3_out_we1         |    9|          2|    1|          2|
    +-------------------+-----+-----------+-----+-----------+
    |Total              | 1207|        249|  583|       2822|
    +-------------------+-----+-----------+-----+-----------+

    * Register: 
    +-------------------------------------------------------------+----+----+-----+-----------+
    |                             Name                            | FF | LUT| Bits| Const Bits|
    +-------------------------------------------------------------+----+----+-----+-----------+
    |ap_CS_fsm                                                    |  33|   0|   33|          0|
    |b_c1_read_reg_525                                            |  64|   0|   64|          0|
    |b_c2_read_reg_515                                            |  64|   0|   64|          0|
    |b_c3_read_reg_505                                            |  64|   0|   64|          0|
    |b_fc1_read_reg_495                                           |  64|   0|   64|          0|
    |b_fc2_read_reg_485                                           |  64|   0|   64|          0|
    |feature_in_read_reg_480                                      |  64|   0|   64|          0|
    |gmem5_addr_2_reg_547                                         |  64|   0|   64|          0|
    |gmem5_addr_read_reg_564                                      |  32|   0|   32|          0|
    |gmem5_addr_reg_541                                           |  64|   0|   64|          0|
    |grp_conv_valid_relu_1_fu_347_ap_start_reg                    |   1|   0|    1|          0|
    |grp_conv_valid_relu_2_fu_327_ap_start_reg                    |   1|   0|    1|          0|
    |grp_conv_valid_relu_fu_303_ap_start_reg                      |   1|   0|    1|          0|
    |grp_gtsrb_cnn_Pipeline_VITIS_LOOP_101_1_fu_392_ap_start_reg  |   1|   0|    1|          0|
    |grp_linear_2_fu_379_ap_start_reg                             |   1|   0|    1|          0|
    |grp_linear_fu_367_ap_start_reg                               |   1|   0|    1|          0|
    |grp_maxpool2x2_valid_1_fu_339_ap_start_reg                   |   1|   0|    1|          0|
    |grp_maxpool2x2_valid_2_fu_319_ap_start_reg                   |   1|   0|    1|          0|
    |grp_maxpool2x2_valid_fu_359_ap_start_reg                     |   1|   0|    1|          0|
    |logits_out_read_reg_474                                      |  64|   0|   64|          0|
    |m_reg_569                                                    |  32|   0|   32|          0|
    |trunc_ln1_reg_553                                            |  62|   0|   62|          0|
    |w_c1_read_reg_530                                            |  64|   0|   64|          0|
    |w_c2_read_reg_520                                            |  64|   0|   64|          0|
    |w_c3_read_reg_510                                            |  64|   0|   64|          0|
    |w_fc1_read_reg_500                                           |  64|   0|   64|          0|
    |w_fc2_read_reg_490                                           |  64|   0|   64|          0|
    +-------------------------------------------------------------+----+----+-----+-----------+
    |Total                                                        |1064|   0| 1064|          0|
    +-------------------------------------------------------------+----+----+-----+-----------+



================================================================
== Interface
================================================================
* Summary: 
+-----------------------+-----+-----+------------+--------------+--------------+
|       RTL Ports       | Dir | Bits|  Protocol  | Source Object|    C Type    |
+-----------------------+-----+-----+------------+--------------+--------------+
|s_axi_control_AWVALID  |   in|    1|       s_axi|       control|        scalar|
|s_axi_control_AWREADY  |  out|    1|       s_axi|       control|        scalar|
|s_axi_control_AWADDR   |   in|    8|       s_axi|       control|        scalar|
|s_axi_control_WVALID   |   in|    1|       s_axi|       control|        scalar|
|s_axi_control_WREADY   |  out|    1|       s_axi|       control|        scalar|
|s_axi_control_WDATA    |   in|   32|       s_axi|       control|        scalar|
|s_axi_control_WSTRB    |   in|    4|       s_axi|       control|        scalar|
|s_axi_control_ARVALID  |   in|    1|       s_axi|       control|        scalar|
|s_axi_control_ARREADY  |  out|    1|       s_axi|       control|        scalar|
|s_axi_control_ARADDR   |   in|    8|       s_axi|       control|        scalar|
|s_axi_control_RVALID   |  out|    1|       s_axi|       control|        scalar|
|s_axi_control_RREADY   |   in|    1|       s_axi|       control|        scalar|
|s_axi_control_RDATA    |  out|   32|       s_axi|       control|        scalar|
|s_axi_control_RRESP    |  out|    2|       s_axi|       control|        scalar|
|s_axi_control_BVALID   |  out|    1|       s_axi|       control|        scalar|
|s_axi_control_BREADY   |   in|    1|       s_axi|       control|        scalar|
|s_axi_control_BRESP    |  out|    2|       s_axi|       control|        scalar|
|ap_clk                 |   in|    1|  ap_ctrl_hs|     gtsrb_cnn|  return value|
|ap_rst_n               |   in|    1|  ap_ctrl_hs|     gtsrb_cnn|  return value|
|interrupt              |  out|    1|  ap_ctrl_hs|     gtsrb_cnn|  return value|
|m_axi_gmem0_AWVALID    |  out|    1|       m_axi|         gmem0|       pointer|
|m_axi_gmem0_AWREADY    |   in|    1|       m_axi|         gmem0|       pointer|
|m_axi_gmem0_AWADDR     |  out|   64|       m_axi|         gmem0|       pointer|
|m_axi_gmem0_AWID       |  out|    1|       m_axi|         gmem0|       pointer|
|m_axi_gmem0_AWLEN      |  out|    8|       m_axi|         gmem0|       pointer|
|m_axi_gmem0_AWSIZE     |  out|    3|       m_axi|         gmem0|       pointer|
|m_axi_gmem0_AWBURST    |  out|    2|       m_axi|         gmem0|       pointer|
|m_axi_gmem0_AWLOCK     |  out|    2|       m_axi|         gmem0|       pointer|
|m_axi_gmem0_AWCACHE    |  out|    4|       m_axi|         gmem0|       pointer|
|m_axi_gmem0_AWPROT     |  out|    3|       m_axi|         gmem0|       pointer|
|m_axi_gmem0_AWQOS      |  out|    4|       m_axi|         gmem0|       pointer|
|m_axi_gmem0_AWREGION   |  out|    4|       m_axi|         gmem0|       pointer|
|m_axi_gmem0_AWUSER     |  out|    1|       m_axi|         gmem0|       pointer|
|m_axi_gmem0_WVALID     |  out|    1|       m_axi|         gmem0|       pointer|
|m_axi_gmem0_WREADY     |   in|    1|       m_axi|         gmem0|       pointer|
|m_axi_gmem0_WDATA      |  out|   32|       m_axi|         gmem0|       pointer|
|m_axi_gmem0_WSTRB      |  out|    4|       m_axi|         gmem0|       pointer|
|m_axi_gmem0_WLAST      |  out|    1|       m_axi|         gmem0|       pointer|
|m_axi_gmem0_WID        |  out|    1|       m_axi|         gmem0|       pointer|
|m_axi_gmem0_WUSER      |  out|    1|       m_axi|         gmem0|       pointer|
|m_axi_gmem0_ARVALID    |  out|    1|       m_axi|         gmem0|       pointer|
|m_axi_gmem0_ARREADY    |   in|    1|       m_axi|         gmem0|       pointer|
|m_axi_gmem0_ARADDR     |  out|   64|       m_axi|         gmem0|       pointer|
|m_axi_gmem0_ARID       |  out|    1|       m_axi|         gmem0|       pointer|
|m_axi_gmem0_ARLEN      |  out|    8|       m_axi|         gmem0|       pointer|
|m_axi_gmem0_ARSIZE     |  out|    3|       m_axi|         gmem0|       pointer|
|m_axi_gmem0_ARBURST    |  out|    2|       m_axi|         gmem0|       pointer|
|m_axi_gmem0_ARLOCK     |  out|    2|       m_axi|         gmem0|       pointer|
|m_axi_gmem0_ARCACHE    |  out|    4|       m_axi|         gmem0|       pointer|
|m_axi_gmem0_ARPROT     |  out|    3|       m_axi|         gmem0|       pointer|
|m_axi_gmem0_ARQOS      |  out|    4|       m_axi|         gmem0|       pointer|
|m_axi_gmem0_ARREGION   |  out|    4|       m_axi|         gmem0|       pointer|
|m_axi_gmem0_ARUSER     |  out|    1|       m_axi|         gmem0|       pointer|
|m_axi_gmem0_RVALID     |   in|    1|       m_axi|         gmem0|       pointer|
|m_axi_gmem0_RREADY     |  out|    1|       m_axi|         gmem0|       pointer|
|m_axi_gmem0_RDATA      |   in|   32|       m_axi|         gmem0|       pointer|
|m_axi_gmem0_RLAST      |   in|    1|       m_axi|         gmem0|       pointer|
|m_axi_gmem0_RID        |   in|    1|       m_axi|         gmem0|       pointer|
|m_axi_gmem0_RUSER      |   in|    1|       m_axi|         gmem0|       pointer|
|m_axi_gmem0_RRESP      |   in|    2|       m_axi|         gmem0|       pointer|
|m_axi_gmem0_BVALID     |   in|    1|       m_axi|         gmem0|       pointer|
|m_axi_gmem0_BREADY     |  out|    1|       m_axi|         gmem0|       pointer|
|m_axi_gmem0_BRESP      |   in|    2|       m_axi|         gmem0|       pointer|
|m_axi_gmem0_BID        |   in|    1|       m_axi|         gmem0|       pointer|
|m_axi_gmem0_BUSER      |   in|    1|       m_axi|         gmem0|       pointer|
|m_axi_gmem1_AWVALID    |  out|    1|       m_axi|         gmem1|       pointer|
|m_axi_gmem1_AWREADY    |   in|    1|       m_axi|         gmem1|       pointer|
|m_axi_gmem1_AWADDR     |  out|   64|       m_axi|         gmem1|       pointer|
|m_axi_gmem1_AWID       |  out|    1|       m_axi|         gmem1|       pointer|
|m_axi_gmem1_AWLEN      |  out|    8|       m_axi|         gmem1|       pointer|
|m_axi_gmem1_AWSIZE     |  out|    3|       m_axi|         gmem1|       pointer|
|m_axi_gmem1_AWBURST    |  out|    2|       m_axi|         gmem1|       pointer|
|m_axi_gmem1_AWLOCK     |  out|    2|       m_axi|         gmem1|       pointer|
|m_axi_gmem1_AWCACHE    |  out|    4|       m_axi|         gmem1|       pointer|
|m_axi_gmem1_AWPROT     |  out|    3|       m_axi|         gmem1|       pointer|
|m_axi_gmem1_AWQOS      |  out|    4|       m_axi|         gmem1|       pointer|
|m_axi_gmem1_AWREGION   |  out|    4|       m_axi|         gmem1|       pointer|
|m_axi_gmem1_AWUSER     |  out|    1|       m_axi|         gmem1|       pointer|
|m_axi_gmem1_WVALID     |  out|    1|       m_axi|         gmem1|       pointer|
|m_axi_gmem1_WREADY     |   in|    1|       m_axi|         gmem1|       pointer|
|m_axi_gmem1_WDATA      |  out|   32|       m_axi|         gmem1|       pointer|
|m_axi_gmem1_WSTRB      |  out|    4|       m_axi|         gmem1|       pointer|
|m_axi_gmem1_WLAST      |  out|    1|       m_axi|         gmem1|       pointer|
|m_axi_gmem1_WID        |  out|    1|       m_axi|         gmem1|       pointer|
|m_axi_gmem1_WUSER      |  out|    1|       m_axi|         gmem1|       pointer|
|m_axi_gmem1_ARVALID    |  out|    1|       m_axi|         gmem1|       pointer|
|m_axi_gmem1_ARREADY    |   in|    1|       m_axi|         gmem1|       pointer|
|m_axi_gmem1_ARADDR     |  out|   64|       m_axi|         gmem1|       pointer|
|m_axi_gmem1_ARID       |  out|    1|       m_axi|         gmem1|       pointer|
|m_axi_gmem1_ARLEN      |  out|    8|       m_axi|         gmem1|       pointer|
|m_axi_gmem1_ARSIZE     |  out|    3|       m_axi|         gmem1|       pointer|
|m_axi_gmem1_ARBURST    |  out|    2|       m_axi|         gmem1|       pointer|
|m_axi_gmem1_ARLOCK     |  out|    2|       m_axi|         gmem1|       pointer|
|m_axi_gmem1_ARCACHE    |  out|    4|       m_axi|         gmem1|       pointer|
|m_axi_gmem1_ARPROT     |  out|    3|       m_axi|         gmem1|       pointer|
|m_axi_gmem1_ARQOS      |  out|    4|       m_axi|         gmem1|       pointer|
|m_axi_gmem1_ARREGION   |  out|    4|       m_axi|         gmem1|       pointer|
|m_axi_gmem1_ARUSER     |  out|    1|       m_axi|         gmem1|       pointer|
|m_axi_gmem1_RVALID     |   in|    1|       m_axi|         gmem1|       pointer|
|m_axi_gmem1_RREADY     |  out|    1|       m_axi|         gmem1|       pointer|
|m_axi_gmem1_RDATA      |   in|   32|       m_axi|         gmem1|       pointer|
|m_axi_gmem1_RLAST      |   in|    1|       m_axi|         gmem1|       pointer|
|m_axi_gmem1_RID        |   in|    1|       m_axi|         gmem1|       pointer|
|m_axi_gmem1_RUSER      |   in|    1|       m_axi|         gmem1|       pointer|
|m_axi_gmem1_RRESP      |   in|    2|       m_axi|         gmem1|       pointer|
|m_axi_gmem1_BVALID     |   in|    1|       m_axi|         gmem1|       pointer|
|m_axi_gmem1_BREADY     |  out|    1|       m_axi|         gmem1|       pointer|
|m_axi_gmem1_BRESP      |   in|    2|       m_axi|         gmem1|       pointer|
|m_axi_gmem1_BID        |   in|    1|       m_axi|         gmem1|       pointer|
|m_axi_gmem1_BUSER      |   in|    1|       m_axi|         gmem1|       pointer|
|m_axi_gmem2_AWVALID    |  out|    1|       m_axi|         gmem2|       pointer|
|m_axi_gmem2_AWREADY    |   in|    1|       m_axi|         gmem2|       pointer|
|m_axi_gmem2_AWADDR     |  out|   64|       m_axi|         gmem2|       pointer|
|m_axi_gmem2_AWID       |  out|    1|       m_axi|         gmem2|       pointer|
|m_axi_gmem2_AWLEN      |  out|    8|       m_axi|         gmem2|       pointer|
|m_axi_gmem2_AWSIZE     |  out|    3|       m_axi|         gmem2|       pointer|
|m_axi_gmem2_AWBURST    |  out|    2|       m_axi|         gmem2|       pointer|
|m_axi_gmem2_AWLOCK     |  out|    2|       m_axi|         gmem2|       pointer|
|m_axi_gmem2_AWCACHE    |  out|    4|       m_axi|         gmem2|       pointer|
|m_axi_gmem2_AWPROT     |  out|    3|       m_axi|         gmem2|       pointer|
|m_axi_gmem2_AWQOS      |  out|    4|       m_axi|         gmem2|       pointer|
|m_axi_gmem2_AWREGION   |  out|    4|       m_axi|         gmem2|       pointer|
|m_axi_gmem2_AWUSER     |  out|    1|       m_axi|         gmem2|       pointer|
|m_axi_gmem2_WVALID     |  out|    1|       m_axi|         gmem2|       pointer|
|m_axi_gmem2_WREADY     |   in|    1|       m_axi|         gmem2|       pointer|
|m_axi_gmem2_WDATA      |  out|   32|       m_axi|         gmem2|       pointer|
|m_axi_gmem2_WSTRB      |  out|    4|       m_axi|         gmem2|       pointer|
|m_axi_gmem2_WLAST      |  out|    1|       m_axi|         gmem2|       pointer|
|m_axi_gmem2_WID        |  out|    1|       m_axi|         gmem2|       pointer|
|m_axi_gmem2_WUSER      |  out|    1|       m_axi|         gmem2|       pointer|
|m_axi_gmem2_ARVALID    |  out|    1|       m_axi|         gmem2|       pointer|
|m_axi_gmem2_ARREADY    |   in|    1|       m_axi|         gmem2|       pointer|
|m_axi_gmem2_ARADDR     |  out|   64|       m_axi|         gmem2|       pointer|
|m_axi_gmem2_ARID       |  out|    1|       m_axi|         gmem2|       pointer|
|m_axi_gmem2_ARLEN      |  out|    8|       m_axi|         gmem2|       pointer|
|m_axi_gmem2_ARSIZE     |  out|    3|       m_axi|         gmem2|       pointer|
|m_axi_gmem2_ARBURST    |  out|    2|       m_axi|         gmem2|       pointer|
|m_axi_gmem2_ARLOCK     |  out|    2|       m_axi|         gmem2|       pointer|
|m_axi_gmem2_ARCACHE    |  out|    4|       m_axi|         gmem2|       pointer|
|m_axi_gmem2_ARPROT     |  out|    3|       m_axi|         gmem2|       pointer|
|m_axi_gmem2_ARQOS      |  out|    4|       m_axi|         gmem2|       pointer|
|m_axi_gmem2_ARREGION   |  out|    4|       m_axi|         gmem2|       pointer|
|m_axi_gmem2_ARUSER     |  out|    1|       m_axi|         gmem2|       pointer|
|m_axi_gmem2_RVALID     |   in|    1|       m_axi|         gmem2|       pointer|
|m_axi_gmem2_RREADY     |  out|    1|       m_axi|         gmem2|       pointer|
|m_axi_gmem2_RDATA      |   in|   32|       m_axi|         gmem2|       pointer|
|m_axi_gmem2_RLAST      |   in|    1|       m_axi|         gmem2|       pointer|
|m_axi_gmem2_RID        |   in|    1|       m_axi|         gmem2|       pointer|
|m_axi_gmem2_RUSER      |   in|    1|       m_axi|         gmem2|       pointer|
|m_axi_gmem2_RRESP      |   in|    2|       m_axi|         gmem2|       pointer|
|m_axi_gmem2_BVALID     |   in|    1|       m_axi|         gmem2|       pointer|
|m_axi_gmem2_BREADY     |  out|    1|       m_axi|         gmem2|       pointer|
|m_axi_gmem2_BRESP      |   in|    2|       m_axi|         gmem2|       pointer|
|m_axi_gmem2_BID        |   in|    1|       m_axi|         gmem2|       pointer|
|m_axi_gmem2_BUSER      |   in|    1|       m_axi|         gmem2|       pointer|
|m_axi_gmem3_AWVALID    |  out|    1|       m_axi|         gmem3|       pointer|
|m_axi_gmem3_AWREADY    |   in|    1|       m_axi|         gmem3|       pointer|
|m_axi_gmem3_AWADDR     |  out|   64|       m_axi|         gmem3|       pointer|
|m_axi_gmem3_AWID       |  out|    1|       m_axi|         gmem3|       pointer|
|m_axi_gmem3_AWLEN      |  out|    8|       m_axi|         gmem3|       pointer|
|m_axi_gmem3_AWSIZE     |  out|    3|       m_axi|         gmem3|       pointer|
|m_axi_gmem3_AWBURST    |  out|    2|       m_axi|         gmem3|       pointer|
|m_axi_gmem3_AWLOCK     |  out|    2|       m_axi|         gmem3|       pointer|
|m_axi_gmem3_AWCACHE    |  out|    4|       m_axi|         gmem3|       pointer|
|m_axi_gmem3_AWPROT     |  out|    3|       m_axi|         gmem3|       pointer|
|m_axi_gmem3_AWQOS      |  out|    4|       m_axi|         gmem3|       pointer|
|m_axi_gmem3_AWREGION   |  out|    4|       m_axi|         gmem3|       pointer|
|m_axi_gmem3_AWUSER     |  out|    1|       m_axi|         gmem3|       pointer|
|m_axi_gmem3_WVALID     |  out|    1|       m_axi|         gmem3|       pointer|
|m_axi_gmem3_WREADY     |   in|    1|       m_axi|         gmem3|       pointer|
|m_axi_gmem3_WDATA      |  out|   32|       m_axi|         gmem3|       pointer|
|m_axi_gmem3_WSTRB      |  out|    4|       m_axi|         gmem3|       pointer|
|m_axi_gmem3_WLAST      |  out|    1|       m_axi|         gmem3|       pointer|
|m_axi_gmem3_WID        |  out|    1|       m_axi|         gmem3|       pointer|
|m_axi_gmem3_WUSER      |  out|    1|       m_axi|         gmem3|       pointer|
|m_axi_gmem3_ARVALID    |  out|    1|       m_axi|         gmem3|       pointer|
|m_axi_gmem3_ARREADY    |   in|    1|       m_axi|         gmem3|       pointer|
|m_axi_gmem3_ARADDR     |  out|   64|       m_axi|         gmem3|       pointer|
|m_axi_gmem3_ARID       |  out|    1|       m_axi|         gmem3|       pointer|
|m_axi_gmem3_ARLEN      |  out|    8|       m_axi|         gmem3|       pointer|
|m_axi_gmem3_ARSIZE     |  out|    3|       m_axi|         gmem3|       pointer|
|m_axi_gmem3_ARBURST    |  out|    2|       m_axi|         gmem3|       pointer|
|m_axi_gmem3_ARLOCK     |  out|    2|       m_axi|         gmem3|       pointer|
|m_axi_gmem3_ARCACHE    |  out|    4|       m_axi|         gmem3|       pointer|
|m_axi_gmem3_ARPROT     |  out|    3|       m_axi|         gmem3|       pointer|
|m_axi_gmem3_ARQOS      |  out|    4|       m_axi|         gmem3|       pointer|
|m_axi_gmem3_ARREGION   |  out|    4|       m_axi|         gmem3|       pointer|
|m_axi_gmem3_ARUSER     |  out|    1|       m_axi|         gmem3|       pointer|
|m_axi_gmem3_RVALID     |   in|    1|       m_axi|         gmem3|       pointer|
|m_axi_gmem3_RREADY     |  out|    1|       m_axi|         gmem3|       pointer|
|m_axi_gmem3_RDATA      |   in|   32|       m_axi|         gmem3|       pointer|
|m_axi_gmem3_RLAST      |   in|    1|       m_axi|         gmem3|       pointer|
|m_axi_gmem3_RID        |   in|    1|       m_axi|         gmem3|       pointer|
|m_axi_gmem3_RUSER      |   in|    1|       m_axi|         gmem3|       pointer|
|m_axi_gmem3_RRESP      |   in|    2|       m_axi|         gmem3|       pointer|
|m_axi_gmem3_BVALID     |   in|    1|       m_axi|         gmem3|       pointer|
|m_axi_gmem3_BREADY     |  out|    1|       m_axi|         gmem3|       pointer|
|m_axi_gmem3_BRESP      |   in|    2|       m_axi|         gmem3|       pointer|
|m_axi_gmem3_BID        |   in|    1|       m_axi|         gmem3|       pointer|
|m_axi_gmem3_BUSER      |   in|    1|       m_axi|         gmem3|       pointer|
|m_axi_gmem4_AWVALID    |  out|    1|       m_axi|         gmem4|       pointer|
|m_axi_gmem4_AWREADY    |   in|    1|       m_axi|         gmem4|       pointer|
|m_axi_gmem4_AWADDR     |  out|   64|       m_axi|         gmem4|       pointer|
|m_axi_gmem4_AWID       |  out|    1|       m_axi|         gmem4|       pointer|
|m_axi_gmem4_AWLEN      |  out|    8|       m_axi|         gmem4|       pointer|
|m_axi_gmem4_AWSIZE     |  out|    3|       m_axi|         gmem4|       pointer|
|m_axi_gmem4_AWBURST    |  out|    2|       m_axi|         gmem4|       pointer|
|m_axi_gmem4_AWLOCK     |  out|    2|       m_axi|         gmem4|       pointer|
|m_axi_gmem4_AWCACHE    |  out|    4|       m_axi|         gmem4|       pointer|
|m_axi_gmem4_AWPROT     |  out|    3|       m_axi|         gmem4|       pointer|
|m_axi_gmem4_AWQOS      |  out|    4|       m_axi|         gmem4|       pointer|
|m_axi_gmem4_AWREGION   |  out|    4|       m_axi|         gmem4|       pointer|
|m_axi_gmem4_AWUSER     |  out|    1|       m_axi|         gmem4|       pointer|
|m_axi_gmem4_WVALID     |  out|    1|       m_axi|         gmem4|       pointer|
|m_axi_gmem4_WREADY     |   in|    1|       m_axi|         gmem4|       pointer|
|m_axi_gmem4_WDATA      |  out|   32|       m_axi|         gmem4|       pointer|
|m_axi_gmem4_WSTRB      |  out|    4|       m_axi|         gmem4|       pointer|
|m_axi_gmem4_WLAST      |  out|    1|       m_axi|         gmem4|       pointer|
|m_axi_gmem4_WID        |  out|    1|       m_axi|         gmem4|       pointer|
|m_axi_gmem4_WUSER      |  out|    1|       m_axi|         gmem4|       pointer|
|m_axi_gmem4_ARVALID    |  out|    1|       m_axi|         gmem4|       pointer|
|m_axi_gmem4_ARREADY    |   in|    1|       m_axi|         gmem4|       pointer|
|m_axi_gmem4_ARADDR     |  out|   64|       m_axi|         gmem4|       pointer|
|m_axi_gmem4_ARID       |  out|    1|       m_axi|         gmem4|       pointer|
|m_axi_gmem4_ARLEN      |  out|    8|       m_axi|         gmem4|       pointer|
|m_axi_gmem4_ARSIZE     |  out|    3|       m_axi|         gmem4|       pointer|
|m_axi_gmem4_ARBURST    |  out|    2|       m_axi|         gmem4|       pointer|
|m_axi_gmem4_ARLOCK     |  out|    2|       m_axi|         gmem4|       pointer|
|m_axi_gmem4_ARCACHE    |  out|    4|       m_axi|         gmem4|       pointer|
|m_axi_gmem4_ARPROT     |  out|    3|       m_axi|         gmem4|       pointer|
|m_axi_gmem4_ARQOS      |  out|    4|       m_axi|         gmem4|       pointer|
|m_axi_gmem4_ARREGION   |  out|    4|       m_axi|         gmem4|       pointer|
|m_axi_gmem4_ARUSER     |  out|    1|       m_axi|         gmem4|       pointer|
|m_axi_gmem4_RVALID     |   in|    1|       m_axi|         gmem4|       pointer|
|m_axi_gmem4_RREADY     |  out|    1|       m_axi|         gmem4|       pointer|
|m_axi_gmem4_RDATA      |   in|   32|       m_axi|         gmem4|       pointer|
|m_axi_gmem4_RLAST      |   in|    1|       m_axi|         gmem4|       pointer|
|m_axi_gmem4_RID        |   in|    1|       m_axi|         gmem4|       pointer|
|m_axi_gmem4_RUSER      |   in|    1|       m_axi|         gmem4|       pointer|
|m_axi_gmem4_RRESP      |   in|    2|       m_axi|         gmem4|       pointer|
|m_axi_gmem4_BVALID     |   in|    1|       m_axi|         gmem4|       pointer|
|m_axi_gmem4_BREADY     |  out|    1|       m_axi|         gmem4|       pointer|
|m_axi_gmem4_BRESP      |   in|    2|       m_axi|         gmem4|       pointer|
|m_axi_gmem4_BID        |   in|    1|       m_axi|         gmem4|       pointer|
|m_axi_gmem4_BUSER      |   in|    1|       m_axi|         gmem4|       pointer|
|m_axi_gmem5_AWVALID    |  out|    1|       m_axi|         gmem5|       pointer|
|m_axi_gmem5_AWREADY    |   in|    1|       m_axi|         gmem5|       pointer|
|m_axi_gmem5_AWADDR     |  out|   64|       m_axi|         gmem5|       pointer|
|m_axi_gmem5_AWID       |  out|    1|       m_axi|         gmem5|       pointer|
|m_axi_gmem5_AWLEN      |  out|    8|       m_axi|         gmem5|       pointer|
|m_axi_gmem5_AWSIZE     |  out|    3|       m_axi|         gmem5|       pointer|
|m_axi_gmem5_AWBURST    |  out|    2|       m_axi|         gmem5|       pointer|
|m_axi_gmem5_AWLOCK     |  out|    2|       m_axi|         gmem5|       pointer|
|m_axi_gmem5_AWCACHE    |  out|    4|       m_axi|         gmem5|       pointer|
|m_axi_gmem5_AWPROT     |  out|    3|       m_axi|         gmem5|       pointer|
|m_axi_gmem5_AWQOS      |  out|    4|       m_axi|         gmem5|       pointer|
|m_axi_gmem5_AWREGION   |  out|    4|       m_axi|         gmem5|       pointer|
|m_axi_gmem5_AWUSER     |  out|    1|       m_axi|         gmem5|       pointer|
|m_axi_gmem5_WVALID     |  out|    1|       m_axi|         gmem5|       pointer|
|m_axi_gmem5_WREADY     |   in|    1|       m_axi|         gmem5|       pointer|
|m_axi_gmem5_WDATA      |  out|   32|       m_axi|         gmem5|       pointer|
|m_axi_gmem5_WSTRB      |  out|    4|       m_axi|         gmem5|       pointer|
|m_axi_gmem5_WLAST      |  out|    1|       m_axi|         gmem5|       pointer|
|m_axi_gmem5_WID        |  out|    1|       m_axi|         gmem5|       pointer|
|m_axi_gmem5_WUSER      |  out|    1|       m_axi|         gmem5|       pointer|
|m_axi_gmem5_ARVALID    |  out|    1|       m_axi|         gmem5|       pointer|
|m_axi_gmem5_ARREADY    |   in|    1|       m_axi|         gmem5|       pointer|
|m_axi_gmem5_ARADDR     |  out|   64|       m_axi|         gmem5|       pointer|
|m_axi_gmem5_ARID       |  out|    1|       m_axi|         gmem5|       pointer|
|m_axi_gmem5_ARLEN      |  out|    8|       m_axi|         gmem5|       pointer|
|m_axi_gmem5_ARSIZE     |  out|    3|       m_axi|         gmem5|       pointer|
|m_axi_gmem5_ARBURST    |  out|    2|       m_axi|         gmem5|       pointer|
|m_axi_gmem5_ARLOCK     |  out|    2|       m_axi|         gmem5|       pointer|
|m_axi_gmem5_ARCACHE    |  out|    4|       m_axi|         gmem5|       pointer|
|m_axi_gmem5_ARPROT     |  out|    3|       m_axi|         gmem5|       pointer|
|m_axi_gmem5_ARQOS      |  out|    4|       m_axi|         gmem5|       pointer|
|m_axi_gmem5_ARREGION   |  out|    4|       m_axi|         gmem5|       pointer|
|m_axi_gmem5_ARUSER     |  out|    1|       m_axi|         gmem5|       pointer|
|m_axi_gmem5_RVALID     |   in|    1|       m_axi|         gmem5|       pointer|
|m_axi_gmem5_RREADY     |  out|    1|       m_axi|         gmem5|       pointer|
|m_axi_gmem5_RDATA      |   in|   32|       m_axi|         gmem5|       pointer|
|m_axi_gmem5_RLAST      |   in|    1|       m_axi|         gmem5|       pointer|
|m_axi_gmem5_RID        |   in|    1|       m_axi|         gmem5|       pointer|
|m_axi_gmem5_RUSER      |   in|    1|       m_axi|         gmem5|       pointer|
|m_axi_gmem5_RRESP      |   in|    2|       m_axi|         gmem5|       pointer|
|m_axi_gmem5_BVALID     |   in|    1|       m_axi|         gmem5|       pointer|
|m_axi_gmem5_BREADY     |  out|    1|       m_axi|         gmem5|       pointer|
|m_axi_gmem5_BRESP      |   in|    2|       m_axi|         gmem5|       pointer|
|m_axi_gmem5_BID        |   in|    1|       m_axi|         gmem5|       pointer|
|m_axi_gmem5_BUSER      |   in|    1|       m_axi|         gmem5|       pointer|
+-----------------------+-----+-----+------------+--------------+--------------+

