

================================================================
== Vitis HLS Report for 'linear_Pipeline_VITIS_LOOP_86_2'
================================================================
* Date:           Sat Sep 13 23:17:19 2025

* Version:        2022.2 (Build 3670227 on Oct 13 2022)
* Project:        CNN_GTSRB
* Solution:       solution1 (Vivado IP Flow Target)
* Product family: zynquplus
* Target device:  xczu5eg-sfvc784-1-e


================================================================
== Performance Estimates
================================================================
+ Timing: 
    * Summary: 
    +--------+----------+----------+------------+
    |  Clock |  Target  | Estimated| Uncertainty|
    +--------+----------+----------+------------+
    |ap_clk  |  10.00 ns|  7.300 ns|     2.70 ns|
    +--------+----------+----------+------------+

+ Latency: 
    * Summary: 
    +---------+---------+-----------+-----------+------+------+---------+
    |  Latency (cycles) |   Latency (absolute)  |   Interval  | Pipeline|
    |   min   |   max   |    min    |    max    |  min |  max |   Type  |
    +---------+---------+-----------+-----------+------+------+---------+
    |     1041|     1041|  10.410 us|  10.410 us|  1041|  1041|       no|
    +---------+---------+-----------+-----------+------+------+---------+

    + Detail: 
        * Instance: 
        N/A

        * Loop: 
        +-------------------+---------+---------+----------+-----------+-----------+------+----------+
        |                   |  Latency (cycles) | Iteration|  Initiation Interval  | Trip |          |
        |     Loop Name     |   min   |   max   |  Latency |  achieved |   target  | Count| Pipelined|
        +-------------------+---------+---------+----------+-----------+-----------+------+----------+
        |- VITIS_LOOP_86_2  |     1039|     1039|        20|          4|          1|   256|       yes|
        +-------------------+---------+---------+----------+-----------+-----------+------+----------+



================================================================
== Utilization Estimates
================================================================
* Summary: 
+-----------------+---------+------+--------+--------+-----+
|       Name      | BRAM_18K|  DSP |   FF   |   LUT  | URAM|
+-----------------+---------+------+--------+--------+-----+
|DSP              |        -|     -|       -|       -|    -|
|Expression       |        -|     -|       0|     180|    -|
|FIFO             |        -|     -|       -|       -|    -|
|Instance         |        -|     -|       -|       -|    -|
|Memory           |        -|     -|       -|       -|    -|
|Multiplexer      |        -|     -|       -|     107|    -|
|Register         |        -|     -|     368|      64|    -|
+-----------------+---------+------+--------+--------+-----+
|Total            |        0|     0|     368|     351|    0|
+-----------------+---------+------+--------+--------+-----+
|Available        |      288|  1248|  234240|  117120|   64|
+-----------------+---------+------+--------+--------+-----+
|Utilization (%)  |        0|     0|      ~0|      ~0|    0|
+-----------------+---------+------+--------+--------+-----+

+ Detail: 
    * Instance: 
    N/A

    * DSP: 
    N/A

    * Memory: 
    N/A

    * FIFO: 
    N/A

    * Expression: 
    +---------------------------+----------+----+---+----+------------+------------+
    |       Variable Name       | Operation| DSP| FF| LUT| Bitwidth P0| Bitwidth P1|
    +---------------------------+----------+----+---+----+------------+------------+
    |add_ln86_fu_205_p2         |         +|   0|  0|  16|           9|           1|
    |add_ln87_fu_229_p2         |         +|   0|  0|  71|          64|          64|
    |and_ln89_fu_318_p2         |       and|   0|  0|   2|           1|           1|
    |ap_block_pp0_stage0_11001  |       and|   0|  0|   2|           1|           1|
    |ap_block_pp0_stage1_11001  |       and|   0|  0|   2|           1|           1|
    |ap_block_state2_io         |       and|   0|  0|   2|           1|           1|
    |icmp_ln86_fu_199_p2        |      icmp|   0|  0|  11|           9|          10|
    |icmp_ln89_1_fu_306_p2      |      icmp|   0|  0|  16|          23|           1|
    |icmp_ln89_fu_300_p2        |      icmp|   0|  0|  11|           8|           2|
    |ifzero_fu_255_p2           |      icmp|   0|  0|  11|           9|          10|
    |or_ln89_fu_312_p2          |        or|   0|  0|   2|           1|           1|
    |fc1_out_d1                 |    select|   0|  0|  32|           1|           1|
    |ap_enable_pp0              |       xor|   0|  0|   2|           1|           2|
    +---------------------------+----------+----+---+----+------------+------------+
    |Total                      |          |   0|  0| 180|         129|          96|
    +---------------------------+----------+----+---+----+------------+------------+

    * Multiplexer: 
    +-----------------------------+----+-----------+-----+-----------+
    |             Name            | LUT| Input Size| Bits| Total Bits|
    +-----------------------------+----+-----------+-----+-----------+
    |acc_1_fu_94                  |   9|          2|   32|         64|
    |ap_NS_fsm                    |  26|          5|    1|          5|
    |ap_done_int                  |   9|          2|    1|          2|
    |ap_enable_reg_pp0_iter0      |   9|          2|    1|          2|
    |ap_enable_reg_pp0_iter1      |   9|          2|    1|          2|
    |ap_sig_allocacmp_acc_1_load  |   9|          2|   32|         64|
    |ap_sig_allocacmp_i_1         |   9|          2|    9|         18|
    |gmem3_blk_n_AR               |   9|          2|    1|          2|
    |gmem3_blk_n_R                |   9|          2|    1|          2|
    |i_fu_98                      |   9|          2|    9|         18|
    +-----------------------------+----+-----------+-----+-----------+
    |Total                        | 107|         23|   88|        179|
    +-----------------------------+----+-----------+-----+-----------+

    * Register: 
    +----------------------------------+----+----+-----+-----------+
    |               Name               | FF | LUT| Bits| Const Bits|
    +----------------------------------+----+----+-----+-----------+
    |acc_1_fu_94                       |  32|   0|   32|          0|
    |acc_2_reg_400                     |  32|   0|   32|          0|
    |ap_CS_fsm                         |   4|   0|    4|          0|
    |ap_done_reg                       |   1|   0|    1|          0|
    |ap_enable_reg_pp0_iter0_reg       |   1|   0|    1|          0|
    |ap_enable_reg_pp0_iter1           |   1|   0|    1|          0|
    |ap_enable_reg_pp0_iter2           |   1|   0|    1|          0|
    |ap_enable_reg_pp0_iter3           |   1|   0|    1|          0|
    |ap_enable_reg_pp0_iter4           |   1|   0|    1|          0|
    |ap_loop_exit_ready_pp0_iter1_reg  |   1|   0|    1|          0|
    |ap_loop_exit_ready_pp0_iter2_reg  |   1|   0|    1|          0|
    |ap_loop_exit_ready_pp0_iter3_reg  |   1|   0|    1|          0|
    |fc1_out_addr_reg_351              |   6|   0|    6|          0|
    |gmem3_addr_read_reg_375           |  32|   0|   32|          0|
    |gmem3_addr_reg_360                |  64|   0|   64|          0|
    |i_1_reg_346                       |   9|   0|    9|          0|
    |i_1_reg_346_pp0_iter1_reg         |   9|   0|    9|          0|
    |i_fu_98                           |   9|   0|    9|          0|
    |icmp_ln86_reg_356                 |   1|   0|    1|          0|
    |ifzero_reg_366                    |   1|   0|    1|          0|
    |mul9_reg_390                      |  32|   0|   32|          0|
    |fc1_out_addr_reg_351              |  64|  32|    6|          0|
    |ifzero_reg_366                    |  64|  32|    1|          0|
    +----------------------------------+----+----+-----+-----------+
    |Total                             | 368|  64|  247|          0|
    +----------------------------------+----+----+-----+-----------+



================================================================
== Interface
================================================================
* Summary: 
+----------------------+-----+-----+------------+---------------------------------+--------------+
|       RTL Ports      | Dir | Bits|  Protocol  |          Source Object          |    C Type    |
+----------------------+-----+-----+------------+---------------------------------+--------------+
|ap_clk                |   in|    1|  ap_ctrl_hs|  linear_Pipeline_VITIS_LOOP_86_2|  return value|
|ap_rst                |   in|    1|  ap_ctrl_hs|  linear_Pipeline_VITIS_LOOP_86_2|  return value|
|ap_start              |   in|    1|  ap_ctrl_hs|  linear_Pipeline_VITIS_LOOP_86_2|  return value|
|ap_done               |  out|    1|  ap_ctrl_hs|  linear_Pipeline_VITIS_LOOP_86_2|  return value|
|ap_idle               |  out|    1|  ap_ctrl_hs|  linear_Pipeline_VITIS_LOOP_86_2|  return value|
|ap_ready              |  out|    1|  ap_ctrl_hs|  linear_Pipeline_VITIS_LOOP_86_2|  return value|
|grp_fu_216_p_din0     |  out|   32|  ap_ctrl_hs|  linear_Pipeline_VITIS_LOOP_86_2|  return value|
|grp_fu_216_p_din1     |  out|   32|  ap_ctrl_hs|  linear_Pipeline_VITIS_LOOP_86_2|  return value|
|grp_fu_216_p_opcode   |  out|    2|  ap_ctrl_hs|  linear_Pipeline_VITIS_LOOP_86_2|  return value|
|grp_fu_216_p_dout0    |   in|   32|  ap_ctrl_hs|  linear_Pipeline_VITIS_LOOP_86_2|  return value|
|grp_fu_216_p_ce       |  out|    1|  ap_ctrl_hs|  linear_Pipeline_VITIS_LOOP_86_2|  return value|
|grp_fu_220_p_din0     |  out|   32|  ap_ctrl_hs|  linear_Pipeline_VITIS_LOOP_86_2|  return value|
|grp_fu_220_p_din1     |  out|   32|  ap_ctrl_hs|  linear_Pipeline_VITIS_LOOP_86_2|  return value|
|grp_fu_220_p_dout0    |   in|   32|  ap_ctrl_hs|  linear_Pipeline_VITIS_LOOP_86_2|  return value|
|grp_fu_220_p_ce       |  out|    1|  ap_ctrl_hs|  linear_Pipeline_VITIS_LOOP_86_2|  return value|
|grp_fu_224_p_din0     |  out|   32|  ap_ctrl_hs|  linear_Pipeline_VITIS_LOOP_86_2|  return value|
|grp_fu_224_p_din1     |  out|   32|  ap_ctrl_hs|  linear_Pipeline_VITIS_LOOP_86_2|  return value|
|grp_fu_224_p_opcode   |  out|    5|  ap_ctrl_hs|  linear_Pipeline_VITIS_LOOP_86_2|  return value|
|grp_fu_224_p_dout0    |   in|    1|  ap_ctrl_hs|  linear_Pipeline_VITIS_LOOP_86_2|  return value|
|grp_fu_224_p_ce       |  out|    1|  ap_ctrl_hs|  linear_Pipeline_VITIS_LOOP_86_2|  return value|
|acc                   |   in|   32|     ap_none|                              acc|        scalar|
|zext_ln83             |   in|    6|     ap_none|                        zext_ln83|        scalar|
|trunc_ln87_s          |   in|    6|     ap_none|                     trunc_ln87_s|        scalar|
|W                     |   in|   64|     ap_none|                                W|        scalar|
|m_axi_gmem3_AWVALID   |  out|    1|       m_axi|                            gmem3|       pointer|
|m_axi_gmem3_AWREADY   |   in|    1|       m_axi|                            gmem3|       pointer|
|m_axi_gmem3_AWADDR    |  out|   64|       m_axi|                            gmem3|       pointer|
|m_axi_gmem3_AWID      |  out|    1|       m_axi|                            gmem3|       pointer|
|m_axi_gmem3_AWLEN     |  out|   32|       m_axi|                            gmem3|       pointer|
|m_axi_gmem3_AWSIZE    |  out|    3|       m_axi|                            gmem3|       pointer|
|m_axi_gmem3_AWBURST   |  out|    2|       m_axi|                            gmem3|       pointer|
|m_axi_gmem3_AWLOCK    |  out|    2|       m_axi|                            gmem3|       pointer|
|m_axi_gmem3_AWCACHE   |  out|    4|       m_axi|                            gmem3|       pointer|
|m_axi_gmem3_AWPROT    |  out|    3|       m_axi|                            gmem3|       pointer|
|m_axi_gmem3_AWQOS     |  out|    4|       m_axi|                            gmem3|       pointer|
|m_axi_gmem3_AWREGION  |  out|    4|       m_axi|                            gmem3|       pointer|
|m_axi_gmem3_AWUSER    |  out|    1|       m_axi|                            gmem3|       pointer|
|m_axi_gmem3_WVALID    |  out|    1|       m_axi|                            gmem3|       pointer|
|m_axi_gmem3_WREADY    |   in|    1|       m_axi|                            gmem3|       pointer|
|m_axi_gmem3_WDATA     |  out|   32|       m_axi|                            gmem3|       pointer|
|m_axi_gmem3_WSTRB     |  out|    4|       m_axi|                            gmem3|       pointer|
|m_axi_gmem3_WLAST     |  out|    1|       m_axi|                            gmem3|       pointer|
|m_axi_gmem3_WID       |  out|    1|       m_axi|                            gmem3|       pointer|
|m_axi_gmem3_WUSER     |  out|    1|       m_axi|                            gmem3|       pointer|
|m_axi_gmem3_ARVALID   |  out|    1|       m_axi|                            gmem3|       pointer|
|m_axi_gmem3_ARREADY   |   in|    1|       m_axi|                            gmem3|       pointer|
|m_axi_gmem3_ARADDR    |  out|   64|       m_axi|                            gmem3|       pointer|
|m_axi_gmem3_ARID      |  out|    1|       m_axi|                            gmem3|       pointer|
|m_axi_gmem3_ARLEN     |  out|   32|       m_axi|                            gmem3|       pointer|
|m_axi_gmem3_ARSIZE    |  out|    3|       m_axi|                            gmem3|       pointer|
|m_axi_gmem3_ARBURST   |  out|    2|       m_axi|                            gmem3|       pointer|
|m_axi_gmem3_ARLOCK    |  out|    2|       m_axi|                            gmem3|       pointer|
|m_axi_gmem3_ARCACHE   |  out|    4|       m_axi|                            gmem3|       pointer|
|m_axi_gmem3_ARPROT    |  out|    3|       m_axi|                            gmem3|       pointer|
|m_axi_gmem3_ARQOS     |  out|    4|       m_axi|                            gmem3|       pointer|
|m_axi_gmem3_ARREGION  |  out|    4|       m_axi|                            gmem3|       pointer|
|m_axi_gmem3_ARUSER    |  out|    1|       m_axi|                            gmem3|       pointer|
|m_axi_gmem3_RVALID    |   in|    1|       m_axi|                            gmem3|       pointer|
|m_axi_gmem3_RREADY    |  out|    1|       m_axi|                            gmem3|       pointer|
|m_axi_gmem3_RDATA     |   in|   32|       m_axi|                            gmem3|       pointer|
|m_axi_gmem3_RLAST     |   in|    1|       m_axi|                            gmem3|       pointer|
|m_axi_gmem3_RID       |   in|    1|       m_axi|                            gmem3|       pointer|
|m_axi_gmem3_RFIFONUM  |   in|    9|       m_axi|                            gmem3|       pointer|
|m_axi_gmem3_RUSER     |   in|    1|       m_axi|                            gmem3|       pointer|
|m_axi_gmem3_RRESP     |   in|    2|       m_axi|                            gmem3|       pointer|
|m_axi_gmem3_BVALID    |   in|    1|       m_axi|                            gmem3|       pointer|
|m_axi_gmem3_BREADY    |  out|    1|       m_axi|                            gmem3|       pointer|
|m_axi_gmem3_BRESP     |   in|    2|       m_axi|                            gmem3|       pointer|
|m_axi_gmem3_BID       |   in|    1|       m_axi|                            gmem3|       pointer|
|m_axi_gmem3_BUSER     |   in|    1|       m_axi|                            gmem3|       pointer|
|p3_out_address0       |  out|    8|   ap_memory|                           p3_out|         array|
|p3_out_ce0            |  out|    1|   ap_memory|                           p3_out|         array|
|p3_out_q0             |   in|   32|   ap_memory|                           p3_out|         array|
|fc1_out_address1      |  out|    6|   ap_memory|                          fc1_out|         array|
|fc1_out_ce1           |  out|    1|   ap_memory|                          fc1_out|         array|
|fc1_out_we1           |  out|    1|   ap_memory|                          fc1_out|         array|
|fc1_out_d1            |  out|   32|   ap_memory|                          fc1_out|         array|
+----------------------+-----+-----+------------+---------------------------------+--------------+

