

================================================================
== Vitis HLS Report for 'linear_2'
================================================================
* Date:           Sat Sep 13 23:17:23 2025

* Version:        2022.2 (Build 3670227 on Oct 13 2022)
* Project:        CNN_GTSRB
* Solution:       solution1 (Vivado IP Flow Target)
* Product family: zynquplus
* Target device:  xczu5eg-sfvc784-1-e


================================================================
== Performance Estimates
================================================================
+ Timing: 
    * Summary: 
    +--------+----------+----------+------------+
    |  Clock |  Target  | Estimated| Uncertainty|
    +--------+----------+----------+------------+
    |ap_clk  |  10.00 ns|  7.300 ns|     2.70 ns|
    +--------+----------+----------+------------+

+ Latency: 
    * Summary: 
    +---------+---------+-----------+-----------+------+------+---------+
    |  Latency (cycles) |   Latency (absolute)  |   Interval  | Pipeline|
    |   min   |   max   |    min    |    max    |  min |  max |   Type  |
    +---------+---------+-----------+-----------+------+------+---------+
    |     3141|     3141|  31.410 us|  31.410 us|  3141|  3141|       no|
    +---------+---------+-----------+-----------+------+------+---------+

    + Detail: 
        * Instance: 
        +---------------------------------------------+-----------------------------------+---------+---------+-----------+-----------+------+------+---------+
        |                                             |                                   |  Latency (cycles) |   Latency (absolute)  |   Interval  | Pipeline|
        |                   Instance                  |               Module              |   min   |   max   |    min    |    max    |  min |  max |   Type  |
        +---------------------------------------------+-----------------------------------+---------+---------+-----------+-----------+------+------+---------+
        |grp_linear_2_Pipeline_VITIS_LOOP_83_1_fu_84  |linear_2_Pipeline_VITIS_LOOP_83_1  |     3134|     3134|  31.340 us|  31.340 us|  3134|  3134|       no|
        +---------------------------------------------+-----------------------------------+---------+---------+-----------+-----------+------+------+---------+

        * Loop: 
        N/A



================================================================
== Utilization Estimates
================================================================
* Summary: 
+-----------------+---------+------+--------+--------+-----+
|       Name      | BRAM_18K|  DSP |   FF   |   LUT  | URAM|
+-----------------+---------+------+--------+--------+-----+
|DSP              |        -|     -|       -|       -|    -|
|Expression       |        -|     -|       -|       -|    -|
|FIFO             |        -|     -|       -|       -|    -|
|Instance         |        -|     -|   12600|    8996|    -|
|Memory           |        -|     -|       -|       -|    -|
|Multiplexer      |        -|     -|       -|     249|    -|
|Register         |        -|     -|     133|       -|    -|
+-----------------+---------+------+--------+--------+-----+
|Total            |        0|     0|   12733|    9245|    0|
+-----------------+---------+------+--------+--------+-----+
|Available        |      288|  1248|  234240|  117120|   64|
+-----------------+---------+------+--------+--------+-----+
|Utilization (%)  |        0|     0|       5|       7|    0|
+-----------------+---------+------+--------+--------+-----+

+ Detail: 
    * Instance: 
    +---------------------------------------------+-----------------------------------+---------+----+-------+------+-----+
    |                   Instance                  |               Module              | BRAM_18K| DSP|   FF  |  LUT | URAM|
    +---------------------------------------------+-----------------------------------+---------+----+-------+------+-----+
    |grp_linear_2_Pipeline_VITIS_LOOP_83_1_fu_84  |linear_2_Pipeline_VITIS_LOOP_83_1  |        0|   0|  12600|  8996|    0|
    +---------------------------------------------+-----------------------------------+---------+----+-------+------+-----+
    |Total                                        |                                   |        0|   0|  12600|  8996|    0|
    +---------------------------------------------+-----------------------------------+---------+----+-------+------+-----+

    * DSP: 
    N/A

    * Memory: 
    N/A

    * FIFO: 
    N/A

    * Expression: 
    N/A

    * Multiplexer: 
    +----------------------+----+-----------+-----+-----------+
    |         Name         | LUT| Input Size| Bits| Total Bits|
    +----------------------+----+-----------+-----+-----------+
    |ap_NS_fsm             |  49|          9|    1|          9|
    |gmem5_blk_n_AW        |   9|          2|    1|          2|
    |gmem5_blk_n_B         |   9|          2|    1|          2|
    |grp_fu_150_ce         |   9|          2|    1|          2|
    |grp_fu_154_ce         |   9|          2|    1|          2|
    |m_axi_gmem4_ARVALID   |   9|          2|    1|          2|
    |m_axi_gmem4_RREADY    |   9|          2|    1|          2|
    |m_axi_gmem5_AWADDR    |  14|          3|   64|        192|
    |m_axi_gmem5_AWBURST   |   9|          2|    2|          4|
    |m_axi_gmem5_AWCACHE   |   9|          2|    4|          8|
    |m_axi_gmem5_AWID      |   9|          2|    1|          2|
    |m_axi_gmem5_AWLEN     |  14|          3|   32|         96|
    |m_axi_gmem5_AWLOCK    |   9|          2|    2|          4|
    |m_axi_gmem5_AWPROT    |   9|          2|    3|          6|
    |m_axi_gmem5_AWQOS     |   9|          2|    4|          8|
    |m_axi_gmem5_AWREGION  |   9|          2|    4|          8|
    |m_axi_gmem5_AWSIZE    |   9|          2|    3|          6|
    |m_axi_gmem5_AWUSER    |   9|          2|    1|          2|
    |m_axi_gmem5_AWVALID   |  14|          3|    1|          3|
    |m_axi_gmem5_BREADY    |  14|          3|    1|          3|
    |m_axi_gmem5_WVALID    |   9|          2|    1|          2|
    +----------------------+----+-----------+-----+-----------+
    |Total                 | 249|         53|  130|        365|
    +----------------------+----+-----------+-----+-----------+

    * Register: 
    +----------------------------------------------------------+----+----+-----+-----------+
    |                           Name                           | FF | LUT| Bits| Const Bits|
    +----------------------------------------------------------+----+----+-----+-----------+
    |ap_CS_fsm                                                 |   8|   0|    8|          0|
    |grp_linear_2_Pipeline_VITIS_LOOP_83_1_fu_84_ap_start_reg  |   1|   0|    1|          0|
    |trunc_ln83_1_reg_130                                      |  62|   0|   62|          0|
    |trunc_ln_reg_145                                          |  62|   0|   62|          0|
    +----------------------------------------------------------+----+----+-----+-----------+
    |Total                                                     | 133|   0|  133|          0|
    +----------------------------------------------------------+----+----+-----+-----------+



================================================================
== Interface
================================================================
* Summary: 
+----------------------+-----+-----+------------+--------------+--------------+
|       RTL Ports      | Dir | Bits|  Protocol  | Source Object|    C Type    |
+----------------------+-----+-----+------------+--------------+--------------+
|ap_clk                |   in|    1|  ap_ctrl_hs|      linear.2|  return value|
|ap_rst                |   in|    1|  ap_ctrl_hs|      linear.2|  return value|
|ap_start              |   in|    1|  ap_ctrl_hs|      linear.2|  return value|
|ap_done               |  out|    1|  ap_ctrl_hs|      linear.2|  return value|
|ap_idle               |  out|    1|  ap_ctrl_hs|      linear.2|  return value|
|ap_ready              |  out|    1|  ap_ctrl_hs|      linear.2|  return value|
|grp_fu_574_p_din0     |  out|   32|  ap_ctrl_hs|      linear.2|  return value|
|grp_fu_574_p_din1     |  out|   32|  ap_ctrl_hs|      linear.2|  return value|
|grp_fu_574_p_opcode   |  out|    2|  ap_ctrl_hs|      linear.2|  return value|
|grp_fu_574_p_dout0    |   in|   32|  ap_ctrl_hs|      linear.2|  return value|
|grp_fu_574_p_ce       |  out|    1|  ap_ctrl_hs|      linear.2|  return value|
|grp_fu_578_p_din0     |  out|   32|  ap_ctrl_hs|      linear.2|  return value|
|grp_fu_578_p_din1     |  out|   32|  ap_ctrl_hs|      linear.2|  return value|
|grp_fu_578_p_dout0    |   in|   32|  ap_ctrl_hs|      linear.2|  return value|
|grp_fu_578_p_ce       |  out|    1|  ap_ctrl_hs|      linear.2|  return value|
|m_axi_gmem4_AWVALID   |  out|    1|       m_axi|         gmem4|       pointer|
|m_axi_gmem4_AWREADY   |   in|    1|       m_axi|         gmem4|       pointer|
|m_axi_gmem4_AWADDR    |  out|   64|       m_axi|         gmem4|       pointer|
|m_axi_gmem4_AWID      |  out|    1|       m_axi|         gmem4|       pointer|
|m_axi_gmem4_AWLEN     |  out|   32|       m_axi|         gmem4|       pointer|
|m_axi_gmem4_AWSIZE    |  out|    3|       m_axi|         gmem4|       pointer|
|m_axi_gmem4_AWBURST   |  out|    2|       m_axi|         gmem4|       pointer|
|m_axi_gmem4_AWLOCK    |  out|    2|       m_axi|         gmem4|       pointer|
|m_axi_gmem4_AWCACHE   |  out|    4|       m_axi|         gmem4|       pointer|
|m_axi_gmem4_AWPROT    |  out|    3|       m_axi|         gmem4|       pointer|
|m_axi_gmem4_AWQOS     |  out|    4|       m_axi|         gmem4|       pointer|
|m_axi_gmem4_AWREGION  |  out|    4|       m_axi|         gmem4|       pointer|
|m_axi_gmem4_AWUSER    |  out|    1|       m_axi|         gmem4|       pointer|
|m_axi_gmem4_WVALID    |  out|    1|       m_axi|         gmem4|       pointer|
|m_axi_gmem4_WREADY    |   in|    1|       m_axi|         gmem4|       pointer|
|m_axi_gmem4_WDATA     |  out|   32|       m_axi|         gmem4|       pointer|
|m_axi_gmem4_WSTRB     |  out|    4|       m_axi|         gmem4|       pointer|
|m_axi_gmem4_WLAST     |  out|    1|       m_axi|         gmem4|       pointer|
|m_axi_gmem4_WID       |  out|    1|       m_axi|         gmem4|       pointer|
|m_axi_gmem4_WUSER     |  out|    1|       m_axi|         gmem4|       pointer|
|m_axi_gmem4_ARVALID   |  out|    1|       m_axi|         gmem4|       pointer|
|m_axi_gmem4_ARREADY   |   in|    1|       m_axi|         gmem4|       pointer|
|m_axi_gmem4_ARADDR    |  out|   64|       m_axi|         gmem4|       pointer|
|m_axi_gmem4_ARID      |  out|    1|       m_axi|         gmem4|       pointer|
|m_axi_gmem4_ARLEN     |  out|   32|       m_axi|         gmem4|       pointer|
|m_axi_gmem4_ARSIZE    |  out|    3|       m_axi|         gmem4|       pointer|
|m_axi_gmem4_ARBURST   |  out|    2|       m_axi|         gmem4|       pointer|
|m_axi_gmem4_ARLOCK    |  out|    2|       m_axi|         gmem4|       pointer|
|m_axi_gmem4_ARCACHE   |  out|    4|       m_axi|         gmem4|       pointer|
|m_axi_gmem4_ARPROT    |  out|    3|       m_axi|         gmem4|       pointer|
|m_axi_gmem4_ARQOS     |  out|    4|       m_axi|         gmem4|       pointer|
|m_axi_gmem4_ARREGION  |  out|    4|       m_axi|         gmem4|       pointer|
|m_axi_gmem4_ARUSER    |  out|    1|       m_axi|         gmem4|       pointer|
|m_axi_gmem4_RVALID    |   in|    1|       m_axi|         gmem4|       pointer|
|m_axi_gmem4_RREADY    |  out|    1|       m_axi|         gmem4|       pointer|
|m_axi_gmem4_RDATA     |   in|   32|       m_axi|         gmem4|       pointer|
|m_axi_gmem4_RLAST     |   in|    1|       m_axi|         gmem4|       pointer|
|m_axi_gmem4_RID       |   in|    1|       m_axi|         gmem4|       pointer|
|m_axi_gmem4_RFIFONUM  |   in|    9|       m_axi|         gmem4|       pointer|
|m_axi_gmem4_RUSER     |   in|    1|       m_axi|         gmem4|       pointer|
|m_axi_gmem4_RRESP     |   in|    2|       m_axi|         gmem4|       pointer|
|m_axi_gmem4_BVALID    |   in|    1|       m_axi|         gmem4|       pointer|
|m_axi_gmem4_BREADY    |  out|    1|       m_axi|         gmem4|       pointer|
|m_axi_gmem4_BRESP     |   in|    2|       m_axi|         gmem4|       pointer|
|m_axi_gmem4_BID       |   in|    1|       m_axi|         gmem4|       pointer|
|m_axi_gmem4_BUSER     |   in|    1|       m_axi|         gmem4|       pointer|
|W                     |   in|   64|     ap_none|             W|        scalar|
|b                     |   in|   64|     ap_none|             b|        scalar|
|m_axi_gmem5_AWVALID   |  out|    1|       m_axi|         gmem5|       pointer|
|m_axi_gmem5_AWREADY   |   in|    1|       m_axi|         gmem5|       pointer|
|m_axi_gmem5_AWADDR    |  out|   64|       m_axi|         gmem5|       pointer|
|m_axi_gmem5_AWID      |  out|    1|       m_axi|         gmem5|       pointer|
|m_axi_gmem5_AWLEN     |  out|   32|       m_axi|         gmem5|       pointer|
|m_axi_gmem5_AWSIZE    |  out|    3|       m_axi|         gmem5|       pointer|
|m_axi_gmem5_AWBURST   |  out|    2|       m_axi|         gmem5|       pointer|
|m_axi_gmem5_AWLOCK    |  out|    2|       m_axi|         gmem5|       pointer|
|m_axi_gmem5_AWCACHE   |  out|    4|       m_axi|         gmem5|       pointer|
|m_axi_gmem5_AWPROT    |  out|    3|       m_axi|         gmem5|       pointer|
|m_axi_gmem5_AWQOS     |  out|    4|       m_axi|         gmem5|       pointer|
|m_axi_gmem5_AWREGION  |  out|    4|       m_axi|         gmem5|       pointer|
|m_axi_gmem5_AWUSER    |  out|    1|       m_axi|         gmem5|       pointer|
|m_axi_gmem5_WVALID    |  out|    1|       m_axi|         gmem5|       pointer|
|m_axi_gmem5_WREADY    |   in|    1|       m_axi|         gmem5|       pointer|
|m_axi_gmem5_WDATA     |  out|   32|       m_axi|         gmem5|       pointer|
|m_axi_gmem5_WSTRB     |  out|    4|       m_axi|         gmem5|       pointer|
|m_axi_gmem5_WLAST     |  out|    1|       m_axi|         gmem5|       pointer|
|m_axi_gmem5_WID       |  out|    1|       m_axi|         gmem5|       pointer|
|m_axi_gmem5_WUSER     |  out|    1|       m_axi|         gmem5|       pointer|
|m_axi_gmem5_ARVALID   |  out|    1|       m_axi|         gmem5|       pointer|
|m_axi_gmem5_ARREADY   |   in|    1|       m_axi|         gmem5|       pointer|
|m_axi_gmem5_ARADDR    |  out|   64|       m_axi|         gmem5|       pointer|
|m_axi_gmem5_ARID      |  out|    1|       m_axi|         gmem5|       pointer|
|m_axi_gmem5_ARLEN     |  out|   32|       m_axi|         gmem5|       pointer|
|m_axi_gmem5_ARSIZE    |  out|    3|       m_axi|         gmem5|       pointer|
|m_axi_gmem5_ARBURST   |  out|    2|       m_axi|         gmem5|       pointer|
|m_axi_gmem5_ARLOCK    |  out|    2|       m_axi|         gmem5|       pointer|
|m_axi_gmem5_ARCACHE   |  out|    4|       m_axi|         gmem5|       pointer|
|m_axi_gmem5_ARPROT    |  out|    3|       m_axi|         gmem5|       pointer|
|m_axi_gmem5_ARQOS     |  out|    4|       m_axi|         gmem5|       pointer|
|m_axi_gmem5_ARREGION  |  out|    4|       m_axi|         gmem5|       pointer|
|m_axi_gmem5_ARUSER    |  out|    1|       m_axi|         gmem5|       pointer|
|m_axi_gmem5_RVALID    |   in|    1|       m_axi|         gmem5|       pointer|
|m_axi_gmem5_RREADY    |  out|    1|       m_axi|         gmem5|       pointer|
|m_axi_gmem5_RDATA     |   in|   32|       m_axi|         gmem5|       pointer|
|m_axi_gmem5_RLAST     |   in|    1|       m_axi|         gmem5|       pointer|
|m_axi_gmem5_RID       |   in|    1|       m_axi|         gmem5|       pointer|
|m_axi_gmem5_RFIFONUM  |   in|    9|       m_axi|         gmem5|       pointer|
|m_axi_gmem5_RUSER     |   in|    1|       m_axi|         gmem5|       pointer|
|m_axi_gmem5_RRESP     |   in|    2|       m_axi|         gmem5|       pointer|
|m_axi_gmem5_BVALID    |   in|    1|       m_axi|         gmem5|       pointer|
|m_axi_gmem5_BREADY    |  out|    1|       m_axi|         gmem5|       pointer|
|m_axi_gmem5_BRESP     |   in|    2|       m_axi|         gmem5|       pointer|
|m_axi_gmem5_BID       |   in|    1|       m_axi|         gmem5|       pointer|
|m_axi_gmem5_BUSER     |   in|    1|       m_axi|         gmem5|       pointer|
|vout                  |   in|   64|     ap_none|          vout|        scalar|
|fc1_out_address0      |  out|    6|   ap_memory|       fc1_out|         array|
|fc1_out_ce0           |  out|    1|   ap_memory|       fc1_out|         array|
|fc1_out_q0            |   in|   32|   ap_memory|       fc1_out|         array|
|fc1_out_address1      |  out|    6|   ap_memory|       fc1_out|         array|
|fc1_out_ce1           |  out|    1|   ap_memory|       fc1_out|         array|
|fc1_out_q1            |   in|   32|   ap_memory|       fc1_out|         array|
+----------------------+-----+-----+------------+--------------+--------------+

